I1215 17:18:37.320514 125584 log.h:176] [schema_manager.cpp:380][process_leader_heartbeat_for_store][60129568544]store: 127.0.1.1:8110 process leader heartbeat, update_status_time: 1, leader_region_time: 10 leader_balance_time: 11, log_id: 17714297403145233334
I1215 17:18:37.320521 125584 log.h:176] [meta_state_machine.cpp:97][store_heartbeat][60129568544]store:127.0.1.1:8110 heart beat, time_cost: 68, instance_time: 5, peer_balance_time: 2, schema_time: 1, peer_time: 30, leader_time: 26, log_id: 17714297403145233334
I1215 17:18:55.314946 125519 log.h:176] [ddl_manager.cpp:704][work][4294992907]leader process ddl work.
I1215 17:18:55.666827 125517 log.h:176] [ddl_manager.cpp:350][operator()][4294992908]db manager working thread.
I1215 17:19:07.509857 125507 log.h:176] [schema_manager.cpp:349][process_peer_heartbeat_for_store][90194341987]process peer hearbeat, table_exist_time: 1, partition_exist_time: 0, ilegal_peer_time: 1, log_id: 274554353254352739
I1215 17:19:07.509907 125507 log.h:176] [schema_manager.cpp:380][process_leader_heartbeat_for_store][90194341987]store: 127.0.1.1:8110 process leader heartbeat, update_status_time: 1, leader_region_time: 11 leader_balance_time: 7, log_id: 274554353254352739
I1215 17:19:07.509914 125507 log.h:176] [meta_state_machine.cpp:97][store_heartbeat][90194341987]store:127.0.1.1:8110 heart beat, time_cost: 74, instance_time: 4, peer_balance_time: 3, schema_time: 2, peer_time: 37, leader_time: 25, log_id: 274554353254352739
I1215 17:19:15.429847 125539 log.h:176] [ddl_manager.cpp:704][work][4294992907]leader process ddl work.
I1215 17:19:15.781718 125517 log.h:176] [ddl_manager.cpp:350][operator()][4294992908]db manager working thread.
I1215 17:19:20.584187 125594 node.cpp:975] node tso_raft:127.0.1.1:8010:0:0 starts to do snapshot
I1215 17:19:20.588683 125594 snapshot.cpp:642] Deleting /home/ubuntu/BaikalDB/meta_data/raft_data/snapshot/tso/snapshot_00000000000000063491
I1215 17:19:20.588692 125594 snapshot.cpp:648] Renaming /home/ubuntu/BaikalDB/meta_data/raft_data/snapshot/tso/temp to /home/ubuntu/BaikalDB/meta_data/raft_data/snapshot/tso/snapshot_00000000000000063491
I1215 17:19:20.588701 125594 snapshot.cpp:519] Deleting /home/ubuntu/BaikalDB/meta_data/raft_data/snapshot/tso/snapshot_00000000000000062294
I1215 17:19:20.588784 125594 snapshot_executor.cpp:234] node tso_raft:127.0.1.1:8010:0:0 snapshot_save_done, last_included_index=63491 last_included_term=3
I1215 17:19:29.093365 125516 node.cpp:975] node meta_raft:127.0.1.1:8010:0:0 starts to do snapshot
I1215 17:19:29.093405 125516 snapshot_executor.cpp:154] node meta_raft:127.0.1.1:8010:0:0 the gap between fsm applied index 3 and last_snapshot_index 3 is less than 1, will clear bufferred logs and return success
I1215 17:19:35.539983 125590 log.h:176] [ddl_manager.cpp:704][work][4294992907]leader process ddl work.
I1215 17:19:35.893132 125569 log.h:176] [ddl_manager.cpp:350][operator()][4294992908]db manager working thread.
I1215 17:19:37.699007 125572 log.h:176] [schema_manager.cpp:349][process_peer_heartbeat_for_store][34359767560]process peer hearbeat, table_exist_time: 1, partition_exist_time: 0, ilegal_peer_time: 1, log_id: 7196107687260538735
I1215 17:19:37.699048 125572 log.h:176] [schema_manager.cpp:380][process_leader_heartbeat_for_store][34359767560]store: 127.0.1.1:8110 process leader heartbeat, update_status_time: 1, leader_region_time: 9 leader_balance_time: 6, log_id: 7196107687260538735
I1215 17:19:37.699064 125572 log.h:176] [meta_state_machine.cpp:97][store_heartbeat][34359767560]store:127.0.1.1:8110 heart beat, time_cost: 73, instance_time: 3, peer_balance_time: 2, schema_time: 1, peer_time: 31, leader_time: 33, log_id: 7196107687260538735
I1215 17:19:55.656747 125540 log.h:176] [ddl_manager.cpp:704][work][4294992907]leader process ddl work.
I1215 17:19:56.009734 125539 log.h:176] [ddl_manager.cpp:350][operator()][4294992908]db manager working thread.
I1215 17:20:07.908787 125550 log.h:176] [schema_manager.cpp:349][process_peer_heartbeat_for_store][107374209692]process peer hearbeat, table_exist_time: 0, partition_exist_time: 0, ilegal_peer_time: 1, log_id: 5383767891478448535
I1215 17:20:07.908831 125550 log.h:176] [schema_manager.cpp:380][process_leader_heartbeat_for_store][107374209692]store: 127.0.1.1:8110 process leader heartbeat, update_status_time: 1, leader_region_time: 9 leader_balance_time: 6, log_id: 5383767891478448535
I1215 17:20:07.908838 125550 log.h:176] [meta_state_machine.cpp:97][store_heartbeat][107374209692]store:127.0.1.1:8110 heart beat, time_cost: 67, instance_time: 4, peer_balance_time: 2, schema_time: 1, peer_time: 37, leader_time: 20, log_id: 5383767891478448535
I1215 17:20:15.769379 125590 log.h:176] [ddl_manager.cpp:704][work][4294992907]leader process ddl work.
I1215 17:20:16.122723 125534 log.h:176] [ddl_manager.cpp:350][operator()][4294992908]db manager working thread.
I1215 17:20:20.584359 125584 node.cpp:975] node tso_raft:127.0.1.1:8010:0:0 starts to do snapshot
I1215 17:20:20.588762 125584 snapshot.cpp:642] Deleting /home/ubuntu/BaikalDB/meta_data/raft_data/snapshot/tso/snapshot_00000000000000064688
I1215 17:20:20.588768 125584 snapshot.cpp:648] Renaming /home/ubuntu/BaikalDB/meta_data/raft_data/snapshot/tso/temp to /home/ubuntu/BaikalDB/meta_data/raft_data/snapshot/tso/snapshot_00000000000000064688
I1215 17:20:20.588775 125584 snapshot.cpp:519] Deleting /home/ubuntu/BaikalDB/meta_data/raft_data/snapshot/tso/snapshot_00000000000000063491
I1215 17:20:20.588846 125584 snapshot_executor.cpp:234] node tso_raft:127.0.1.1:8010:0:0 snapshot_save_done, last_included_index=64688 last_included_term=3
I1215 17:20:35.878782 125519 log.h:176] [ddl_manager.cpp:704][work][4294992907]leader process ddl work.
I1215 17:20:36.231731 125533 log.h:176] [ddl_manager.cpp:350][operator()][4294992908]db manager working thread.
I1215 17:20:39.340171 125580 log.h:176] [schema_manager.cpp:349][process_peer_heartbeat_for_store][47244669345]process peer hearbeat, table_exist_time: 0, partition_exist_time: 1, ilegal_peer_time: 1, log_id: 8891184138796350192
I1215 17:20:39.340210 125580 log.h:176] [schema_manager.cpp:380][process_leader_heartbeat_for_store][47244669345]store:  process leader heartbeat, update_status_time: 1, leader_region_time: 8 leader_balance_time: 11, log_id: 8891184138796350192
I1215 17:20:39.340214 125580 log.h:176] [meta_state_machine.cpp:97][store_heartbeat][47244669345]store: heart beat, time_cost: 55, instance_time: 1, peer_balance_time: 3, schema_time: 1, peer_time: 25, leader_time: 23, log_id: 8891184138796350192
I1215 17:20:39.345348 125590 log.h:176] [schema_manager.cpp:349][process_peer_heartbeat_for_store][85899374973]process peer hearbeat, table_exist_time: 0, partition_exist_time: 0, ilegal_peer_time: 1, log_id: 1994090843267204132
I1215 17:20:39.345378 125590 log.h:176] [schema_manager.cpp:380][process_leader_heartbeat_for_store][85899374973]store: 127.0.1.1:8110 process leader heartbeat, update_status_time: 1, leader_region_time: 7 leader_balance_time: 5, log_id: 1994090843267204132
I1215 17:20:39.345383 125590 log.h:176] [meta_state_machine.cpp:97][store_heartbeat][85899374973]store:127.0.1.1:8110 heart beat, time_cost: 44, instance_time: 2, peer_balance_time: 2, schema_time: 1, peer_time: 21, leader_time: 17, log_id: 1994090843267204132
I1215 17:20:42.369915 125583 node.cpp:975] node auto_incr_raft:127.0.1.1:8010:0:0 starts to do snapshot
I1215 17:20:42.369975 125583 snapshot_executor.cpp:154] node auto_incr_raft:127.0.1.1:8010:0:0 the gap between fsm applied index 2 and last_snapshot_index 2 is less than 1, will clear bufferred logs and return success
I1215 17:20:56.002103 125520 log.h:176] [ddl_manager.cpp:704][work][4294992907]leader process ddl work.
I1215 17:20:56.355275 125507 log.h:176] [ddl_manager.cpp:350][operator()][4294992908]db manager working thread.
I1215 17:21:09.587092 125533 log.h:176] [schema_manager.cpp:349][process_peer_heartbeat_for_store][90194340175]process peer hearbeat, table_exist_time: 0, partition_exist_time: 1, ilegal_peer_time: 0, log_id: 13496091919003974945
I1215 17:21:09.587144 125533 log.h:176] [schema_manager.cpp:380][process_leader_heartbeat_for_store][90194340175]store: 127.0.1.1:8110 process leader heartbeat, update_status_time: 1, leader_region_time: 11 leader_balance_time: 10, log_id: 13496091919003974945
I1215 17:21:09.587162 125533 log.h:176] [meta_state_machine.cpp:97][store_heartbeat][90194340175]store:127.0.1.1:8110 heart beat, time_cost: 88, instance_time: 4, peer_balance_time: 2, schema_time: 1, peer_time: 37, leader_time: 28, log_id: 13496091919003974945
I1215 17:21:16.123783 125516 log.h:176] [ddl_manager.cpp:704][work][4294992907]leader process ddl work.
I1215 17:21:16.475802 125534 log.h:176] [ddl_manager.cpp:350][operator()][4294992908]db manager working thread.
I1215 17:21:20.584568 125590 node.cpp:975] node tso_raft:127.0.1.1:8010:0:0 starts to do snapshot
I1215 17:21:20.589236 125590 snapshot.cpp:642] Deleting /home/ubuntu/BaikalDB/meta_data/raft_data/snapshot/tso/snapshot_00000000000000065885
I1215 17:21:20.589250 125590 snapshot.cpp:648] Renaming /home/ubuntu/BaikalDB/meta_data/raft_data/snapshot/tso/temp to /home/ubuntu/BaikalDB/meta_data/raft_data/snapshot/tso/snapshot_00000000000000065885
I1215 17:21:20.589267 125590 snapshot.cpp:519] Deleting /home/ubuntu/BaikalDB/meta_data/raft_data/snapshot/tso/snapshot_00000000000000064688
I1215 17:21:20.589385 125590 snapshot_executor.cpp:234] node tso_raft:127.0.1.1:8010:0:0 snapshot_save_done, last_included_index=65885 last_included_term=3
I1215 17:21:36.239874 125509 log.h:176] [ddl_manager.cpp:704][work][4294992907]leader process ddl work.
I1215 17:21:36.591898 125594 log.h:176] [ddl_manager.cpp:350][operator()][4294992908]db manager working thread.
I1215 17:21:39.814491 125580 log.h:176] [schema_manager.cpp:349][process_peer_heartbeat_for_store][51539637017]process peer hearbeat, table_exist_time: 1, partition_exist_time: 0, ilegal_peer_time: 1, log_id: 16076833765288126748
I1215 17:21:39.814530 125580 log.h:176] [schema_manager.cpp:380][process_leader_heartbeat_for_store][51539637017]store: 127.0.1.1:8110 process leader heartbeat, update_status_time: 1, leader_region_time: 7 leader_balance_time: 5, log_id: 16076833765288126748
I1215 17:21:39.814535 125580 log.h:176] [meta_state_machine.cpp:97][store_heartbeat][51539637017]store:127.0.1.1:8110 heart beat, time_cost: 59, instance_time: 4, peer_balance_time: 1, schema_time: 2, peer_time: 32, leader_time: 17, log_id: 16076833765288126748
I1215 17:21:56.355172 125505 log.h:176] [ddl_manager.cpp:704][work][4294992907]leader process ddl work.
I1215 17:21:56.707227 125533 log.h:176] [ddl_manager.cpp:350][operator()][4294992908]db manager working thread.
I1215 17:22:10.042884 125572 log.h:176] [schema_manager.cpp:349][process_peer_heartbeat_for_store][103079243466]process peer hearbeat, table_exist_time: 1, partition_exist_time: 0, ilegal_peer_time: 1, log_id: 6523354086274335282
I1215 17:22:10.042919 125572 log.h:176] [schema_manager.cpp:380][process_leader_heartbeat_for_store][103079243466]store: 127.0.1.1:8110 process leader heartbeat, update_status_time: 2, leader_region_time: 7 leader_balance_time: 5, log_id: 6523354086274335282
I1215 17:22:10.042924 125572 log.h:176] [meta_state_machine.cpp:97][store_heartbeat][103079243466]store:127.0.1.1:8110 heart beat, time_cost: 52, instance_time: 2, peer_balance_time: 2, schema_time: 1, peer_time: 27, leader_time: 19, log_id: 6523354086274335282
I1215 17:22:16.469661 125572 log.h:176] [ddl_manager.cpp:704][work][4294992907]leader process ddl work.
I1215 17:22:16.821614 125534 log.h:176] [ddl_manager.cpp:350][operator()][4294992908]db manager working thread.
I1215 17:22:20.584784 125539 node.cpp:975] node tso_raft:127.0.1.1:8010:0:0 starts to do snapshot
I1215 17:22:20.589069 125539 snapshot.cpp:642] Deleting /home/ubuntu/BaikalDB/meta_data/raft_data/snapshot/tso/snapshot_00000000000000067082
I1215 17:22:20.589078 125539 snapshot.cpp:648] Renaming /home/ubuntu/BaikalDB/meta_data/raft_data/snapshot/tso/temp to /home/ubuntu/BaikalDB/meta_data/raft_data/snapshot/tso/snapshot_00000000000000067082
I1215 17:22:20.589087 125539 snapshot.cpp:519] Deleting /home/ubuntu/BaikalDB/meta_data/raft_data/snapshot/tso/snapshot_00000000000000065885
I1215 17:22:20.589161 125539 snapshot_executor.cpp:234] node tso_raft:127.0.1.1:8010:0:0 snapshot_save_done, last_included_index=67082 last_included_term=3
I1215 17:22:36.588138 125505 log.h:176] [ddl_manager.cpp:704][work][4294992907]leader process ddl work.
I1215 17:22:36.940188 125584 log.h:176] [ddl_manager.cpp:350][operator()][4294992908]db manager working thread.
I1215 17:22:40.264333 125594 log.h:176] [schema_manager.cpp:349][process_peer_heartbeat_for_store][103079243055]process peer hearbeat, table_exist_time: 1, partition_exist_time: 0, ilegal_peer_time: 1, log_id: 5346826787747710365
I1215 17:22:40.264369 125594 log.h:176] [schema_manager.cpp:380][process_leader_heartbeat_for_store][103079243055]store: 127.0.1.1:8110 process leader heartbeat, update_status_time: 1, leader_region_time: 6 leader_balance_time: 6, log_id: 5346826787747710365
I1215 17:22:40.264374 125594 log.h:176] [meta_state_machine.cpp:97][store_heartbeat][103079243055]store:127.0.1.1:8110 heart beat, time_cost: 54, instance_time: 3, peer_balance_time: 2, schema_time: 1, peer_time: 28, leader_time: 18, log_id: 5346826787747710365
I1215 17:22:56.706552 125534 log.h:176] [ddl_manager.cpp:704][work][4294992907]leader process ddl work.
I1215 17:22:57.058552 125520 log.h:176] [ddl_manager.cpp:350][operator()][4294992908]db manager working thread.
I1215 17:23:10.482863 125516 log.h:176] [schema_manager.cpp:349][process_peer_heartbeat_for_store][103079245369]process peer hearbeat, table_exist_time: 0, partition_exist_time: 0, ilegal_peer_time: 1, log_id: 17385530719796087881
I1215 17:23:10.482899 125516 log.h:176] [schema_manager.cpp:380][process_leader_heartbeat_for_store][103079245369]store: 127.0.1.1:8110 process leader heartbeat, update_status_time: 1, leader_region_time: 7 leader_balance_time: 5, log_id: 17385530719796087881
I1215 17:23:10.482904 125516 log.h:176] [meta_state_machine.cpp:97][store_heartbeat][103079245369]store:127.0.1.1:8110 heart beat, time_cost: 54, instance_time: 3, peer_balance_time: 1, schema_time: 2, peer_time: 29, leader_time: 17, log_id: 17385530719796087881
I1215 17:23:16.818161 125509 log.h:176] [ddl_manager.cpp:704][work][4294992907]leader process ddl work.
I1215 17:23:17.170219 125539 log.h:176] [ddl_manager.cpp:350][operator()][4294992908]db manager working thread.
I1215 17:23:20.584955 125590 node.cpp:975] node tso_raft:127.0.1.1:8010:0:0 starts to do snapshot
I1215 17:23:20.589443 125590 snapshot.cpp:642] Deleting /home/ubuntu/BaikalDB/meta_data/raft_data/snapshot/tso/snapshot_00000000000000068279
I1215 17:23:20.589453 125590 snapshot.cpp:648] Renaming /home/ubuntu/BaikalDB/meta_data/raft_data/snapshot/tso/temp to /home/ubuntu/BaikalDB/meta_data/raft_data/snapshot/tso/snapshot_00000000000000068279
I1215 17:23:20.589464 125590 snapshot.cpp:519] Deleting /home/ubuntu/BaikalDB/meta_data/raft_data/snapshot/tso/snapshot_00000000000000067082
I1215 17:23:20.589553 125590 snapshot_executor.cpp:234] node tso_raft:127.0.1.1:8010:0:0 snapshot_save_done, last_included_index=68279 last_included_term=3
I1215 17:23:36.934859 125507 log.h:176] [ddl_manager.cpp:704][work][4294992907]leader process ddl work.
I1215 17:23:37.287017 125509 log.h:176] [ddl_manager.cpp:350][operator()][4294992908]db manager working thread.
I1215 17:23:40.697536 125525 log.h:176] [schema_manager.cpp:349][process_peer_heartbeat_for_store][128849048965]process peer hearbeat, table_exist_time: 0, partition_exist_time: 1, ilegal_peer_time: 0, log_id: 2612214629349812553
I1215 17:23:40.697585 125525 log.h:176] [schema_manager.cpp:380][process_leader_heartbeat_for_store][128849048965]store: 127.0.1.1:8110 process leader heartbeat, update_status_time: 1, leader_region_time: 9 leader_balance_time: 5, log_id: 2612214629349812553
I1215 17:23:40.697590 125525 log.h:176] [meta_state_machine.cpp:97][store_heartbeat][128849048965]store:127.0.1.1:8110 heart beat, time_cost: 68, instance_time: 3, peer_balance_time: 2, schema_time: 2, peer_time: 41, leader_time: 18, log_id: 2612214629349812553
I1215 17:23:57.048924 125505 log.h:176] [ddl_manager.cpp:704][work][4294992907]leader process ddl work.
I1215 17:23:57.400970 125519 log.h:176] [ddl_manager.cpp:350][operator()][4294992908]db manager working thread.
I1215 17:24:10.920531 125533 log.h:176] [schema_manager.cpp:349][process_peer_heartbeat_for_store][77309438312]process peer hearbeat, table_exist_time: 1, partition_exist_time: 0, ilegal_peer_time: 1, log_id: 12309628245091808336
I1215 17:24:10.920565 125533 log.h:176] [schema_manager.cpp:380][process_leader_heartbeat_for_store][77309438312]store: 127.0.1.1:8110 process leader heartbeat, update_status_time: 2, leader_region_time: 6 leader_balance_time: 5, log_id: 12309628245091808336
I1215 17:24:10.920569 125533 log.h:176] [meta_state_machine.cpp:97][store_heartbeat][77309438312]store:127.0.1.1:8110 heart beat, time_cost: 52, instance_time: 2, peer_balance_time: 3, schema_time: 1, peer_time: 28, leader_time: 16, log_id: 12309628245091808336
I1215 17:24:17.159022 125569 log.h:176] [ddl_manager.cpp:704][work][4294992907]leader process ddl work.
I1215 17:24:17.510908 125516 log.h:176] [ddl_manager.cpp:350][operator()][4294992908]db manager working thread.
I1215 17:24:20.585143 125516 node.cpp:975] node tso_raft:127.0.1.1:8010:0:0 starts to do snapshot
I1215 17:24:20.589485 125516 snapshot.cpp:642] Deleting /home/ubuntu/BaikalDB/meta_data/raft_data/snapshot/tso/snapshot_00000000000000069476
I1215 17:24:20.589494 125516 snapshot.cpp:648] Renaming /home/ubuntu/BaikalDB/meta_data/raft_data/snapshot/tso/temp to /home/ubuntu/BaikalDB/meta_data/raft_data/snapshot/tso/snapshot_00000000000000069476
I1215 17:24:20.589504 125516 snapshot.cpp:519] Deleting /home/ubuntu/BaikalDB/meta_data/raft_data/snapshot/tso/snapshot_00000000000000068279
I1215 17:24:20.589578 125516 snapshot_executor.cpp:234] node tso_raft:127.0.1.1:8010:0:0 snapshot_save_done, last_included_index=69476 last_included_term=3
I1215 17:24:37.271029 125516 log.h:176] [ddl_manager.cpp:704][work][4294992907]leader process ddl work.
I1215 17:24:37.623011 125583 log.h:176] [ddl_manager.cpp:350][operator()][4294992908]db manager working thread.
I1215 17:24:41.142269 125519 log.h:176] [schema_manager.cpp:349][process_peer_heartbeat_for_store][55834600901]process peer hearbeat, table_exist_time: 0, partition_exist_time: 1, ilegal_peer_time: 0, log_id: 1449292935984181403
I1215 17:24:41.142313 125519 log.h:176] [schema_manager.cpp:380][process_leader_heartbeat_for_store][55834600901]store: 127.0.1.1:8110 process leader heartbeat, update_status_time: 2, leader_region_time: 8 leader_balance_time: 6, log_id: 1449292935984181403
I1215 17:24:41.142321 125519 log.h:176] [meta_state_machine.cpp:97][store_heartbeat][55834600901]store:127.0.1.1:8110 heart beat, time_cost: 67, instance_time: 4, peer_balance_time: 3, schema_time: 2, peer_time: 32, leader_time: 24, log_id: 1449292935984181403
I1215 17:24:57.382612 125540 log.h:176] [ddl_manager.cpp:704][work][4294992907]leader process ddl work.
I1215 17:24:57.734549 125534 log.h:176] [ddl_manager.cpp:350][operator()][4294992908]db manager working thread.
I1215 17:25:11.365065 125525 log.h:176] [schema_manager.cpp:349][process_peer_heartbeat_for_store][115964147207]process peer hearbeat, table_exist_time: 1, partition_exist_time: 0, ilegal_peer_time: 1, log_id: 6199652300572029831
I1215 17:25:11.365114 125525 log.h:176] [schema_manager.cpp:380][process_leader_heartbeat_for_store][115964147207]store: 127.0.1.1:8110 process leader heartbeat, update_status_time: 1, leader_region_time: 11 leader_balance_time: 8, log_id: 6199652300572029831
I1215 17:25:11.365131 125525 log.h:176] [meta_state_machine.cpp:97][store_heartbeat][115964147207]store:127.0.1.1:8110 heart beat, time_cost: 81, instance_time: 3, peer_balance_time: 2, schema_time: 2, peer_time: 36, leader_time: 36, log_id: 6199652300572029831
I1215 17:25:17.497601 125533 log.h:176] [ddl_manager.cpp:704][work][4294992907]leader process ddl work.
I1215 17:25:17.849680 125572 log.h:176] [ddl_manager.cpp:350][operator()][4294992908]db manager working thread.
I1215 17:25:20.585305 125590 node.cpp:975] node tso_raft:127.0.1.1:8010:0:0 starts to do snapshot
I1215 17:25:20.586350 125590 snapshot.cpp:642] Deleting /home/ubuntu/BaikalDB/meta_data/raft_data/snapshot/tso/snapshot_00000000000000070673
I1215 17:25:20.586356 125590 snapshot.cpp:648] Renaming /home/ubuntu/BaikalDB/meta_data/raft_data/snapshot/tso/temp to /home/ubuntu/BaikalDB/meta_data/raft_data/snapshot/tso/snapshot_00000000000000070673
I1215 17:25:20.586365 125590 snapshot.cpp:519] Deleting /home/ubuntu/BaikalDB/meta_data/raft_data/snapshot/tso/snapshot_00000000000000069476
I1215 17:25:20.586441 125590 snapshot_executor.cpp:234] node tso_raft:127.0.1.1:8010:0:0 snapshot_save_done, last_included_index=70673 last_included_term=3
I1215 17:25:37.621776 125583 log.h:176] [ddl_manager.cpp:704][work][4294992907]leader process ddl work.
I1215 17:25:37.973838 125583 log.h:176] [ddl_manager.cpp:350][operator()][4294992908]db manager working thread.
I1215 17:25:41.576220 125534 log.h:176] [schema_manager.cpp:349][process_peer_heartbeat_for_store][133144016354]process peer hearbeat, table_exist_time: 0, partition_exist_time: 1, ilegal_peer_time: 0, log_id: 12027215142838503200
I1215 17:25:41.576260 125534 log.h:176] [schema_manager.cpp:380][process_leader_heartbeat_for_store][133144016354]store: 127.0.1.1:8110 process leader heartbeat, update_status_time: 2, leader_region_time: 8 leader_balance_time: 6, log_id: 12027215142838503200
I1215 17:25:41.576267 125534 log.h:176] [meta_state_machine.cpp:97][store_heartbeat][133144016354]store:127.0.1.1:8110 heart beat, time_cost: 59, instance_time: 3, peer_balance_time: 2, schema_time: 2, peer_time: 30, leader_time: 20, log_id: 12027215142838503200
I1215 17:25:57.743708 125550 log.h:176] [ddl_manager.cpp:704][work][4294992907]leader process ddl work.
I1215 17:25:58.095829 125594 log.h:176] [ddl_manager.cpp:350][operator()][4294992908]db manager working thread.
I1215 17:26:11.785967 125520 log.h:176] [schema_manager.cpp:349][process_peer_heartbeat_for_store][81604407391]process peer hearbeat, table_exist_time: 0, partition_exist_time: 0, ilegal_peer_time: 1, log_id: 15364779124809595946
I1215 17:26:11.786008 125520 log.h:176] [schema_manager.cpp:380][process_leader_heartbeat_for_store][81604407391]store: 127.0.1.1:8110 process leader heartbeat, update_status_time: 1, leader_region_time: 8 leader_balance_time: 7, log_id: 15364779124809595946
I1215 17:26:11.786016 125520 log.h:176] [meta_state_machine.cpp:97][store_heartbeat][81604407391]store:127.0.1.1:8110 heart beat, time_cost: 63, instance_time: 3, peer_balance_time: 3, schema_time: 1, peer_time: 30, leader_time: 23, log_id: 15364779124809595946
I1215 17:26:17.866221 125520 log.h:176] [ddl_manager.cpp:704][work][4294992907]leader process ddl work.
I1215 17:26:18.218261 125580 log.h:176] [ddl_manager.cpp:350][operator()][4294992908]db manager working thread.
I1215 17:26:20.585448 125509 node.cpp:975] node tso_raft:127.0.1.1:8010:0:0 starts to do snapshot
I1215 17:26:20.586483 125509 snapshot.cpp:642] Deleting /home/ubuntu/BaikalDB/meta_data/raft_data/snapshot/tso/snapshot_00000000000000071870
I1215 17:26:20.586490 125509 snapshot.cpp:648] Renaming /home/ubuntu/BaikalDB/meta_data/raft_data/snapshot/tso/temp to /home/ubuntu/BaikalDB/meta_data/raft_data/snapshot/tso/snapshot_00000000000000071870
I1215 17:26:20.586503 125509 snapshot.cpp:519] Deleting /home/ubuntu/BaikalDB/meta_data/raft_data/snapshot/tso/snapshot_00000000000000070673
I1215 17:26:20.586583 125509 snapshot_executor.cpp:234] node tso_raft:127.0.1.1:8010:0:0 snapshot_save_done, last_included_index=71870 last_included_term=3
I1215 17:26:37.980895 125533 log.h:176] [ddl_manager.cpp:704][work][4294992907]leader process ddl work.
I1215 17:26:38.332897 125539 log.h:176] [ddl_manager.cpp:350][operator()][4294992908]db manager working thread.
I1215 17:26:41.993844 125505 log.h:176] [schema_manager.cpp:349][process_peer_heartbeat_for_store][107374208539]process peer hearbeat, table_exist_time: 0, partition_exist_time: 1, ilegal_peer_time: 0, log_id: 11106168588534578513
I1215 17:26:41.993897 125505 log.h:176] [schema_manager.cpp:380][process_leader_heartbeat_for_store][107374208539]store: 127.0.1.1:8110 process leader heartbeat, update_status_time: 1, leader_region_time: 10 leader_balance_time: 6, log_id: 11106168588534578513
I1215 17:26:41.993906 125505 log.h:176] [meta_state_machine.cpp:97][store_heartbeat][107374208539]store:127.0.1.1:8110 heart beat, time_cost: 83, instance_time: 5, peer_balance_time: 3, schema_time: 2, peer_time: 45, leader_time: 24, log_id: 11106168588534578513
I1215 17:26:58.094007 125572 log.h:176] [ddl_manager.cpp:704][work][4294992907]leader process ddl work.
I1215 17:26:58.445860 125584 log.h:176] [ddl_manager.cpp:350][operator()][4294992908]db manager working thread.
I1215 17:27:12.205579 125516 log.h:176] [schema_manager.cpp:349][process_peer_heartbeat_for_store][261993032731]process peer hearbeat, table_exist_time: 1, partition_exist_time: 0, ilegal_peer_time: 1, log_id: 1257605233950971860
I1215 17:27:12.205621 125516 log.h:176] [schema_manager.cpp:380][process_leader_heartbeat_for_store][261993032731]store: 127.0.1.1:8110 process leader heartbeat, update_status_time: 1, leader_region_time: 6 leader_balance_time: 6, log_id: 1257605233950971860
I1215 17:27:12.205624 125516 log.h:176] [meta_state_machine.cpp:97][store_heartbeat][261993032731]store:127.0.1.1:8110 heart beat, time_cost: 62, instance_time: 3, peer_balance_time: 2, schema_time: 2, peer_time: 37, leader_time: 16, log_id: 1257605233950971860
I1215 17:27:18.208045 125569 log.h:176] [ddl_manager.cpp:704][work][4294992907]leader process ddl work.
I1215 17:27:18.560123 125540 log.h:176] [ddl_manager.cpp:350][operator()][4294992908]db manager working thread.
I1215 17:27:20.585625 125534 node.cpp:975] node tso_raft:127.0.1.1:8010:0:0 starts to do snapshot
I1215 17:27:20.590102 125534 snapshot.cpp:642] Deleting /home/ubuntu/BaikalDB/meta_data/raft_data/snapshot/tso/snapshot_00000000000000073067
I1215 17:27:20.590117 125534 snapshot.cpp:648] Renaming /home/ubuntu/BaikalDB/meta_data/raft_data/snapshot/tso/temp to /home/ubuntu/BaikalDB/meta_data/raft_data/snapshot/tso/snapshot_00000000000000073067
I1215 17:27:20.590132 125534 snapshot.cpp:519] Deleting /home/ubuntu/BaikalDB/meta_data/raft_data/snapshot/tso/snapshot_00000000000000071870
I1215 17:27:20.590262 125534 snapshot_executor.cpp:234] node tso_raft:127.0.1.1:8010:0:0 snapshot_save_done, last_included_index=73067 last_included_term=3
I1215 17:27:38.317233 125540 log.h:176] [ddl_manager.cpp:704][work][4294992907]leader process ddl work.
I1215 17:27:38.669106 125533 log.h:176] [ddl_manager.cpp:350][operator()][4294992908]db manager working thread.
I1215 17:27:42.412395 125507 log.h:176] [schema_manager.cpp:349][process_peer_heartbeat_for_store][283467869366]process peer hearbeat, table_exist_time: 0, partition_exist_time: 1, ilegal_peer_time: 1, log_id: 12277031054079110695
I1215 17:27:42.412456 125507 log.h:176] [schema_manager.cpp:380][process_leader_heartbeat_for_store][283467869366]store: 127.0.1.1:8110 process leader heartbeat, update_status_time: 1, leader_region_time: 20 leader_balance_time: 8, log_id: 12277031054079110695
I1215 17:27:42.412467 125507 log.h:176] [meta_state_machine.cpp:97][store_heartbeat][283467869366]store:127.0.1.1:8110 heart beat, time_cost: 89, instance_time: 4, peer_balance_time: 3, schema_time: 1, peer_time: 41, leader_time: 36, log_id: 12277031054079110695
I1215 17:27:58.427418 125520 log.h:176] [ddl_manager.cpp:704][work][4294992907]leader process ddl work.
I1215 17:27:58.779567 125533 log.h:176] [ddl_manager.cpp:350][operator()][4294992908]db manager working thread.
I1215 17:28:12.622331 125534 log.h:176] [schema_manager.cpp:349][process_peer_heartbeat_for_store][231928261808]process peer hearbeat, table_exist_time: 0, partition_exist_time: 1, ilegal_peer_time: 1, log_id: 3146950115754537984
I1215 17:28:12.622380 125534 log.h:176] [schema_manager.cpp:380][process_leader_heartbeat_for_store][231928261808]store: 127.0.1.1:8110 process leader heartbeat, update_status_time: 1, leader_region_time: 9 leader_balance_time: 7, log_id: 3146950115754537984
I1215 17:28:12.622387 125534 log.h:176] [meta_state_machine.cpp:97][store_heartbeat][231928261808]store:127.0.1.1:8110 heart beat, time_cost: 72, instance_time: 4, peer_balance_time: 3, schema_time: 1, peer_time: 38, leader_time: 24, log_id: 3146950115754537984
I1215 17:28:18.540136 125519 log.h:176] [ddl_manager.cpp:704][work][4294992907]leader process ddl work.
I1215 17:28:18.892017 125516 log.h:176] [ddl_manager.cpp:350][operator()][4294992908]db manager working thread.
I1215 17:28:20.585840 125590 node.cpp:975] node tso_raft:127.0.1.1:8010:0:0 starts to do snapshot
I1215 17:28:20.587081 125590 snapshot.cpp:642] Deleting /home/ubuntu/BaikalDB/meta_data/raft_data/snapshot/tso/snapshot_00000000000000074264
I1215 17:28:20.587096 125590 snapshot.cpp:648] Renaming /home/ubuntu/BaikalDB/meta_data/raft_data/snapshot/tso/temp to /home/ubuntu/BaikalDB/meta_data/raft_data/snapshot/tso/snapshot_00000000000000074264
I1215 17:28:20.587105 125590 snapshot.cpp:519] Deleting /home/ubuntu/BaikalDB/meta_data/raft_data/snapshot/tso/snapshot_00000000000000073067
I1215 17:28:20.587173 125590 snapshot_executor.cpp:234] node tso_raft:127.0.1.1:8010:0:0 snapshot_save_done, last_included_index=74264 last_included_term=3
I1215 17:28:38.660305 125594 log.h:176] [ddl_manager.cpp:704][work][4294992907]leader process ddl work.
I1215 17:28:39.012333 125525 log.h:176] [ddl_manager.cpp:350][operator()][4294992908]db manager working thread.
I1215 17:28:42.820695 125533 log.h:176] [schema_manager.cpp:349][process_peer_heartbeat_for_store][124554079839]process peer hearbeat, table_exist_time: 1, partition_exist_time: 0, ilegal_peer_time: 1, log_id: 13464422903514190935
I1215 17:28:42.820731 125533 log.h:176] [schema_manager.cpp:380][process_leader_heartbeat_for_store][124554079839]store: 127.0.1.1:8110 process leader heartbeat, update_status_time: 2, leader_region_time: 7 leader_balance_time: 5, log_id: 13464422903514190935
I1215 17:28:42.820736 125533 log.h:176] [meta_state_machine.cpp:97][store_heartbeat][124554079839]store:127.0.1.1:8110 heart beat, time_cost: 54, instance_time: 3, peer_balance_time: 3, schema_time: 1, peer_time: 28, leader_time: 18, log_id: 13464422903514190935
I1215 17:28:58.780441 125507 log.h:176] [ddl_manager.cpp:704][work][4294992907]leader process ddl work.
I1215 17:28:59.132565 125507 log.h:176] [ddl_manager.cpp:350][operator()][4294992908]db manager working thread.
I1215 17:29:13.031034 125505 log.h:176] [schema_manager.cpp:349][process_peer_heartbeat_for_store][47244669198]process peer hearbeat, table_exist_time: 1, partition_exist_time: 0, ilegal_peer_time: 1, log_id: 8758764614660479433
I1215 17:29:13.031090 125505 log.h:176] [schema_manager.cpp:380][process_leader_heartbeat_for_store][47244669198]store: 127.0.1.1:8110 process leader heartbeat, update_status_time: 1, leader_region_time: 10 leader_balance_time: 7, log_id: 8758764614660479433
I1215 17:29:13.031098 125505 log.h:176] [meta_state_machine.cpp:97][store_heartbeat][47244669198]store:127.0.1.1:8110 heart beat, time_cost: 79, instance_time: 3, peer_balance_time: 2, schema_time: 2, peer_time: 45, leader_time: 25, log_id: 8758764614660479433
I1215 17:29:18.896993 125584 log.h:176] [ddl_manager.cpp:704][work][4294992907]leader process ddl work.
I1215 17:29:19.248926 125540 log.h:176] [ddl_manager.cpp:350][operator()][4294992908]db manager working thread.
I1215 17:29:20.585980 125600 node.cpp:975] node tso_raft:127.0.1.1:8010:0:0 starts to do snapshot
I1215 17:29:20.590261 125600 snapshot.cpp:642] Deleting /home/ubuntu/BaikalDB/meta_data/raft_data/snapshot/tso/snapshot_00000000000000075461
I1215 17:29:20.590278 125600 snapshot.cpp:648] Renaming /home/ubuntu/BaikalDB/meta_data/raft_data/snapshot/tso/temp to /home/ubuntu/BaikalDB/meta_data/raft_data/snapshot/tso/snapshot_00000000000000075461
I1215 17:29:20.590287 125600 snapshot.cpp:519] Deleting /home/ubuntu/BaikalDB/meta_data/raft_data/snapshot/tso/snapshot_00000000000000074264
I1215 17:29:20.590377 125600 snapshot_executor.cpp:234] node tso_raft:127.0.1.1:8010:0:0 snapshot_save_done, last_included_index=75461 last_included_term=3
I1215 17:29:29.093449 125550 node.cpp:975] node meta_raft:127.0.1.1:8010:0:0 starts to do snapshot
I1215 17:29:29.093492 125550 snapshot_executor.cpp:154] node meta_raft:127.0.1.1:8010:0:0 the gap between fsm applied index 3 and last_snapshot_index 3 is less than 1, will clear bufferred logs and return success
I1215 17:29:39.009667 125550 log.h:176] [ddl_manager.cpp:704][work][4294992907]leader process ddl work.
I1215 17:29:39.361610 125550 log.h:176] [ddl_manager.cpp:350][operator()][4294992908]db manager working thread.
I1215 17:29:43.241046 125516 log.h:176] [schema_manager.cpp:349][process_peer_heartbeat_for_store][111669177486]process peer hearbeat, table_exist_time: 1, partition_exist_time: 0, ilegal_peer_time: 1, log_id: 825595196375776742
I1215 17:29:43.241087 125516 log.h:176] [schema_manager.cpp:380][process_leader_heartbeat_for_store][111669177486]store: 127.0.1.1:8110 process leader heartbeat, update_status_time: 2, leader_region_time: 7 leader_balance_time: 6, log_id: 825595196375776742
I1215 17:29:43.241092 125516 log.h:176] [meta_state_machine.cpp:97][store_heartbeat][111669177486]store:127.0.1.1:8110 heart beat, time_cost: 62, instance_time: 4, peer_balance_time: 1, schema_time: 2, peer_time: 34, leader_time: 18, log_id: 825595196375776742
I1215 17:29:59.120162 125534 log.h:176] [ddl_manager.cpp:704][work][4294992907]leader process ddl work.
I1215 17:29:59.472076 125507 log.h:176] [ddl_manager.cpp:350][operator()][4294992908]db manager working thread.
I1215 17:30:13.459497 125520 log.h:176] [schema_manager.cpp:349][process_peer_heartbeat_for_store][171798721975]process peer hearbeat, table_exist_time: 0, partition_exist_time: 1, ilegal_peer_time: 0, log_id: 16722912472161157862
I1215 17:30:13.459537 125520 log.h:176] [schema_manager.cpp:380][process_leader_heartbeat_for_store][171798721975]store: 127.0.1.1:8110 process leader heartbeat, update_status_time: 1, leader_region_time: 7 leader_balance_time: 5, log_id: 16722912472161157862
I1215 17:30:13.459542 125520 log.h:176] [meta_state_machine.cpp:97][store_heartbeat][171798721975]store:127.0.1.1:8110 heart beat, time_cost: 57, instance_time: 2, peer_balance_time: 2, schema_time: 2, peer_time: 31, leader_time: 18, log_id: 16722912472161157862
I1215 17:30:19.234223 125584 log.h:176] [ddl_manager.cpp:704][work][4294992907]leader process ddl work.
I1215 17:30:19.586407 125550 log.h:176] [ddl_manager.cpp:350][operator()][4294992908]db manager working thread.
I1215 17:30:20.586160 125517 node.cpp:975] node tso_raft:127.0.1.1:8010:0:0 starts to do snapshot
I1215 17:30:20.587363 125517 snapshot.cpp:642] Deleting /home/ubuntu/BaikalDB/meta_data/raft_data/snapshot/tso/snapshot_00000000000000076659
I1215 17:30:20.587370 125517 snapshot.cpp:648] Renaming /home/ubuntu/BaikalDB/meta_data/raft_data/snapshot/tso/temp to /home/ubuntu/BaikalDB/meta_data/raft_data/snapshot/tso/snapshot_00000000000000076659
I1215 17:30:20.587379 125517 snapshot.cpp:519] Deleting /home/ubuntu/BaikalDB/meta_data/raft_data/snapshot/tso/snapshot_00000000000000075461
I1215 17:30:20.587523 125517 snapshot_executor.cpp:234] node tso_raft:127.0.1.1:8010:0:0 snapshot_save_done, last_included_index=76659 last_included_term=3
I1215 17:30:39.356288 125517 log.h:176] [ddl_manager.cpp:704][work][4294992907]leader process ddl work.
I1215 17:30:39.700443 125584 log.h:176] [ddl_manager.cpp:350][operator()][4294992908]db manager working thread.
I1215 17:30:42.370059 125540 node.cpp:975] node auto_incr_raft:127.0.1.1:8010:0:0 starts to do snapshot
I1215 17:30:42.370098 125540 snapshot_executor.cpp:154] node auto_incr_raft:127.0.1.1:8010:0:0 the gap between fsm applied index 2 and last_snapshot_index 2 is less than 1, will clear bufferred logs and return success
I1215 17:30:43.662055 125590 log.h:176] [schema_manager.cpp:349][process_peer_heartbeat_for_store][146028917477]process peer hearbeat, table_exist_time: 1, partition_exist_time: 0, ilegal_peer_time: 1, log_id: 11957884922286660184
I1215 17:30:43.662106 125590 log.h:176] [schema_manager.cpp:380][process_leader_heartbeat_for_store][146028917477]store: 127.0.1.1:8110 process leader heartbeat, update_status_time: 1, leader_region_time: 10 leader_balance_time: 7, log_id: 11957884922286660184
I1215 17:30:43.662112 125590 log.h:176] [meta_state_machine.cpp:97][store_heartbeat][146028917477]store:127.0.1.1:8110 heart beat, time_cost: 74, instance_time: 4, peer_balance_time: 2, schema_time: 1, peer_time: 40, leader_time: 24, log_id: 11957884922286660184
I1215 17:30:59.477267 125584 log.h:176] [ddl_manager.cpp:704][work][4294992907]leader process ddl work.
I1215 17:30:59.819154 125572 log.h:176] [ddl_manager.cpp:350][operator()][4294992908]db manager working thread.
I1215 17:31:13.871526 125583 log.h:176] [schema_manager.cpp:349][process_peer_heartbeat_for_store][184683623562]process peer hearbeat, table_exist_time: 1, partition_exist_time: 0, ilegal_peer_time: 1, log_id: 4367814604989342634
I1215 17:31:13.871565 125583 log.h:176] [schema_manager.cpp:380][process_leader_heartbeat_for_store][184683623562]store: 127.0.1.1:8110 process leader heartbeat, update_status_time: 1, leader_region_time: 8 leader_balance_time: 6, log_id: 4367814604989342634
I1215 17:31:13.871572 125583 log.h:176] [meta_state_machine.cpp:97][store_heartbeat][184683623562]store:127.0.1.1:8110 heart beat, time_cost: 61, instance_time: 3, peer_balance_time: 2, schema_time: 2, peer_time: 31, leader_time: 19, log_id: 4367814604989342634
I1215 17:31:19.597158 125572 log.h:176] [ddl_manager.cpp:704][work][4294992907]leader process ddl work.
I1215 17:31:19.939356 125583 log.h:176] [ddl_manager.cpp:350][operator()][4294992908]db manager working thread.
I1215 17:31:20.586371 125519 node.cpp:975] node tso_raft:127.0.1.1:8010:0:0 starts to do snapshot
I1215 17:31:20.587529 125519 snapshot.cpp:642] Deleting /home/ubuntu/BaikalDB/meta_data/raft_data/snapshot/tso/snapshot_00000000000000077856
I1215 17:31:20.587550 125519 snapshot.cpp:648] Renaming /home/ubuntu/BaikalDB/meta_data/raft_data/snapshot/tso/temp to /home/ubuntu/BaikalDB/meta_data/raft_data/snapshot/tso/snapshot_00000000000000077856
I1215 17:31:20.587561 125519 snapshot.cpp:519] Deleting /home/ubuntu/BaikalDB/meta_data/raft_data/snapshot/tso/snapshot_00000000000000076659
I1215 17:31:20.587639 125519 snapshot_executor.cpp:234] node tso_raft:127.0.1.1:8010:0:0 snapshot_save_done, last_included_index=77856 last_included_term=3
I1215 17:31:39.712054 125594 log.h:176] [ddl_manager.cpp:704][work][4294992907]leader process ddl work.
I1215 17:31:40.053964 125516 log.h:176] [ddl_manager.cpp:350][operator()][4294992908]db manager working thread.
I1215 17:31:44.084914 125520 log.h:176] [schema_manager.cpp:349][process_peer_heartbeat_for_store][180388654966]process peer hearbeat, table_exist_time: 0, partition_exist_time: 0, ilegal_peer_time: 1, log_id: 6097058254870584989
I1215 17:31:44.084951 125520 log.h:176] [schema_manager.cpp:380][process_leader_heartbeat_for_store][180388654966]store: 127.0.1.1:8110 process leader heartbeat, update_status_time: 2, leader_region_time: 6 leader_balance_time: 6, log_id: 6097058254870584989
I1215 17:31:44.084957 125520 log.h:176] [meta_state_machine.cpp:97][store_heartbeat][180388654966]store:127.0.1.1:8110 heart beat, time_cost: 57, instance_time: 4, peer_balance_time: 2, schema_time: 1, peer_time: 29, leader_time: 20, log_id: 6097058254870584989
I1215 17:31:59.826150 125594 log.h:176] [ddl_manager.cpp:704][work][4294992907]leader process ddl work.
I1215 17:32:00.176200 125516 log.h:176] [ddl_manager.cpp:350][operator()][4294992908]db manager working thread.
I1215 17:32:14.305025 125580 log.h:176] [schema_manager.cpp:349][process_peer_heartbeat_for_store][111669178086]process peer hearbeat, table_exist_time: 0, partition_exist_time: 1, ilegal_peer_time: 0, log_id: 14864225538773460060
I1215 17:32:14.305073 125580 log.h:176] [schema_manager.cpp:380][process_leader_heartbeat_for_store][111669178086]store: 127.0.1.1:8110 process leader heartbeat, update_status_time: 1, leader_region_time: 8 leader_balance_time: 6, log_id: 14864225538773460060
I1215 17:32:14.305079 125580 log.h:176] [meta_state_machine.cpp:97][store_heartbeat][111669178086]store:127.0.1.1:8110 heart beat, time_cost: 70, instance_time: 4, peer_balance_time: 2, schema_time: 1, peer_time: 39, leader_time: 22, log_id: 14864225538773460060
I1215 17:32:19.937011 125572 log.h:176] [ddl_manager.cpp:704][work][4294992907]leader process ddl work.
I1215 17:32:20.288908 125505 log.h:176] [ddl_manager.cpp:350][operator()][4294992908]db manager working thread.
I1215 17:32:20.586508 125534 node.cpp:975] node tso_raft:127.0.1.1:8010:0:0 starts to do snapshot
I1215 17:32:20.590926 125534 snapshot.cpp:642] Deleting /home/ubuntu/BaikalDB/meta_data/raft_data/snapshot/tso/snapshot_00000000000000079053
I1215 17:32:20.590932 125534 snapshot.cpp:648] Renaming /home/ubuntu/BaikalDB/meta_data/raft_data/snapshot/tso/temp to /home/ubuntu/BaikalDB/meta_data/raft_data/snapshot/tso/snapshot_00000000000000079053
I1215 17:32:20.590941 125534 snapshot.cpp:519] Deleting /home/ubuntu/BaikalDB/meta_data/raft_data/snapshot/tso/snapshot_00000000000000077856
I1215 17:32:20.591014 125534 snapshot_executor.cpp:234] node tso_raft:127.0.1.1:8010:0:0 snapshot_save_done, last_included_index=79053 last_included_term=3
I1215 17:32:40.050988 125550 log.h:176] [ddl_manager.cpp:704][work][4294992907]leader process ddl work.
I1215 17:32:40.403062 125590 log.h:176] [ddl_manager.cpp:350][operator()][4294992908]db manager working thread.
I1215 17:32:44.513314 125520 log.h:176] [schema_manager.cpp:349][process_peer_heartbeat_for_store][210453424698]process peer hearbeat, table_exist_time: 1, partition_exist_time: 0, ilegal_peer_time: 2, log_id: 4198681969574901245
I1215 17:32:44.513373 125520 log.h:176] [schema_manager.cpp:380][process_leader_heartbeat_for_store][210453424698]store: 127.0.1.1:8110 process leader heartbeat, update_status_time: 1, leader_region_time: 11 leader_balance_time: 7, log_id: 4198681969574901245
I1215 17:32:44.513389 125520 log.h:176] [meta_state_machine.cpp:97][store_heartbeat][210453424698]store:127.0.1.1:8110 heart beat, time_cost: 95, instance_time: 5, peer_balance_time: 2, schema_time: 2, peer_time: 50, leader_time: 26, log_id: 4198681969574901245
I1215 17:33:00.168555 125583 log.h:176] [ddl_manager.cpp:704][work][4294992907]leader process ddl work.
I1215 17:33:00.520677 125539 log.h:176] [ddl_manager.cpp:350][operator()][4294992908]db manager working thread.
I1215 17:33:14.727005 125525 log.h:176] [schema_manager.cpp:349][process_peer_heartbeat_for_store][188978588495]process peer hearbeat, table_exist_time: 1, partition_exist_time: 0, ilegal_peer_time: 1, log_id: 10672546150883985174
I1215 17:33:14.727056 125525 log.h:176] [schema_manager.cpp:380][process_leader_heartbeat_for_store][188978588495]store: 127.0.1.1:8110 process leader heartbeat, update_status_time: 1, leader_region_time: 9 leader_balance_time: 6, log_id: 10672546150883985174
I1215 17:33:14.727063 125525 log.h:176] [meta_state_machine.cpp:97][store_heartbeat][188978588495]store:127.0.1.1:8110 heart beat, time_cost: 74, instance_time: 4, peer_balance_time: 2, schema_time: 2, peer_time: 41, leader_time: 23, log_id: 10672546150883985174
I1215 17:33:20.285266 125517 log.h:176] [ddl_manager.cpp:704][work][4294992907]leader process ddl work.
I1215 17:33:20.586666 125534 node.cpp:975] node tso_raft:127.0.1.1:8010:0:0 starts to do snapshot
I1215 17:33:20.591199 125534 snapshot.cpp:642] Deleting /home/ubuntu/BaikalDB/meta_data/raft_data/snapshot/tso/snapshot_00000000000000080250
I1215 17:33:20.591216 125534 snapshot.cpp:648] Renaming /home/ubuntu/BaikalDB/meta_data/raft_data/snapshot/tso/temp to /home/ubuntu/BaikalDB/meta_data/raft_data/snapshot/tso/snapshot_00000000000000080250
I1215 17:33:20.591231 125534 snapshot.cpp:519] Deleting /home/ubuntu/BaikalDB/meta_data/raft_data/snapshot/tso/snapshot_00000000000000079053
I1215 17:33:20.591353 125534 snapshot_executor.cpp:234] node tso_raft:127.0.1.1:8010:0:0 snapshot_save_done, last_included_index=80250 last_included_term=3
I1215 17:33:20.637295 125516 log.h:176] [ddl_manager.cpp:350][operator()][4294992908]db manager working thread.
I1215 17:33:40.396873 125534 log.h:176] [ddl_manager.cpp:704][work][4294992907]leader process ddl work.
I1215 17:33:40.748517 125550 log.h:176] [ddl_manager.cpp:350][operator()][4294992908]db manager working thread.
I1215 17:33:44.936800 125594 log.h:176] [schema_manager.cpp:349][process_peer_heartbeat_for_store][261993031395]process peer hearbeat, table_exist_time: 0, partition_exist_time: 0, ilegal_peer_time: 1, log_id: 9988192675976093783
I1215 17:33:44.936831 125594 log.h:176] [schema_manager.cpp:380][process_leader_heartbeat_for_store][261993031395]store: 127.0.1.1:8110 process leader heartbeat, update_status_time: 1, leader_region_time: 7 leader_balance_time: 5, log_id: 9988192675976093783
I1215 17:33:44.936837 125594 log.h:176] [meta_state_machine.cpp:97][store_heartbeat][261993031395]store:127.0.1.1:8110 heart beat, time_cost: 50, instance_time: 2, peer_balance_time: 2, schema_time: 2, peer_time: 25, leader_time: 17, log_id: 9988192675976093783
I1215 17:34:00.505630 125540 log.h:176] [ddl_manager.cpp:704][work][4294992907]leader process ddl work.
I1215 17:34:00.857563 125505 log.h:176] [ddl_manager.cpp:350][operator()][4294992908]db manager working thread.
I1215 17:34:15.136950 125507 log.h:176] [schema_manager.cpp:349][process_peer_heartbeat_for_store][103079241663]process peer hearbeat, table_exist_time: 0, partition_exist_time: 1, ilegal_peer_time: 1, log_id: 13332667235701017461
I1215 17:34:15.136992 125507 log.h:176] [schema_manager.cpp:380][process_leader_heartbeat_for_store][103079241663]store: 127.0.1.1:8110 process leader heartbeat, update_status_time: 1, leader_region_time: 9 leader_balance_time: 5, log_id: 13332667235701017461
I1215 17:34:15.136997 125507 log.h:176] [meta_state_machine.cpp:97][store_heartbeat][103079241663]store:127.0.1.1:8110 heart beat, time_cost: 61, instance_time: 3, peer_balance_time: 2, schema_time: 1, peer_time: 34, leader_time: 19, log_id: 13332667235701017461
I1215 17:34:20.586874 125590 node.cpp:975] node tso_raft:127.0.1.1:8010:0:0 starts to do snapshot
I1215 17:34:20.591181 125590 snapshot.cpp:642] Deleting /home/ubuntu/BaikalDB/meta_data/raft_data/snapshot/tso/snapshot_00000000000000081447
I1215 17:34:20.591197 125590 snapshot.cpp:648] Renaming /home/ubuntu/BaikalDB/meta_data/raft_data/snapshot/tso/temp to /home/ubuntu/BaikalDB/meta_data/raft_data/snapshot/tso/snapshot_00000000000000081447
I1215 17:34:20.591213 125590 snapshot.cpp:519] Deleting /home/ubuntu/BaikalDB/meta_data/raft_data/snapshot/tso/snapshot_00000000000000080250
I1215 17:34:20.591336 125590 snapshot_executor.cpp:234] node tso_raft:127.0.1.1:8010:0:0 snapshot_save_done, last_included_index=81447 last_included_term=3
I1215 17:34:20.619626 125569 log.h:176] [ddl_manager.cpp:704][work][4294992907]leader process ddl work.
I1215 17:34:20.971547 125505 log.h:176] [ddl_manager.cpp:350][operator()][4294992908]db manager working thread.
I1215 17:34:40.734193 125584 log.h:176] [ddl_manager.cpp:704][work][4294992907]leader process ddl work.
I1215 17:34:41.086318 125572 log.h:176] [ddl_manager.cpp:350][operator()][4294992908]db manager working thread.
I1215 17:34:45.334530 125534 log.h:176] [schema_manager.cpp:349][process_peer_heartbeat_for_store][184683622096]process peer hearbeat, table_exist_time: 0, partition_exist_time: 0, ilegal_peer_time: 1, log_id: 769028783366829149
I1215 17:34:45.334548 125534 log.h:176] [schema_manager.cpp:380][process_leader_heartbeat_for_store][184683622096]store: 127.0.1.1:8110 process leader heartbeat, update_status_time: 2, leader_region_time: 6 leader_balance_time: 4, log_id: 769028783366829149
I1215 17:34:45.334560 125534 log.h:176] [meta_state_machine.cpp:97][store_heartbeat][184683622096]store:127.0.1.1:8110 heart beat, time_cost: 73, instance_time: 3, peer_balance_time: 36, schema_time: 2, peer_time: 7, leader_time: 23, log_id: 769028783366829149
I1215 17:35:00.859203 125550 log.h:176] [ddl_manager.cpp:704][work][4294992907]leader process ddl work.
I1215 17:35:01.201014 125550 log.h:176] [ddl_manager.cpp:350][operator()][4294992908]db manager working thread.
I1215 17:35:15.545840 125509 log.h:176] [schema_manager.cpp:349][process_peer_heartbeat_for_store][249108131071]process peer hearbeat, table_exist_time: 0, partition_exist_time: 0, ilegal_peer_time: 1, log_id: 17685973724248002942
I1215 17:35:15.545884 125509 log.h:176] [schema_manager.cpp:380][process_leader_heartbeat_for_store][249108131071]store: 127.0.1.1:8110 process leader heartbeat, update_status_time: 1, leader_region_time: 9 leader_balance_time: 6, log_id: 17685973724248002942
I1215 17:35:15.545894 125509 log.h:176] [meta_state_machine.cpp:97][store_heartbeat][249108131071]store:127.0.1.1:8110 heart beat, time_cost: 68, instance_time: 3, peer_balance_time: 2, schema_time: 1, peer_time: 34, leader_time: 20, log_id: 17685973724248002942
I1215 17:35:20.587090 125584 node.cpp:975] node tso_raft:127.0.1.1:8010:0:0 starts to do snapshot
I1215 17:35:20.591730 125584 snapshot.cpp:642] Deleting /home/ubuntu/BaikalDB/meta_data/raft_data/snapshot/tso/snapshot_00000000000000082644
