I1216 21:24:41.545020 3551984 log.h:176] [schema_manager.cpp:380][process_leader_heartbeat_for_store][798863944070]store: 127.0.1.1:8110 process leader heartbeat, update_status_time: 1, leader_region_time: 7 leader_balance_time: 6, log_id: 14738790091778006631
I1216 21:24:41.545025 3551984 log.h:176] [meta_state_machine.cpp:97][store_heartbeat][798863944070]store:127.0.1.1:8110 heart beat, time_cost: 57, instance_time: 3, peer_balance_time: 1, schema_time: 2, peer_time: 30, leader_time: 19, log_id: 14738790091778006631
I1216 21:24:46.800074 3552010 log.h:176] [ddl_manager.cpp:704][work][4294992651]leader process ddl work.
I1216 21:24:47.121793 3551971 log.h:176] [ddl_manager.cpp:350][operator()][4294992652]db manager working thread.
I1216 21:25:01.169248 3552004 node.cpp:975] node tso_raft:127.0.1.1:8010:0:0 starts to do snapshot
I1216 21:25:01.173481 3552004 snapshot.cpp:642] Deleting /home/ubuntu/BaikalDB/meta_data/raft_data/snapshot/tso/snapshot_00000000000000716421
I1216 21:25:01.173489 3552004 snapshot.cpp:648] Renaming /home/ubuntu/BaikalDB/meta_data/raft_data/snapshot/tso/temp to /home/ubuntu/BaikalDB/meta_data/raft_data/snapshot/tso/snapshot_00000000000000716421
I1216 21:25:01.173501 3552004 snapshot.cpp:519] Deleting /home/ubuntu/BaikalDB/meta_data/raft_data/snapshot/tso/snapshot_00000000000000715224
I1216 21:25:01.173586 3552004 snapshot_executor.cpp:234] node tso_raft:127.0.1.1:8010:0:0 snapshot_save_done, last_included_index=716421 last_included_term=4
I1216 21:25:06.906783 3552026 log.h:176] [ddl_manager.cpp:704][work][4294992651]leader process ddl work.
I1216 21:25:07.228551 3551991 log.h:176] [ddl_manager.cpp:350][operator()][4294992652]db manager working thread.
I1216 21:25:11.716805 3552041 log.h:176] [schema_manager.cpp:349][process_peer_heartbeat_for_store][631360224658]process peer hearbeat, table_exist_time: 1, partition_exist_time: 0, ilegal_peer_time: 1, log_id: 13998038412038774732
I1216 21:25:11.716854 3552041 log.h:176] [schema_manager.cpp:380][process_leader_heartbeat_for_store][631360224658]store: 127.0.1.1:8110 process leader heartbeat, update_status_time: 1, leader_region_time: 7 leader_balance_time: 19, log_id: 13998038412038774732
I1216 21:25:11.716858 3552041 log.h:176] [meta_state_machine.cpp:97][store_heartbeat][631360224658]store:127.0.1.1:8110 heart beat, time_cost: 65, instance_time: 3, peer_balance_time: 3, schema_time: 1, peer_time: 27, leader_time: 30, log_id: 13998038412038774732
I1216 21:25:12.891120 3551970 node.cpp:975] node meta_raft:127.0.1.1:8010:0:0 starts to do snapshot
I1216 21:25:12.891155 3551970 snapshot_executor.cpp:154] node meta_raft:127.0.1.1:8010:0:0 the gap between fsm applied index 12 and last_snapshot_index 12 is less than 1, will clear bufferred logs and return success
I1216 21:25:27.015081 3552026 log.h:176] [ddl_manager.cpp:704][work][4294992651]leader process ddl work.
I1216 21:25:27.336844 3551976 log.h:176] [ddl_manager.cpp:350][operator()][4294992652]db manager working thread.
I1216 21:25:41.890354 3552004 log.h:176] [schema_manager.cpp:349][process_peer_heartbeat_for_store][601295450015]process peer hearbeat, table_exist_time: 0, partition_exist_time: 0, ilegal_peer_time: 1, log_id: 7999542694018338360
I1216 21:25:41.890385 3552004 log.h:176] [schema_manager.cpp:380][process_leader_heartbeat_for_store][601295450015]store: 127.0.1.1:8110 process leader heartbeat, update_status_time: 2, leader_region_time: 6 leader_balance_time: 5, log_id: 7999542694018338360
I1216 21:25:41.890391 3552004 log.h:176] [meta_state_machine.cpp:97][store_heartbeat][601295450015]store:127.0.1.1:8110 heart beat, time_cost: 49, instance_time: 2, peer_balance_time: 2, schema_time: 1, peer_time: 24, leader_time: 18, log_id: 7999542694018338360
I1216 21:25:47.122304 3551975 log.h:176] [ddl_manager.cpp:704][work][4294992651]leader process ddl work.
I1216 21:25:47.444067 3551984 log.h:176] [ddl_manager.cpp:350][operator()][4294992652]db manager working thread.
I1216 21:26:01.169415 3552041 node.cpp:975] node tso_raft:127.0.1.1:8010:0:0 starts to do snapshot
I1216 21:26:01.170787 3552041 snapshot.cpp:642] Deleting /home/ubuntu/BaikalDB/meta_data/raft_data/snapshot/tso/snapshot_00000000000000717618
I1216 21:26:01.170794 3552041 snapshot.cpp:648] Renaming /home/ubuntu/BaikalDB/meta_data/raft_data/snapshot/tso/temp to /home/ubuntu/BaikalDB/meta_data/raft_data/snapshot/tso/snapshot_00000000000000717618
I1216 21:26:01.170807 3552041 snapshot.cpp:519] Deleting /home/ubuntu/BaikalDB/meta_data/raft_data/snapshot/tso/snapshot_00000000000000716421
I1216 21:26:01.170885 3552041 snapshot_executor.cpp:234] node tso_raft:127.0.1.1:8010:0:0 snapshot_save_done, last_included_index=717618 last_included_term=4
I1216 21:26:07.229902 3551960 log.h:176] [ddl_manager.cpp:704][work][4294992651]leader process ddl work.
I1216 21:26:07.551669 3552043 log.h:176] [ddl_manager.cpp:350][operator()][4294992652]db manager working thread.
I1216 21:26:12.064098 3551950 log.h:176] [schema_manager.cpp:349][process_peer_heartbeat_for_store][863288456081]process peer hearbeat, table_exist_time: 0, partition_exist_time: 1, ilegal_peer_time: 1, log_id: 16645754525017230465
I1216 21:26:12.064131 3551950 log.h:176] [schema_manager.cpp:380][process_leader_heartbeat_for_store][863288456081]store: 127.0.1.1:8110 process leader heartbeat, update_status_time: 1, leader_region_time: 7 leader_balance_time: 5, log_id: 16645754525017230465
I1216 21:26:12.064141 3551950 log.h:176] [meta_state_machine.cpp:97][store_heartbeat][863288456081]store:127.0.1.1:8110 heart beat, time_cost: 55, instance_time: 3, peer_balance_time: 2, schema_time: 1, peer_time: 25, leader_time: 23, log_id: 16645754525017230465
I1216 21:26:27.337251 3552043 log.h:176] [ddl_manager.cpp:704][work][4294992651]leader process ddl work.
I1216 21:26:27.659019 3551967 log.h:176] [ddl_manager.cpp:350][operator()][4294992652]db manager working thread.
I1216 21:26:40.415024 3552026 node.cpp:975] node auto_incr_raft:127.0.1.1:8010:0:0 starts to do snapshot
I1216 21:26:40.415064 3552026 snapshot_executor.cpp:154] node auto_incr_raft:127.0.1.1:8010:0:0 the gap between fsm applied index 3 and last_snapshot_index 3 is less than 1, will clear bufferred logs and return success
I1216 21:26:42.240042 3552031 log.h:176] [schema_manager.cpp:349][process_peer_heartbeat_for_store][326417547308]process peer hearbeat, table_exist_time: 0, partition_exist_time: 1, ilegal_peer_time: 0, log_id: 18299115113778245226
I1216 21:26:42.240080 3552031 log.h:176] [schema_manager.cpp:380][process_leader_heartbeat_for_store][326417547308]store: 127.0.1.1:8110 process leader heartbeat, update_status_time: 1, leader_region_time: 7 leader_balance_time: 5, log_id: 18299115113778245226
I1216 21:26:42.240085 3552031 log.h:176] [meta_state_machine.cpp:97][store_heartbeat][326417547308]store:127.0.1.1:8110 heart beat, time_cost: 56, instance_time: 3, peer_balance_time: 1, schema_time: 2, peer_time: 31, leader_time: 17, log_id: 18299115113778245226
I1216 21:26:47.444954 3551975 log.h:176] [ddl_manager.cpp:704][work][4294992651]leader process ddl work.
I1216 21:26:47.766669 3552004 log.h:176] [ddl_manager.cpp:350][operator()][4294992652]db manager working thread.
I1216 21:27:01.169611 3551971 node.cpp:975] node tso_raft:127.0.1.1:8010:0:0 starts to do snapshot
I1216 21:27:01.173962 3551971 snapshot.cpp:642] Deleting /home/ubuntu/BaikalDB/meta_data/raft_data/snapshot/tso/snapshot_00000000000000718815
I1216 21:27:01.173974 3551971 snapshot.cpp:648] Renaming /home/ubuntu/BaikalDB/meta_data/raft_data/snapshot/tso/temp to /home/ubuntu/BaikalDB/meta_data/raft_data/snapshot/tso/snapshot_00000000000000718815
I1216 21:27:01.173990 3551971 snapshot.cpp:519] Deleting /home/ubuntu/BaikalDB/meta_data/raft_data/snapshot/tso/snapshot_00000000000000717618
I1216 21:27:01.174091 3551971 snapshot_executor.cpp:234] node tso_raft:127.0.1.1:8010:0:0 snapshot_save_done, last_included_index=718815 last_included_term=4
I1216 21:27:07.552667 3551956 log.h:176] [ddl_manager.cpp:704][work][4294992651]leader process ddl work.
I1216 21:27:07.874444 3551971 log.h:176] [ddl_manager.cpp:350][operator()][4294992652]db manager working thread.
I1216 21:27:12.411408 3551984 log.h:176] [schema_manager.cpp:349][process_peer_heartbeat_for_store][730144469568]process peer hearbeat, table_exist_time: 0, partition_exist_time: 0, ilegal_peer_time: 0, log_id: 1848593686962815336
I1216 21:27:12.411476 3551984 log.h:176] [schema_manager.cpp:380][process_leader_heartbeat_for_store][730144469568]store: 127.0.1.1:8110 process leader heartbeat, update_status_time: 2, leader_region_time: 9 leader_balance_time: 7, log_id: 1848593686962815336
I1216 21:27:12.411499 3551984 log.h:176] [meta_state_machine.cpp:97][store_heartbeat][730144469568]store:127.0.1.1:8110 heart beat, time_cost: 104, instance_time: 3, peer_balance_time: 2, schema_time: 2, peer_time: 52, leader_time: 43, log_id: 1848593686962815336
I1216 21:27:27.659678 3551971 log.h:176] [ddl_manager.cpp:704][work][4294992651]leader process ddl work.
I1216 21:27:27.981444 3551956 log.h:176] [ddl_manager.cpp:350][operator()][4294992652]db manager working thread.
I1216 21:27:42.584836 3551950 log.h:176] [schema_manager.cpp:349][process_peer_heartbeat_for_store][721554536368]process peer hearbeat, table_exist_time: 1, partition_exist_time: 0, ilegal_peer_time: 1, log_id: 1713956522175841435
I1216 21:27:42.584877 3551950 log.h:176] [schema_manager.cpp:380][process_leader_heartbeat_for_store][721554536368]store: 127.0.1.1:8110 process leader heartbeat, update_status_time: 2, leader_region_time: 13 leader_balance_time: 6, log_id: 1713956522175841435
I1216 21:27:42.584900 3551950 log.h:176] [meta_state_machine.cpp:97][store_heartbeat][721554536368]store:127.0.1.1:8110 heart beat, time_cost: 76, instance_time: 3, peer_balance_time: 2, schema_time: 1, peer_time: 25, leader_time: 42, log_id: 1713956522175841435
I1216 21:27:47.767601 3551960 log.h:176] [ddl_manager.cpp:704][work][4294992651]leader process ddl work.
I1216 21:27:48.089304 3551971 log.h:176] [ddl_manager.cpp:350][operator()][4294992652]db manager working thread.
I1216 21:28:01.169785 3551970 node.cpp:975] node tso_raft:127.0.1.1:8010:0:0 starts to do snapshot
I1216 21:28:01.170912 3551970 snapshot.cpp:642] Deleting /home/ubuntu/BaikalDB/meta_data/raft_data/snapshot/tso/snapshot_00000000000000720011
I1216 21:28:01.170920 3551970 snapshot.cpp:648] Renaming /home/ubuntu/BaikalDB/meta_data/raft_data/snapshot/tso/temp to /home/ubuntu/BaikalDB/meta_data/raft_data/snapshot/tso/snapshot_00000000000000720011
I1216 21:28:01.170931 3551970 snapshot.cpp:519] Deleting /home/ubuntu/BaikalDB/meta_data/raft_data/snapshot/tso/snapshot_00000000000000718815
I1216 21:28:01.171012 3551970 snapshot_executor.cpp:234] node tso_raft:127.0.1.1:8010:0:0 snapshot_save_done, last_included_index=720011 last_included_term=4
I1216 21:28:07.876410 3551971 log.h:176] [ddl_manager.cpp:704][work][4294992651]leader process ddl work.
I1216 21:28:08.197257 3552004 log.h:176] [ddl_manager.cpp:350][operator()][4294992652]db manager working thread.
I1216 21:28:12.755389 3551981 log.h:176] [schema_manager.cpp:349][process_peer_heartbeat_for_store][910533099293]process peer hearbeat, table_exist_time: 0, partition_exist_time: 1, ilegal_peer_time: 1, log_id: 18083381206946944114
I1216 21:28:12.755460 3551981 log.h:176] [schema_manager.cpp:380][process_leader_heartbeat_for_store][910533099293]store: 127.0.1.1:8110 process leader heartbeat, update_status_time: 2, leader_region_time: 16 leader_balance_time: 7, log_id: 18083381206946944114
I1216 21:28:12.755470 3551981 log.h:176] [meta_state_machine.cpp:97][store_heartbeat][910533099293]store:127.0.1.1:8110 heart beat, time_cost: 100, instance_time: 4, peer_balance_time: 3, schema_time: 2, peer_time: 53, leader_time: 34, log_id: 18083381206946944114
I1216 21:28:27.986614 3551987 log.h:176] [ddl_manager.cpp:704][work][4294992651]leader process ddl work.
I1216 21:28:28.305682 3551950 log.h:176] [ddl_manager.cpp:350][operator()][4294992652]db manager working thread.
I1216 21:28:42.925645 3551976 log.h:176] [schema_manager.cpp:349][process_peer_heartbeat_for_store][365072248079]process peer hearbeat, table_exist_time: 1, partition_exist_time: 0, ilegal_peer_time: 1, log_id: 1150492835681267225
I1216 21:28:42.925683 3551976 log.h:176] [schema_manager.cpp:380][process_leader_heartbeat_for_store][365072248079]store: 127.0.1.1:8110 process leader heartbeat, update_status_time: 2, leader_region_time: 7 leader_balance_time: 5, log_id: 1150492835681267225
I1216 21:28:42.925689 3551976 log.h:176] [meta_state_machine.cpp:97][store_heartbeat][365072248079]store:127.0.1.1:8110 heart beat, time_cost: 57, instance_time: 3, peer_balance_time: 2, schema_time: 1, peer_time: 30, leader_time: 19, log_id: 1150492835681267225
I1216 21:28:48.096287 3551986 log.h:176] [ddl_manager.cpp:704][work][4294992651]leader process ddl work.
I1216 21:28:48.413451 3551987 log.h:176] [ddl_manager.cpp:350][operator()][4294992652]db manager working thread.
I1216 21:29:01.169948 3552008 node.cpp:975] node tso_raft:127.0.1.1:8010:0:0 starts to do snapshot
I1216 21:29:01.174479 3552008 snapshot.cpp:642] Deleting /home/ubuntu/BaikalDB/meta_data/raft_data/snapshot/tso/snapshot_00000000000000721208
I1216 21:29:01.174489 3552008 snapshot.cpp:648] Renaming /home/ubuntu/BaikalDB/meta_data/raft_data/snapshot/tso/temp to /home/ubuntu/BaikalDB/meta_data/raft_data/snapshot/tso/snapshot_00000000000000721208
I1216 21:29:01.174505 3552008 snapshot.cpp:519] Deleting /home/ubuntu/BaikalDB/meta_data/raft_data/snapshot/tso/snapshot_00000000000000720011
I1216 21:29:01.174609 3552008 snapshot_executor.cpp:234] node tso_raft:127.0.1.1:8010:0:0 snapshot_save_done, last_included_index=721208 last_included_term=4
I1216 21:29:08.205292 3551978 log.h:176] [ddl_manager.cpp:704][work][4294992651]leader process ddl work.
I1216 21:29:08.521728 3552008 log.h:176] [ddl_manager.cpp:350][operator()][4294992652]db manager working thread.
I1216 21:29:13.101497 3551981 log.h:176] [schema_manager.cpp:349][process_peer_heartbeat_for_store][554050810584]process peer hearbeat, table_exist_time: 0, partition_exist_time: 1, ilegal_peer_time: 0, log_id: 2012516792275711650
I1216 21:29:13.101538 3551981 log.h:176] [schema_manager.cpp:380][process_leader_heartbeat_for_store][554050810584]store: 127.0.1.1:8110 process leader heartbeat, update_status_time: 1, leader_region_time: 8 leader_balance_time: 6, log_id: 2012516792275711650
I1216 21:29:13.101544 3551981 log.h:176] [meta_state_machine.cpp:97][store_heartbeat][554050810584]store:127.0.1.1:8110 heart beat, time_cost: 62, instance_time: 3, peer_balance_time: 3, schema_time: 2, peer_time: 32, leader_time: 19, log_id: 2012516792275711650
I1216 21:29:28.313499 3551987 log.h:176] [ddl_manager.cpp:704][work][4294992651]leader process ddl work.
I1216 21:29:28.629071 3551975 log.h:176] [ddl_manager.cpp:350][operator()][4294992652]db manager working thread.
I1216 21:29:43.273959 3552026 log.h:176] [schema_manager.cpp:349][process_peer_heartbeat_for_store][665719962721]process peer hearbeat, table_exist_time: 0, partition_exist_time: 1, ilegal_peer_time: 1, log_id: 9805642366063534751
I1216 21:29:43.274016 3552026 log.h:176] [schema_manager.cpp:380][process_leader_heartbeat_for_store][665719962721]store: 127.0.1.1:8110 process leader heartbeat, update_status_time: 2, leader_region_time: 9 leader_balance_time: 7, log_id: 9805642366063534751
I1216 21:29:43.274026 3552026 log.h:176] [meta_state_machine.cpp:97][store_heartbeat][665719962721]store:127.0.1.1:8110 heart beat, time_cost: 83, instance_time: 3, peer_balance_time: 3, schema_time: 2, peer_time: 46, leader_time: 27, log_id: 9805642366063534751
I1216 21:29:48.423002 3551971 log.h:176] [ddl_manager.cpp:704][work][4294992651]leader process ddl work.
I1216 21:29:48.736330 3552026 log.h:176] [ddl_manager.cpp:350][operator()][4294992652]db manager working thread.
I1216 21:30:01.170133 3551970 node.cpp:975] node tso_raft:127.0.1.1:8010:0:0 starts to do snapshot
I1216 21:30:01.174463 3551970 snapshot.cpp:642] Deleting /home/ubuntu/BaikalDB/meta_data/raft_data/snapshot/tso/snapshot_00000000000000722405
I1216 21:30:01.174480 3551970 snapshot.cpp:648] Renaming /home/ubuntu/BaikalDB/meta_data/raft_data/snapshot/tso/temp to /home/ubuntu/BaikalDB/meta_data/raft_data/snapshot/tso/snapshot_00000000000000722405
I1216 21:30:01.174494 3551970 snapshot.cpp:519] Deleting /home/ubuntu/BaikalDB/meta_data/raft_data/snapshot/tso/snapshot_00000000000000721208
I1216 21:30:01.174589 3551970 snapshot_executor.cpp:234] node tso_raft:127.0.1.1:8010:0:0 snapshot_save_done, last_included_index=722405 last_included_term=4
I1216 21:30:08.531497 3552026 log.h:176] [ddl_manager.cpp:704][work][4294992651]leader process ddl work.
I1216 21:30:08.843220 3552043 log.h:176] [ddl_manager.cpp:350][operator()][4294992652]db manager working thread.
I1216 21:30:13.447885 3552022 log.h:176] [schema_manager.cpp:349][process_peer_heartbeat_for_store][790274009354]process peer hearbeat, table_exist_time: 1, partition_exist_time: 0, ilegal_peer_time: 1, log_id: 11493863890103892806
I1216 21:30:13.447928 3552022 log.h:176] [schema_manager.cpp:380][process_leader_heartbeat_for_store][790274009354]store: 127.0.1.1:8110 process leader heartbeat, update_status_time: 1, leader_region_time: 8 leader_balance_time: 7, log_id: 11493863890103892806
I1216 21:30:13.447935 3552022 log.h:176] [meta_state_machine.cpp:97][store_heartbeat][790274009354]store:127.0.1.1:8110 heart beat, time_cost: 65, instance_time: 3, peer_balance_time: 2, schema_time: 1, peer_time: 35, leader_time: 21, log_id: 11493863890103892806
I1216 21:30:28.640029 3551986 log.h:176] [ddl_manager.cpp:704][work][4294992651]leader process ddl work.
I1216 21:30:28.951690 3551976 log.h:176] [ddl_manager.cpp:350][operator()][4294992652]db manager working thread.
I1216 21:30:43.616492 3551956 log.h:176] [schema_manager.cpp:349][process_peer_heartbeat_for_store][854698523967]process peer hearbeat, table_exist_time: 1, partition_exist_time: 0, ilegal_peer_time: 1, log_id: 13741419999965454937
I1216 21:30:43.616534 3551956 log.h:176] [schema_manager.cpp:380][process_leader_heartbeat_for_store][854698523967]store: 127.0.1.1:8110 process leader heartbeat, update_status_time: 1, leader_region_time: 9 leader_balance_time: 5, log_id: 13741419999965454937
I1216 21:30:43.616540 3551956 log.h:176] [meta_state_machine.cpp:97][store_heartbeat][854698523967]store:127.0.1.1:8110 heart beat, time_cost: 60, instance_time: 2, peer_balance_time: 2, schema_time: 1, peer_time: 32, leader_time: 20, log_id: 13741419999965454937
I1216 21:30:48.748843 3551976 log.h:176] [ddl_manager.cpp:704][work][4294992651]leader process ddl work.
I1216 21:30:49.060564 3551991 log.h:176] [ddl_manager.cpp:350][operator()][4294992652]db manager working thread.
I1216 21:31:01.170326 3551956 node.cpp:975] node tso_raft:127.0.1.1:8010:0:0 starts to do snapshot
I1216 21:31:01.174749 3551956 snapshot.cpp:642] Deleting /home/ubuntu/BaikalDB/meta_data/raft_data/snapshot/tso/snapshot_00000000000000723602
I1216 21:31:01.174757 3551956 snapshot.cpp:648] Renaming /home/ubuntu/BaikalDB/meta_data/raft_data/snapshot/tso/temp to /home/ubuntu/BaikalDB/meta_data/raft_data/snapshot/tso/snapshot_00000000000000723602
I1216 21:31:01.174770 3551956 snapshot.cpp:519] Deleting /home/ubuntu/BaikalDB/meta_data/raft_data/snapshot/tso/snapshot_00000000000000722405
I1216 21:31:01.174857 3551956 snapshot_executor.cpp:234] node tso_raft:127.0.1.1:8010:0:0 snapshot_save_done, last_included_index=723602 last_included_term=4
I1216 21:31:08.856180 3552046 log.h:176] [ddl_manager.cpp:704][work][4294992651]leader process ddl work.
I1216 21:31:09.167836 3552031 log.h:176] [ddl_manager.cpp:350][operator()][4294992652]db manager working thread.
I1216 21:31:13.784193 3552004 log.h:176] [schema_manager.cpp:349][process_peer_heartbeat_for_store][876173357799]process peer hearbeat, table_exist_time: 0, partition_exist_time: 0, ilegal_peer_time: 1, log_id: 5507526096450920084
I1216 21:31:13.784233 3552004 log.h:176] [schema_manager.cpp:380][process_leader_heartbeat_for_store][876173357799]store: 127.0.1.1:8110 process leader heartbeat, update_status_time: 1, leader_region_time: 9 leader_balance_time: 5, log_id: 5507526096450920084
I1216 21:31:13.784240 3552004 log.h:176] [meta_state_machine.cpp:97][store_heartbeat][876173357799]store:127.0.1.1:8110 heart beat, time_cost: 61, instance_time: 3, peer_balance_time: 3, schema_time: 1, peer_time: 31, leader_time: 20, log_id: 5507526096450920084
I1216 21:31:28.964854 3552008 log.h:176] [ddl_manager.cpp:704][work][4294992651]leader process ddl work.
I1216 21:31:29.276497 3551950 log.h:176] [ddl_manager.cpp:350][operator()][4294992652]db manager working thread.
I1216 21:31:43.952057 3552046 log.h:176] [schema_manager.cpp:349][process_peer_heartbeat_for_store][790274012952]process peer hearbeat, table_exist_time: 0, partition_exist_time: 1, ilegal_peer_time: 0, log_id: 778895263381098102
I1216 21:31:43.952106 3552046 log.h:176] [schema_manager.cpp:380][process_leader_heartbeat_for_store][790274012952]store: 127.0.1.1:8110 process leader heartbeat, update_status_time: 2, leader_region_time: 8 leader_balance_time: 6, log_id: 778895263381098102
I1216 21:31:43.952113 3552046 log.h:176] [meta_state_machine.cpp:97][store_heartbeat][790274012952]store:127.0.1.1:8110 heart beat, time_cost: 72, instance_time: 3, peer_balance_time: 3, schema_time: 2, peer_time: 41, leader_time: 20, log_id: 778895263381098102
I1216 21:31:49.071856 3552008 log.h:176] [ddl_manager.cpp:704][work][4294992651]leader process ddl work.
I1216 21:31:49.383549 3552008 log.h:176] [ddl_manager.cpp:350][operator()][4294992652]db manager working thread.
I1216 21:32:01.170514 3552022 node.cpp:975] node tso_raft:127.0.1.1:8010:0:0 starts to do snapshot
I1216 21:32:01.175001 3552022 snapshot.cpp:642] Deleting /home/ubuntu/BaikalDB/meta_data/raft_data/snapshot/tso/snapshot_00000000000000724799
I1216 21:32:01.175015 3552022 snapshot.cpp:648] Renaming /home/ubuntu/BaikalDB/meta_data/raft_data/snapshot/tso/temp to /home/ubuntu/BaikalDB/meta_data/raft_data/snapshot/tso/snapshot_00000000000000724799
I1216 21:32:01.175030 3552022 snapshot.cpp:519] Deleting /home/ubuntu/BaikalDB/meta_data/raft_data/snapshot/tso/snapshot_00000000000000723602
I1216 21:32:01.175133 3552022 snapshot_executor.cpp:234] node tso_raft:127.0.1.1:8010:0:0 snapshot_save_done, last_included_index=724799 last_included_term=4
I1216 21:32:09.179633 3551991 log.h:176] [ddl_manager.cpp:704][work][4294992651]leader process ddl work.
I1216 21:32:09.491348 3552008 log.h:176] [ddl_manager.cpp:350][operator()][4294992652]db manager working thread.
I1216 21:32:14.118932 3551987 log.h:176] [schema_manager.cpp:349][process_peer_heartbeat_for_store][682899827158]process peer hearbeat, table_exist_time: 0, partition_exist_time: 0, ilegal_peer_time: 1, log_id: 1046005503918558762
I1216 21:32:14.118968 3551987 log.h:176] [schema_manager.cpp:380][process_leader_heartbeat_for_store][682899827158]store: 127.0.1.1:8110 process leader heartbeat, update_status_time: 2, leader_region_time: 6 leader_balance_time: 6, log_id: 1046005503918558762
I1216 21:32:14.118973 3551987 log.h:176] [meta_state_machine.cpp:97][store_heartbeat][682899827158]store:127.0.1.1:8110 heart beat, time_cost: 52, instance_time: 2, peer_balance_time: 2, schema_time: 2, peer_time: 26, leader_time: 18, log_id: 1046005503918558762
I1216 21:32:29.287554 3551970 log.h:176] [ddl_manager.cpp:704][work][4294992651]leader process ddl work.
I1216 21:32:29.599231 3552008 log.h:176] [ddl_manager.cpp:350][operator()][4294992652]db manager working thread.
I1216 21:32:44.288160 3552010 log.h:176] [schema_manager.cpp:349][process_peer_heartbeat_for_store][871878390424]process peer hearbeat, table_exist_time: 0, partition_exist_time: 1, ilegal_peer_time: 0, log_id: 12592262378120369387
I1216 21:32:44.288206 3552010 log.h:176] [schema_manager.cpp:380][process_leader_heartbeat_for_store][871878390424]store: 127.0.1.1:8110 process leader heartbeat, update_status_time: 1, leader_region_time: 8 leader_balance_time: 5, log_id: 12592262378120369387
I1216 21:32:44.288213 3552010 log.h:176] [meta_state_machine.cpp:97][store_heartbeat][871878390424]store:127.0.1.1:8110 heart beat, time_cost: 66, instance_time: 3, peer_balance_time: 1, schema_time: 2, peer_time: 38, leader_time: 19, log_id: 12592262378120369387
I1216 21:32:49.393908 3552046 log.h:176] [ddl_manager.cpp:704][work][4294992651]leader process ddl work.
I1216 21:32:49.705612 3552010 log.h:176] [ddl_manager.cpp:350][operator()][4294992652]db manager working thread.
I1216 21:33:01.170699 3551960 node.cpp:975] node tso_raft:127.0.1.1:8010:0:0 starts to do snapshot
I1216 21:33:01.175063 3551960 snapshot.cpp:642] Deleting /home/ubuntu/BaikalDB/meta_data/raft_data/snapshot/tso/snapshot_00000000000000725996
I1216 21:33:01.175071 3551960 snapshot.cpp:648] Renaming /home/ubuntu/BaikalDB/meta_data/raft_data/snapshot/tso/temp to /home/ubuntu/BaikalDB/meta_data/raft_data/snapshot/tso/snapshot_00000000000000725996
I1216 21:33:01.175083 3551960 snapshot.cpp:519] Deleting /home/ubuntu/BaikalDB/meta_data/raft_data/snapshot/tso/snapshot_00000000000000724799
I1216 21:33:01.175166 3551960 snapshot_executor.cpp:234] node tso_raft:127.0.1.1:8010:0:0 snapshot_save_done, last_included_index=725996 last_included_term=4
I1216 21:33:09.501724 3551967 log.h:176] [ddl_manager.cpp:704][work][4294992651]leader process ddl work.
I1216 21:33:09.817445 3552046 log.h:176] [ddl_manager.cpp:350][operator()][4294992652]db manager working thread.
I1216 21:33:14.461588 3551981 log.h:176] [schema_manager.cpp:349][process_peer_heartbeat_for_store][777389107396]process peer hearbeat, table_exist_time: 0, partition_exist_time: 1, ilegal_peer_time: 0, log_id: 16343863687252845934
I1216 21:33:14.461628 3551981 log.h:176] [schema_manager.cpp:380][process_leader_heartbeat_for_store][777389107396]store: 127.0.1.1:8110 process leader heartbeat, update_status_time: 1, leader_region_time: 7 leader_balance_time: 6, log_id: 16343863687252845934
I1216 21:33:14.461633 3551981 log.h:176] [meta_state_machine.cpp:97][store_heartbeat][777389107396]store:127.0.1.1:8110 heart beat, time_cost: 57, instance_time: 3, peer_balance_time: 2, schema_time: 2, peer_time: 31, leader_time: 17, log_id: 16343863687252845934
I1216 21:33:29.610057 3551967 log.h:176] [ddl_manager.cpp:704][work][4294992651]leader process ddl work.
I1216 21:33:29.928498 3551991 log.h:176] [ddl_manager.cpp:350][operator()][4294992652]db manager working thread.
I1216 21:33:44.632669 3552010 log.h:176] [schema_manager.cpp:349][process_peer_heartbeat_for_store][841813616664]process peer hearbeat, table_exist_time: 0, partition_exist_time: 0, ilegal_peer_time: 1, log_id: 9063933263421672608
I1216 21:33:44.632699 3552010 log.h:176] [schema_manager.cpp:380][process_leader_heartbeat_for_store][841813616664]store: 127.0.1.1:8110 process leader heartbeat, update_status_time: 1, leader_region_time: 7 leader_balance_time: 5, log_id: 9063933263421672608
I1216 21:33:44.632704 3552010 log.h:176] [meta_state_machine.cpp:97][store_heartbeat][841813616664]store:127.0.1.1:8110 heart beat, time_cost: 46, instance_time: 3, peer_balance_time: 2, schema_time: 1, peer_time: 21, leader_time: 17, log_id: 9063933263421672608
I1216 21:33:49.717789 3552004 log.h:176] [ddl_manager.cpp:704][work][4294992651]leader process ddl work.
I1216 21:33:50.039618 3551978 log.h:176] [ddl_manager.cpp:350][operator()][4294992652]db manager working thread.
I1216 21:34:01.170869 3552010 node.cpp:975] node tso_raft:127.0.1.1:8010:0:0 starts to do snapshot
I1216 21:34:01.175045 3552010 snapshot.cpp:642] Deleting /home/ubuntu/BaikalDB/meta_data/raft_data/snapshot/tso/snapshot_00000000000000727193
I1216 21:34:01.175060 3552010 snapshot.cpp:648] Renaming /home/ubuntu/BaikalDB/meta_data/raft_data/snapshot/tso/temp to /home/ubuntu/BaikalDB/meta_data/raft_data/snapshot/tso/snapshot_00000000000000727193
I1216 21:34:01.175071 3552010 snapshot.cpp:519] Deleting /home/ubuntu/BaikalDB/meta_data/raft_data/snapshot/tso/snapshot_00000000000000725996
I1216 21:34:01.175158 3552010 snapshot_executor.cpp:234] node tso_raft:127.0.1.1:8010:0:0 snapshot_save_done, last_included_index=727193 last_included_term=4
I1216 21:34:09.825366 3551984 log.h:176] [ddl_manager.cpp:704][work][4294992651]leader process ddl work.
I1216 21:34:10.147140 3551960 log.h:176] [ddl_manager.cpp:350][operator()][4294992652]db manager working thread.
I1216 21:34:14.803918 3551975 log.h:176] [schema_manager.cpp:349][process_peer_heartbeat_for_store][661424996054]process peer hearbeat, table_exist_time: 1, partition_exist_time: 0, ilegal_peer_time: 1, log_id: 14374288963520034427
I1216 21:34:14.803989 3551975 log.h:176] [schema_manager.cpp:380][process_leader_heartbeat_for_store][661424996054]store: 127.0.1.1:8110 process leader heartbeat, update_status_time: 2, leader_region_time: 9 leader_balance_time: 7, log_id: 14374288963520034427
I1216 21:34:14.803999 3551975 log.h:176] [meta_state_machine.cpp:97][store_heartbeat][661424996054]store:127.0.1.1:8110 heart beat, time_cost: 101, instance_time: 4, peer_balance_time: 2, schema_time: 2, peer_time: 61, leader_time: 28, log_id: 14374288963520034427
I1216 21:34:29.932639 3551991 log.h:176] [ddl_manager.cpp:704][work][4294992651]leader process ddl work.
I1216 21:34:30.254418 3551967 log.h:176] [ddl_manager.cpp:350][operator()][4294992652]db manager working thread.
I1216 21:34:44.975929 3551981 log.h:176] [schema_manager.cpp:349][process_peer_heartbeat_for_store][721554535496]process peer hearbeat, table_exist_time: 1, partition_exist_time: 0, ilegal_peer_time: 1, log_id: 4135231203728657853
I1216 21:34:44.975981 3551981 log.h:176] [schema_manager.cpp:380][process_leader_heartbeat_for_store][721554535496]store: 127.0.1.1:8110 process leader heartbeat, update_status_time: 2, leader_region_time: 10 leader_balance_time: 7, log_id: 4135231203728657853
I1216 21:34:44.976001 3551981 log.h:176] [meta_state_machine.cpp:97][store_heartbeat][721554535496]store:127.0.1.1:8110 heart beat, time_cost: 89, instance_time: 4, peer_balance_time: 3, schema_time: 1, peer_time: 42, leader_time: 36, log_id: 4135231203728657853
I1216 21:34:50.040099 3551975 log.h:176] [ddl_manager.cpp:704][work][4294992651]leader process ddl work.
I1216 21:34:50.361788 3552043 log.h:176] [ddl_manager.cpp:350][operator()][4294992652]db manager working thread.
I1216 21:35:01.171043 3551956 node.cpp:975] node tso_raft:127.0.1.1:8010:0:0 starts to do snapshot
I1216 21:35:01.175386 3551956 snapshot.cpp:642] Deleting /home/ubuntu/BaikalDB/meta_data/raft_data/snapshot/tso/snapshot_00000000000000728390
I1216 21:35:01.175413 3551956 snapshot.cpp:648] Renaming /home/ubuntu/BaikalDB/meta_data/raft_data/snapshot/tso/temp to /home/ubuntu/BaikalDB/meta_data/raft_data/snapshot/tso/snapshot_00000000000000728390
I1216 21:35:01.175431 3551956 snapshot.cpp:519] Deleting /home/ubuntu/BaikalDB/meta_data/raft_data/snapshot/tso/snapshot_00000000000000727193
I1216 21:35:01.175565 3551956 snapshot_executor.cpp:234] node tso_raft:127.0.1.1:8010:0:0 snapshot_save_done, last_included_index=728390 last_included_term=4
I1216 21:35:10.147743 3552046 log.h:176] [ddl_manager.cpp:704][work][4294992651]leader process ddl work.
I1216 21:35:10.469497 3552008 log.h:176] [ddl_manager.cpp:350][operator()][4294992652]db manager working thread.
I1216 21:35:12.891225 3551950 node.cpp:975] node meta_raft:127.0.1.1:8010:0:0 starts to do snapshot
I1216 21:35:12.891269 3551950 snapshot_executor.cpp:154] node meta_raft:127.0.1.1:8010:0:0 the gap between fsm applied index 12 and last_snapshot_index 12 is less than 1, will clear bufferred logs and return success
I1216 21:35:15.147290 3552010 log.h:176] [schema_manager.cpp:349][process_peer_heartbeat_for_store][519691074561]process peer hearbeat, table_exist_time: 1, partition_exist_time: 0, ilegal_peer_time: 1, log_id: 15841951800003155801
I1216 21:35:15.147320 3552010 log.h:176] [schema_manager.cpp:380][process_leader_heartbeat_for_store][519691074561]store: 127.0.1.1:8110 process leader heartbeat, update_status_time: 1, leader_region_time: 6 leader_balance_time: 5, log_id: 15841951800003155801
I1216 21:35:15.147325 3552010 log.h:176] [meta_state_machine.cpp:97][store_heartbeat][519691074561]store:127.0.1.1:8110 heart beat, time_cost: 47, instance_time: 3, peer_balance_time: 2, schema_time: 1, peer_time: 22, leader_time: 17, log_id: 15841951800003155801
I1216 21:35:30.255735 3552022 log.h:176] [ddl_manager.cpp:704][work][4294992651]leader process ddl work.
I1216 21:35:30.577498 3552008 log.h:176] [ddl_manager.cpp:350][operator()][4294992652]db manager working thread.
I1216 21:35:45.315915 3551978 log.h:176] [schema_manager.cpp:349][process_peer_heartbeat_for_store][785979046215]process peer hearbeat, table_exist_time: 1, partition_exist_time: 0, ilegal_peer_time: 1, log_id: 7354548362616569659
I1216 21:35:45.315955 3551978 log.h:176] [schema_manager.cpp:380][process_leader_heartbeat_for_store][785979046215]store: 127.0.1.1:8110 process leader heartbeat, update_status_time: 2, leader_region_time: 9 leader_balance_time: 4, log_id: 7354548362616569659
I1216 21:35:45.315961 3551978 log.h:176] [meta_state_machine.cpp:97][store_heartbeat][785979046215]store:127.0.1.1:8110 heart beat, time_cost: 58, instance_time: 3, peer_balance_time: 2, schema_time: 1, peer_time: 30, leader_time: 20, log_id: 7354548362616569659
I1216 21:35:50.363260 3552008 log.h:176] [ddl_manager.cpp:704][work][4294992651]leader process ddl work.
I1216 21:35:50.684958 3551970 log.h:176] [ddl_manager.cpp:350][operator()][4294992652]db manager working thread.
I1216 21:36:01.171268 3551976 node.cpp:975] node tso_raft:127.0.1.1:8010:0:0 starts to do snapshot
I1216 21:36:01.175765 3551976 snapshot.cpp:642] Deleting /home/ubuntu/BaikalDB/meta_data/raft_data/snapshot/tso/snapshot_00000000000000729587
I1216 21:36:01.175773 3551976 snapshot.cpp:648] Renaming /home/ubuntu/BaikalDB/meta_data/raft_data/snapshot/tso/temp to /home/ubuntu/BaikalDB/meta_data/raft_data/snapshot/tso/snapshot_00000000000000729587
I1216 21:36:01.175786 3551976 snapshot.cpp:519] Deleting /home/ubuntu/BaikalDB/meta_data/raft_data/snapshot/tso/snapshot_00000000000000728390
I1216 21:36:01.175863 3551976 snapshot_executor.cpp:234] node tso_raft:127.0.1.1:8010:0:0 snapshot_save_done, last_included_index=729587 last_included_term=4
I1216 21:36:10.471174 3551981 log.h:176] [ddl_manager.cpp:704][work][4294992651]leader process ddl work.
I1216 21:36:10.792948 3551960 log.h:176] [ddl_manager.cpp:350][operator()][4294992652]db manager working thread.
I1216 21:36:15.483901 3551984 log.h:176] [schema_manager.cpp:349][process_peer_heartbeat_for_store][1073741852777]process peer hearbeat, table_exist_time: 1, partition_exist_time: 0, ilegal_peer_time: 1, log_id: 9659497164561354571
I1216 21:36:15.483929 3551984 log.h:176] [schema_manager.cpp:380][process_leader_heartbeat_for_store][1073741852777]store: 127.0.1.1:8110 process leader heartbeat, update_status_time: 1, leader_region_time: 6 leader_balance_time: 6, log_id: 9659497164561354571
I1216 21:36:15.483934 3551984 log.h:176] [meta_state_machine.cpp:97][store_heartbeat][1073741852777]store:127.0.1.1:8110 heart beat, time_cost: 45, instance_time: 3, peer_balance_time: 1, schema_time: 2, peer_time: 20, leader_time: 17, log_id: 9659497164561354571
I1216 21:36:30.579011 3552031 log.h:176] [ddl_manager.cpp:704][work][4294992651]leader process ddl work.
I1216 21:36:30.900733 3551967 log.h:176] [ddl_manager.cpp:350][operator()][4294992652]db manager working thread.
I1216 21:36:40.415135 3552004 node.cpp:975] node auto_incr_raft:127.0.1.1:8010:0:0 starts to do snapshot
I1216 21:36:40.415186 3552004 snapshot_executor.cpp:154] node auto_incr_raft:127.0.1.1:8010:0:0 the gap between fsm applied index 3 and last_snapshot_index 3 is less than 1, will clear bufferred logs and return success
I1216 21:36:45.653877 3551975 log.h:176] [schema_manager.cpp:349][process_peer_heartbeat_for_store][635655189004]process peer hearbeat, table_exist_time: 0, partition_exist_time: 0, ilegal_peer_time: 1, log_id: 18211019175344371277
I1216 21:36:45.653925 3551975 log.h:176] [schema_manager.cpp:380][process_leader_heartbeat_for_store][635655189004]store: 127.0.1.1:8110 process leader heartbeat, update_status_time: 2, leader_region_time: 7 leader_balance_time: 6, log_id: 18211019175344371277
I1216 21:36:45.653932 3551975 log.h:176] [meta_state_machine.cpp:97][store_heartbeat][635655189004]store:127.0.1.1:8110 heart beat, time_cost: 69, instance_time: 3, peer_balance_time: 2, schema_time: 2, peer_time: 39, leader_time: 20, log_id: 18211019175344371277
I1216 21:36:50.687177 3551956 log.h:176] [ddl_manager.cpp:704][work][4294992651]leader process ddl work.
I1216 21:36:51.008960 3551978 log.h:176] [ddl_manager.cpp:350][operator()][4294992652]db manager working thread.
I1216 21:37:01.171438 3551971 node.cpp:975] node tso_raft:127.0.1.1:8010:0:0 starts to do snapshot
I1216 21:37:01.175835 3551971 snapshot.cpp:642] Deleting /home/ubuntu/BaikalDB/meta_data/raft_data/snapshot/tso/snapshot_00000000000000730784
I1216 21:37:01.175848 3551971 snapshot.cpp:648] Renaming /home/ubuntu/BaikalDB/meta_data/raft_data/snapshot/tso/temp to /home/ubuntu/BaikalDB/meta_data/raft_data/snapshot/tso/snapshot_00000000000000730784
I1216 21:37:01.175859 3551971 snapshot.cpp:519] Deleting /home/ubuntu/BaikalDB/meta_data/raft_data/snapshot/tso/snapshot_00000000000000729587
I1216 21:37:01.175945 3551971 snapshot_executor.cpp:234] node tso_raft:127.0.1.1:8010:0:0 snapshot_save_done, last_included_index=730784 last_included_term=4
I1216 21:37:10.793725 3551978 log.h:176] [ddl_manager.cpp:704][work][4294992651]leader process ddl work.
I1216 21:37:11.115949 3552004 log.h:176] [ddl_manager.cpp:350][operator()][4294992652]db manager working thread.
I1216 21:37:15.820495 3552046 log.h:176] [schema_manager.cpp:349][process_peer_heartbeat_for_store][880468327809]process peer hearbeat, table_exist_time: 1, partition_exist_time: 0, ilegal_peer_time: 1, log_id: 4740489317110237794
I1216 21:37:15.820533 3552046 log.h:176] [schema_manager.cpp:380][process_leader_heartbeat_for_store][880468327809]store: 127.0.1.1:8110 process leader heartbeat, update_status_time: 1, leader_region_time: 6 leader_balance_time: 5, log_id: 4740489317110237794
I1216 21:37:15.820537 3552046 log.h:176] [meta_state_machine.cpp:97][store_heartbeat][880468327809]store:127.0.1.1:8110 heart beat, time_cost: 53, instance_time: 3, peer_balance_time: 1, schema_time: 2, peer_time: 29, leader_time: 17, log_id: 4740489317110237794
I1216 21:37:30.901670 3552008 log.h:176] [ddl_manager.cpp:704][work][4294992651]leader process ddl work.
I1216 21:37:31.223404 3551981 log.h:176] [ddl_manager.cpp:350][operator()][4294992652]db manager working thread.
I1216 21:37:45.989708 3551956 log.h:176] [schema_manager.cpp:349][process_peer_heartbeat_for_store][940597864542]process peer hearbeat, table_exist_time: 0, partition_exist_time: 0, ilegal_peer_time: 1, log_id: 16733993337775913183
I1216 21:37:45.989753 3551956 log.h:176] [schema_manager.cpp:380][process_leader_heartbeat_for_store][940597864542]store: 127.0.1.1:8110 process leader heartbeat, update_status_time: 2, leader_region_time: 7 leader_balance_time: 6, log_id: 16733993337775913183
I1216 21:37:45.989759 3551956 log.h:176] [meta_state_machine.cpp:97][store_heartbeat][940597864542]store:127.0.1.1:8110 heart beat, time_cost: 65, instance_time: 3, peer_balance_time: 2, schema_time: 2, peer_time: 35, leader_time: 22, log_id: 16733993337775913183
I1216 21:37:51.009501 3552043 log.h:176] [ddl_manager.cpp:704][work][4294992651]leader process ddl work.
I1216 21:37:51.331193 3552010 log.h:176] [ddl_manager.cpp:350][operator()][4294992652]db manager working thread.
I1216 21:38:01.171610 3551998 node.cpp:975] node tso_raft:127.0.1.1:8010:0:0 starts to do snapshot
I1216 21:38:01.176247 3551998 snapshot.cpp:642] Deleting /home/ubuntu/BaikalDB/meta_data/raft_data/snapshot/tso/snapshot_00000000000000731981
I1216 21:38:01.176260 3551998 snapshot.cpp:648] Renaming /home/ubuntu/BaikalDB/meta_data/raft_data/snapshot/tso/temp to /home/ubuntu/BaikalDB/meta_data/raft_data/snapshot/tso/snapshot_00000000000000731981
I1216 21:38:01.176275 3551998 snapshot.cpp:519] Deleting /home/ubuntu/BaikalDB/meta_data/raft_data/snapshot/tso/snapshot_00000000000000730784
I1216 21:38:01.176383 3551998 snapshot_executor.cpp:234] node tso_raft:127.0.1.1:8010:0:0 snapshot_save_done, last_included_index=731981 last_included_term=4
I1216 21:38:11.117344 3552010 log.h:176] [ddl_manager.cpp:704][work][4294992651]leader process ddl work.
I1216 21:38:11.439066 3552043 log.h:176] [ddl_manager.cpp:350][operator()][4294992652]db manager working thread.
I1216 21:38:16.159627 3551975 log.h:176] [schema_manager.cpp:349][process_peer_heartbeat_for_store][910533096450]process peer hearbeat, table_exist_time: 1, partition_exist_time: 0, ilegal_peer_time: 1, log_id: 2544978278445698831
I1216 21:38:16.159662 3551975 log.h:176] [schema_manager.cpp:380][process_leader_heartbeat_for_store][910533096450]store: 127.0.1.1:8110 process leader heartbeat, update_status_time: 1, leader_region_time: 8 leader_balance_time: 6, log_id: 2544978278445698831
I1216 21:38:16.159667 3551975 log.h:176] [meta_state_machine.cpp:97][store_heartbeat][910533096450]store:127.0.1.1:8110 heart beat, time_cost: 53, instance_time: 3, peer_balance_time: 2, schema_time: 1, peer_time: 25, leader_time: 20, log_id: 2544978278445698831
I1216 21:38:31.225834 3552026 log.h:176] [ddl_manager.cpp:704][work][4294992651]leader process ddl work.
I1216 21:38:31.547607 3552026 log.h:176] [ddl_manager.cpp:350][operator()][4294992652]db manager working thread.
I1216 21:38:46.331501 3552008 log.h:176] [schema_manager.cpp:349][process_peer_heartbeat_for_store][833223686612]process peer hearbeat, table_exist_time: 1, partition_exist_time: 0, ilegal_peer_time: 1, log_id: 3108167020638156947
I1216 21:38:46.331549 3552008 log.h:176] [schema_manager.cpp:380][process_leader_heartbeat_for_store][833223686612]store: 127.0.1.1:8110 process leader heartbeat, update_status_time: 1, leader_region_time: 8 leader_balance_time: 6, log_id: 3108167020638156947
I1216 21:38:46.331569 3552008 log.h:176] [meta_state_machine.cpp:97][store_heartbeat][833223686612]store:127.0.1.1:8110 heart beat, time_cost: 84, instance_time: 4, peer_balance_time: 2, schema_time: 1, peer_time: 41, leader_time: 34, log_id: 3108167020638156947
I1216 21:38:51.334141 3551978 log.h:176] [ddl_manager.cpp:704][work][4294992651]leader process ddl work.
I1216 21:38:51.655849 3552041 log.h:176] [ddl_manager.cpp:350][operator()][4294992652]db manager working thread.
I1216 21:39:01.171803 3551967 node.cpp:975] node tso_raft:127.0.1.1:8010:0:0 starts to do snapshot
I1216 21:39:01.176249 3551967 snapshot.cpp:642] Deleting /home/ubuntu/BaikalDB/meta_data/raft_data/snapshot/tso/snapshot_00000000000000733178
I1216 21:39:01.176257 3551967 snapshot.cpp:648] Renaming /home/ubuntu/BaikalDB/meta_data/raft_data/snapshot/tso/temp to /home/ubuntu/BaikalDB/meta_data/raft_data/snapshot/tso/snapshot_00000000000000733178
I1216 21:39:01.176270 3551967 snapshot.cpp:519] Deleting /home/ubuntu/BaikalDB/meta_data/raft_data/snapshot/tso/snapshot_00000000000000731981
I1216 21:39:01.176355 3551967 snapshot_executor.cpp:234] node tso_raft:127.0.1.1:8010:0:0 snapshot_save_done, last_included_index=733178 last_included_term=4
I1216 21:39:11.442353 3552010 log.h:176] [ddl_manager.cpp:704][work][4294992651]leader process ddl work.
I1216 21:39:11.764063 3552046 log.h:176] [ddl_manager.cpp:350][operator()][4294992652]db manager working thread.
I1216 21:39:16.501521 3552031 log.h:176] [schema_manager.cpp:349][process_peer_heartbeat_for_store][790274013643]process peer hearbeat, table_exist_time: 0, partition_exist_time: 1, ilegal_peer_time: 1, log_id: 223231331763190274
I1216 21:39:16.501550 3552031 log.h:176] [schema_manager.cpp:380][process_leader_heartbeat_for_store][790274013643]store: 127.0.1.1:8110 process leader heartbeat, update_status_time: 1, leader_region_time: 7 leader_balance_time: 5, log_id: 223231331763190274
I1216 21:39:16.501555 3552031 log.h:176] [meta_state_machine.cpp:97][store_heartbeat][790274013643]store:127.0.1.1:8110 heart beat, time_cost: 46, instance_time: 2, peer_balance_time: 2, schema_time: 1, peer_time: 22, leader_time: 17, log_id: 223231331763190274
I1216 21:39:31.549268 3552046 log.h:176] [ddl_manager.cpp:704][work][4294992651]leader process ddl work.
I1216 21:39:31.870841 3551950 log.h:176] [ddl_manager.cpp:350][operator()][4294992652]db manager working thread.
I1216 21:39:46.675654 3551987 log.h:176] [schema_manager.cpp:349][process_peer_heartbeat_for_store][751619303469]process peer hearbeat, table_exist_time: 0, partition_exist_time: 0, ilegal_peer_time: 1, log_id: 13471614303596660582
I1216 21:39:46.675693 3551987 log.h:176] [schema_manager.cpp:380][process_leader_heartbeat_for_store][751619303469]store: 127.0.1.1:8110 process leader heartbeat, update_status_time: 2, leader_region_time: 6 leader_balance_time: 5, log_id: 13471614303596660582
I1216 21:39:46.675697 3551987 log.h:176] [meta_state_machine.cpp:97][store_heartbeat][751619303469]store:127.0.1.1:8110 heart beat, time_cost: 55, instance_time: 3, peer_balance_time: 2, schema_time: 1, peer_time: 30, leader_time: 17, log_id: 13471614303596660582
I1216 21:39:51.656227 3552022 log.h:176] [ddl_manager.cpp:704][work][4294992651]leader process ddl work.
I1216 21:39:51.977952 3551960 log.h:176] [ddl_manager.cpp:350][operator()][4294992652]db manager working thread.
I1216 21:40:01.171967 3551960 node.cpp:975] node tso_raft:127.0.1.1:8010:0:0 starts to do snapshot
I1216 21:40:01.176347 3551960 snapshot.cpp:642] Deleting /home/ubuntu/BaikalDB/meta_data/raft_data/snapshot/tso/snapshot_00000000000000734375
I1216 21:40:01.176363 3551960 snapshot.cpp:648] Renaming /home/ubuntu/BaikalDB/meta_data/raft_data/snapshot/tso/temp to /home/ubuntu/BaikalDB/meta_data/raft_data/snapshot/tso/snapshot_00000000000000734375
I1216 21:40:01.176374 3551960 snapshot.cpp:519] Deleting /home/ubuntu/BaikalDB/meta_data/raft_data/snapshot/tso/snapshot_00000000000000733178
I1216 21:40:01.176468 3551960 snapshot_executor.cpp:234] node tso_raft:127.0.1.1:8010:0:0 snapshot_save_done, last_included_index=734375 last_included_term=4
I1216 21:40:11.765235 3552022 log.h:176] [ddl_manager.cpp:704][work][4294992651]leader process ddl work.
I1216 21:40:12.087011 3552026 log.h:176] [ddl_manager.cpp:350][operator()][4294992652]db manager working thread.
I1216 21:40:16.844902 3551991 log.h:176] [schema_manager.cpp:349][process_peer_heartbeat_for_store][781684078420]process peer hearbeat, table_exist_time: 0, partition_exist_time: 0, ilegal_peer_time: 0, log_id: 314659407326415125
I1216 21:40:16.844918 3551991 log.h:176] [schema_manager.cpp:380][process_leader_heartbeat_for_store][781684078420]store: 127.0.1.1:8110 process leader heartbeat, update_status_time: 1, leader_region_time: 6 leader_balance_time: 3, log_id: 314659407326415125
I1216 21:40:16.844923 3551991 log.h:176] [meta_state_machine.cpp:97][store_heartbeat][781684078420]store:127.0.1.1:8110 heart beat, time_cost: 79, instance_time: 3, peer_balance_time: 49, schema_time: 2, peer_time: 7, leader_time: 15, log_id: 314659407326415125
I1216 21:40:31.874066 3552043 log.h:176] [ddl_manager.cpp:704][work][4294992651]leader process ddl work.
I1216 21:40:32.195837 3551976 log.h:176] [ddl_manager.cpp:350][operator()][4294992652]db manager working thread.
I1216 21:40:47.019179 3551971 log.h:176] [schema_manager.cpp:349][process_peer_heartbeat_for_store][901943164722]process peer hearbeat, table_exist_time: 0, partition_exist_time: 0, ilegal_peer_time: 1, log_id: 6203357139616403524
I1216 21:40:47.019220 3551971 log.h:176] [schema_manager.cpp:380][process_leader_heartbeat_for_store][901943164722]store: 127.0.1.1:8110 process leader heartbeat, update_status_time: 1, leader_region_time: 8 leader_balance_time: 5, log_id: 6203357139616403524
I1216 21:40:47.019225 3551971 log.h:176] [meta_state_machine.cpp:97][store_heartbeat][901943164722]store:127.0.1.1:8110 heart beat, time_cost: 60, instance_time: 3, peer_balance_time: 2, schema_time: 1, peer_time: 34, leader_time: 18, log_id: 6203357139616403524
I1216 21:40:51.982124 3552008 log.h:176] [ddl_manager.cpp:704][work][4294992651]leader process ddl work.
I1216 21:40:52.303872 3551987 log.h:176] [ddl_manager.cpp:350][operator()][4294992652]db manager working thread.
I1216 21:41:01.172147 3552041 node.cpp:975] node tso_raft:127.0.1.1:8010:0:0 starts to do snapshot
I1216 21:41:01.176450 3552041 snapshot.cpp:642] Deleting /home/ubuntu/BaikalDB/meta_data/raft_data/snapshot/tso/snapshot_00000000000000735572
I1216 21:41:01.176458 3552041 snapshot.cpp:648] Renaming /home/ubuntu/BaikalDB/meta_data/raft_data/snapshot/tso/temp to /home/ubuntu/BaikalDB/meta_data/raft_data/snapshot/tso/snapshot_00000000000000735572
I1216 21:41:01.176469 3552041 snapshot.cpp:519] Deleting /home/ubuntu/BaikalDB/meta_data/raft_data/snapshot/tso/snapshot_00000000000000734375
I1216 21:41:01.176551 3552041 snapshot_executor.cpp:234] node tso_raft:127.0.1.1:8010:0:0 snapshot_save_done, last_included_index=735572 last_included_term=4
I1216 21:41:12.089308 3552026 log.h:176] [ddl_manager.cpp:704][work][4294992651]leader process ddl work.
I1216 21:41:12.411062 3552008 log.h:176] [ddl_manager.cpp:350][operator()][4294992652]db manager working thread.
I1216 21:41:17.191623 3551970 log.h:176] [schema_manager.cpp:349][process_peer_heartbeat_for_store][996432444087]process peer hearbeat, table_exist_time: 1, partition_exist_time: 0, ilegal_peer_time: 0, log_id: 18404313967186416700
