I1216 23:42:16.369668 305322 log.h:176] [schema_manager.cpp:349][process_peer_heartbeat_for_store][274877939961]process peer hearbeat, table_exist_time: 0, partition_exist_time: 1, ilegal_peer_time: 1, log_id: 17948994799362978334
I1216 23:42:16.369706 305322 log.h:176] [schema_manager.cpp:380][process_leader_heartbeat_for_store][274877939961]store: 127.0.1.1:8110 process leader heartbeat, update_status_time: 2, leader_region_time: 7 leader_balance_time: 5, log_id: 17948994799362978334
I1216 23:42:16.369714 305322 log.h:176] [meta_state_machine.cpp:97][store_heartbeat][274877939961]store:127.0.1.1:8110 heart beat, time_cost: 60, instance_time: 3, peer_balance_time: 2, schema_time: 2, peer_time: 31, leader_time: 19, log_id: 17948994799362978334
I1216 23:42:22.358716 305409 node.cpp:975] node tso_raft:127.0.1.1:8010:0:0 starts to do snapshot
I1216 23:42:22.363149 305409 snapshot.cpp:642] Deleting /home/ubuntu/BaikalDB/meta_data/raft_data/snapshot/tso/snapshot_00000000000000880722
I1216 23:42:22.363157 305409 snapshot.cpp:648] Renaming /home/ubuntu/BaikalDB/meta_data/raft_data/snapshot/tso/temp to /home/ubuntu/BaikalDB/meta_data/raft_data/snapshot/tso/snapshot_00000000000000880722
I1216 23:42:22.363166 305409 snapshot.cpp:519] Deleting /home/ubuntu/BaikalDB/meta_data/raft_data/snapshot/tso/snapshot_00000000000000879525
I1216 23:42:22.363240 305409 snapshot_executor.cpp:234] node tso_raft:127.0.1.1:8010:0:0 snapshot_save_done, last_included_index=880722 last_included_term=5
I1216 23:42:32.221025 305325 log.h:176] [ddl_manager.cpp:704][work][4294992907]leader process ddl work.
I1216 23:42:32.623322 305358 log.h:176] [ddl_manager.cpp:350][operator()][4294992908]db manager working thread.
I1216 23:42:46.548074 305336 log.h:176] [schema_manager.cpp:349][process_peer_heartbeat_for_store][511101137455]process peer hearbeat, table_exist_time: 1, partition_exist_time: 0, ilegal_peer_time: 1, log_id: 12131344696852914118
I1216 23:42:46.548111 305336 log.h:176] [schema_manager.cpp:380][process_leader_heartbeat_for_store][511101137455]store: 127.0.1.1:8110 process leader heartbeat, update_status_time: 1, leader_region_time: 7 leader_balance_time: 5, log_id: 12131344696852914118
I1216 23:42:46.548117 305336 log.h:176] [meta_state_machine.cpp:97][store_heartbeat][511101137455]store:127.0.1.1:8110 heart beat, time_cost: 58, instance_time: 3, peer_balance_time: 2, schema_time: 1, peer_time: 32, leader_time: 17, log_id: 12131344696852914118
I1216 23:42:52.328495 305378 log.h:176] [ddl_manager.cpp:704][work][4294992907]leader process ddl work.
I1216 23:42:52.730670 305350 log.h:176] [ddl_manager.cpp:350][operator()][4294992908]db manager working thread.
I1216 23:43:12.435391 305376 log.h:176] [ddl_manager.cpp:704][work][4294992907]leader process ddl work.
I1216 23:43:12.837555 305346 log.h:176] [ddl_manager.cpp:350][operator()][4294992908]db manager working thread.
I1216 23:43:16.720295 305335 log.h:176] [schema_manager.cpp:349][process_peer_heartbeat_for_store][352187348724]process peer hearbeat, table_exist_time: 1, partition_exist_time: 0, ilegal_peer_time: 1, log_id: 9139869102675661775
I1216 23:43:16.720333 305335 log.h:176] [schema_manager.cpp:380][process_leader_heartbeat_for_store][352187348724]store: 127.0.1.1:8110 process leader heartbeat, update_status_time: 0, leader_region_time: 7 leader_balance_time: 5, log_id: 9139869102675661775
I1216 23:43:16.720340 305335 log.h:176] [meta_state_machine.cpp:97][store_heartbeat][352187348724]store:127.0.1.1:8110 heart beat, time_cost: 58, instance_time: 3, peer_balance_time: 2, schema_time: 1, peer_time: 34, leader_time: 16, log_id: 9139869102675661775
I1216 23:43:22.358882 305390 node.cpp:975] node tso_raft:127.0.1.1:8010:0:0 starts to do snapshot
I1216 23:43:22.363291 305390 snapshot.cpp:642] Deleting /home/ubuntu/BaikalDB/meta_data/raft_data/snapshot/tso/snapshot_00000000000000881919
I1216 23:43:22.363312 305390 snapshot.cpp:648] Renaming /home/ubuntu/BaikalDB/meta_data/raft_data/snapshot/tso/temp to /home/ubuntu/BaikalDB/meta_data/raft_data/snapshot/tso/snapshot_00000000000000881919
I1216 23:43:22.363327 305390 snapshot.cpp:519] Deleting /home/ubuntu/BaikalDB/meta_data/raft_data/snapshot/tso/snapshot_00000000000000880722
I1216 23:43:22.363438 305390 snapshot_executor.cpp:234] node tso_raft:127.0.1.1:8010:0:0 snapshot_save_done, last_included_index=881919 last_included_term=5
I1216 23:43:32.542230 305350 log.h:176] [ddl_manager.cpp:704][work][4294992907]leader process ddl work.
I1216 23:43:32.944386 305378 log.h:176] [ddl_manager.cpp:350][operator()][4294992908]db manager working thread.
I1216 23:43:46.897348 305368 log.h:176] [schema_manager.cpp:349][process_peer_heartbeat_for_store][408021920758]process peer hearbeat, table_exist_time: 0, partition_exist_time: 0, ilegal_peer_time: 1, log_id: 6495718705153231715
I1216 23:43:46.897393 305368 log.h:176] [schema_manager.cpp:380][process_leader_heartbeat_for_store][408021920758]store: 127.0.1.1:8110 process leader heartbeat, update_status_time: 1, leader_region_time: 7 leader_balance_time: 6, log_id: 6495718705153231715
I1216 23:43:46.897400 305368 log.h:176] [meta_state_machine.cpp:97][store_heartbeat][408021920758]store:127.0.1.1:8110 heart beat, time_cost: 65, instance_time: 2, peer_balance_time: 2, schema_time: 1, peer_time: 38, leader_time: 20, log_id: 6495718705153231715
I1216 23:43:52.649890 305371 log.h:176] [ddl_manager.cpp:704][work][4294992907]leader process ddl work.
I1216 23:43:53.052008 305335 log.h:176] [ddl_manager.cpp:350][operator()][4294992908]db manager working thread.
I1216 23:44:12.756419 305327 log.h:176] [ddl_manager.cpp:704][work][4294992907]leader process ddl work.
I1216 23:44:13.158497 305358 log.h:176] [ddl_manager.cpp:350][operator()][4294992908]db manager working thread.
I1216 23:44:17.073262 305412 log.h:176] [schema_manager.cpp:349][process_peer_heartbeat_for_store][429496760010]process peer hearbeat, table_exist_time: 0, partition_exist_time: 1, ilegal_peer_time: 1, log_id: 18240314505197749869
I1216 23:44:17.073310 305412 log.h:176] [schema_manager.cpp:380][process_leader_heartbeat_for_store][429496760010]store: 127.0.1.1:8110 process leader heartbeat, update_status_time: 1, leader_region_time: 8 leader_balance_time: 5, log_id: 18240314505197749869
I1216 23:44:17.073318 305412 log.h:176] [meta_state_machine.cpp:97][store_heartbeat][429496760010]store:127.0.1.1:8110 heart beat, time_cost: 70, instance_time: 3, peer_balance_time: 2, schema_time: 2, peer_time: 41, leader_time: 19, log_id: 18240314505197749869
I1216 23:44:22.359069 305363 node.cpp:975] node tso_raft:127.0.1.1:8010:0:0 starts to do snapshot
I1216 23:44:22.363492 305363 snapshot.cpp:642] Deleting /home/ubuntu/BaikalDB/meta_data/raft_data/snapshot/tso/snapshot_00000000000000883116
I1216 23:44:22.363502 305363 snapshot.cpp:648] Renaming /home/ubuntu/BaikalDB/meta_data/raft_data/snapshot/tso/temp to /home/ubuntu/BaikalDB/meta_data/raft_data/snapshot/tso/snapshot_00000000000000883116
I1216 23:44:22.363517 305363 snapshot.cpp:519] Deleting /home/ubuntu/BaikalDB/meta_data/raft_data/snapshot/tso/snapshot_00000000000000881919
I1216 23:44:22.363598 305363 snapshot_executor.cpp:234] node tso_raft:127.0.1.1:8010:0:0 snapshot_save_done, last_included_index=883116 last_included_term=5
I1216 23:44:32.867198 305346 log.h:176] [ddl_manager.cpp:704][work][4294992907]leader process ddl work.
I1216 23:44:33.266108 305334 log.h:176] [ddl_manager.cpp:350][operator()][4294992908]db manager working thread.
I1216 23:44:47.245400 305349 log.h:176] [schema_manager.cpp:349][process_peer_heartbeat_for_store][416611859189]process peer hearbeat, table_exist_time: 1, partition_exist_time: 0, ilegal_peer_time: 1, log_id: 16062084783075273517
I1216 23:44:47.245477 305349 log.h:176] [schema_manager.cpp:380][process_leader_heartbeat_for_store][416611859189]store: 127.0.1.1:8110 process leader heartbeat, update_status_time: 1, leader_region_time: 10 leader_balance_time: 8, log_id: 16062084783075273517
I1216 23:44:47.245488 305349 log.h:176] [meta_state_machine.cpp:97][store_heartbeat][416611859189]store:127.0.1.1:8110 heart beat, time_cost: 108, instance_time: 5, peer_balance_time: 2, schema_time: 2, peer_time: 67, leader_time: 29, log_id: 16062084783075273517
I1216 23:44:52.976848 305363 log.h:176] [ddl_manager.cpp:704][work][4294992907]leader process ddl work.
I1216 23:44:53.374008 305350 log.h:176] [ddl_manager.cpp:350][operator()][4294992908]db manager working thread.
I1216 23:45:13.087625 305344 log.h:176] [ddl_manager.cpp:704][work][4294992907]leader process ddl work.
I1216 23:45:13.481554 305349 log.h:176] [ddl_manager.cpp:350][operator()][4294992908]db manager working thread.
I1216 23:45:15.366060 305411 log.h:176] [table_manager.cpp:43][run][296352769286]Table Timer run.
I1216 23:45:15.366161 305344 log.h:176] [meta_state_machine.cpp:264][on_apply][588410551234]on apply, term:5, index:15, request op_type:OP_DROP_PARTITION_TS
I1216 23:45:17.421108 305348 log.h:176] [schema_manager.cpp:349][process_peer_heartbeat_for_store][356482315424]process peer hearbeat, table_exist_time: 0, partition_exist_time: 1, ilegal_peer_time: 0, log_id: 10906931863110735843
I1216 23:45:17.421161 305348 log.h:176] [schema_manager.cpp:380][process_leader_heartbeat_for_store][356482315424]store: 127.0.1.1:8110 process leader heartbeat, update_status_time: 1, leader_region_time: 7 leader_balance_time: 18, log_id: 10906931863110735843
I1216 23:45:17.421165 305348 log.h:176] [meta_state_machine.cpp:97][store_heartbeat][356482315424]store:127.0.1.1:8110 heart beat, time_cost: 71, instance_time: 3, peer_balance_time: 1, schema_time: 2, peer_time: 33, leader_time: 30, log_id: 10906931863110735843
I1216 23:45:22.359237 305387 node.cpp:975] node tso_raft:127.0.1.1:8010:0:0 starts to do snapshot
I1216 23:45:22.363588 305387 snapshot.cpp:642] Deleting /home/ubuntu/BaikalDB/meta_data/raft_data/snapshot/tso/snapshot_00000000000000884313
I1216 23:45:22.363597 305387 snapshot.cpp:648] Renaming /home/ubuntu/BaikalDB/meta_data/raft_data/snapshot/tso/temp to /home/ubuntu/BaikalDB/meta_data/raft_data/snapshot/tso/snapshot_00000000000000884313
I1216 23:45:22.363610 305387 snapshot.cpp:519] Deleting /home/ubuntu/BaikalDB/meta_data/raft_data/snapshot/tso/snapshot_00000000000000883116
I1216 23:45:22.363695 305387 snapshot_executor.cpp:234] node tso_raft:127.0.1.1:8010:0:0 snapshot_save_done, last_included_index=884313 last_included_term=5
I1216 23:45:33.195792 305409 log.h:176] [ddl_manager.cpp:704][work][4294992907]leader process ddl work.
I1216 23:45:33.587891 305349 log.h:176] [ddl_manager.cpp:350][operator()][4294992908]db manager working thread.
I1216 23:45:47.597064 305331 log.h:176] [schema_manager.cpp:349][process_peer_heartbeat_for_store][236223228660]process peer hearbeat, table_exist_time: 1, partition_exist_time: 0, ilegal_peer_time: 1, log_id: 8383639163800750581
I1216 23:45:47.597124 305331 log.h:176] [schema_manager.cpp:380][process_leader_heartbeat_for_store][236223228660]store: 127.0.1.1:8110 process leader heartbeat, update_status_time: 2, leader_region_time: 10 leader_balance_time: 6, log_id: 8383639163800750581
I1216 23:45:47.597142 305331 log.h:176] [meta_state_machine.cpp:97][store_heartbeat][236223228660]store:127.0.1.1:8110 heart beat, time_cost: 97, instance_time: 5, peer_balance_time: 2, schema_time: 2, peer_time: 49, leader_time: 36, log_id: 8383639163800750581
I1216 23:45:53.304011 305376 log.h:176] [ddl_manager.cpp:704][work][4294992907]leader process ddl work.
I1216 23:45:53.696013 305349 log.h:176] [ddl_manager.cpp:350][operator()][4294992908]db manager working thread.
I1216 23:46:13.410555 305344 log.h:176] [ddl_manager.cpp:704][work][4294992907]leader process ddl work.
I1216 23:46:13.802553 305322 log.h:176] [ddl_manager.cpp:350][operator()][4294992908]db manager working thread.
I1216 23:46:17.770125 305338 log.h:176] [schema_manager.cpp:349][process_peer_heartbeat_for_store][347892383120]process peer hearbeat, table_exist_time: 0, partition_exist_time: 1, ilegal_peer_time: 1, log_id: 927330967635449444
I1216 23:46:17.770183 305338 log.h:176] [schema_manager.cpp:380][process_leader_heartbeat_for_store][347892383120]store: 127.0.1.1:8110 process leader heartbeat, update_status_time: 1, leader_region_time: 9 leader_balance_time: 6, log_id: 927330967635449444
I1216 23:46:17.770193 305338 log.h:176] [meta_state_machine.cpp:97][store_heartbeat][347892383120]store:127.0.1.1:8110 heart beat, time_cost: 85, instance_time: 3, peer_balance_time: 2, schema_time: 1, peer_time: 49, leader_time: 26, log_id: 927330967635449444
I1216 23:46:22.359403 305390 node.cpp:975] node tso_raft:127.0.1.1:8010:0:0 starts to do snapshot
I1216 23:46:22.363837 305390 snapshot.cpp:642] Deleting /home/ubuntu/BaikalDB/meta_data/raft_data/snapshot/tso/snapshot_00000000000000885510
I1216 23:46:22.363845 305390 snapshot.cpp:648] Renaming /home/ubuntu/BaikalDB/meta_data/raft_data/snapshot/tso/temp to /home/ubuntu/BaikalDB/meta_data/raft_data/snapshot/tso/snapshot_00000000000000885510
I1216 23:46:22.363857 305390 snapshot.cpp:519] Deleting /home/ubuntu/BaikalDB/meta_data/raft_data/snapshot/tso/snapshot_00000000000000884313
I1216 23:46:22.363940 305390 snapshot_executor.cpp:234] node tso_raft:127.0.1.1:8010:0:0 snapshot_save_done, last_included_index=885510 last_included_term=5
I1216 23:46:33.518277 305336 log.h:176] [ddl_manager.cpp:704][work][4294992907]leader process ddl work.
I1216 23:46:33.910444 305338 log.h:176] [ddl_manager.cpp:350][operator()][4294992908]db manager working thread.
I1216 23:46:47.947731 305322 log.h:176] [schema_manager.cpp:349][process_peer_heartbeat_for_store][498216234258]process peer hearbeat, table_exist_time: 0, partition_exist_time: 1, ilegal_peer_time: 0, log_id: 902127867100121964
I1216 23:46:47.947796 305322 log.h:176] [schema_manager.cpp:380][process_leader_heartbeat_for_store][498216234258]store: 127.0.1.1:8110 process leader heartbeat, update_status_time: 1, leader_region_time: 10 leader_balance_time: 8, log_id: 902127867100121964
I1216 23:46:47.947808 305322 log.h:176] [meta_state_machine.cpp:97][store_heartbeat][498216234258]store:127.0.1.1:8110 heart beat, time_cost: 97, instance_time: 4, peer_balance_time: 3, schema_time: 2, peer_time: 53, leader_time: 32, log_id: 902127867100121964
I1216 23:46:53.625855 305390 log.h:176] [ddl_manager.cpp:704][work][4294992907]leader process ddl work.
I1216 23:46:54.018019 305409 log.h:176] [ddl_manager.cpp:350][operator()][4294992908]db manager working thread.
I1216 23:47:13.733783 305331 log.h:176] [ddl_manager.cpp:704][work][4294992907]leader process ddl work.
I1216 23:47:14.125946 305371 log.h:176] [ddl_manager.cpp:350][operator()][4294992908]db manager working thread.
I1216 23:47:18.119920 305387 log.h:176] [schema_manager.cpp:349][process_peer_heartbeat_for_store][425201792643]process peer hearbeat, table_exist_time: 1, partition_exist_time: 0, ilegal_peer_time: 1, log_id: 5077799004666137566
I1216 23:47:18.119978 305387 log.h:176] [schema_manager.cpp:380][process_leader_heartbeat_for_store][425201792643]store: 127.0.1.1:8110 process leader heartbeat, update_status_time: 1, leader_region_time: 12 leader_balance_time: 7, log_id: 5077799004666137566
I1216 23:47:18.119999 305387 log.h:176] [meta_state_machine.cpp:97][store_heartbeat][425201792643]store:127.0.1.1:8110 heart beat, time_cost: 97, instance_time: 4, peer_balance_time: 3, schema_time: 2, peer_time: 45, leader_time: 40, log_id: 5077799004666137566
I1216 23:47:22.359583 305358 node.cpp:975] node tso_raft:127.0.1.1:8010:0:0 starts to do snapshot
I1216 23:47:22.363898 305358 snapshot.cpp:642] Deleting /home/ubuntu/BaikalDB/meta_data/raft_data/snapshot/tso/snapshot_00000000000000886707
I1216 23:47:22.363905 305358 snapshot.cpp:648] Renaming /home/ubuntu/BaikalDB/meta_data/raft_data/snapshot/tso/temp to /home/ubuntu/BaikalDB/meta_data/raft_data/snapshot/tso/snapshot_00000000000000886707
I1216 23:47:22.363917 305358 snapshot.cpp:519] Deleting /home/ubuntu/BaikalDB/meta_data/raft_data/snapshot/tso/snapshot_00000000000000885510
I1216 23:47:22.364010 305358 snapshot_executor.cpp:234] node tso_raft:127.0.1.1:8010:0:0 snapshot_save_done, last_included_index=886707 last_included_term=5
I1216 23:47:33.841854 305335 log.h:176] [ddl_manager.cpp:704][work][4294992907]leader process ddl work.
I1216 23:47:34.234066 305369 log.h:176] [ddl_manager.cpp:350][operator()][4294992908]db manager working thread.
I1216 23:47:48.294632 305409 log.h:176] [schema_manager.cpp:349][process_peer_heartbeat_for_store][562640745776]process peer hearbeat, table_exist_time: 1, partition_exist_time: 0, ilegal_peer_time: 1, log_id: 6547642629156711204
I1216 23:47:48.294672 305409 log.h:176] [schema_manager.cpp:380][process_leader_heartbeat_for_store][562640745776]store: 127.0.1.1:8110 process leader heartbeat, update_status_time: 1, leader_region_time: 7 leader_balance_time: 5, log_id: 6547642629156711204
I1216 23:47:48.294678 305409 log.h:176] [meta_state_machine.cpp:97][store_heartbeat][562640745776]store:127.0.1.1:8110 heart beat, time_cost: 60, instance_time: 3, peer_balance_time: 2, schema_time: 1, peer_time: 33, leader_time: 18, log_id: 6547642629156711204
I1216 23:47:53.950555 305364 log.h:176] [ddl_manager.cpp:704][work][4294992907]leader process ddl work.
I1216 23:47:54.344184 305368 log.h:176] [ddl_manager.cpp:350][operator()][4294992908]db manager working thread.
I1216 23:47:58.287180 305314 node.cpp:975] node meta_raft:127.0.1.1:8010:0:0 starts to do snapshot
I1216 23:47:58.292610 305314 snapshot.cpp:642] Deleting /home/ubuntu/BaikalDB/meta_data/raft_data/snapshot/meta_server/snapshot_00000000000000000015
I1216 23:47:58.292624 305314 snapshot.cpp:648] Renaming /home/ubuntu/BaikalDB/meta_data/raft_data/snapshot/meta_server/temp to /home/ubuntu/BaikalDB/meta_data/raft_data/snapshot/meta_server/snapshot_00000000000000000015
I1216 23:47:58.292640 305314 snapshot.cpp:519] Deleting /home/ubuntu/BaikalDB/meta_data/raft_data/snapshot/meta_server/snapshot_00000000000000000014
I1216 23:47:58.292743 305314 snapshot_executor.cpp:234] node meta_raft:127.0.1.1:8010:0:0 snapshot_save_done, last_included_index=15 last_included_term=5
I1216 23:48:14.058498 305327 log.h:176] [ddl_manager.cpp:704][work][4294992907]leader process ddl work.
I1216 23:48:14.454444 305358 log.h:176] [ddl_manager.cpp:350][operator()][4294992908]db manager working thread.
I1216 23:48:18.471634 305335 log.h:176] [schema_manager.cpp:349][process_peer_heartbeat_for_store][326417541143]process peer hearbeat, table_exist_time: 0, partition_exist_time: 1, ilegal_peer_time: 0, log_id: 4042676795231787632
I1216 23:48:18.471675 305335 log.h:176] [schema_manager.cpp:380][process_leader_heartbeat_for_store][326417541143]store: 127.0.1.1:8110 process leader heartbeat, update_status_time: 1, leader_region_time: 7 leader_balance_time: 7, log_id: 4042676795231787632
I1216 23:48:18.471683 305335 log.h:176] [meta_state_machine.cpp:97][store_heartbeat][326417541143]store:127.0.1.1:8110 heart beat, time_cost: 62, instance_time: 3, peer_balance_time: 2, schema_time: 1, peer_time: 33, leader_time: 21, log_id: 4042676795231787632
I1216 23:48:22.359750 305344 node.cpp:975] node tso_raft:127.0.1.1:8010:0:0 starts to do snapshot
I1216 23:48:22.364212 305344 snapshot.cpp:642] Deleting /home/ubuntu/BaikalDB/meta_data/raft_data/snapshot/tso/snapshot_00000000000000887904
I1216 23:48:22.364223 305344 snapshot.cpp:648] Renaming /home/ubuntu/BaikalDB/meta_data/raft_data/snapshot/tso/temp to /home/ubuntu/BaikalDB/meta_data/raft_data/snapshot/tso/snapshot_00000000000000887904
I1216 23:48:22.364233 305344 snapshot.cpp:519] Deleting /home/ubuntu/BaikalDB/meta_data/raft_data/snapshot/tso/snapshot_00000000000000886707
I1216 23:48:22.364315 305344 snapshot_executor.cpp:234] node tso_raft:127.0.1.1:8010:0:0 snapshot_save_done, last_included_index=887904 last_included_term=5
I1216 23:48:34.166015 305386 log.h:176] [ddl_manager.cpp:704][work][4294992907]leader process ddl work.
I1216 23:48:34.564719 305409 log.h:176] [ddl_manager.cpp:350][operator()][4294992908]db manager working thread.
I1216 23:48:48.650720 305371 log.h:176] [schema_manager.cpp:349][process_peer_heartbeat_for_store][481036367976]process peer hearbeat, table_exist_time: 0, partition_exist_time: 0, ilegal_peer_time: 1, log_id: 11769335026944918005
I1216 23:48:48.650764 305371 log.h:176] [schema_manager.cpp:380][process_leader_heartbeat_for_store][481036367976]store: 127.0.1.1:8110 process leader heartbeat, update_status_time: 2, leader_region_time: 8 leader_balance_time: 5, log_id: 11769335026944918005
I1216 23:48:48.650769 305371 log.h:176] [meta_state_machine.cpp:97][store_heartbeat][481036367976]store:127.0.1.1:8110 heart beat, time_cost: 64, instance_time: 3, peer_balance_time: 2, schema_time: 2, peer_time: 35, leader_time: 19, log_id: 11769335026944918005
I1216 23:48:54.274803 305363 log.h:176] [ddl_manager.cpp:704][work][4294992907]leader process ddl work.
I1216 23:48:54.675442 305386 log.h:176] [ddl_manager.cpp:350][operator()][4294992908]db manager working thread.
I1216 23:49:14.383500 305329 log.h:176] [ddl_manager.cpp:704][work][4294992907]leader process ddl work.
I1216 23:49:14.785610 305344 log.h:176] [ddl_manager.cpp:350][operator()][4294992908]db manager working thread.
I1216 23:49:18.828063 305389 log.h:176] [schema_manager.cpp:349][process_peer_heartbeat_for_store][532575970888]process peer hearbeat, table_exist_time: 0, partition_exist_time: 1, ilegal_peer_time: 0, log_id: 15939986961453407467
I1216 23:49:18.828104 305389 log.h:176] [schema_manager.cpp:380][process_leader_heartbeat_for_store][532575970888]store: 127.0.1.1:8110 process leader heartbeat, update_status_time: 1, leader_region_time: 7 leader_balance_time: 6, log_id: 15939986961453407467
I1216 23:49:18.828110 305389 log.h:176] [meta_state_machine.cpp:97][store_heartbeat][532575970888]store:127.0.1.1:8110 heart beat, time_cost: 61, instance_time: 2, peer_balance_time: 2, schema_time: 1, peer_time: 35, leader_time: 19, log_id: 15939986961453407467
I1216 23:49:22.359925 305336 node.cpp:975] node tso_raft:127.0.1.1:8010:0:0 starts to do snapshot
I1216 23:49:22.364411 305336 snapshot.cpp:642] Deleting /home/ubuntu/BaikalDB/meta_data/raft_data/snapshot/tso/snapshot_00000000000000889100
I1216 23:49:22.364436 305336 snapshot.cpp:648] Renaming /home/ubuntu/BaikalDB/meta_data/raft_data/snapshot/tso/temp to /home/ubuntu/BaikalDB/meta_data/raft_data/snapshot/tso/snapshot_00000000000000889100
I1216 23:49:22.364459 305336 snapshot.cpp:519] Deleting /home/ubuntu/BaikalDB/meta_data/raft_data/snapshot/tso/snapshot_00000000000000887904
I1216 23:49:22.364563 305336 snapshot_executor.cpp:234] node tso_raft:127.0.1.1:8010:0:0 snapshot_save_done, last_included_index=889100 last_included_term=5
I1216 23:49:34.491672 305378 log.h:176] [ddl_manager.cpp:704][work][4294992907]leader process ddl work.
I1216 23:49:34.893859 305390 log.h:176] [ddl_manager.cpp:350][operator()][4294992908]db manager working thread.
I1216 23:49:49.004905 305335 log.h:176] [schema_manager.cpp:349][process_peer_heartbeat_for_store][519691075313]process peer hearbeat, table_exist_time: 0, partition_exist_time: 1, ilegal_peer_time: 0, log_id: 12400194938074772542
I1216 23:49:49.004964 305335 log.h:176] [schema_manager.cpp:380][process_leader_heartbeat_for_store][519691075313]store: 127.0.1.1:8110 process leader heartbeat, update_status_time: 1, leader_region_time: 7 leader_balance_time: 6, log_id: 12400194938074772542
I1216 23:49:49.004971 305335 log.h:176] [meta_state_machine.cpp:97][store_heartbeat][519691075313]store:127.0.1.1:8110 heart beat, time_cost: 76, instance_time: 2, peer_balance_time: 2, schema_time: 2, peer_time: 50, leader_time: 18, log_id: 12400194938074772542
I1216 23:49:54.599834 305386 log.h:176] [ddl_manager.cpp:704][work][4294992907]leader process ddl work.
I1216 23:49:55.001897 305411 log.h:176] [ddl_manager.cpp:350][operator()][4294992908]db manager working thread.
I1216 23:50:14.707290 305336 log.h:176] [ddl_manager.cpp:704][work][4294992907]leader process ddl work.
I1216 23:50:15.109442 305334 log.h:176] [ddl_manager.cpp:350][operator()][4294992908]db manager working thread.
I1216 23:50:19.176661 305368 log.h:176] [schema_manager.cpp:349][process_peer_heartbeat_for_store][347892379685]process peer hearbeat, table_exist_time: 1, partition_exist_time: 0, ilegal_peer_time: 1, log_id: 12314386641182386710
I1216 23:50:19.176699 305368 log.h:176] [schema_manager.cpp:380][process_leader_heartbeat_for_store][347892379685]store: 127.0.1.1:8110 process leader heartbeat, update_status_time: 1, leader_region_time: 6 leader_balance_time: 6, log_id: 12314386641182386710
I1216 23:50:19.176705 305368 log.h:176] [meta_state_machine.cpp:97][store_heartbeat][347892379685]store:127.0.1.1:8110 heart beat, time_cost: 58, instance_time: 3, peer_balance_time: 1, schema_time: 2, peer_time: 31, leader_time: 19, log_id: 12314386641182386710
I1216 23:50:22.360143 305314 node.cpp:975] node tso_raft:127.0.1.1:8010:0:0 starts to do snapshot
I1216 23:50:22.364408 305314 snapshot.cpp:642] Deleting /home/ubuntu/BaikalDB/meta_data/raft_data/snapshot/tso/snapshot_00000000000000890297
I1216 23:50:22.364424 305314 snapshot.cpp:648] Renaming /home/ubuntu/BaikalDB/meta_data/raft_data/snapshot/tso/temp to /home/ubuntu/BaikalDB/meta_data/raft_data/snapshot/tso/snapshot_00000000000000890297
I1216 23:50:22.364446 305314 snapshot.cpp:519] Deleting /home/ubuntu/BaikalDB/meta_data/raft_data/snapshot/tso/snapshot_00000000000000889100
I1216 23:50:22.364534 305314 snapshot_executor.cpp:234] node tso_raft:127.0.1.1:8010:0:0 snapshot_save_done, last_included_index=890297 last_included_term=5
I1216 23:50:34.814781 305386 log.h:176] [ddl_manager.cpp:704][work][4294992907]leader process ddl work.
I1216 23:50:35.217012 305336 log.h:176] [ddl_manager.cpp:350][operator()][4294992908]db manager working thread.
I1216 23:50:41.203264 305409 node.cpp:975] node auto_incr_raft:127.0.1.1:8010:0:0 starts to do snapshot
I1216 23:50:41.203301 305409 snapshot_executor.cpp:154] node auto_incr_raft:127.0.1.1:8010:0:0 the gap between fsm applied index 4 and last_snapshot_index 4 is less than 1, will clear bufferred logs and return success
I1216 23:50:49.350369 305412 log.h:176] [schema_manager.cpp:349][process_peer_heartbeat_for_store][575525649589]process peer hearbeat, table_exist_time: 0, partition_exist_time: 1, ilegal_peer_time: 1, log_id: 4170498428477544159
I1216 23:50:49.350414 305412 log.h:176] [schema_manager.cpp:380][process_leader_heartbeat_for_store][575525649589]store: 127.0.1.1:8110 process leader heartbeat, update_status_time: 1, leader_region_time: 8 leader_balance_time: 5, log_id: 4170498428477544159
I1216 23:50:49.350420 305412 log.h:176] [meta_state_machine.cpp:97][store_heartbeat][575525649589]store:127.0.1.1:8110 heart beat, time_cost: 65, instance_time: 3, peer_balance_time: 2, schema_time: 2, peer_time: 35, leader_time: 20, log_id: 4170498428477544159
I1216 23:50:54.923839 305329 log.h:176] [ddl_manager.cpp:704][work][4294992907]leader process ddl work.
I1216 23:50:55.326073 305325 log.h:176] [ddl_manager.cpp:350][operator()][4294992908]db manager working thread.
I1216 23:51:15.030874 305338 log.h:176] [ddl_manager.cpp:704][work][4294992907]leader process ddl work.
I1216 23:51:15.433139 305378 log.h:176] [ddl_manager.cpp:350][operator()][4294992908]db manager working thread.
I1216 23:51:19.529950 305322 log.h:176] [schema_manager.cpp:349][process_peer_heartbeat_for_store][369367215980]process peer hearbeat, table_exist_time: 1, partition_exist_time: 0, ilegal_peer_time: 1, log_id: 13075909544151303810
I1216 23:51:19.530009 305322 log.h:176] [schema_manager.cpp:380][process_leader_heartbeat_for_store][369367215980]store: 127.0.1.1:8110 process leader heartbeat, update_status_time: 2, leader_region_time: 9 leader_balance_time: 8, log_id: 13075909544151303810
I1216 23:51:19.530017 305322 log.h:176] [meta_state_machine.cpp:97][store_heartbeat][369367215980]store:127.0.1.1:8110 heart beat, time_cost: 85, instance_time: 4, peer_balance_time: 2, schema_time: 2, peer_time: 47, leader_time: 27, log_id: 13075909544151303810
I1216 23:51:22.360325 305358 node.cpp:975] node tso_raft:127.0.1.1:8010:0:0 starts to do snapshot
I1216 23:51:22.364609 305358 snapshot.cpp:642] Deleting /home/ubuntu/BaikalDB/meta_data/raft_data/snapshot/tso/snapshot_00000000000000891494
I1216 23:51:22.364619 305358 snapshot.cpp:648] Renaming /home/ubuntu/BaikalDB/meta_data/raft_data/snapshot/tso/temp to /home/ubuntu/BaikalDB/meta_data/raft_data/snapshot/tso/snapshot_00000000000000891494
I1216 23:51:22.364629 305358 snapshot.cpp:519] Deleting /home/ubuntu/BaikalDB/meta_data/raft_data/snapshot/tso/snapshot_00000000000000890297
I1216 23:51:22.364706 305358 snapshot_executor.cpp:234] node tso_raft:127.0.1.1:8010:0:0 snapshot_save_done, last_included_index=891494 last_included_term=5
I1216 23:51:35.138556 305369 log.h:176] [ddl_manager.cpp:704][work][4294992907]leader process ddl work.
I1216 23:51:35.540802 305349 log.h:176] [ddl_manager.cpp:350][operator()][4294992908]db manager working thread.
I1216 23:51:49.712412 305327 log.h:176] [schema_manager.cpp:349][process_peer_heartbeat_for_store][609885386953]process peer hearbeat, table_exist_time: 1, partition_exist_time: 0, ilegal_peer_time: 1, log_id: 8097170062348968909
I1216 23:51:49.712495 305327 log.h:176] [schema_manager.cpp:380][process_leader_heartbeat_for_store][609885386953]store: 127.0.1.1:8110 process leader heartbeat, update_status_time: 2, leader_region_time: 13 leader_balance_time: 8, log_id: 8097170062348968909
I1216 23:51:49.712519 305327 log.h:176] [meta_state_machine.cpp:97][store_heartbeat][609885386953]store:127.0.1.1:8110 heart beat, time_cost: 119, instance_time: 3, peer_balance_time: 2, schema_time: 1, peer_time: 62, leader_time: 48, log_id: 8097170062348968909
I1216 23:51:55.246670 305407 log.h:176] [ddl_manager.cpp:704][work][4294992907]leader process ddl work.
I1216 23:51:55.648849 305389 log.h:176] [ddl_manager.cpp:350][operator()][4294992908]db manager working thread.
I1216 23:52:15.353495 305389 log.h:176] [ddl_manager.cpp:704][work][4294992907]leader process ddl work.
I1216 23:52:15.755610 305322 log.h:176] [ddl_manager.cpp:350][operator()][4294992908]db manager working thread.
I1216 23:52:19.884873 305314 log.h:176] [schema_manager.cpp:349][process_peer_heartbeat_for_store][300647742385]process peer hearbeat, table_exist_time: 0, partition_exist_time: 1, ilegal_peer_time: 0, log_id: 6678949605137503104
I1216 23:52:19.884908 305314 log.h:176] [schema_manager.cpp:380][process_leader_heartbeat_for_store][300647742385]store: 127.0.1.1:8110 process leader heartbeat, update_status_time: 1, leader_region_time: 6 leader_balance_time: 5, log_id: 6678949605137503104
I1216 23:52:19.884912 305314 log.h:176] [meta_state_machine.cpp:97][store_heartbeat][300647742385]store:127.0.1.1:8110 heart beat, time_cost: 52, instance_time: 2, peer_balance_time: 2, schema_time: 2, peer_time: 29, leader_time: 16, log_id: 6678949605137503104
I1216 23:52:22.360497 305344 node.cpp:975] node tso_raft:127.0.1.1:8010:0:0 starts to do snapshot
I1216 23:52:22.364924 305344 snapshot.cpp:642] Deleting /home/ubuntu/BaikalDB/meta_data/raft_data/snapshot/tso/snapshot_00000000000000892691
I1216 23:52:22.364936 305344 snapshot.cpp:648] Renaming /home/ubuntu/BaikalDB/meta_data/raft_data/snapshot/tso/temp to /home/ubuntu/BaikalDB/meta_data/raft_data/snapshot/tso/snapshot_00000000000000892691
I1216 23:52:22.364955 305344 snapshot.cpp:519] Deleting /home/ubuntu/BaikalDB/meta_data/raft_data/snapshot/tso/snapshot_00000000000000891494
I1216 23:52:22.365053 305344 snapshot_executor.cpp:234] node tso_raft:127.0.1.1:8010:0:0 snapshot_save_done, last_included_index=892691 last_included_term=5
I1216 23:52:35.460340 305336 log.h:176] [ddl_manager.cpp:704][work][4294992907]leader process ddl work.
I1216 23:52:35.862498 305364 log.h:176] [ddl_manager.cpp:350][operator()][4294992908]db manager working thread.
I1216 23:52:50.065937 305378 log.h:176] [schema_manager.cpp:349][process_peer_heartbeat_for_store][446676630532]process peer hearbeat, table_exist_time: 0, partition_exist_time: 0, ilegal_peer_time: 1, log_id: 10416441659187053040
I1216 23:52:50.065984 305378 log.h:176] [schema_manager.cpp:380][process_leader_heartbeat_for_store][446676630532]store: 127.0.1.1:8110 process leader heartbeat, update_status_time: 1, leader_region_time: 8 leader_balance_time: 7, log_id: 10416441659187053040
I1216 23:52:50.065991 305378 log.h:176] [meta_state_machine.cpp:97][store_heartbeat][446676630532]store:127.0.1.1:8110 heart beat, time_cost: 68, instance_time: 3, peer_balance_time: 2, schema_time: 1, peer_time: 36, leader_time: 23, log_id: 10416441659187053040
I1216 23:52:55.567845 305378 log.h:176] [ddl_manager.cpp:704][work][4294992907]leader process ddl work.
I1216 23:52:55.970006 305411 log.h:176] [ddl_manager.cpp:350][operator()][4294992908]db manager working thread.
I1216 23:53:15.675745 305376 log.h:176] [ddl_manager.cpp:704][work][4294992907]leader process ddl work.
I1216 23:53:16.077929 305387 log.h:176] [ddl_manager.cpp:350][operator()][4294992908]db manager working thread.
I1216 23:53:20.241894 305409 log.h:176] [schema_manager.cpp:349][process_peer_heartbeat_for_store][442381663981]process peer hearbeat, table_exist_time: 0, partition_exist_time: 0, ilegal_peer_time: 1, log_id: 18068291501819391329
I1216 23:53:20.241937 305409 log.h:176] [schema_manager.cpp:380][process_leader_heartbeat_for_store][442381663981]store: 127.0.1.1:8110 process leader heartbeat, update_status_time: 1, leader_region_time: 9 leader_balance_time: 6, log_id: 18068291501819391329
I1216 23:53:20.241945 305409 log.h:176] [meta_state_machine.cpp:97][store_heartbeat][442381663981]store:127.0.1.1:8110 heart beat, time_cost: 68, instance_time: 5, peer_balance_time: 3, schema_time: 1, peer_time: 35, leader_time: 21, log_id: 18068291501819391329
I1216 23:53:22.360685 305358 node.cpp:975] node tso_raft:127.0.1.1:8010:0:0 starts to do snapshot
I1216 23:53:22.365190 305358 snapshot.cpp:642] Deleting /home/ubuntu/BaikalDB/meta_data/raft_data/snapshot/tso/snapshot_00000000000000893888
I1216 23:53:22.365207 305358 snapshot.cpp:648] Renaming /home/ubuntu/BaikalDB/meta_data/raft_data/snapshot/tso/temp to /home/ubuntu/BaikalDB/meta_data/raft_data/snapshot/tso/snapshot_00000000000000893888
I1216 23:53:22.365222 305358 snapshot.cpp:519] Deleting /home/ubuntu/BaikalDB/meta_data/raft_data/snapshot/tso/snapshot_00000000000000892691
I1216 23:53:22.365330 305358 snapshot_executor.cpp:234] node tso_raft:127.0.1.1:8010:0:0 snapshot_save_done, last_included_index=893888 last_included_term=5
I1216 23:53:35.782898 305411 log.h:176] [ddl_manager.cpp:704][work][4294992907]leader process ddl work.
I1216 23:53:36.185110 305344 log.h:176] [ddl_manager.cpp:350][operator()][4294992908]db manager working thread.
I1216 23:53:50.420957 305407 log.h:176] [schema_manager.cpp:349][process_peer_heartbeat_for_store][335007480294]process peer hearbeat, table_exist_time: 0, partition_exist_time: 1, ilegal_peer_time: 1, log_id: 15597820784236193753
I1216 23:53:50.421000 305407 log.h:176] [schema_manager.cpp:380][process_leader_heartbeat_for_store][335007480294]store: 127.0.1.1:8110 process leader heartbeat, update_status_time: 2, leader_region_time: 7 leader_balance_time: 5, log_id: 15597820784236193753
I1216 23:53:50.421006 305407 log.h:176] [meta_state_machine.cpp:97][store_heartbeat][335007480294]store:127.0.1.1:8110 heart beat, time_cost: 64, instance_time: 3, peer_balance_time: 2, schema_time: 1, peer_time: 37, leader_time: 18, log_id: 15597820784236193753
I1216 23:53:55.890348 305411 log.h:176] [ddl_manager.cpp:704][work][4294992907]leader process ddl work.
I1216 23:53:56.292364 305407 log.h:176] [ddl_manager.cpp:350][operator()][4294992908]db manager working thread.
I1216 23:54:15.997992 305331 log.h:176] [ddl_manager.cpp:704][work][4294992907]leader process ddl work.
I1216 23:54:16.399964 305387 log.h:176] [ddl_manager.cpp:350][operator()][4294992908]db manager working thread.
I1216 23:54:20.591573 305369 log.h:176] [schema_manager.cpp:349][process_peer_heartbeat_for_store][481036368460]process peer hearbeat, table_exist_time: 0, partition_exist_time: 1, ilegal_peer_time: 1, log_id: 16290977862089207444
I1216 23:54:20.591617 305369 log.h:176] [schema_manager.cpp:380][process_leader_heartbeat_for_store][481036368460]store: 127.0.1.1:8110 process leader heartbeat, update_status_time: 2, leader_region_time: 7 leader_balance_time: 6, log_id: 16290977862089207444
I1216 23:54:20.591624 305369 log.h:176] [meta_state_machine.cpp:97][store_heartbeat][481036368460]store:127.0.1.1:8110 heart beat, time_cost: 64, instance_time: 4, peer_balance_time: 2, schema_time: 1, peer_time: 36, leader_time: 20, log_id: 16290977862089207444
I1216 23:54:22.360846 305363 node.cpp:975] node tso_raft:127.0.1.1:8010:0:0 starts to do snapshot
I1216 23:54:22.364954 305363 snapshot.cpp:642] Deleting /home/ubuntu/BaikalDB/meta_data/raft_data/snapshot/tso/snapshot_00000000000000895085
I1216 23:54:22.364964 305363 snapshot.cpp:648] Renaming /home/ubuntu/BaikalDB/meta_data/raft_data/snapshot/tso/temp to /home/ubuntu/BaikalDB/meta_data/raft_data/snapshot/tso/snapshot_00000000000000895085
I1216 23:54:22.364974 305363 snapshot.cpp:519] Deleting /home/ubuntu/BaikalDB/meta_data/raft_data/snapshot/tso/snapshot_00000000000000893888
I1216 23:54:22.365053 305363 snapshot_executor.cpp:234] node tso_raft:127.0.1.1:8010:0:0 snapshot_save_done, last_included_index=895085 last_included_term=5
I1216 23:54:36.105445 305386 log.h:176] [ddl_manager.cpp:704][work][4294992907]leader process ddl work.
I1216 23:54:36.507499 305371 log.h:176] [ddl_manager.cpp:350][operator()][4294992908]db manager working thread.
I1216 23:54:50.764267 305327 log.h:176] [schema_manager.cpp:349][process_peer_heartbeat_for_store][442381660575]process peer hearbeat, table_exist_time: 0, partition_exist_time: 0, ilegal_peer_time: 1, log_id: 10358905031139521207
I1216 23:54:50.764307 305327 log.h:176] [schema_manager.cpp:380][process_leader_heartbeat_for_store][442381660575]store: 127.0.1.1:8110 process leader heartbeat, update_status_time: 1, leader_region_time: 7 leader_balance_time: 5, log_id: 10358905031139521207
I1216 23:54:50.764315 305327 log.h:176] [meta_state_machine.cpp:97][store_heartbeat][442381660575]store:127.0.1.1:8110 heart beat, time_cost: 61, instance_time: 3, peer_balance_time: 2, schema_time: 2, peer_time: 31, leader_time: 20, log_id: 10358905031139521207
I1216 23:54:56.213733 305387 log.h:176] [ddl_manager.cpp:704][work][4294992907]leader process ddl work.
I1216 23:54:56.615962 305378 log.h:176] [ddl_manager.cpp:350][operator()][4294992908]db manager working thread.
I1216 23:55:16.322227 305377 log.h:176] [ddl_manager.cpp:704][work][4294992907]leader process ddl work.
I1216 23:55:16.724403 305329 log.h:176] [ddl_manager.cpp:350][operator()][4294992908]db manager working thread.
I1216 23:55:20.946244 305358 log.h:176] [schema_manager.cpp:349][process_peer_heartbeat_for_store][455266561812]process peer hearbeat, table_exist_time: 0, partition_exist_time: 1, ilegal_peer_time: 1, log_id: 6480228511467728591
I1216 23:55:20.946302 305358 log.h:176] [schema_manager.cpp:380][process_leader_heartbeat_for_store][455266561812]store: 127.0.1.1:8110 process leader heartbeat, update_status_time: 2, leader_region_time: 10 leader_balance_time: 7, log_id: 6480228511467728591
I1216 23:55:20.946312 305358 log.h:176] [meta_state_machine.cpp:97][store_heartbeat][455266561812]store:127.0.1.1:8110 heart beat, time_cost: 85, instance_time: 4, peer_balance_time: 3, schema_time: 2, peer_time: 46, leader_time: 28, log_id: 6480228511467728591
I1216 23:55:22.361023 305350 node.cpp:975] node tso_raft:127.0.1.1:8010:0:0 starts to do snapshot
I1216 23:55:22.365363 305350 snapshot.cpp:642] Deleting /home/ubuntu/BaikalDB/meta_data/raft_data/snapshot/tso/snapshot_00000000000000896282
I1216 23:55:22.365382 305350 snapshot.cpp:648] Renaming /home/ubuntu/BaikalDB/meta_data/raft_data/snapshot/tso/temp to /home/ubuntu/BaikalDB/meta_data/raft_data/snapshot/tso/snapshot_00000000000000896282
I1216 23:55:22.365403 305350 snapshot.cpp:519] Deleting /home/ubuntu/BaikalDB/meta_data/raft_data/snapshot/tso/snapshot_00000000000000895085
I1216 23:55:22.365549 305350 snapshot_executor.cpp:234] node tso_raft:127.0.1.1:8010:0:0 snapshot_save_done, last_included_index=896282 last_included_term=5
I1216 23:55:36.430120 305412 log.h:176] [ddl_manager.cpp:704][work][4294992907]leader process ddl work.
I1216 23:55:36.832108 305389 log.h:176] [ddl_manager.cpp:350][operator()][4294992908]db manager working thread.
I1216 23:55:51.125349 305329 log.h:176] [schema_manager.cpp:349][process_peer_heartbeat_for_store][558345780332]process peer hearbeat, table_exist_time: 1, partition_exist_time: 0, ilegal_peer_time: 1, log_id: 13172465781946891445
I1216 23:55:51.125391 305329 log.h:176] [schema_manager.cpp:380][process_leader_heartbeat_for_store][558345780332]store: 127.0.1.1:8110 process leader heartbeat, update_status_time: 1, leader_region_time: 8 leader_balance_time: 5, log_id: 13172465781946891445
I1216 23:55:51.125397 305329 log.h:176] [meta_state_machine.cpp:97][store_heartbeat][558345780332]store:127.0.1.1:8110 heart beat, time_cost: 61, instance_time: 4, peer_balance_time: 1, schema_time: 2, peer_time: 34, leader_time: 19, log_id: 13172465781946891445
I1216 23:55:56.537456 305376 log.h:176] [ddl_manager.cpp:704][work][4294992907]leader process ddl work.
I1216 23:55:56.939564 305329 log.h:176] [ddl_manager.cpp:350][operator()][4294992908]db manager working thread.
I1216 23:56:16.644065 305336 log.h:176] [ddl_manager.cpp:704][work][4294992907]leader process ddl work.
I1216 23:56:17.046203 305329 log.h:176] [ddl_manager.cpp:350][operator()][4294992908]db manager working thread.
I1216 23:56:21.297287 305411 log.h:176] [schema_manager.cpp:349][process_peer_heartbeat_for_store][597000485038]process peer hearbeat, table_exist_time: 0, partition_exist_time: 0, ilegal_peer_time: 1, log_id: 8105068623087551155
I1216 23:56:21.297326 305411 log.h:176] [schema_manager.cpp:380][process_leader_heartbeat_for_store][597000485038]store: 127.0.1.1:8110 process leader heartbeat, update_status_time: 1, leader_region_time: 8 leader_balance_time: 6, log_id: 8105068623087551155
I1216 23:56:21.297331 305411 log.h:176] [meta_state_machine.cpp:97][store_heartbeat][597000485038]store:127.0.1.1:8110 heart beat, time_cost: 59, instance_time: 3, peer_balance_time: 1, schema_time: 2, peer_time: 32, leader_time: 19, log_id: 8105068623087551155
I1216 23:56:22.361238 305322 node.cpp:975] node tso_raft:127.0.1.1:8010:0:0 starts to do snapshot
I1216 23:56:22.365553 305322 snapshot.cpp:642] Deleting /home/ubuntu/BaikalDB/meta_data/raft_data/snapshot/tso/snapshot_00000000000000897479
I1216 23:56:22.365561 305322 snapshot.cpp:648] Renaming /home/ubuntu/BaikalDB/meta_data/raft_data/snapshot/tso/temp to /home/ubuntu/BaikalDB/meta_data/raft_data/snapshot/tso/snapshot_00000000000000897479
I1216 23:56:22.365572 305322 snapshot.cpp:519] Deleting /home/ubuntu/BaikalDB/meta_data/raft_data/snapshot/tso/snapshot_00000000000000896282
I1216 23:56:22.365648 305322 snapshot_executor.cpp:234] node tso_raft:127.0.1.1:8010:0:0 snapshot_save_done, last_included_index=897479 last_included_term=5
I1216 23:56:36.750723 305411 log.h:176] [ddl_manager.cpp:704][work][4294992907]leader process ddl work.
I1216 23:56:37.152827 305322 log.h:176] [ddl_manager.cpp:350][operator()][4294992908]db manager working thread.
I1216 23:56:51.478612 305368 log.h:176] [schema_manager.cpp:349][process_peer_heartbeat_for_store][554050811111]process peer hearbeat, table_exist_time: 1, partition_exist_time: 0, ilegal_peer_time: 0, log_id: 1035198042469914082
I1216 23:56:51.478664 305368 log.h:176] [schema_manager.cpp:380][process_leader_heartbeat_for_store][554050811111]store: 127.0.1.1:8110 process leader heartbeat, update_status_time: 1, leader_region_time: 7 leader_balance_time: 6, log_id: 1035198042469914082
I1216 23:56:51.478672 305368 log.h:176] [meta_state_machine.cpp:97][store_heartbeat][554050811111]store:127.0.1.1:8110 heart beat, time_cost: 72, instance_time: 2, peer_balance_time: 2, schema_time: 2, peer_time: 45, leader_time: 18, log_id: 1035198042469914082
I1216 23:56:56.858682 305314 log.h:176] [ddl_manager.cpp:704][work][4294992907]leader process ddl work.
I1216 23:56:57.260787 305369 log.h:176] [ddl_manager.cpp:350][operator()][4294992908]db manager working thread.
I1216 23:57:16.966403 305387 log.h:176] [ddl_manager.cpp:704][work][4294992907]leader process ddl work.
I1216 23:57:17.368441 305371 log.h:176] [ddl_manager.cpp:350][operator()][4294992908]db manager working thread.
I1216 23:57:21.655831 305346 log.h:176] [schema_manager.cpp:349][process_peer_heartbeat_for_store][498216233831]process peer hearbeat, table_exist_time: 0, partition_exist_time: 0, ilegal_peer_time: 0, log_id: 9131919267967613189
I1216 23:57:21.655889 305346 log.h:176] [schema_manager.cpp:380][process_leader_heartbeat_for_store][498216233831]store: 127.0.1.1:8110 process leader heartbeat, update_status_time: 1, leader_region_time: 9 leader_balance_time: 7, log_id: 9131919267967613189
I1216 23:57:21.655898 305346 log.h:176] [meta_state_machine.cpp:97][store_heartbeat][498216233831]store:127.0.1.1:8110 heart beat, time_cost: 85, instance_time: 3, peer_balance_time: 2, schema_time: 2, peer_time: 48, leader_time: 26, log_id: 9131919267967613189
I1216 23:57:22.361400 305314 node.cpp:975] node tso_raft:127.0.1.1:8010:0:0 starts to do snapshot
I1216 23:57:22.362409 305314 snapshot.cpp:642] Deleting /home/ubuntu/BaikalDB/meta_data/raft_data/snapshot/tso/snapshot_00000000000000898676
I1216 23:57:22.362416 305314 snapshot.cpp:648] Renaming /home/ubuntu/BaikalDB/meta_data/raft_data/snapshot/tso/temp to /home/ubuntu/BaikalDB/meta_data/raft_data/snapshot/tso/snapshot_00000000000000898676
I1216 23:57:22.362426 305314 snapshot.cpp:519] Deleting /home/ubuntu/BaikalDB/meta_data/raft_data/snapshot/tso/snapshot_00000000000000897479
I1216 23:57:22.362511 305314 snapshot_executor.cpp:234] node tso_raft:127.0.1.1:8010:0:0 snapshot_save_done, last_included_index=898676 last_included_term=5
I1216 23:57:37.074018 305338 log.h:176] [ddl_manager.cpp:704][work][4294992907]leader process ddl work.
I1216 23:57:37.476132 305390 log.h:176] [ddl_manager.cpp:350][operator()][4294992908]db manager working thread.
I1216 23:57:51.832012 305409 log.h:176] [schema_manager.cpp:349][process_peer_heartbeat_for_store][515396105339]process peer hearbeat, table_exist_time: 1, partition_exist_time: 0, ilegal_peer_time: 1, log_id: 2400366834588589383
I1216 23:57:51.832047 305409 log.h:176] [schema_manager.cpp:380][process_leader_heartbeat_for_store][515396105339]store: 127.0.1.1:8110 process leader heartbeat, update_status_time: 1, leader_region_time: 7 leader_balance_time: 5, log_id: 2400366834588589383
I1216 23:57:51.832052 305409 log.h:176] [meta_state_machine.cpp:97][store_heartbeat][515396105339]store:127.0.1.1:8110 heart beat, time_cost: 53, instance_time: 3, peer_balance_time: 2, schema_time: 1, peer_time: 29, leader_time: 18, log_id: 2400366834588589383
I1216 23:57:57.183198 305329 log.h:176] [ddl_manager.cpp:704][work][4294992907]leader process ddl work.
I1216 23:57:57.585285 305390 log.h:176] [ddl_manager.cpp:350][operator()][4294992908]db manager working thread.
I1216 23:57:58.287369 305322 node.cpp:975] node meta_raft:127.0.1.1:8010:0:0 starts to do snapshot
I1216 23:57:58.287406 305322 snapshot_executor.cpp:154] node meta_raft:127.0.1.1:8010:0:0 the gap between fsm applied index 15 and last_snapshot_index 15 is less than 1, will clear bufferred logs and return success
I1216 23:58:17.289619 305349 log.h:176] [ddl_manager.cpp:704][work][4294992907]leader process ddl work.
I1216 23:58:17.691672 305314 log.h:176] [ddl_manager.cpp:350][operator()][4294992908]db manager working thread.
I1216 23:58:22.001856 305364 log.h:176] [schema_manager.cpp:349][process_peer_heartbeat_for_store][365072248127]process peer hearbeat, table_exist_time: 1, partition_exist_time: 0, ilegal_peer_time: 1, log_id: 3920255237232817387
I1216 23:58:22.001899 305364 log.h:176] [schema_manager.cpp:380][process_leader_heartbeat_for_store][365072248127]store: 127.0.1.1:8110 process leader heartbeat, update_status_time: 1, leader_region_time: 7 leader_balance_time: 6, log_id: 3920255237232817387
I1216 23:58:22.001904 305364 log.h:176] [meta_state_machine.cpp:97][store_heartbeat][365072248127]store:127.0.1.1:8110 heart beat, time_cost: 63, instance_time: 3, peer_balance_time: 2, schema_time: 2, peer_time: 36, leader_time: 18, log_id: 3920255237232817387
I1216 23:58:22.361565 305409 node.cpp:975] node tso_raft:127.0.1.1:8010:0:0 starts to do snapshot
I1216 23:58:22.362510 305409 snapshot.cpp:642] Deleting /home/ubuntu/BaikalDB/meta_data/raft_data/snapshot/tso/snapshot_00000000000000899873
I1216 23:58:22.362517 305409 snapshot.cpp:648] Renaming /home/ubuntu/BaikalDB/meta_data/raft_data/snapshot/tso/temp to /home/ubuntu/BaikalDB/meta_data/raft_data/snapshot/tso/snapshot_00000000000000899873
I1216 23:58:22.362528 305409 snapshot.cpp:519] Deleting /home/ubuntu/BaikalDB/meta_data/raft_data/snapshot/tso/snapshot_00000000000000898676
I1216 23:58:22.362604 305409 snapshot_executor.cpp:234] node tso_raft:127.0.1.1:8010:0:0 snapshot_save_done, last_included_index=899873 last_included_term=5
I1216 23:58:37.398012 305363 log.h:176] [ddl_manager.cpp:704][work][4294992907]leader process ddl work.
I1216 23:58:37.800082 305376 log.h:176] [ddl_manager.cpp:350][operator()][4294992908]db manager working thread.
I1216 23:58:52.171820 305325 log.h:176] [schema_manager.cpp:349][process_peer_heartbeat_for_store][481036365047]process peer hearbeat, table_exist_time: 0, partition_exist_time: 1, ilegal_peer_time: 0, log_id: 8590272614942948000
