Log file created at: 2025/12/15 17:03:10
Running on machine: ubuntu
Log line format: [IWEF]mmdd hh:mm:ss.uuuuuu threadid file:line] msg
I1215 17:03:10.923740 125498 variable.cpp:792] Write all bvar to ./monitor/bvar.baikalMeta.data every 10 seconds.
I1215 17:03:10.928145 125495 server.cpp:1212] Server[braft::RaftStatImpl+braft::FileServiceImpl+braft::RaftServiceImpl+braft::CliServiceImpl+baikaldb::MetaServer] is serving on port=8010.
I1215 17:03:10.928156 125495 server.cpp:1215] Check out http://ubuntu:8010 in web browser.
I1215 17:03:10.929469 125495 log.h:176] [rocks_wrapper.cpp:157][init][0]FLAGS_rocks_transaction_lock_timeout_ms:20000 FLAGS_rocks_default_lock_timeout_ms:30000
I1215 17:03:10.956845 125495 snapshot.cpp:463] Deleting /home/ubuntu/BaikalDB/meta_data/raft_data/snapshot/meta_server/temp
I1215 17:03:10.964035 125524 snapshot_executor.cpp:264] node meta_raft:127.0.1.1:8010:0:0 snapshot_load_done, last_included_index: 2 last_included_term: 2 peers: "127.0.1.1:8010:0:0"
I1215 17:03:10.964075 125495 raft_meta.cpp:521] Loaded single stable meta, path ./raft_data/stable/meta_server term 2 votedfor 127.0.1.1:8010:0:0 time: 10
I1215 17:03:10.964087 125495 node.cpp:628] node meta_raft:127.0.1.1:8010:0:0 init, term: 2 last_log_id: (index=2,term=2) conf: 127.0.1.1:8010:0:0 old_conf: 
I1215 17:03:10.964099 125495 node.cpp:1683] node meta_raft:127.0.1.1:8010:0:0 term 2 start vote and grant vote self
I1215 17:03:10.965373 125495 raft_meta.cpp:546] Saved single stable meta, path ./raft_data/stable/meta_server term 3 votedfor 127.0.1.1:8010:0:0 time: 1267
I1215 17:03:10.965379 125495 node.cpp:1937] node meta_raft:127.0.1.1:8010:0:0 term 3 become leader of group 127.0.1.1:8010:0:0 
I1215 17:03:10.965474 125495 snapshot.cpp:463] Deleting /home/ubuntu/BaikalDB/meta_data/raft_data/snapshot/auto_incr/temp
I1215 17:03:10.965554 125541 node.cpp:3335] node meta_raft:127.0.1.1:8010:0:0 reset ConfigurationCtx, new_peers: 127.0.1.1:8010:0:0, old_peers: 127.0.1.1:8010:0:0
I1215 17:03:10.965592 125542 snapshot_executor.cpp:264] node auto_incr_raft:127.0.1.1:8010:0:0 snapshot_load_done, last_included_index: 1 last_included_term: 2 peers: "127.0.1.1:8010:0:0"
I1215 17:03:10.965612 125495 raft_meta.cpp:521] Loaded single stable meta, path ./raft_data/stable/auto_incr term 2 votedfor 127.0.1.1:8010:0:0 time: 4
I1215 17:03:10.965616 125495 node.cpp:628] node auto_incr_raft:127.0.1.1:8010:0:0 init, term: 2 last_log_id: (index=1,term=2) conf: 127.0.1.1:8010:0:0 old_conf: 
I1215 17:03:10.965622 125495 node.cpp:1683] node auto_incr_raft:127.0.1.1:8010:0:0 term 2 start vote and grant vote self
I1215 17:03:10.966871 125495 raft_meta.cpp:546] Saved single stable meta, path ./raft_data/stable/auto_incr term 3 votedfor 127.0.1.1:8010:0:0 time: 1243
I1215 17:03:10.966874 125495 node.cpp:1937] node auto_incr_raft:127.0.1.1:8010:0:0 term 3 become leader of group 127.0.1.1:8010:0:0 
I1215 17:03:10.966944 125558 node.cpp:3335] node auto_incr_raft:127.0.1.1:8010:0:0 reset ConfigurationCtx, new_peers: 127.0.1.1:8010:0:0, old_peers: 127.0.1.1:8010:0:0
I1215 17:03:10.967096 125495 snapshot.cpp:463] Deleting /home/ubuntu/BaikalDB/meta_data/raft_data/snapshot/tso/temp
I1215 17:03:10.967151 125564 snapshot_executor.cpp:264] node tso_raft:127.0.1.1:8010:0:0 snapshot_load_done, last_included_index: 43078 last_included_term: 2 peers: "127.0.1.1:8010:0:0"
I1215 17:03:10.967164 125495 raft_meta.cpp:521] Loaded single stable meta, path ./raft_data/stable/tso term 2 votedfor 127.0.1.1:8010:0:0 time: 3
I1215 17:03:10.967167 125495 node.cpp:628] node tso_raft:127.0.1.1:8010:0:0 init, term: 2 last_log_id: (index=44146,term=2) conf: 127.0.1.1:8010:0:0 old_conf: 
I1215 17:03:10.967171 125495 node.cpp:1683] node tso_raft:127.0.1.1:8010:0:0 term 2 start vote and grant vote self
I1215 17:03:10.968178 125495 raft_meta.cpp:546] Saved single stable meta, path ./raft_data/stable/tso term 3 votedfor 127.0.1.1:8010:0:0 time: 982
I1215 17:03:10.968181 125495 node.cpp:1937] node tso_raft:127.0.1.1:8010:0:0 term 3 become leader of group 127.0.1.1:8010:0:0 
I1215 17:03:10.968246 125495 naming_service_thread.cpp:203] brpc::policy::ListNamingService("127.0.1.1:8010"): added 1
I1215 17:03:10.968286 125510 log.h:176] [ddl_manager.cpp:696][work][4294992907]sleep, wait ddl manager init.
I1215 17:03:10.968286 125593 log.h:176] [ddl_manager.cpp:342][operator()][4294992908]sleep, wait collect db info.
I1215 17:03:10.969439 125571 node.cpp:3335] node tso_raft:127.0.1.1:8010:0:0 reset ConfigurationCtx, new_peers: 127.0.1.1:8010:0:0, old_peers: 127.0.1.1:8010:0:0
I1215 17:03:20.581229 125516 node.cpp:975] node tso_raft:127.0.1.1:8010:0:0 starts to do snapshot
I1215 17:03:20.582616 125516 snapshot.cpp:642] Deleting /home/ubuntu/BaikalDB/meta_data/raft_data/snapshot/tso/snapshot_00000000000000044339
I1215 17:03:20.582623 125516 snapshot.cpp:648] Renaming /home/ubuntu/BaikalDB/meta_data/raft_data/snapshot/tso/temp to /home/ubuntu/BaikalDB/meta_data/raft_data/snapshot/tso/snapshot_00000000000000044339
I1215 17:03:20.582633 125516 snapshot.cpp:519] Deleting /home/ubuntu/BaikalDB/meta_data/raft_data/snapshot/tso/snapshot_00000000000000043078
I1215 17:03:20.582708 125516 snapshot_executor.cpp:234] node tso_raft:127.0.1.1:8010:0:0 snapshot_save_done, last_included_index=44339 last_included_term=3
I1215 17:03:31.157820 125520 log.h:176] [schema_manager.cpp:349][process_peer_heartbeat_for_store][8589960844]process peer hearbeat, table_exist_time: 0, partition_exist_time: 0, ilegal_peer_time: 3, log_id: 1609084697243681500
I1215 17:03:31.158037 125520 log.h:176] [schema_manager.cpp:380][process_leader_heartbeat_for_store][8589960844]store:  process leader heartbeat, update_status_time: 1, leader_region_time: 45 leader_balance_time: 83, log_id: 1609084697243681500
I1215 17:03:31.158108 125520 log.h:176] [meta_state_machine.cpp:97][store_heartbeat][8589960844]store: heart beat, time_cost: 307, instance_time: 2, peer_balance_time: 2, schema_time: 7, peer_time: 96, leader_time: 197, log_id: 1609084697243681500
I1215 17:03:31.164366 125590 log.h:176] [schema_manager.cpp:349][process_peer_heartbeat_for_store][47244666385]process peer hearbeat, table_exist_time: 0, partition_exist_time: 1, ilegal_peer_time: 0, log_id: 1717798762883638968
I1215 17:03:31.164395 125590 log.h:176] [schema_manager.cpp:380][process_leader_heartbeat_for_store][47244666385]store: 127.0.1.1:8110 process leader heartbeat, update_status_time: 1, leader_region_time: 8 leader_balance_time: 6, log_id: 1717798762883638968
I1215 17:03:31.164400 125590 log.h:176] [meta_state_machine.cpp:97][store_heartbeat][47244666385]store:127.0.1.1:8110 heart beat, time_cost: 47, instance_time: 2, peer_balance_time: 1, schema_time: 4, peer_time: 18, leader_time: 19, log_id: 1717798762883638968
I1215 17:04:01.370186 125590 log.h:176] [schema_manager.cpp:349][process_peer_heartbeat_for_store][12884928141]process peer hearbeat, table_exist_time: 1, partition_exist_time: 1, ilegal_peer_time: 0, log_id: 897281641281509363
I1215 17:04:01.370229 125590 log.h:176] [schema_manager.cpp:380][process_leader_heartbeat_for_store][12884928141]store: 127.0.1.1:8110 process leader heartbeat, update_status_time: 1, leader_region_time: 10 leader_balance_time: 6, log_id: 897281641281509363
I1215 17:04:01.370235 125590 log.h:176] [meta_state_machine.cpp:97][store_heartbeat][12884928141]store:127.0.1.1:8110 heart beat, time_cost: 67, instance_time: 4, peer_balance_time: 2, schema_time: 2, peer_time: 33, leader_time: 22, log_id: 897281641281509363
I1215 17:04:20.581368 125533 node.cpp:975] node tso_raft:127.0.1.1:8010:0:0 starts to do snapshot
I1215 17:04:20.582650 125533 snapshot.cpp:642] Deleting /home/ubuntu/BaikalDB/meta_data/raft_data/snapshot/tso/snapshot_00000000000000045536
I1215 17:04:20.582677 125533 snapshot.cpp:648] Renaming /home/ubuntu/BaikalDB/meta_data/raft_data/snapshot/tso/temp to /home/ubuntu/BaikalDB/meta_data/raft_data/snapshot/tso/snapshot_00000000000000045536
I1215 17:04:20.582695 125533 snapshot.cpp:519] Deleting /home/ubuntu/BaikalDB/meta_data/raft_data/snapshot/tso/snapshot_00000000000000044339
I1215 17:04:20.582837 125533 snapshot_executor.cpp:234] node tso_raft:127.0.1.1:8010:0:0 snapshot_save_done, last_included_index=45536 last_included_term=3
I1215 17:04:31.576103 125540 log.h:176] [schema_manager.cpp:349][process_peer_heartbeat_for_store][8589961460]process peer hearbeat, table_exist_time: 1, partition_exist_time: 0, ilegal_peer_time: 1, log_id: 16274800615556202559
I1215 17:04:31.576151 125540 log.h:176] [schema_manager.cpp:380][process_leader_heartbeat_for_store][8589961460]store: 127.0.1.1:8110 process leader heartbeat, update_status_time: 1, leader_region_time: 9 leader_balance_time: 7, log_id: 16274800615556202559
I1215 17:04:31.576159 125540 log.h:176] [meta_state_machine.cpp:97][store_heartbeat][8589961460]store:127.0.1.1:8110 heart beat, time_cost: 75, instance_time: 4, peer_balance_time: 3, schema_time: 6, peer_time: 37, leader_time: 22, log_id: 16274800615556202559
I1215 17:05:01.783366 125569 log.h:176] [schema_manager.cpp:349][process_peer_heartbeat_for_store][47244667643]process peer hearbeat, table_exist_time: 0, partition_exist_time: 0, ilegal_peer_time: 1, log_id: 4540187479138374033
I1215 17:05:01.783403 125569 log.h:176] [schema_manager.cpp:380][process_leader_heartbeat_for_store][47244667643]store: 127.0.1.1:8110 process leader heartbeat, update_status_time: 2, leader_region_time: 9 leader_balance_time: 6, log_id: 4540187479138374033
I1215 17:05:01.783409 125569 log.h:176] [meta_state_machine.cpp:97][store_heartbeat][47244667643]store:127.0.1.1:8110 heart beat, time_cost: 59, instance_time: 3, peer_balance_time: 1, schema_time: 5, peer_time: 26, leader_time: 21, log_id: 4540187479138374033
I1215 17:05:10.968369 125550 log.h:176] [ddl_manager.cpp:350][operator()][4294992908]db manager working thread.
I1215 17:05:20.581576 125583 node.cpp:975] node tso_raft:127.0.1.1:8010:0:0 starts to do snapshot
I1215 17:05:20.582734 125583 snapshot.cpp:642] Deleting /home/ubuntu/BaikalDB/meta_data/raft_data/snapshot/tso/snapshot_00000000000000046733
I1215 17:05:20.582741 125583 snapshot.cpp:648] Renaming /home/ubuntu/BaikalDB/meta_data/raft_data/snapshot/tso/temp to /home/ubuntu/BaikalDB/meta_data/raft_data/snapshot/tso/snapshot_00000000000000046733
I1215 17:05:20.582749 125583 snapshot.cpp:519] Deleting /home/ubuntu/BaikalDB/meta_data/raft_data/snapshot/tso/snapshot_00000000000000045536
I1215 17:05:20.582825 125583 snapshot_executor.cpp:234] node tso_raft:127.0.1.1:8010:0:0 snapshot_save_done, last_included_index=46733 last_included_term=3
I1215 17:05:31.090870 125580 log.h:176] [ddl_manager.cpp:350][operator()][4294992908]db manager working thread.
I1215 17:05:31.991947 125600 log.h:176] [schema_manager.cpp:349][process_peer_heartbeat_for_store][25769831847]process peer hearbeat, table_exist_time: 1, partition_exist_time: 0, ilegal_peer_time: 1, log_id: 15024563576062311891
I1215 17:05:31.992004 125600 log.h:176] [schema_manager.cpp:380][process_leader_heartbeat_for_store][25769831847]store: 127.0.1.1:8110 process leader heartbeat, update_status_time: 2, leader_region_time: 10 leader_balance_time: 8, log_id: 15024563576062311891
I1215 17:05:31.992022 125600 log.h:176] [meta_state_machine.cpp:97][store_heartbeat][25769831847]store:127.0.1.1:8110 heart beat, time_cost: 97, instance_time: 4, peer_balance_time: 3, schema_time: 6, peer_time: 46, leader_time: 26, log_id: 15024563576062311891
I1215 17:05:51.211880 125550 log.h:176] [ddl_manager.cpp:350][operator()][4294992908]db manager working thread.
I1215 17:06:02.203106 125516 log.h:176] [schema_manager.cpp:349][process_peer_heartbeat_for_store][21474865135]process peer hearbeat, table_exist_time: 0, partition_exist_time: 1, ilegal_peer_time: 1, log_id: 8910743202489897458
I1215 17:06:02.203167 125516 log.h:176] [schema_manager.cpp:380][process_leader_heartbeat_for_store][21474865135]store: 127.0.1.1:8110 process leader heartbeat, update_status_time: 1, leader_region_time: 10 leader_balance_time: 8, log_id: 8910743202489897458
I1215 17:06:02.203176 125516 log.h:176] [meta_state_machine.cpp:97][store_heartbeat][21474865135]store:127.0.1.1:8110 heart beat, time_cost: 87, instance_time: 4, peer_balance_time: 2, schema_time: 2, peer_time: 48, leader_time: 27, log_id: 8910743202489897458
I1215 17:06:10.968357 125550 log.h:176] [ddl_manager.cpp:704][work][4294992907]leader process ddl work.
I1215 17:06:11.323629 125520 log.h:176] [ddl_manager.cpp:350][operator()][4294992908]db manager working thread.
I1215 17:06:20.581763 125550 node.cpp:975] node tso_raft:127.0.1.1:8010:0:0 starts to do snapshot
I1215 17:06:20.582732 125550 snapshot.cpp:642] Deleting /home/ubuntu/BaikalDB/meta_data/raft_data/snapshot/tso/snapshot_00000000000000047930
I1215 17:06:20.582741 125550 snapshot.cpp:648] Renaming /home/ubuntu/BaikalDB/meta_data/raft_data/snapshot/tso/temp to /home/ubuntu/BaikalDB/meta_data/raft_data/snapshot/tso/snapshot_00000000000000047930
I1215 17:06:20.582749 125550 snapshot.cpp:519] Deleting /home/ubuntu/BaikalDB/meta_data/raft_data/snapshot/tso/snapshot_00000000000000046733
I1215 17:06:20.582829 125550 snapshot_executor.cpp:234] node tso_raft:127.0.1.1:8010:0:0 snapshot_save_done, last_included_index=47930 last_included_term=3
I1215 17:06:31.082037 125509 log.h:176] [ddl_manager.cpp:704][work][4294992907]leader process ddl work.
I1215 17:06:31.433898 125540 log.h:176] [ddl_manager.cpp:350][operator()][4294992908]db manager working thread.
I1215 17:06:32.418942 125600 log.h:176] [schema_manager.cpp:349][process_peer_heartbeat_for_store][34359767677]process peer hearbeat, table_exist_time: 0, partition_exist_time: 1, ilegal_peer_time: 1, log_id: 13955918794607018997
I1215 17:06:32.418982 125600 log.h:176] [schema_manager.cpp:380][process_leader_heartbeat_for_store][34359767677]store: 127.0.1.1:8110 process leader heartbeat, update_status_time: 1, leader_region_time: 7 leader_balance_time: 5, log_id: 13955918794607018997
I1215 17:06:32.418987 125600 log.h:176] [meta_state_machine.cpp:97][store_heartbeat][34359767677]store:127.0.1.1:8110 heart beat, time_cost: 57, instance_time: 2, peer_balance_time: 2, schema_time: 1, peer_time: 33, leader_time: 17, log_id: 13955918794607018997
I1215 17:06:51.191139 125505 log.h:176] [ddl_manager.cpp:704][work][4294992907]leader process ddl work.
I1215 17:06:51.542989 125509 log.h:176] [ddl_manager.cpp:350][operator()][4294992908]db manager working thread.
I1215 17:07:02.639504 125569 log.h:176] [schema_manager.cpp:349][process_peer_heartbeat_for_store][8589964548]process peer hearbeat, table_exist_time: 0, partition_exist_time: 1, ilegal_peer_time: 1, log_id: 2230451112053126003
I1215 17:07:02.639562 125569 log.h:176] [schema_manager.cpp:380][process_leader_heartbeat_for_store][8589964548]store: 127.0.1.1:8110 process leader heartbeat, update_status_time: 1, leader_region_time: 10 leader_balance_time: 6, log_id: 2230451112053126003
I1215 17:07:02.639571 125569 log.h:176] [meta_state_machine.cpp:97][store_heartbeat][8589964548]store:127.0.1.1:8110 heart beat, time_cost: 86, instance_time: 4, peer_balance_time: 3, schema_time: 2, peer_time: 47, leader_time: 27, log_id: 2230451112053126003
I1215 17:07:11.300726 125572 log.h:176] [ddl_manager.cpp:704][work][4294992907]leader process ddl work.
I1215 17:07:11.652700 125525 log.h:176] [ddl_manager.cpp:350][operator()][4294992908]db manager working thread.
I1215 17:07:20.581936 125533 node.cpp:975] node tso_raft:127.0.1.1:8010:0:0 starts to do snapshot
I1215 17:07:20.583235 125533 snapshot.cpp:642] Deleting /home/ubuntu/BaikalDB/meta_data/raft_data/snapshot/tso/snapshot_00000000000000049127
I1215 17:07:20.583245 125533 snapshot.cpp:648] Renaming /home/ubuntu/BaikalDB/meta_data/raft_data/snapshot/tso/temp to /home/ubuntu/BaikalDB/meta_data/raft_data/snapshot/tso/snapshot_00000000000000049127
I1215 17:07:20.583254 125533 snapshot.cpp:519] Deleting /home/ubuntu/BaikalDB/meta_data/raft_data/snapshot/tso/snapshot_00000000000000047930
I1215 17:07:20.583329 125533 snapshot_executor.cpp:234] node tso_raft:127.0.1.1:8010:0:0 snapshot_save_done, last_included_index=49127 last_included_term=3
I1215 17:07:31.417577 125580 log.h:176] [ddl_manager.cpp:704][work][4294992907]leader process ddl work.
I1215 17:07:31.769549 125580 log.h:176] [ddl_manager.cpp:350][operator()][4294992908]db manager working thread.
I1215 17:07:32.854182 125590 log.h:176] [schema_manager.cpp:349][process_peer_heartbeat_for_store][17179899485]process peer hearbeat, table_exist_time: 0, partition_exist_time: 1, ilegal_peer_time: 1, log_id: 15780022643261150690
I1215 17:07:32.854233 125590 log.h:176] [schema_manager.cpp:380][process_leader_heartbeat_for_store][17179899485]store: 127.0.1.1:8110 process leader heartbeat, update_status_time: 1, leader_region_time: 10 leader_balance_time: 7, log_id: 15780022643261150690
I1215 17:07:32.854240 125590 log.h:176] [meta_state_machine.cpp:97][store_heartbeat][17179899485]store:127.0.1.1:8110 heart beat, time_cost: 76, instance_time: 4, peer_balance_time: 3, schema_time: 1, peer_time: 42, leader_time: 24, log_id: 15780022643261150690
I1215 17:07:51.532853 125534 log.h:176] [ddl_manager.cpp:704][work][4294992907]leader process ddl work.
I1215 17:07:51.884945 125533 log.h:176] [ddl_manager.cpp:350][operator()][4294992908]db manager working thread.
I1215 17:08:03.067492 125539 log.h:176] [schema_manager.cpp:349][process_peer_heartbeat_for_store][38654732535]process peer hearbeat, table_exist_time: 0, partition_exist_time: 1, ilegal_peer_time: 1, log_id: 18375280541142954386
I1215 17:08:03.067548 125539 log.h:176] [schema_manager.cpp:380][process_leader_heartbeat_for_store][38654732535]store: 127.0.1.1:8110 process leader heartbeat, update_status_time: 2, leader_region_time: 10 leader_balance_time: 8, log_id: 18375280541142954386
I1215 17:08:03.067557 125539 log.h:176] [meta_state_machine.cpp:97][store_heartbeat][38654732535]store:127.0.1.1:8110 heart beat, time_cost: 81, instance_time: 4, peer_balance_time: 2, schema_time: 1, peer_time: 43, leader_time: 27, log_id: 18375280541142954386
I1215 17:08:11.649070 125540 log.h:176] [ddl_manager.cpp:704][work][4294992907]leader process ddl work.
I1215 17:08:12.000975 125539 log.h:176] [ddl_manager.cpp:350][operator()][4294992908]db manager working thread.
I1215 17:08:20.582149 125539 node.cpp:975] node tso_raft:127.0.1.1:8010:0:0 starts to do snapshot
I1215 17:08:20.583567 125539 snapshot.cpp:642] Deleting /home/ubuntu/BaikalDB/meta_data/raft_data/snapshot/tso/snapshot_00000000000000050324
I1215 17:08:20.583592 125539 snapshot.cpp:648] Renaming /home/ubuntu/BaikalDB/meta_data/raft_data/snapshot/tso/temp to /home/ubuntu/BaikalDB/meta_data/raft_data/snapshot/tso/snapshot_00000000000000050324
I1215 17:08:20.583612 125539 snapshot.cpp:519] Deleting /home/ubuntu/BaikalDB/meta_data/raft_data/snapshot/tso/snapshot_00000000000000049127
I1215 17:08:20.583756 125539 snapshot_executor.cpp:234] node tso_raft:127.0.1.1:8010:0:0 snapshot_save_done, last_included_index=50324 last_included_term=3
I1215 17:08:31.763990 125525 log.h:176] [ddl_manager.cpp:704][work][4294992907]leader process ddl work.
I1215 17:08:32.116051 125525 log.h:176] [ddl_manager.cpp:350][operator()][4294992908]db manager working thread.
I1215 17:08:33.269380 125580 log.h:176] [schema_manager.cpp:349][process_peer_heartbeat_for_store][25769831655]process peer hearbeat, table_exist_time: 1, partition_exist_time: 0, ilegal_peer_time: 1, log_id: 16743756572150239907
I1215 17:08:33.269421 125580 log.h:176] [schema_manager.cpp:380][process_leader_heartbeat_for_store][25769831655]store: 127.0.1.1:8110 process leader heartbeat, update_status_time: 1, leader_region_time: 8 leader_balance_time: 7, log_id: 16743756572150239907
I1215 17:08:33.269434 125580 log.h:176] [meta_state_machine.cpp:97][store_heartbeat][25769831655]store:127.0.1.1:8110 heart beat, time_cost: 66, instance_time: 3, peer_balance_time: 2, schema_time: 1, peer_time: 31, leader_time: 20, log_id: 16743756572150239907
I1215 17:08:51.881685 125580 log.h:176] [ddl_manager.cpp:704][work][4294992907]leader process ddl work.
I1215 17:08:52.233786 125519 log.h:176] [ddl_manager.cpp:350][operator()][4294992908]db manager working thread.
I1215 17:09:03.479516 125590 log.h:176] [schema_manager.cpp:349][process_peer_heartbeat_for_store][34359765961]process peer hearbeat, table_exist_time: 1, partition_exist_time: 0, ilegal_peer_time: 1, log_id: 659606773284027251
I1215 17:09:03.479568 125590 log.h:176] [schema_manager.cpp:380][process_leader_heartbeat_for_store][34359765961]store: 127.0.1.1:8110 process leader heartbeat, update_status_time: 1, leader_region_time: 14 leader_balance_time: 5, log_id: 659606773284027251
I1215 17:09:03.479574 125590 log.h:176] [meta_state_machine.cpp:97][store_heartbeat][34359765961]store:127.0.1.1:8110 heart beat, time_cost: 73, instance_time: 3, peer_balance_time: 3, schema_time: 1, peer_time: 39, leader_time: 24, log_id: 659606773284027251
I1215 17:09:12.008736 125569 log.h:176] [ddl_manager.cpp:704][work][4294992907]leader process ddl work.
I1215 17:09:12.353088 125583 log.h:176] [ddl_manager.cpp:350][operator()][4294992908]db manager working thread.
I1215 17:09:20.582386 125516 node.cpp:975] node tso_raft:127.0.1.1:8010:0:0 starts to do snapshot
I1215 17:09:20.583732 125516 snapshot.cpp:642] Deleting /home/ubuntu/BaikalDB/meta_data/raft_data/snapshot/tso/snapshot_00000000000000051521
I1215 17:09:20.583747 125516 snapshot.cpp:648] Renaming /home/ubuntu/BaikalDB/meta_data/raft_data/snapshot/tso/temp to /home/ubuntu/BaikalDB/meta_data/raft_data/snapshot/tso/snapshot_00000000000000051521
I1215 17:09:20.583765 125516 snapshot.cpp:519] Deleting /home/ubuntu/BaikalDB/meta_data/raft_data/snapshot/tso/snapshot_00000000000000050324
I1215 17:09:20.583894 125516 snapshot_executor.cpp:234] node tso_raft:127.0.1.1:8010:0:0 snapshot_save_done, last_included_index=51521 last_included_term=3
I1215 17:09:29.093168 125540 node.cpp:975] node meta_raft:127.0.1.1:8010:0:0 starts to do snapshot
I1215 17:09:29.098376 125540 snapshot.cpp:642] Deleting /home/ubuntu/BaikalDB/meta_data/raft_data/snapshot/meta_server/snapshot_00000000000000000003
I1215 17:09:29.098388 125540 snapshot.cpp:648] Renaming /home/ubuntu/BaikalDB/meta_data/raft_data/snapshot/meta_server/temp to /home/ubuntu/BaikalDB/meta_data/raft_data/snapshot/meta_server/snapshot_00000000000000000003
I1215 17:09:29.098399 125540 snapshot.cpp:519] Deleting /home/ubuntu/BaikalDB/meta_data/raft_data/snapshot/meta_server/snapshot_00000000000000000002
I1215 17:09:29.098483 125540 snapshot_executor.cpp:234] node meta_raft:127.0.1.1:8010:0:0 snapshot_save_done, last_included_index=3 last_included_term=3
I1215 17:09:32.122623 125516 log.h:176] [ddl_manager.cpp:704][work][4294992907]leader process ddl work.
I1215 17:09:32.464565 125569 log.h:176] [ddl_manager.cpp:350][operator()][4294992908]db manager working thread.
I1215 17:09:33.684746 125517 log.h:176] [schema_manager.cpp:349][process_peer_heartbeat_for_store][12884930975]process peer hearbeat, table_exist_time: 1, partition_exist_time: 0, ilegal_peer_time: 2, log_id: 9211503737554437408
I1215 17:09:33.684795 125517 log.h:176] [schema_manager.cpp:380][process_leader_heartbeat_for_store][12884930975]store: 127.0.1.1:8110 process leader heartbeat, update_status_time: 1, leader_region_time: 11 leader_balance_time: 8, log_id: 9211503737554437408
I1215 17:09:33.684804 125517 log.h:176] [meta_state_machine.cpp:97][store_heartbeat][12884930975]store:127.0.1.1:8110 heart beat, time_cost: 79, instance_time: 4, peer_balance_time: 3, schema_time: 2, peer_time: 37, leader_time: 27, log_id: 9211503737554437408
I1215 17:09:52.231467 125505 log.h:176] [ddl_manager.cpp:704][work][4294992907]leader process ddl work.
I1215 17:09:52.573136 125590 log.h:176] [ddl_manager.cpp:350][operator()][4294992908]db manager working thread.
I1215 17:10:03.868424 125519 log.h:176] [schema_manager.cpp:349][process_peer_heartbeat_for_store][77309438906]process peer hearbeat, table_exist_time: 1, partition_exist_time: 0, ilegal_peer_time: 1, log_id: 14714623694543572284
I1215 17:10:03.868534 125519 log.h:176] [schema_manager.cpp:380][process_leader_heartbeat_for_store][77309438906]store: 127.0.1.1:8110 process leader heartbeat, update_status_time: 1, leader_region_time: 24 leader_balance_time: 9, log_id: 14714623694543572284
I1215 17:10:03.868556 125519 log.h:176] [meta_state_machine.cpp:97][store_heartbeat][77309438906]store:127.0.1.1:8110 heart beat, time_cost: 148, instance_time: 4, peer_balance_time: 3, schema_time: 1, peer_time: 80, leader_time: 52, log_id: 14714623694543572284
I1215 17:10:12.339643 125600 log.h:176] [ddl_manager.cpp:704][work][4294992907]leader process ddl work.
I1215 17:10:12.681619 125534 log.h:176] [ddl_manager.cpp:350][operator()][4294992908]db manager working thread.
I1215 17:10:20.582633 125520 node.cpp:975] node tso_raft:127.0.1.1:8010:0:0 starts to do snapshot
I1215 17:10:20.583917 125520 snapshot.cpp:642] Deleting /home/ubuntu/BaikalDB/meta_data/raft_data/snapshot/tso/snapshot_00000000000000052718
I1215 17:10:20.583925 125520 snapshot.cpp:648] Renaming /home/ubuntu/BaikalDB/meta_data/raft_data/snapshot/tso/temp to /home/ubuntu/BaikalDB/meta_data/raft_data/snapshot/tso/snapshot_00000000000000052718
I1215 17:10:20.583932 125520 snapshot.cpp:519] Deleting /home/ubuntu/BaikalDB/meta_data/raft_data/snapshot/tso/snapshot_00000000000000051521
I1215 17:10:20.584008 125520 snapshot_executor.cpp:234] node tso_raft:127.0.1.1:8010:0:0 snapshot_save_done, last_included_index=52718 last_included_term=3
I1215 17:10:32.454698 125584 log.h:176] [ddl_manager.cpp:704][work][4294992907]leader process ddl work.
I1215 17:10:32.795274 125509 log.h:176] [ddl_manager.cpp:350][operator()][4294992908]db manager working thread.
I1215 17:10:34.058013 125539 log.h:176] [schema_manager.cpp:349][process_peer_heartbeat_for_store][21474865963]process peer hearbeat, table_exist_time: 0, partition_exist_time: 0, ilegal_peer_time: 2, log_id: 280005428409680532
I1215 17:10:34.058068 125539 log.h:176] [schema_manager.cpp:380][process_leader_heartbeat_for_store][21474865963]store: 127.0.1.1:8110 process leader heartbeat, update_status_time: 1, leader_region_time: 10 leader_balance_time: 7, log_id: 280005428409680532
I1215 17:10:34.058075 125539 log.h:176] [meta_state_machine.cpp:97][store_heartbeat][21474865963]store:127.0.1.1:8110 heart beat, time_cost: 79, instance_time: 4, peer_balance_time: 2, schema_time: 1, peer_time: 45, leader_time: 25, log_id: 280005428409680532
I1215 17:10:42.369699 125516 node.cpp:975] node auto_incr_raft:127.0.1.1:8010:0:0 starts to do snapshot
I1215 17:10:42.374055 125516 snapshot.cpp:642] Deleting /home/ubuntu/BaikalDB/meta_data/raft_data/snapshot/auto_incr/snapshot_00000000000000000002
I1215 17:10:42.374070 125516 snapshot.cpp:648] Renaming /home/ubuntu/BaikalDB/meta_data/raft_data/snapshot/auto_incr/temp to /home/ubuntu/BaikalDB/meta_data/raft_data/snapshot/auto_incr/snapshot_00000000000000000002
I1215 17:10:42.374087 125516 snapshot.cpp:519] Deleting /home/ubuntu/BaikalDB/meta_data/raft_data/snapshot/auto_incr/snapshot_00000000000000000001
I1215 17:10:42.374209 125516 snapshot_executor.cpp:234] node auto_incr_raft:127.0.1.1:8010:0:0 snapshot_save_done, last_included_index=2 last_included_term=3
I1215 17:10:52.566805 125572 log.h:176] [ddl_manager.cpp:704][work][4294992907]leader process ddl work.
I1215 17:10:52.906217 125600 log.h:176] [ddl_manager.cpp:350][operator()][4294992908]db manager working thread.
I1215 17:11:04.237897 125519 log.h:176] [schema_manager.cpp:349][process_peer_heartbeat_for_store][21474864002]process peer hearbeat, table_exist_time: 0, partition_exist_time: 0, ilegal_peer_time: 1, log_id: 12496009215977767051
I1215 17:11:04.237953 125519 log.h:176] [schema_manager.cpp:380][process_leader_heartbeat_for_store][21474864002]store: 127.0.1.1:8110 process leader heartbeat, update_status_time: 1, leader_region_time: 10 leader_balance_time: 7, log_id: 12496009215977767051
I1215 17:11:04.237962 125519 log.h:176] [meta_state_machine.cpp:97][store_heartbeat][21474864002]store:127.0.1.1:8110 heart beat, time_cost: 79, instance_time: 3, peer_balance_time: 3, schema_time: 1, peer_time: 44, leader_time: 25, log_id: 12496009215977767051
I1215 17:11:12.683301 125539 log.h:176] [ddl_manager.cpp:704][work][4294992907]leader process ddl work.
I1215 17:11:13.021073 125525 log.h:176] [ddl_manager.cpp:350][operator()][4294992908]db manager working thread.
I1215 17:11:20.582792 125569 node.cpp:975] node tso_raft:127.0.1.1:8010:0:0 starts to do snapshot
I1215 17:11:20.584170 125569 snapshot.cpp:642] Deleting /home/ubuntu/BaikalDB/meta_data/raft_data/snapshot/tso/snapshot_00000000000000053916
I1215 17:11:20.584189 125569 snapshot.cpp:648] Renaming /home/ubuntu/BaikalDB/meta_data/raft_data/snapshot/tso/temp to /home/ubuntu/BaikalDB/meta_data/raft_data/snapshot/tso/snapshot_00000000000000053916
I1215 17:11:20.584203 125569 snapshot.cpp:519] Deleting /home/ubuntu/BaikalDB/meta_data/raft_data/snapshot/tso/snapshot_00000000000000052718
I1215 17:11:20.584331 125569 snapshot_executor.cpp:234] node tso_raft:127.0.1.1:8010:0:0 snapshot_save_done, last_included_index=53916 last_included_term=3
I1215 17:11:32.807924 125584 log.h:176] [ddl_manager.cpp:704][work][4294992907]leader process ddl work.
I1215 17:11:33.147338 125507 log.h:176] [ddl_manager.cpp:350][operator()][4294992908]db manager working thread.
I1215 17:11:34.430299 125594 log.h:176] [schema_manager.cpp:349][process_peer_heartbeat_for_store][25769830651]process peer hearbeat, table_exist_time: 0, partition_exist_time: 1, ilegal_peer_time: 1, log_id: 10647435314522190319
I1215 17:11:34.430348 125594 log.h:176] [schema_manager.cpp:380][process_leader_heartbeat_for_store][25769830651]store: 127.0.1.1:8110 process leader heartbeat, update_status_time: 1, leader_region_time: 11 leader_balance_time: 9, log_id: 10647435314522190319
I1215 17:11:34.430356 125594 log.h:176] [meta_state_machine.cpp:97][store_heartbeat][25769830651]store:127.0.1.1:8110 heart beat, time_cost: 76, instance_time: 4, peer_balance_time: 3, schema_time: 2, peer_time: 37, leader_time: 27, log_id: 10647435314522190319
I1215 17:11:52.928535 125540 log.h:176] [ddl_manager.cpp:704][work][4294992907]leader process ddl work.
I1215 17:11:53.270437 125534 log.h:176] [ddl_manager.cpp:350][operator()][4294992908]db manager working thread.
I1215 17:12:04.615645 125583 log.h:176] [schema_manager.cpp:349][process_peer_heartbeat_for_store][25769833835]process peer hearbeat, table_exist_time: 1, partition_exist_time: 0, ilegal_peer_time: 1, log_id: 15617103092750415070
I1215 17:12:04.615692 125583 log.h:176] [schema_manager.cpp:380][process_leader_heartbeat_for_store][25769833835]store: 127.0.1.1:8110 process leader heartbeat, update_status_time: 1, leader_region_time: 8 leader_balance_time: 7, log_id: 15617103092750415070
I1215 17:12:04.615705 125583 log.h:176] [meta_state_machine.cpp:97][store_heartbeat][25769833835]store:127.0.1.1:8110 heart beat, time_cost: 73, instance_time: 3, peer_balance_time: 2, schema_time: 1, peer_time: 37, leader_time: 22, log_id: 15617103092750415070
I1215 17:12:13.040958 125539 log.h:176] [ddl_manager.cpp:704][work][4294992907]leader process ddl work.
I1215 17:12:13.382736 125572 log.h:176] [ddl_manager.cpp:350][operator()][4294992908]db manager working thread.
I1215 17:12:20.582991 125519 node.cpp:975] node tso_raft:127.0.1.1:8010:0:0 starts to do snapshot
I1215 17:12:20.584236 125519 snapshot.cpp:642] Deleting /home/ubuntu/BaikalDB/meta_data/raft_data/snapshot/tso/snapshot_00000000000000055113
I1215 17:12:20.584252 125519 snapshot.cpp:648] Renaming /home/ubuntu/BaikalDB/meta_data/raft_data/snapshot/tso/temp to /home/ubuntu/BaikalDB/meta_data/raft_data/snapshot/tso/snapshot_00000000000000055113
I1215 17:12:20.584262 125519 snapshot.cpp:519] Deleting /home/ubuntu/BaikalDB/meta_data/raft_data/snapshot/tso/snapshot_00000000000000053916
I1215 17:12:20.584344 125519 snapshot_executor.cpp:234] node tso_raft:127.0.1.1:8010:0:0 snapshot_save_done, last_included_index=55113 last_included_term=3
I1215 17:12:33.153684 125525 log.h:176] [ddl_manager.cpp:704][work][4294992907]leader process ddl work.
I1215 17:12:33.495558 125540 log.h:176] [ddl_manager.cpp:350][operator()][4294992908]db manager working thread.
I1215 17:12:34.811661 125550 log.h:176] [schema_manager.cpp:349][process_peer_heartbeat_for_store][47244667263]process peer hearbeat, table_exist_time: 1, partition_exist_time: 0, ilegal_peer_time: 1, log_id: 260832170560857967
I1215 17:12:34.811709 125550 log.h:176] [schema_manager.cpp:380][process_leader_heartbeat_for_store][47244667263]store: 127.0.1.1:8110 process leader heartbeat, update_status_time: 2, leader_region_time: 10 leader_balance_time: 8, log_id: 260832170560857967
I1215 17:12:34.811728 125550 log.h:176] [meta_state_machine.cpp:97][store_heartbeat][47244667263]store:127.0.1.1:8110 heart beat, time_cost: 82, instance_time: 3, peer_balance_time: 3, schema_time: 1, peer_time: 35, leader_time: 36, log_id: 260832170560857967
I1215 17:12:53.278092 125583 log.h:176] [ddl_manager.cpp:704][work][4294992907]leader process ddl work.
I1215 17:12:53.612283 125507 log.h:176] [ddl_manager.cpp:350][operator()][4294992908]db manager working thread.
I1215 17:13:05.013695 125580 log.h:176] [schema_manager.cpp:349][process_peer_heartbeat_for_store][55834603044]process peer hearbeat, table_exist_time: 0, partition_exist_time: 1, ilegal_peer_time: 0, log_id: 13531426912019547417
I1215 17:13:05.013733 125580 log.h:176] [schema_manager.cpp:380][process_leader_heartbeat_for_store][55834603044]store: 127.0.1.1:8110 process leader heartbeat, update_status_time: 1, leader_region_time: 7 leader_balance_time: 5, log_id: 13531426912019547417
I1215 17:13:05.013738 125580 log.h:176] [meta_state_machine.cpp:97][store_heartbeat][55834603044]store:127.0.1.1:8110 heart beat, time_cost: 56, instance_time: 3, peer_balance_time: 1, schema_time: 2, peer_time: 30, leader_time: 18, log_id: 13531426912019547417
I1215 17:13:13.389664 125583 log.h:176] [ddl_manager.cpp:704][work][4294992907]leader process ddl work.
I1215 17:13:13.721567 125580 log.h:176] [ddl_manager.cpp:350][operator()][4294992908]db manager working thread.
I1215 17:13:20.583169 125519 node.cpp:975] node tso_raft:127.0.1.1:8010:0:0 starts to do snapshot
I1215 17:13:20.584444 125519 snapshot.cpp:642] Deleting /home/ubuntu/BaikalDB/meta_data/raft_data/snapshot/tso/snapshot_00000000000000056310
I1215 17:13:20.584463 125519 snapshot.cpp:648] Renaming /home/ubuntu/BaikalDB/meta_data/raft_data/snapshot/tso/temp to /home/ubuntu/BaikalDB/meta_data/raft_data/snapshot/tso/snapshot_00000000000000056310
I1215 17:13:20.584477 125519 snapshot.cpp:519] Deleting /home/ubuntu/BaikalDB/meta_data/raft_data/snapshot/tso/snapshot_00000000000000055113
I1215 17:13:20.584555 125519 snapshot_executor.cpp:234] node tso_raft:127.0.1.1:8010:0:0 snapshot_save_done, last_included_index=56310 last_included_term=3
I1215 17:13:33.505631 125509 log.h:176] [ddl_manager.cpp:704][work][4294992907]leader process ddl work.
I1215 17:13:33.837407 125594 log.h:176] [ddl_manager.cpp:350][operator()][4294992908]db manager working thread.
I1215 17:13:35.228720 125572 log.h:176] [schema_manager.cpp:349][process_peer_heartbeat_for_store][60129568903]process peer hearbeat, table_exist_time: 0, partition_exist_time: 0, ilegal_peer_time: 0, log_id: 10093747286863877210
I1215 17:13:35.228766 125572 log.h:176] [schema_manager.cpp:380][process_leader_heartbeat_for_store][60129568903]store: 127.0.1.1:8110 process leader heartbeat, update_status_time: 1, leader_region_time: 12 leader_balance_time: 9, log_id: 10093747286863877210
I1215 17:13:35.228776 125572 log.h:176] [meta_state_machine.cpp:97][store_heartbeat][60129568903]store:127.0.1.1:8110 heart beat, time_cost: 73, instance_time: 4, peer_balance_time: 2, schema_time: 2, peer_time: 31, leader_time: 29, log_id: 10093747286863877210
I1215 17:13:53.615054 125584 log.h:176] [ddl_manager.cpp:704][work][4294992907]leader process ddl work.
I1215 17:13:53.946897 125584 log.h:176] [ddl_manager.cpp:350][operator()][4294992908]db manager working thread.
I1215 17:14:05.448933 125507 log.h:176] [schema_manager.cpp:349][process_peer_heartbeat_for_store][115964146039]process peer hearbeat, table_exist_time: 1, partition_exist_time: 1, ilegal_peer_time: 0, log_id: 14364805486846498253
I1215 17:14:05.448988 125507 log.h:176] [schema_manager.cpp:380][process_leader_heartbeat_for_store][115964146039]store: 127.0.1.1:8110 process leader heartbeat, update_status_time: 1, leader_region_time: 10 leader_balance_time: 8, log_id: 14364805486846498253
I1215 17:14:05.448999 125507 log.h:176] [meta_state_machine.cpp:97][store_heartbeat][115964146039]store:127.0.1.1:8110 heart beat, time_cost: 82, instance_time: 4, peer_balance_time: 3, schema_time: 1, peer_time: 43, leader_time: 26, log_id: 14364805486846498253
I1215 17:14:13.726784 125594 log.h:176] [ddl_manager.cpp:704][work][4294992907]leader process ddl work.
I1215 17:14:14.059226 125533 log.h:176] [ddl_manager.cpp:350][operator()][4294992908]db manager working thread.
I1215 17:14:20.583372 125590 node.cpp:975] node tso_raft:127.0.1.1:8010:0:0 starts to do snapshot
I1215 17:14:20.584743 125590 snapshot.cpp:642] Deleting /home/ubuntu/BaikalDB/meta_data/raft_data/snapshot/tso/snapshot_00000000000000057507
I1215 17:14:20.584755 125590 snapshot.cpp:648] Renaming /home/ubuntu/BaikalDB/meta_data/raft_data/snapshot/tso/temp to /home/ubuntu/BaikalDB/meta_data/raft_data/snapshot/tso/snapshot_00000000000000057507
I1215 17:14:20.584767 125590 snapshot.cpp:519] Deleting /home/ubuntu/BaikalDB/meta_data/raft_data/snapshot/tso/snapshot_00000000000000056310
I1215 17:14:20.584867 125590 snapshot_executor.cpp:234] node tso_raft:127.0.1.1:8010:0:0 snapshot_save_done, last_included_index=57507 last_included_term=3
I1215 17:14:33.838519 125505 log.h:176] [ddl_manager.cpp:704][work][4294992907]leader process ddl work.
I1215 17:14:34.178897 125505 log.h:176] [ddl_manager.cpp:350][operator()][4294992908]db manager working thread.
I1215 17:14:35.650853 125569 log.h:176] [schema_manager.cpp:349][process_peer_heartbeat_for_store][68719502719]process peer hearbeat, table_exist_time: 1, partition_exist_time: 0, ilegal_peer_time: 1, log_id: 6234919092225668549
I1215 17:14:35.650892 125569 log.h:176] [schema_manager.cpp:380][process_leader_heartbeat_for_store][68719502719]store: 127.0.1.1:8110 process leader heartbeat, update_status_time: 2, leader_region_time: 7 leader_balance_time: 5, log_id: 6234919092225668549
I1215 17:14:35.650897 125569 log.h:176] [meta_state_machine.cpp:97][store_heartbeat][68719502719]store:127.0.1.1:8110 heart beat, time_cost: 59, instance_time: 3, peer_balance_time: 1, schema_time: 2, peer_time: 33, leader_time: 18, log_id: 6234919092225668549
I1215 17:14:53.952167 125550 log.h:176] [ddl_manager.cpp:704][work][4294992907]leader process ddl work.
I1215 17:14:54.294095 125525 log.h:176] [ddl_manager.cpp:350][operator()][4294992908]db manager working thread.
I1215 17:15:05.861514 125540 log.h:176] [schema_manager.cpp:349][process_peer_heartbeat_for_store][30064797107]process peer hearbeat, table_exist_time: 0, partition_exist_time: 1, ilegal_peer_time: 1, log_id: 6566050119865698562
I1215 17:15:05.861562 125540 log.h:176] [schema_manager.cpp:380][process_leader_heartbeat_for_store][30064797107]store: 127.0.1.1:8110 process leader heartbeat, update_status_time: 1, leader_region_time: 8 leader_balance_time: 7, log_id: 6566050119865698562
I1215 17:15:05.861567 125540 log.h:176] [meta_state_machine.cpp:97][store_heartbeat][30064797107]store:127.0.1.1:8110 heart beat, time_cost: 68, instance_time: 3, peer_balance_time: 2, schema_time: 2, peer_time: 39, leader_time: 20, log_id: 6566050119865698562
I1215 17:15:14.067080 125590 log.h:176] [ddl_manager.cpp:704][work][4294992907]leader process ddl work.
I1215 17:15:14.409344 125572 log.h:176] [ddl_manager.cpp:350][operator()][4294992908]db manager working thread.
I1215 17:15:20.583573 125550 node.cpp:975] node tso_raft:127.0.1.1:8010:0:0 starts to do snapshot
I1215 17:15:20.585206 125550 snapshot.cpp:642] Deleting /home/ubuntu/BaikalDB/meta_data/raft_data/snapshot/tso/snapshot_00000000000000058704
I1215 17:15:20.585211 125550 snapshot.cpp:648] Renaming /home/ubuntu/BaikalDB/meta_data/raft_data/snapshot/tso/temp to /home/ubuntu/BaikalDB/meta_data/raft_data/snapshot/tso/snapshot_00000000000000058704
I1215 17:15:20.585220 125550 snapshot.cpp:519] Deleting /home/ubuntu/BaikalDB/meta_data/raft_data/snapshot/tso/snapshot_00000000000000057507
I1215 17:15:20.585299 125550 snapshot_executor.cpp:234] node tso_raft:127.0.1.1:8010:0:0 snapshot_save_done, last_included_index=58704 last_included_term=3
I1215 17:15:34.180987 125580 log.h:176] [ddl_manager.cpp:704][work][4294992907]leader process ddl work.
I1215 17:15:34.522993 125507 log.h:176] [ddl_manager.cpp:350][operator()][4294992908]db manager working thread.
I1215 17:15:36.080616 125539 log.h:176] [schema_manager.cpp:349][process_peer_heartbeat_for_store][128849047420]process peer hearbeat, table_exist_time: 0, partition_exist_time: 1, ilegal_peer_time: 0, log_id: 3599005898262533570
I1215 17:15:36.080665 125539 log.h:176] [schema_manager.cpp:380][process_leader_heartbeat_for_store][128849047420]store: 127.0.1.1:8110 process leader heartbeat, update_status_time: 1, leader_region_time: 8 leader_balance_time: 7, log_id: 3599005898262533570
I1215 17:15:36.080673 125539 log.h:176] [meta_state_machine.cpp:97][store_heartbeat][128849047420]store:127.0.1.1:8110 heart beat, time_cost: 72, instance_time: 3, peer_balance_time: 2, schema_time: 2, peer_time: 39, leader_time: 23, log_id: 3599005898262533570
I1215 17:15:54.301524 125525 log.h:176] [ddl_manager.cpp:704][work][4294992907]leader process ddl work.
I1215 17:15:54.643867 125540 log.h:176] [ddl_manager.cpp:350][operator()][4294992908]db manager working thread.
I1215 17:16:06.291285 125572 log.h:176] [schema_manager.cpp:349][process_peer_heartbeat_for_store][34359766593]process peer hearbeat, table_exist_time: 1, partition_exist_time: 0, ilegal_peer_time: 1, log_id: 9140705624635124386
I1215 17:16:06.291314 125572 log.h:176] [schema_manager.cpp:380][process_leader_heartbeat_for_store][34359766593]store: 127.0.1.1:8110 process leader heartbeat, update_status_time: 1, leader_region_time: 6 leader_balance_time: 6, log_id: 9140705624635124386
I1215 17:16:06.291318 125572 log.h:176] [meta_state_machine.cpp:97][store_heartbeat][34359766593]store:127.0.1.1:8110 heart beat, time_cost: 45, instance_time: 3, peer_balance_time: 2, schema_time: 1, peer_time: 22, leader_time: 16, log_id: 9140705624635124386
I1215 17:16:14.416683 125580 log.h:176] [ddl_manager.cpp:704][work][4294992907]leader process ddl work.
I1215 17:16:14.758630 125534 log.h:176] [ddl_manager.cpp:350][operator()][4294992908]db manager working thread.
I1215 17:16:20.583730 125509 node.cpp:975] node tso_raft:127.0.1.1:8010:0:0 starts to do snapshot
I1215 17:16:20.584787 125509 snapshot.cpp:642] Deleting /home/ubuntu/BaikalDB/meta_data/raft_data/snapshot/tso/snapshot_00000000000000059901
I1215 17:16:20.584792 125509 snapshot.cpp:648] Renaming /home/ubuntu/BaikalDB/meta_data/raft_data/snapshot/tso/temp to /home/ubuntu/BaikalDB/meta_data/raft_data/snapshot/tso/snapshot_00000000000000059901
I1215 17:16:20.584800 125509 snapshot.cpp:519] Deleting /home/ubuntu/BaikalDB/meta_data/raft_data/snapshot/tso/snapshot_00000000000000058704
I1215 17:16:20.584870 125509 snapshot_executor.cpp:234] node tso_raft:127.0.1.1:8010:0:0 snapshot_save_done, last_included_index=59901 last_included_term=3
I1215 17:16:34.529174 125525 log.h:176] [ddl_manager.cpp:704][work][4294992907]leader process ddl work.
I1215 17:16:34.871059 125505 log.h:176] [ddl_manager.cpp:350][operator()][4294992908]db manager working thread.
I1215 17:16:36.498687 125550 log.h:176] [schema_manager.cpp:349][process_peer_heartbeat_for_store][154618850157]process peer hearbeat, table_exist_time: 1, partition_exist_time: 0, ilegal_peer_time: 1, log_id: 962859247473839021
I1215 17:16:36.498725 125550 log.h:176] [schema_manager.cpp:380][process_leader_heartbeat_for_store][154618850157]store: 127.0.1.1:8110 process leader heartbeat, update_status_time: 1, leader_region_time: 7 leader_balance_time: 7, log_id: 962859247473839021
I1215 17:16:36.498731 125550 log.h:176] [meta_state_machine.cpp:97][store_heartbeat][154618850157]store:127.0.1.1:8110 heart beat, time_cost: 63, instance_time: 4, peer_balance_time: 2, schema_time: 2, peer_time: 32, leader_time: 20, log_id: 962859247473839021
I1215 17:16:54.638096 125594 log.h:176] [ddl_manager.cpp:704][work][4294992907]leader process ddl work.
I1215 17:16:54.979809 125507 log.h:176] [ddl_manager.cpp:350][operator()][4294992908]db manager working thread.
I1215 17:17:06.717402 125516 log.h:176] [schema_manager.cpp:349][process_peer_heartbeat_for_store][111669176996]process peer hearbeat, table_exist_time: 0, partition_exist_time: 1, ilegal_peer_time: 1, log_id: 335849096370760887
I1215 17:17:06.717460 125516 log.h:176] [schema_manager.cpp:380][process_leader_heartbeat_for_store][111669176996]store: 127.0.1.1:8110 process leader heartbeat, update_status_time: 1, leader_region_time: 7 leader_balance_time: 6, log_id: 335849096370760887
I1215 17:17:06.717466 125516 log.h:176] [meta_state_machine.cpp:97][store_heartbeat][111669176996]store:127.0.1.1:8110 heart beat, time_cost: 80, instance_time: 3, peer_balance_time: 2, schema_time: 1, peer_time: 52, leader_time: 19, log_id: 335849096370760887
I1215 17:17:14.752357 125540 log.h:176] [ddl_manager.cpp:704][work][4294992907]leader process ddl work.
I1215 17:17:15.094200 125600 log.h:176] [ddl_manager.cpp:350][operator()][4294992908]db manager working thread.
I1215 17:17:20.583882 125590 node.cpp:975] node tso_raft:127.0.1.1:8010:0:0 starts to do snapshot
I1215 17:17:20.585170 125590 snapshot.cpp:642] Deleting /home/ubuntu/BaikalDB/meta_data/raft_data/snapshot/tso/snapshot_00000000000000061098
I1215 17:17:20.585183 125590 snapshot.cpp:648] Renaming /home/ubuntu/BaikalDB/meta_data/raft_data/snapshot/tso/temp to /home/ubuntu/BaikalDB/meta_data/raft_data/snapshot/tso/snapshot_00000000000000061098
I1215 17:17:20.585193 125590 snapshot.cpp:519] Deleting /home/ubuntu/BaikalDB/meta_data/raft_data/snapshot/tso/snapshot_00000000000000059901
I1215 17:17:20.585269 125590 snapshot_executor.cpp:234] node tso_raft:127.0.1.1:8010:0:0 snapshot_save_done, last_included_index=61098 last_included_term=3
I1215 17:17:34.865293 125580 log.h:176] [ddl_manager.cpp:704][work][4294992907]leader process ddl work.
I1215 17:17:35.207289 125519 log.h:176] [ddl_manager.cpp:350][operator()][4294992908]db manager working thread.
I1215 17:17:36.923141 125505 log.h:176] [schema_manager.cpp:349][process_peer_heartbeat_for_store][73014473534]process peer hearbeat, table_exist_time: 0, partition_exist_time: 1, ilegal_peer_time: 1, log_id: 6702529879380249356
I1215 17:17:36.923161 125505 log.h:176] [schema_manager.cpp:380][process_leader_heartbeat_for_store][73014473534]store: 127.0.1.1:8110 process leader heartbeat, update_status_time: 1, leader_region_time: 6 leader_balance_time: 6, log_id: 6702529879380249356
I1215 17:17:36.923168 125505 log.h:176] [meta_state_machine.cpp:97][store_heartbeat][73014473534]store:127.0.1.1:8110 heart beat, time_cost: 74, instance_time: 3, peer_balance_time: 38, schema_time: 2, peer_time: 9, leader_time: 17, log_id: 6702529879380249356
I1215 17:17:54.973615 125550 log.h:176] [ddl_manager.cpp:704][work][4294992907]leader process ddl work.
I1215 17:17:55.324450 125539 log.h:176] [ddl_manager.cpp:350][operator()][4294992908]db manager working thread.
I1215 17:18:07.125070 125525 log.h:176] [schema_manager.cpp:349][process_peer_heartbeat_for_store][81604406283]process peer hearbeat, table_exist_time: 1, partition_exist_time: 2, ilegal_peer_time: 1, log_id: 14061698337684143156
I1215 17:18:07.125252 125525 log.h:176] [schema_manager.cpp:380][process_leader_heartbeat_for_store][81604406283]store: 127.0.1.1:8110 process leader heartbeat, update_status_time: 3, leader_region_time: 24 leader_balance_time: 16, log_id: 14061698337684143156
I1215 17:18:07.125267 125525 log.h:176] [meta_state_machine.cpp:97][store_heartbeat][81604406283]store:127.0.1.1:8110 heart beat, time_cost: 227, instance_time: 7, peer_balance_time: 5, schema_time: 3, peer_time: 151, leader_time: 51, log_id: 14061698337684143156
I1215 17:18:15.092445 125505 log.h:176] [ddl_manager.cpp:704][work][4294992907]leader process ddl work.
I1215 17:18:15.444509 125516 log.h:176] [ddl_manager.cpp:350][operator()][4294992908]db manager working thread.
I1215 17:18:20.584030 125594 node.cpp:975] node tso_raft:127.0.1.1:8010:0:0 starts to do snapshot
I1215 17:18:20.588543 125594 snapshot.cpp:642] Deleting /home/ubuntu/BaikalDB/meta_data/raft_data/snapshot/tso/snapshot_00000000000000062294
I1215 17:18:20.588550 125594 snapshot.cpp:648] Renaming /home/ubuntu/BaikalDB/meta_data/raft_data/snapshot/tso/temp to /home/ubuntu/BaikalDB/meta_data/raft_data/snapshot/tso/snapshot_00000000000000062294
I1215 17:18:20.588560 125594 snapshot.cpp:519] Deleting /home/ubuntu/BaikalDB/meta_data/raft_data/snapshot/tso/snapshot_00000000000000061098
I1215 17:18:20.588635 125594 snapshot_executor.cpp:234] node tso_raft:127.0.1.1:8010:0:0 snapshot_save_done, last_included_index=62294 last_included_term=3
I1215 17:18:35.204721 125580 log.h:176] [ddl_manager.cpp:704][work][4294992907]leader process ddl work.
I1215 17:18:35.556674 125540 log.h:176] [ddl_manager.cpp:350][operator()][4294992908]db manager working thread.
I1215 17:18:37.320472 125584 log.h:176] [schema_manager.cpp:349][process_peer_heartbeat_for_store][60129568544]process peer hearbeat, table_exist_time: 0, partition_exist_time: 0, ilegal_peer_time: 1, log_id: 17714297403145233334
