I1215 19:32:41.925521 125584 log.h:176] [ddl_manager.cpp:350][operator()][4294992908]db manager working thread.
I1215 19:32:56.125566 125572 log.h:176] [schema_manager.cpp:349][process_peer_heartbeat_for_store][738734402980]process peer hearbeat, table_exist_time: 0, partition_exist_time: 1, ilegal_peer_time: 0, log_id: 16317996806248763545
I1215 19:32:56.125597 125572 log.h:176] [schema_manager.cpp:380][process_leader_heartbeat_for_store][738734402980]store: 127.0.1.1:8110 process leader heartbeat, update_status_time: 1, leader_region_time: 7 leader_balance_time: 5, log_id: 16317996806248763545
I1215 19:32:56.125602 125572 log.h:176] [meta_state_machine.cpp:97][store_heartbeat][738734402980]store:127.0.1.1:8110 heart beat, time_cost: 48, instance_time: 3, peer_balance_time: 3, schema_time: 1, peer_time: 23, leader_time: 17, log_id: 16317996806248763545
I1215 19:33:01.794860 125584 log.h:176] [ddl_manager.cpp:704][work][4294992907]leader process ddl work.
I1215 19:33:02.046278 125572 log.h:176] [ddl_manager.cpp:350][operator()][4294992908]db manager working thread.
I1215 19:33:20.609738 125600 node.cpp:975] node tso_raft:127.0.1.1:8010:0:0 starts to do snapshot
I1215 19:33:20.610821 125600 snapshot.cpp:642] Deleting /home/ubuntu/BaikalDB/meta_data/raft_data/snapshot/tso/snapshot_00000000000000223898
I1215 19:33:20.610836 125600 snapshot.cpp:648] Renaming /home/ubuntu/BaikalDB/meta_data/raft_data/snapshot/tso/temp to /home/ubuntu/BaikalDB/meta_data/raft_data/snapshot/tso/snapshot_00000000000000223898
I1215 19:33:20.610849 125600 snapshot.cpp:519] Deleting /home/ubuntu/BaikalDB/meta_data/raft_data/snapshot/tso/snapshot_00000000000000222701
I1215 19:33:20.610965 125600 snapshot_executor.cpp:234] node tso_raft:127.0.1.1:8010:0:0 snapshot_save_done, last_included_index=223898 last_included_term=3
I1215 19:33:21.909000 125540 log.h:176] [ddl_manager.cpp:704][work][4294992907]leader process ddl work.
I1215 19:33:22.160405 125534 log.h:176] [ddl_manager.cpp:350][operator()][4294992908]db manager working thread.
I1215 19:33:26.338845 125533 log.h:176] [schema_manager.cpp:349][process_peer_heartbeat_for_store][828928715451]process peer hearbeat, table_exist_time: 0, partition_exist_time: 1, ilegal_peer_time: 0, log_id: 9263840321019307404
I1215 19:33:26.338884 125533 log.h:176] [schema_manager.cpp:380][process_leader_heartbeat_for_store][828928715451]store: 127.0.1.1:8110 process leader heartbeat, update_status_time: 1, leader_region_time: 7 leader_balance_time: 5, log_id: 9263840321019307404
I1215 19:33:26.338889 125533 log.h:176] [meta_state_machine.cpp:97][store_heartbeat][828928715451]store:127.0.1.1:8110 heart beat, time_cost: 59, instance_time: 3, peer_balance_time: 2, schema_time: 2, peer_time: 30, leader_time: 20, log_id: 9263840321019307404
I1215 19:33:42.021894 125600 log.h:176] [ddl_manager.cpp:704][work][4294992907]leader process ddl work.
I1215 19:33:42.282364 125525 log.h:176] [ddl_manager.cpp:350][operator()][4294992908]db manager working thread.
I1215 19:33:56.539662 125590 log.h:176] [schema_manager.cpp:349][process_peer_heartbeat_for_store][674309894129]process peer hearbeat, table_exist_time: 0, partition_exist_time: 1, ilegal_peer_time: 1, log_id: 11809940585438667203
I1215 19:33:56.539710 125590 log.h:176] [schema_manager.cpp:380][process_leader_heartbeat_for_store][674309894129]store: 127.0.1.1:8110 process leader heartbeat, update_status_time: 1, leader_region_time: 7 leader_balance_time: 6, log_id: 11809940585438667203
I1215 19:33:56.539717 125590 log.h:176] [meta_state_machine.cpp:97][store_heartbeat][674309894129]store:127.0.1.1:8110 heart beat, time_cost: 71, instance_time: 4, peer_balance_time: 3, schema_time: 1, peer_time: 40, leader_time: 22, log_id: 11809940585438667203
I1215 19:34:02.123140 125580 log.h:176] [ddl_manager.cpp:704][work][4294992907]leader process ddl work.
I1215 19:34:02.384557 125525 log.h:176] [ddl_manager.cpp:350][operator()][4294992908]db manager working thread.
I1215 19:34:20.609951 125505 node.cpp:975] node tso_raft:127.0.1.1:8010:0:0 starts to do snapshot
I1215 19:34:20.611276 125583 snapshot.cpp:642] Deleting /home/ubuntu/BaikalDB/meta_data/raft_data/snapshot/tso/snapshot_00000000000000225095
I1215 19:34:20.611294 125583 snapshot.cpp:648] Renaming /home/ubuntu/BaikalDB/meta_data/raft_data/snapshot/tso/temp to /home/ubuntu/BaikalDB/meta_data/raft_data/snapshot/tso/snapshot_00000000000000225095
I1215 19:34:20.611310 125583 snapshot.cpp:519] Deleting /home/ubuntu/BaikalDB/meta_data/raft_data/snapshot/tso/snapshot_00000000000000223898
I1215 19:34:20.611455 125583 snapshot_executor.cpp:234] node tso_raft:127.0.1.1:8010:0:0 snapshot_save_done, last_included_index=225095 last_included_term=3
I1215 19:34:22.237983 125584 log.h:176] [ddl_manager.cpp:704][work][4294992907]leader process ddl work.
I1215 19:34:22.499444 125516 log.h:176] [ddl_manager.cpp:350][operator()][4294992908]db manager working thread.
I1215 19:34:26.747005 125533 log.h:176] [schema_manager.cpp:349][process_peer_heartbeat_for_store][841813618098]process peer hearbeat, table_exist_time: 1, partition_exist_time: 0, ilegal_peer_time: 1, log_id: 4065207201941654008
I1215 19:34:26.747061 125533 log.h:176] [schema_manager.cpp:380][process_leader_heartbeat_for_store][841813618098]store: 127.0.1.1:8110 process leader heartbeat, update_status_time: 1, leader_region_time: 9 leader_balance_time: 8, log_id: 4065207201941654008
I1215 19:34:26.747080 125533 log.h:176] [meta_state_machine.cpp:97][store_heartbeat][841813618098]store:127.0.1.1:8110 heart beat, time_cost: 92, instance_time: 3, peer_balance_time: 2, schema_time: 2, peer_time: 45, leader_time: 37, log_id: 4065207201941654008
I1215 19:34:42.350909 125600 log.h:176] [ddl_manager.cpp:704][work][4294992907]leader process ddl work.
I1215 19:34:42.612556 125590 log.h:176] [ddl_manager.cpp:350][operator()][4294992908]db manager working thread.
I1215 19:34:56.964952 125583 log.h:176] [schema_manager.cpp:349][process_peer_heartbeat_for_store][863288452948]process peer hearbeat, table_exist_time: 0, partition_exist_time: 0, ilegal_peer_time: 1, log_id: 8096465144616127262
I1215 19:34:56.964994 125583 log.h:176] [schema_manager.cpp:380][process_leader_heartbeat_for_store][863288452948]store: 127.0.1.1:8110 process leader heartbeat, update_status_time: 1, leader_region_time: 7 leader_balance_time: 6, log_id: 8096465144616127262
I1215 19:34:56.964999 125583 log.h:176] [meta_state_machine.cpp:97][store_heartbeat][863288452948]store:127.0.1.1:8110 heart beat, time_cost: 62, instance_time: 3, peer_balance_time: 2, schema_time: 1, peer_time: 36, leader_time: 17, log_id: 8096465144616127262
I1215 19:35:02.463337 125590 log.h:176] [ddl_manager.cpp:704][work][4294992907]leader process ddl work.
I1215 19:35:02.724674 125505 log.h:176] [ddl_manager.cpp:350][operator()][4294992908]db manager working thread.
I1215 19:35:20.610142 125569 node.cpp:975] node tso_raft:127.0.1.1:8010:0:0 starts to do snapshot
I1215 19:35:20.617095 125569 snapshot.cpp:642] Deleting /home/ubuntu/BaikalDB/meta_data/raft_data/snapshot/tso/snapshot_00000000000000226292
I1215 19:35:20.617110 125569 snapshot.cpp:648] Renaming /home/ubuntu/BaikalDB/meta_data/raft_data/snapshot/tso/temp to /home/ubuntu/BaikalDB/meta_data/raft_data/snapshot/tso/snapshot_00000000000000226292
I1215 19:35:20.617125 125569 snapshot.cpp:519] Deleting /home/ubuntu/BaikalDB/meta_data/raft_data/snapshot/tso/snapshot_00000000000000225095
I1215 19:35:20.617254 125569 snapshot_executor.cpp:234] node tso_raft:127.0.1.1:8010:0:0 snapshot_save_done, last_included_index=226292 last_included_term=3
I1215 19:35:22.580794 125505 log.h:176] [ddl_manager.cpp:704][work][4294992907]leader process ddl work.
I1215 19:35:22.842440 125569 log.h:176] [ddl_manager.cpp:350][operator()][4294992908]db manager working thread.
I1215 19:35:27.196478 125550 log.h:176] [schema_manager.cpp:349][process_peer_heartbeat_for_store][850403554936]process peer hearbeat, table_exist_time: 1, partition_exist_time: 0, ilegal_peer_time: 1, log_id: 9930534935954194890
I1215 19:35:27.196535 125550 log.h:176] [schema_manager.cpp:380][process_leader_heartbeat_for_store][850403554936]store: 127.0.1.1:8110 process leader heartbeat, update_status_time: 1, leader_region_time: 13 leader_balance_time: 8, log_id: 9930534935954194890
I1215 19:35:27.196542 125550 log.h:176] [meta_state_machine.cpp:97][store_heartbeat][850403554936]store:127.0.1.1:8110 heart beat, time_cost: 107, instance_time: 5, peer_balance_time: 3, schema_time: 1, peer_time: 66, leader_time: 29, log_id: 9930534935954194890
I1215 19:35:42.698268 125507 log.h:176] [ddl_manager.cpp:704][work][4294992907]leader process ddl work.
I1215 19:35:42.959860 125540 log.h:176] [ddl_manager.cpp:350][operator()][4294992908]db manager working thread.
I1215 19:35:57.431257 125517 log.h:176] [schema_manager.cpp:349][process_peer_heartbeat_for_store][790274012629]process peer hearbeat, table_exist_time: 1, partition_exist_time: 0, ilegal_peer_time: 1, log_id: 2268232232923936219
I1215 19:35:57.431314 125517 log.h:176] [schema_manager.cpp:380][process_leader_heartbeat_for_store][790274012629]store: 127.0.1.1:8110 process leader heartbeat, update_status_time: 1, leader_region_time: 9 leader_balance_time: 7, log_id: 2268232232923936219
I1215 19:35:57.431322 125517 log.h:176] [meta_state_machine.cpp:97][store_heartbeat][790274012629]store:127.0.1.1:8110 heart beat, time_cost: 84, instance_time: 4, peer_balance_time: 2, schema_time: 2, peer_time: 50, leader_time: 23, log_id: 2268232232923936219
I1215 19:36:02.817991 125540 log.h:176] [ddl_manager.cpp:704][work][4294992907]leader process ddl work.
I1215 19:36:03.079499 125540 log.h:176] [ddl_manager.cpp:350][operator()][4294992908]db manager working thread.
I1215 19:36:20.610355 125509 node.cpp:975] node tso_raft:127.0.1.1:8010:0:0 starts to do snapshot
I1215 19:36:20.614640 125509 snapshot.cpp:642] Deleting /home/ubuntu/BaikalDB/meta_data/raft_data/snapshot/tso/snapshot_00000000000000227489
I1215 19:36:20.614657 125509 snapshot.cpp:648] Renaming /home/ubuntu/BaikalDB/meta_data/raft_data/snapshot/tso/temp to /home/ubuntu/BaikalDB/meta_data/raft_data/snapshot/tso/snapshot_00000000000000227489
I1215 19:36:20.614674 125509 snapshot.cpp:519] Deleting /home/ubuntu/BaikalDB/meta_data/raft_data/snapshot/tso/snapshot_00000000000000226292
I1215 19:36:20.614799 125509 snapshot_executor.cpp:234] node tso_raft:127.0.1.1:8010:0:0 snapshot_save_done, last_included_index=227489 last_included_term=3
I1215 19:36:22.937573 125534 log.h:176] [ddl_manager.cpp:704][work][4294992907]leader process ddl work.
I1215 19:36:23.199041 125540 log.h:176] [ddl_manager.cpp:350][operator()][4294992908]db manager working thread.
I1215 19:36:27.649576 125584 log.h:176] [schema_manager.cpp:349][process_peer_heartbeat_for_store][1060856950888]process peer hearbeat, table_exist_time: 1, partition_exist_time: 0, ilegal_peer_time: 1, log_id: 10368672828675024013
I1215 19:36:27.649632 125584 log.h:176] [schema_manager.cpp:380][process_leader_heartbeat_for_store][1060856950888]store: 127.0.1.1:8110 process leader heartbeat, update_status_time: 2, leader_region_time: 9 leader_balance_time: 7, log_id: 10368672828675024013
I1215 19:36:27.649641 125584 log.h:176] [meta_state_machine.cpp:97][store_heartbeat][1060856950888]store:127.0.1.1:8110 heart beat, time_cost: 82, instance_time: 5, peer_balance_time: 2, schema_time: 2, peer_time: 47, leader_time: 24, log_id: 10368672828675024013
I1215 19:36:43.050499 125516 log.h:176] [ddl_manager.cpp:704][work][4294992907]leader process ddl work.
I1215 19:36:43.311945 125509 log.h:176] [ddl_manager.cpp:350][operator()][4294992908]db manager working thread.
I1215 19:36:57.862833 125533 log.h:176] [schema_manager.cpp:349][process_peer_heartbeat_for_store][824633748250]process peer hearbeat, table_exist_time: 1, partition_exist_time: 0, ilegal_peer_time: 0, log_id: 1669794166516457408
I1215 19:36:57.862879 125533 log.h:176] [schema_manager.cpp:380][process_leader_heartbeat_for_store][824633748250]store: 127.0.1.1:8110 process leader heartbeat, update_status_time: 1, leader_region_time: 8 leader_balance_time: 7, log_id: 1669794166516457408
I1215 19:36:57.862883 125533 log.h:176] [meta_state_machine.cpp:97][store_heartbeat][824633748250]store:127.0.1.1:8110 heart beat, time_cost: 63, instance_time: 3, peer_balance_time: 1, schema_time: 2, peer_time: 34, leader_time: 21, log_id: 1669794166516457408
I1215 19:37:03.166121 125520 log.h:176] [ddl_manager.cpp:704][work][4294992907]leader process ddl work.
I1215 19:37:03.427735 125594 log.h:176] [ddl_manager.cpp:350][operator()][4294992908]db manager working thread.
I1215 19:37:20.610538 125584 node.cpp:975] node tso_raft:127.0.1.1:8010:0:0 starts to do snapshot
I1215 19:37:20.614905 125584 snapshot.cpp:642] Deleting /home/ubuntu/BaikalDB/meta_data/raft_data/snapshot/tso/snapshot_00000000000000228686
I1215 19:37:20.614921 125584 snapshot.cpp:648] Renaming /home/ubuntu/BaikalDB/meta_data/raft_data/snapshot/tso/temp to /home/ubuntu/BaikalDB/meta_data/raft_data/snapshot/tso/snapshot_00000000000000228686
I1215 19:37:20.614938 125584 snapshot.cpp:519] Deleting /home/ubuntu/BaikalDB/meta_data/raft_data/snapshot/tso/snapshot_00000000000000227489
I1215 19:37:20.615062 125584 snapshot_executor.cpp:234] node tso_raft:127.0.1.1:8010:0:0 snapshot_save_done, last_included_index=228686 last_included_term=3
I1215 19:37:23.285326 125550 log.h:176] [ddl_manager.cpp:704][work][4294992907]leader process ddl work.
I1215 19:37:23.551884 125580 log.h:176] [ddl_manager.cpp:350][operator()][4294992908]db manager working thread.
I1215 19:37:28.073529 125539 log.h:176] [schema_manager.cpp:349][process_peer_heartbeat_for_store][940597867065]process peer hearbeat, table_exist_time: 1, partition_exist_time: 0, ilegal_peer_time: 1, log_id: 5231982223227143701
I1215 19:37:28.073580 125539 log.h:176] [schema_manager.cpp:380][process_leader_heartbeat_for_store][940597867065]store: 127.0.1.1:8110 process leader heartbeat, update_status_time: 1, leader_region_time: 9 leader_balance_time: 7, log_id: 5231982223227143701
I1215 19:37:28.073588 125539 log.h:176] [meta_state_machine.cpp:97][store_heartbeat][940597867065]store:127.0.1.1:8110 heart beat, time_cost: 77, instance_time: 4, peer_balance_time: 3, schema_time: 2, peer_time: 40, leader_time: 26, log_id: 5231982223227143701
I1215 19:37:43.409907 125525 log.h:176] [ddl_manager.cpp:704][work][4294992907]leader process ddl work.
I1215 19:37:43.673760 125533 log.h:176] [ddl_manager.cpp:350][operator()][4294992908]db manager working thread.
I1215 19:37:58.285387 125584 log.h:176] [schema_manager.cpp:349][process_peer_heartbeat_for_store][1013612308866]process peer hearbeat, table_exist_time: 0, partition_exist_time: 1, ilegal_peer_time: 0, log_id: 16204527935337361607
I1215 19:37:58.285439 125584 log.h:176] [schema_manager.cpp:380][process_leader_heartbeat_for_store][1013612308866]store: 127.0.1.1:8110 process leader heartbeat, update_status_time: 1, leader_region_time: 8 leader_balance_time: 15, log_id: 16204527935337361607
I1215 19:37:58.285444 125584 log.h:176] [meta_state_machine.cpp:97][store_heartbeat][1013612308866]store:127.0.1.1:8110 heart beat, time_cost: 74, instance_time: 3, peer_balance_time: 2, schema_time: 2, peer_time: 36, leader_time: 29, log_id: 16204527935337361607
I1215 19:38:03.527050 125539 log.h:176] [ddl_manager.cpp:704][work][4294992907]leader process ddl work.
I1215 19:38:03.788555 125520 log.h:176] [ddl_manager.cpp:350][operator()][4294992908]db manager working thread.
I1215 19:38:20.610745 125594 node.cpp:975] node tso_raft:127.0.1.1:8010:0:0 starts to do snapshot
I1215 19:38:20.615013 125594 snapshot.cpp:642] Deleting /home/ubuntu/BaikalDB/meta_data/raft_data/snapshot/tso/snapshot_00000000000000229883
I1215 19:38:20.615025 125594 snapshot.cpp:648] Renaming /home/ubuntu/BaikalDB/meta_data/raft_data/snapshot/tso/temp to /home/ubuntu/BaikalDB/meta_data/raft_data/snapshot/tso/snapshot_00000000000000229883
I1215 19:38:20.615042 125594 snapshot.cpp:519] Deleting /home/ubuntu/BaikalDB/meta_data/raft_data/snapshot/tso/snapshot_00000000000000228686
I1215 19:38:20.615140 125594 snapshot_executor.cpp:234] node tso_raft:127.0.1.1:8010:0:0 snapshot_save_done, last_included_index=229883 last_included_term=3
I1215 19:38:23.643302 125580 log.h:176] [ddl_manager.cpp:704][work][4294992907]leader process ddl work.
I1215 19:38:23.904683 125525 log.h:176] [ddl_manager.cpp:350][operator()][4294992908]db manager working thread.
I1215 19:38:28.497604 125519 log.h:176] [schema_manager.cpp:349][process_peer_heartbeat_for_store][897648192890]process peer hearbeat, table_exist_time: 1, partition_exist_time: 0, ilegal_peer_time: 1, log_id: 3443515967201712615
I1215 19:38:28.497648 125519 log.h:176] [schema_manager.cpp:380][process_leader_heartbeat_for_store][897648192890]store: 127.0.1.1:8110 process leader heartbeat, update_status_time: 1, leader_region_time: 9 leader_balance_time: 8, log_id: 3443515967201712615
I1215 19:38:28.497656 125519 log.h:176] [meta_state_machine.cpp:97][store_heartbeat][897648192890]store:127.0.1.1:8110 heart beat, time_cost: 65, instance_time: 3, peer_balance_time: 2, schema_time: 1, peer_time: 32, leader_time: 25, log_id: 3443515967201712615
I1215 19:38:43.760674 125600 log.h:176] [ddl_manager.cpp:704][work][4294992907]leader process ddl work.
I1215 19:38:44.022277 125600 log.h:176] [ddl_manager.cpp:350][operator()][4294992908]db manager working thread.
I1215 19:38:58.709369 125572 log.h:176] [schema_manager.cpp:349][process_peer_heartbeat_for_store][949187799274]process peer hearbeat, table_exist_time: 0, partition_exist_time: 1, ilegal_peer_time: 0, log_id: 13314117870458916673
I1215 19:38:58.709445 125572 log.h:176] [schema_manager.cpp:380][process_leader_heartbeat_for_store][949187799274]store: 127.0.1.1:8110 process leader heartbeat, update_status_time: 1, leader_region_time: 11 leader_balance_time: 9, log_id: 13314117870458916673
I1215 19:38:58.709455 125572 log.h:176] [meta_state_machine.cpp:97][store_heartbeat][949187799274]store:127.0.1.1:8110 heart beat, time_cost: 102, instance_time: 3, peer_balance_time: 2, schema_time: 2, peer_time: 52, leader_time: 41, log_id: 13314117870458916673
I1215 19:39:03.878188 125569 log.h:176] [ddl_manager.cpp:704][work][4294992907]leader process ddl work.
I1215 19:39:04.139571 125534 log.h:176] [ddl_manager.cpp:350][operator()][4294992908]db manager working thread.
I1215 19:39:20.610906 125519 node.cpp:975] node tso_raft:127.0.1.1:8010:0:0 starts to do snapshot
I1215 19:39:20.612195 125516 snapshot.cpp:642] Deleting /home/ubuntu/BaikalDB/meta_data/raft_data/snapshot/tso/snapshot_00000000000000231081
I1215 19:39:20.612212 125516 snapshot.cpp:648] Renaming /home/ubuntu/BaikalDB/meta_data/raft_data/snapshot/tso/temp to /home/ubuntu/BaikalDB/meta_data/raft_data/snapshot/tso/snapshot_00000000000000231081
I1215 19:39:20.612229 125516 snapshot.cpp:519] Deleting /home/ubuntu/BaikalDB/meta_data/raft_data/snapshot/tso/snapshot_00000000000000229883
I1215 19:39:20.612360 125516 snapshot_executor.cpp:234] node tso_raft:127.0.1.1:8010:0:0 snapshot_save_done, last_included_index=231081 last_included_term=3
I1215 19:39:23.989699 125517 log.h:176] [ddl_manager.cpp:704][work][4294992907]leader process ddl work.
I1215 19:39:24.251210 125583 log.h:176] [ddl_manager.cpp:350][operator()][4294992908]db manager working thread.
I1215 19:39:28.905942 125525 log.h:176] [schema_manager.cpp:349][process_peer_heartbeat_for_store][700079698181]process peer hearbeat, table_exist_time: 0, partition_exist_time: 1, ilegal_peer_time: 1, log_id: 5226955928115313729
I1215 19:39:28.905987 125525 log.h:176] [schema_manager.cpp:380][process_leader_heartbeat_for_store][700079698181]store: 127.0.1.1:8110 process leader heartbeat, update_status_time: 1, leader_region_time: 8 leader_balance_time: 6, log_id: 5226955928115313729
I1215 19:39:28.905992 125525 log.h:176] [meta_state_machine.cpp:97][store_heartbeat][700079698181]store:127.0.1.1:8110 heart beat, time_cost: 64, instance_time: 2, peer_balance_time: 2, schema_time: 1, peer_time: 37, leader_time: 20, log_id: 5226955928115313729
I1215 19:39:29.095245 125525 node.cpp:975] node meta_raft:127.0.1.1:8010:0:0 starts to do snapshot
I1215 19:39:29.095278 125525 snapshot_executor.cpp:154] node meta_raft:127.0.1.1:8010:0:0 the gap between fsm applied index 5 and last_snapshot_index 5 is less than 1, will clear bufferred logs and return success
I1215 19:39:44.102984 125507 log.h:176] [ddl_manager.cpp:704][work][4294992907]leader process ddl work.
I1215 19:39:44.364504 125590 log.h:176] [ddl_manager.cpp:350][operator()][4294992908]db manager working thread.
I1215 19:39:59.107224 125550 log.h:176] [schema_manager.cpp:349][process_peer_heartbeat_for_store][940597866053]process peer hearbeat, table_exist_time: 1, partition_exist_time: 1, ilegal_peer_time: 1, log_id: 5155423422970976129
I1215 19:39:59.107286 125550 log.h:176] [schema_manager.cpp:380][process_leader_heartbeat_for_store][940597866053]store: 127.0.1.1:8110 process leader heartbeat, update_status_time: 1, leader_region_time: 11 leader_balance_time: 7, log_id: 5155423422970976129
I1215 19:39:59.107295 125550 log.h:176] [meta_state_machine.cpp:97][store_heartbeat][940597866053]store:127.0.1.1:8110 heart beat, time_cost: 90, instance_time: 4, peer_balance_time: 3, schema_time: 1, peer_time: 53, leader_time: 26, log_id: 5155423422970976129
I1215 19:40:04.212728 125550 log.h:176] [ddl_manager.cpp:704][work][4294992907]leader process ddl work.
I1215 19:40:04.474159 125505 log.h:176] [ddl_manager.cpp:350][operator()][4294992908]db manager working thread.
I1215 19:40:20.611090 125516 node.cpp:975] node tso_raft:127.0.1.1:8010:0:0 starts to do snapshot
I1215 19:40:20.615499 125516 snapshot.cpp:642] Deleting /home/ubuntu/BaikalDB/meta_data/raft_data/snapshot/tso/snapshot_00000000000000232277
I1215 19:40:20.615512 125516 snapshot.cpp:648] Renaming /home/ubuntu/BaikalDB/meta_data/raft_data/snapshot/tso/temp to /home/ubuntu/BaikalDB/meta_data/raft_data/snapshot/tso/snapshot_00000000000000232277
I1215 19:40:20.615530 125516 snapshot.cpp:519] Deleting /home/ubuntu/BaikalDB/meta_data/raft_data/snapshot/tso/snapshot_00000000000000231081
I1215 19:40:20.615650 125516 snapshot_executor.cpp:234] node tso_raft:127.0.1.1:8010:0:0 snapshot_save_done, last_included_index=232277 last_included_term=3
I1215 19:40:24.333199 125505 log.h:176] [ddl_manager.cpp:704][work][4294992907]leader process ddl work.
I1215 19:40:24.594734 125600 log.h:176] [ddl_manager.cpp:350][operator()][4294992908]db manager working thread.
I1215 19:40:29.308395 125520 log.h:176] [schema_manager.cpp:349][process_peer_heartbeat_for_store][803158914400]process peer hearbeat, table_exist_time: 1, partition_exist_time: 0, ilegal_peer_time: 1, log_id: 11157449395535903512
I1215 19:40:29.308487 125520 log.h:176] [schema_manager.cpp:380][process_leader_heartbeat_for_store][803158914400]store: 127.0.1.1:8110 process leader heartbeat, update_status_time: 1, leader_region_time: 10 leader_balance_time: 36, log_id: 11157449395535903512
I1215 19:40:29.308542 125520 log.h:176] [meta_state_machine.cpp:97][store_heartbeat][803158914400]store:127.0.1.1:8110 heart beat, time_cost: 162, instance_time: 4, peer_balance_time: 3, schema_time: 2, peer_time: 40, leader_time: 99, log_id: 11157449395535903512
I1215 19:40:42.371361 125539 node.cpp:975] node auto_incr_raft:127.0.1.1:8010:0:0 starts to do snapshot
I1215 19:40:42.371404 125539 snapshot_executor.cpp:154] node auto_incr_raft:127.0.1.1:8010:0:0 the gap between fsm applied index 2 and last_snapshot_index 2 is less than 1, will clear bufferred logs and return success
I1215 19:40:44.450891 125569 log.h:176] [ddl_manager.cpp:704][work][4294992907]leader process ddl work.
I1215 19:40:44.712348 125534 log.h:176] [ddl_manager.cpp:350][operator()][4294992908]db manager working thread.
I1215 19:40:59.516120 125550 log.h:176] [schema_manager.cpp:349][process_peer_heartbeat_for_store][708669630623]process peer hearbeat, table_exist_time: 0, partition_exist_time: 1, ilegal_peer_time: 1, log_id: 11785133753518477031
I1215 19:40:59.516176 125550 log.h:176] [schema_manager.cpp:380][process_leader_heartbeat_for_store][708669630623]store: 127.0.1.1:8110 process leader heartbeat, update_status_time: 2, leader_region_time: 9 leader_balance_time: 6, log_id: 11785133753518477031
I1215 19:40:59.516184 125550 log.h:176] [meta_state_machine.cpp:97][store_heartbeat][708669630623]store:127.0.1.1:8110 heart beat, time_cost: 82, instance_time: 4, peer_balance_time: 3, schema_time: 1, peer_time: 47, leader_time: 24, log_id: 11785133753518477031
I1215 19:41:04.566648 125525 log.h:176] [ddl_manager.cpp:704][work][4294992907]leader process ddl work.
I1215 19:41:04.828173 125516 log.h:176] [ddl_manager.cpp:350][operator()][4294992908]db manager working thread.
I1215 19:41:20.611315 125505 node.cpp:975] node tso_raft:127.0.1.1:8010:0:0 starts to do snapshot
I1215 19:41:20.612519 125505 snapshot.cpp:642] Deleting /home/ubuntu/BaikalDB/meta_data/raft_data/snapshot/tso/snapshot_00000000000000233475
I1215 19:41:20.612535 125505 snapshot.cpp:648] Renaming /home/ubuntu/BaikalDB/meta_data/raft_data/snapshot/tso/temp to /home/ubuntu/BaikalDB/meta_data/raft_data/snapshot/tso/snapshot_00000000000000233475
I1215 19:41:20.612551 125505 snapshot.cpp:519] Deleting /home/ubuntu/BaikalDB/meta_data/raft_data/snapshot/tso/snapshot_00000000000000232277
I1215 19:41:20.612664 125505 snapshot_executor.cpp:234] node tso_raft:127.0.1.1:8010:0:0 snapshot_save_done, last_included_index=233475 last_included_term=3
I1215 19:41:24.679889 125516 log.h:176] [ddl_manager.cpp:704][work][4294992907]leader process ddl work.
I1215 19:41:24.941438 125550 log.h:176] [ddl_manager.cpp:350][operator()][4294992908]db manager working thread.
I1215 19:41:29.729152 125569 log.h:176] [schema_manager.cpp:349][process_peer_heartbeat_for_store][1035087147092]process peer hearbeat, table_exist_time: 1, partition_exist_time: 0, ilegal_peer_time: 1, log_id: 13951450307243018033
I1215 19:41:29.729207 125569 log.h:176] [schema_manager.cpp:380][process_leader_heartbeat_for_store][1035087147092]store: 127.0.1.1:8110 process leader heartbeat, update_status_time: 1, leader_region_time: 10 leader_balance_time: 7, log_id: 13951450307243018033
I1215 19:41:29.729218 125569 log.h:176] [meta_state_machine.cpp:97][store_heartbeat][1035087147092]store:127.0.1.1:8110 heart beat, time_cost: 84, instance_time: 5, peer_balance_time: 2, schema_time: 2, peer_time: 45, leader_time: 27, log_id: 13951450307243018033
I1215 19:41:44.796370 125550 log.h:176] [ddl_manager.cpp:704][work][4294992907]leader process ddl work.
I1215 19:41:45.057657 125580 log.h:176] [ddl_manager.cpp:350][operator()][4294992908]db manager working thread.
I1215 19:41:59.932034 125525 log.h:176] [schema_manager.cpp:349][process_peer_heartbeat_for_store][1082331784470]process peer hearbeat, table_exist_time: 0, partition_exist_time: 1, ilegal_peer_time: 0, log_id: 4571420966597994697
I1215 19:41:59.932077 125525 log.h:176] [schema_manager.cpp:380][process_leader_heartbeat_for_store][1082331784470]store: 127.0.1.1:8110 process leader heartbeat, update_status_time: 1, leader_region_time: 8 leader_balance_time: 6, log_id: 4571420966597994697
I1215 19:41:59.932083 125525 log.h:176] [meta_state_machine.cpp:97][store_heartbeat][1082331784470]store:127.0.1.1:8110 heart beat, time_cost: 65, instance_time: 3, peer_balance_time: 2, schema_time: 1, peer_time: 36, leader_time: 19, log_id: 4571420966597994697
I1215 19:42:04.917529 125580 log.h:176] [ddl_manager.cpp:704][work][4294992907]leader process ddl work.
I1215 19:42:05.171267 125600 log.h:176] [ddl_manager.cpp:350][operator()][4294992908]db manager working thread.
I1215 19:42:20.611450 125520 node.cpp:975] node tso_raft:127.0.1.1:8010:0:0 starts to do snapshot
I1215 19:42:20.612646 125520 snapshot.cpp:642] Deleting /home/ubuntu/BaikalDB/meta_data/raft_data/snapshot/tso/snapshot_00000000000000234672
I1215 19:42:20.612654 125520 snapshot.cpp:648] Renaming /home/ubuntu/BaikalDB/meta_data/raft_data/snapshot/tso/temp to /home/ubuntu/BaikalDB/meta_data/raft_data/snapshot/tso/snapshot_00000000000000234672
I1215 19:42:20.612664 125520 snapshot.cpp:519] Deleting /home/ubuntu/BaikalDB/meta_data/raft_data/snapshot/tso/snapshot_00000000000000233475
I1215 19:42:20.612738 125520 snapshot_executor.cpp:234] node tso_raft:127.0.1.1:8010:0:0 snapshot_save_done, last_included_index=234672 last_included_term=3
I1215 19:42:25.032840 125594 log.h:176] [ddl_manager.cpp:704][work][4294992907]leader process ddl work.
I1215 19:42:25.284221 125505 log.h:176] [ddl_manager.cpp:350][operator()][4294992908]db manager working thread.
I1215 19:42:30.144126 125584 log.h:176] [schema_manager.cpp:349][process_peer_heartbeat_for_store][1288490215289]process peer hearbeat, table_exist_time: 0, partition_exist_time: 1, ilegal_peer_time: 1, log_id: 5887422668118113960
I1215 19:42:30.144186 125584 log.h:176] [schema_manager.cpp:380][process_leader_heartbeat_for_store][1288490215289]store: 127.0.1.1:8110 process leader heartbeat, update_status_time: 1, leader_region_time: 10 leader_balance_time: 8, log_id: 5887422668118113960
I1215 19:42:30.144196 125584 log.h:176] [meta_state_machine.cpp:97][store_heartbeat][1288490215289]store:127.0.1.1:8110 heart beat, time_cost: 89, instance_time: 4, peer_balance_time: 4, schema_time: 1, peer_time: 51, leader_time: 25, log_id: 5887422668118113960
I1215 19:42:45.147226 125550 log.h:176] [ddl_manager.cpp:704][work][4294992907]leader process ddl work.
I1215 19:42:45.398617 125550 log.h:176] [ddl_manager.cpp:350][operator()][4294992908]db manager working thread.
I1215 19:43:00.344727 125509 log.h:176] [schema_manager.cpp:349][process_peer_heartbeat_for_store][987842505825]process peer hearbeat, table_exist_time: 1, partition_exist_time: 0, ilegal_peer_time: 1, log_id: 5419774431600733767
I1215 19:43:00.344775 125509 log.h:176] [schema_manager.cpp:380][process_leader_heartbeat_for_store][987842505825]store: 127.0.1.1:8110 process leader heartbeat, update_status_time: 1, leader_region_time: 8 leader_balance_time: 5, log_id: 5419774431600733767
I1215 19:43:00.344780 125509 log.h:176] [meta_state_machine.cpp:97][store_heartbeat][987842505825]store:127.0.1.1:8110 heart beat, time_cost: 67, instance_time: 3, peer_balance_time: 2, schema_time: 1, peer_time: 41, leader_time: 17, log_id: 5419774431600733767
I1215 19:43:05.268023 125572 log.h:176] [ddl_manager.cpp:704][work][4294992907]leader process ddl work.
I1215 19:43:05.519601 125539 log.h:176] [ddl_manager.cpp:350][operator()][4294992908]db manager working thread.
I1215 19:43:20.611651 125534 node.cpp:975] node tso_raft:127.0.1.1:8010:0:0 starts to do snapshot
I1215 19:43:20.616110 125534 snapshot.cpp:642] Deleting /home/ubuntu/BaikalDB/meta_data/raft_data/snapshot/tso/snapshot_00000000000000235869
I1215 19:43:20.616120 125534 snapshot.cpp:648] Renaming /home/ubuntu/BaikalDB/meta_data/raft_data/snapshot/tso/temp to /home/ubuntu/BaikalDB/meta_data/raft_data/snapshot/tso/snapshot_00000000000000235869
I1215 19:43:20.616129 125534 snapshot.cpp:519] Deleting /home/ubuntu/BaikalDB/meta_data/raft_data/snapshot/tso/snapshot_00000000000000234672
I1215 19:43:20.616200 125534 snapshot_executor.cpp:234] node tso_raft:127.0.1.1:8010:0:0 snapshot_save_done, last_included_index=235869 last_included_term=3
I1215 19:43:25.386560 125507 log.h:176] [ddl_manager.cpp:704][work][4294992907]leader process ddl work.
I1215 19:43:25.638127 125507 log.h:176] [ddl_manager.cpp:350][operator()][4294992908]db manager working thread.
I1215 19:43:30.559757 125580 log.h:176] [schema_manager.cpp:349][process_peer_heartbeat_for_store][996432439567]process peer hearbeat, table_exist_time: 1, partition_exist_time: 0, ilegal_peer_time: 1, log_id: 10836908218894014835
I1215 19:43:30.559811 125580 log.h:176] [schema_manager.cpp:380][process_leader_heartbeat_for_store][996432439567]store: 127.0.1.1:8110 process leader heartbeat, update_status_time: 2, leader_region_time: 9 leader_balance_time: 7, log_id: 10836908218894014835
I1215 19:43:30.559818 125580 log.h:176] [meta_state_machine.cpp:97][store_heartbeat][996432439567]store:127.0.1.1:8110 heart beat, time_cost: 78, instance_time: 4, peer_balance_time: 2, schema_time: 1, peer_time: 44, leader_time: 24, log_id: 10836908218894014835
I1215 19:43:45.501910 125594 log.h:176] [ddl_manager.cpp:704][work][4294992907]leader process ddl work.
I1215 19:43:45.763327 125505 log.h:176] [ddl_manager.cpp:350][operator()][4294992908]db manager working thread.
I1215 19:44:00.769006 125600 log.h:176] [schema_manager.cpp:349][process_peer_heartbeat_for_store][1047972047662]process peer hearbeat, table_exist_time: 0, partition_exist_time: 0, ilegal_peer_time: 1, log_id: 14833160456801225106
I1215 19:44:00.769061 125600 log.h:176] [schema_manager.cpp:380][process_leader_heartbeat_for_store][1047972047662]store: 127.0.1.1:8110 process leader heartbeat, update_status_time: 1, leader_region_time: 10 leader_balance_time: 10, log_id: 14833160456801225106
I1215 19:44:00.769069 125600 log.h:176] [meta_state_machine.cpp:97][store_heartbeat][1047972047662]store:127.0.1.1:8110 heart beat, time_cost: 79, instance_time: 3, peer_balance_time: 3, schema_time: 1, peer_time: 41, leader_time: 29, log_id: 14833160456801225106
I1215 19:44:05.619393 125505 log.h:176] [ddl_manager.cpp:704][work][4294992907]leader process ddl work.
I1215 19:44:05.880900 125590 log.h:176] [ddl_manager.cpp:350][operator()][4294992908]db manager working thread.
I1215 19:44:20.611814 125584 node.cpp:975] node tso_raft:127.0.1.1:8010:0:0 starts to do snapshot
I1215 19:44:20.613107 125584 snapshot.cpp:642] Deleting /home/ubuntu/BaikalDB/meta_data/raft_data/snapshot/tso/snapshot_00000000000000237066
I1215 19:44:20.613113 125584 snapshot.cpp:648] Renaming /home/ubuntu/BaikalDB/meta_data/raft_data/snapshot/tso/temp to /home/ubuntu/BaikalDB/meta_data/raft_data/snapshot/tso/snapshot_00000000000000237066
I1215 19:44:20.613125 125584 snapshot.cpp:519] Deleting /home/ubuntu/BaikalDB/meta_data/raft_data/snapshot/tso/snapshot_00000000000000235869
I1215 19:44:20.613196 125584 snapshot_executor.cpp:234] node tso_raft:127.0.1.1:8010:0:0 snapshot_save_done, last_included_index=237066 last_included_term=3
I1215 19:44:25.737010 125594 log.h:176] [ddl_manager.cpp:704][work][4294992907]leader process ddl work.
I1215 19:44:25.998440 125600 log.h:176] [ddl_manager.cpp:350][operator()][4294992908]db manager working thread.
I1215 19:44:30.981900 125550 log.h:176] [schema_manager.cpp:349][process_peer_heartbeat_for_store][794568977559]process peer hearbeat, table_exist_time: 0, partition_exist_time: 0, ilegal_peer_time: 1, log_id: 8863430249939890905
I1215 19:44:30.981942 125550 log.h:176] [schema_manager.cpp:380][process_leader_heartbeat_for_store][794568977559]store: 127.0.1.1:8110 process leader heartbeat, update_status_time: 1, leader_region_time: 9 leader_balance_time: 5, log_id: 8863430249939890905
I1215 19:44:30.981947 125550 log.h:176] [meta_state_machine.cpp:97][store_heartbeat][794568977559]store:127.0.1.1:8110 heart beat, time_cost: 61, instance_time: 3, peer_balance_time: 2, schema_time: 1, peer_time: 34, leader_time: 19, log_id: 8863430249939890905
I1215 19:44:45.863368 125580 log.h:176] [ddl_manager.cpp:704][work][4294992907]leader process ddl work.
I1215 19:44:46.115025 125525 log.h:176] [ddl_manager.cpp:350][operator()][4294992908]db manager working thread.
I1215 19:45:01.195649 125509 log.h:176] [schema_manager.cpp:349][process_peer_heartbeat_for_store][721554532019]process peer hearbeat, table_exist_time: 0, partition_exist_time: 1, ilegal_peer_time: 1, log_id: 13841778825731855803
I1215 19:45:01.195704 125509 log.h:176] [schema_manager.cpp:380][process_leader_heartbeat_for_store][721554532019]store: 127.0.1.1:8110 process leader heartbeat, update_status_time: 2, leader_region_time: 8 leader_balance_time: 8, log_id: 13841778825731855803
I1215 19:45:01.195713 125509 log.h:176] [meta_state_machine.cpp:97][store_heartbeat][721554532019]store:127.0.1.1:8110 heart beat, time_cost: 82, instance_time: 4, peer_balance_time: 3, schema_time: 2, peer_time: 43, leader_time: 28, log_id: 13841778825731855803
I1215 19:45:05.980562 125516 log.h:176] [ddl_manager.cpp:704][work][4294992907]leader process ddl work.
I1215 19:45:06.232107 125509 log.h:176] [ddl_manager.cpp:350][operator()][4294992908]db manager working thread.
I1215 19:45:20.612027 125600 node.cpp:975] node tso_raft:127.0.1.1:8010:0:0 starts to do snapshot
I1215 19:45:20.616593 125600 snapshot.cpp:642] Deleting /home/ubuntu/BaikalDB/meta_data/raft_data/snapshot/tso/snapshot_00000000000000238263
I1215 19:45:20.616614 125600 snapshot.cpp:648] Renaming /home/ubuntu/BaikalDB/meta_data/raft_data/snapshot/tso/temp to /home/ubuntu/BaikalDB/meta_data/raft_data/snapshot/tso/snapshot_00000000000000238263
I1215 19:45:20.616636 125600 snapshot.cpp:519] Deleting /home/ubuntu/BaikalDB/meta_data/raft_data/snapshot/tso/snapshot_00000000000000237066
I1215 19:45:20.616789 125600 snapshot_executor.cpp:234] node tso_raft:127.0.1.1:8010:0:0 snapshot_save_done, last_included_index=238263 last_included_term=3
I1215 19:45:26.096900 125517 log.h:176] [ddl_manager.cpp:704][work][4294992907]leader process ddl work.
I1215 19:45:26.348289 125590 log.h:176] [ddl_manager.cpp:350][operator()][4294992908]db manager working thread.
I1215 19:45:31.426630 125534 log.h:176] [schema_manager.cpp:349][process_peer_heartbeat_for_store][970662636396]process peer hearbeat, table_exist_time: 0, partition_exist_time: 1, ilegal_peer_time: 0, log_id: 8047010806058542161
I1215 19:45:31.426683 125534 log.h:176] [schema_manager.cpp:380][process_leader_heartbeat_for_store][970662636396]store: 127.0.1.1:8110 process leader heartbeat, update_status_time: 1, leader_region_time: 9 leader_balance_time: 20, log_id: 8047010806058542161
I1215 19:45:31.426688 125534 log.h:176] [meta_state_machine.cpp:97][store_heartbeat][970662636396]store:127.0.1.1:8110 heart beat, time_cost: 76, instance_time: 5, peer_balance_time: 3, schema_time: 2, peer_time: 31, leader_time: 33, log_id: 8047010806058542161
I1215 19:45:46.208734 125600 log.h:176] [ddl_manager.cpp:704][work][4294992907]leader process ddl work.
I1215 19:45:46.460134 125505 log.h:176] [ddl_manager.cpp:350][operator()][4294992908]db manager working thread.
I1215 19:46:01.656104 125516 log.h:176] [schema_manager.cpp:349][process_peer_heartbeat_for_store][1060856949405]process peer hearbeat, table_exist_time: 0, partition_exist_time: 1, ilegal_peer_time: 1, log_id: 8880758129750488313
I1215 19:46:01.656159 125516 log.h:176] [schema_manager.cpp:380][process_leader_heartbeat_for_store][1060856949405]store: 127.0.1.1:8110 process leader heartbeat, update_status_time: 1, leader_region_time: 10 leader_balance_time: 9, log_id: 8880758129750488313
I1215 19:46:01.656168 125516 log.h:176] [meta_state_machine.cpp:97][store_heartbeat][1060856949405]store:127.0.1.1:8110 heart beat, time_cost: 79, instance_time: 4, peer_balance_time: 2, schema_time: 2, peer_time: 40, leader_time: 29, log_id: 8880758129750488313
I1215 19:46:06.326051 125550 log.h:176] [ddl_manager.cpp:704][work][4294992907]leader process ddl work.
I1215 19:46:06.577438 125520 log.h:176] [ddl_manager.cpp:350][operator()][4294992908]db manager working thread.
I1215 19:46:20.612262 125583 node.cpp:975] node tso_raft:127.0.1.1:8010:0:0 starts to do snapshot
I1215 19:46:20.613595 125583 snapshot.cpp:642] Deleting /home/ubuntu/BaikalDB/meta_data/raft_data/snapshot/tso/snapshot_00000000000000239460
I1215 19:46:20.613605 125583 snapshot.cpp:648] Renaming /home/ubuntu/BaikalDB/meta_data/raft_data/snapshot/tso/temp to /home/ubuntu/BaikalDB/meta_data/raft_data/snapshot/tso/snapshot_00000000000000239460
I1215 19:46:20.613612 125583 snapshot.cpp:519] Deleting /home/ubuntu/BaikalDB/meta_data/raft_data/snapshot/tso/snapshot_00000000000000238263
I1215 19:46:20.613684 125583 snapshot_executor.cpp:234] node tso_raft:127.0.1.1:8010:0:0 snapshot_save_done, last_included_index=239460 last_included_term=3
I1215 19:46:26.438697 125550 log.h:176] [ddl_manager.cpp:704][work][4294992907]leader process ddl work.
I1215 19:46:26.690196 125569 log.h:176] [ddl_manager.cpp:350][operator()][4294992908]db manager working thread.
I1215 19:46:31.877719 125507 log.h:176] [schema_manager.cpp:349][process_peer_heartbeat_for_store][1189705967962]process peer hearbeat, table_exist_time: 1, partition_exist_time: 0, ilegal_peer_time: 1, log_id: 12069281634308482360
I1215 19:46:31.877776 125507 log.h:176] [schema_manager.cpp:380][process_leader_heartbeat_for_store][1189705967962]store: 127.0.1.1:8110 process leader heartbeat, update_status_time: 1, leader_region_time: 10 leader_balance_time: 7, log_id: 12069281634308482360
I1215 19:46:31.877785 125507 log.h:176] [meta_state_machine.cpp:97][store_heartbeat][1189705967962]store:127.0.1.1:8110 heart beat, time_cost: 83, instance_time: 4, peer_balance_time: 2, schema_time: 2, peer_time: 46, leader_time: 26, log_id: 12069281634308482360
I1215 19:46:46.559860 125533 log.h:176] [ddl_manager.cpp:704][work][4294992907]leader process ddl work.
I1215 19:46:46.811313 125507 log.h:176] [ddl_manager.cpp:350][operator()][4294992908]db manager working thread.
I1215 19:47:02.083534 125600 log.h:176] [schema_manager.cpp:349][process_peer_heartbeat_for_store][1095216686871]process peer hearbeat, table_exist_time: 1, partition_exist_time: 1, ilegal_peer_time: 1, log_id: 6509774213961831718
I1215 19:47:02.083598 125600 log.h:176] [schema_manager.cpp:380][process_leader_heartbeat_for_store][1095216686871]store: 127.0.1.1:8110 process leader heartbeat, update_status_time: 1, leader_region_time: 11 leader_balance_time: 7, log_id: 6509774213961831718
I1215 19:47:02.083607 125600 log.h:176] [meta_state_machine.cpp:97][store_heartbeat][1095216686871]store:127.0.1.1:8110 heart beat, time_cost: 93, instance_time: 4, peer_balance_time: 3, schema_time: 2, peer_time: 54, leader_time: 27, log_id: 6509774213961831718
I1215 19:47:06.674901 125540 log.h:176] [ddl_manager.cpp:704][work][4294992907]leader process ddl work.
I1215 19:47:06.926367 125505 log.h:176] [ddl_manager.cpp:350][operator()][4294992908]db manager working thread.
I1215 19:47:20.612440 125507 node.cpp:975] node tso_raft:127.0.1.1:8010:0:0 starts to do snapshot
I1215 19:47:20.613839 125507 snapshot.cpp:642] Deleting /home/ubuntu/BaikalDB/meta_data/raft_data/snapshot/tso/snapshot_00000000000000240657
I1215 19:47:20.613847 125507 snapshot.cpp:648] Renaming /home/ubuntu/BaikalDB/meta_data/raft_data/snapshot/tso/temp to /home/ubuntu/BaikalDB/meta_data/raft_data/snapshot/tso/snapshot_00000000000000240657
I1215 19:47:20.613854 125507 snapshot.cpp:519] Deleting /home/ubuntu/BaikalDB/meta_data/raft_data/snapshot/tso/snapshot_00000000000000239460
I1215 19:47:20.613927 125507 snapshot_executor.cpp:234] node tso_raft:127.0.1.1:8010:0:0 snapshot_save_done, last_included_index=240657 last_included_term=3
I1215 19:47:26.784682 125505 log.h:176] [ddl_manager.cpp:704][work][4294992907]leader process ddl work.
I1215 19:47:27.036072 125507 log.h:176] [ddl_manager.cpp:350][operator()][4294992908]db manager working thread.
I1215 19:47:32.283496 125517 log.h:176] [schema_manager.cpp:349][process_peer_heartbeat_for_store][889058258986]process peer hearbeat, table_exist_time: 0, partition_exist_time: 0, ilegal_peer_time: 1, log_id: 9284846172021886171
I1215 19:47:32.283550 125517 log.h:176] [schema_manager.cpp:380][process_leader_heartbeat_for_store][889058258986]store: 127.0.1.1:8110 process leader heartbeat, update_status_time: 1, leader_region_time: 8 leader_balance_time: 8, log_id: 9284846172021886171
I1215 19:47:32.283557 125517 log.h:176] [meta_state_machine.cpp:97][store_heartbeat][889058258986]store:127.0.1.1:8110 heart beat, time_cost: 76, instance_time: 3, peer_balance_time: 1, schema_time: 1, peer_time: 39, leader_time: 27, log_id: 9284846172021886171
I1215 19:47:46.893908 125507 log.h:176] [ddl_manager.cpp:704][work][4294992907]leader process ddl work.
I1215 19:47:47.145301 125584 log.h:176] [ddl_manager.cpp:350][operator()][4294992908]db manager working thread.
I1215 19:48:02.496569 125516 log.h:176] [schema_manager.cpp:349][process_peer_heartbeat_for_store][979252573048]process peer hearbeat, table_exist_time: 1, partition_exist_time: 0, ilegal_peer_time: 1, log_id: 2143220501484987975
I1215 19:48:02.496608 125516 log.h:176] [schema_manager.cpp:380][process_leader_heartbeat_for_store][979252573048]store: 127.0.1.1:8110 process leader heartbeat, update_status_time: 1, leader_region_time: 8 leader_balance_time: 6, log_id: 2143220501484987975
I1215 19:48:02.496613 125516 log.h:176] [meta_state_machine.cpp:97][store_heartbeat][979252573048]store:127.0.1.1:8110 heart beat, time_cost: 54, instance_time: 3, peer_balance_time: 2, schema_time: 1, peer_time: 28, leader_time: 20, log_id: 2143220501484987975
I1215 19:48:07.006733 125525 log.h:176] [ddl_manager.cpp:704][work][4294992907]leader process ddl work.
I1215 19:48:07.258327 125519 log.h:176] [ddl_manager.cpp:350][operator()][4294992908]db manager working thread.
I1215 19:48:20.612641 125517 node.cpp:975] node tso_raft:127.0.1.1:8010:0:0 starts to do snapshot
I1215 19:48:20.617020 125517 snapshot.cpp:642] Deleting /home/ubuntu/BaikalDB/meta_data/raft_data/snapshot/tso/snapshot_00000000000000241854
I1215 19:48:20.617026 125517 snapshot.cpp:648] Renaming /home/ubuntu/BaikalDB/meta_data/raft_data/snapshot/tso/temp to /home/ubuntu/BaikalDB/meta_data/raft_data/snapshot/tso/snapshot_00000000000000241854
I1215 19:48:20.617035 125517 snapshot.cpp:519] Deleting /home/ubuntu/BaikalDB/meta_data/raft_data/snapshot/tso/snapshot_00000000000000240657
I1215 19:48:20.617108 125517 snapshot_executor.cpp:234] node tso_raft:127.0.1.1:8010:0:0 snapshot_save_done, last_included_index=241854 last_included_term=3
I1215 19:48:27.121199 125516 log.h:176] [ddl_manager.cpp:704][work][4294992907]leader process ddl work.
I1215 19:48:27.372629 125509 log.h:176] [ddl_manager.cpp:350][operator()][4294992908]db manager working thread.
I1215 19:48:32.704789 125540 log.h:176] [schema_manager.cpp:349][process_peer_heartbeat_for_store][940597866344]process peer hearbeat, table_exist_time: 0, partition_exist_time: 1, ilegal_peer_time: 0, log_id: 3621797179959530841
I1215 19:48:32.704835 125540 log.h:176] [schema_manager.cpp:380][process_leader_heartbeat_for_store][940597866344]store: 127.0.1.1:8110 process leader heartbeat, update_status_time: 1, leader_region_time: 9 leader_balance_time: 5, log_id: 3621797179959530841
I1215 19:48:32.704840 125540 log.h:176] [meta_state_machine.cpp:97][store_heartbeat][940597866344]store:127.0.1.1:8110 heart beat, time_cost: 65, instance_time: 4, peer_balance_time: 2, schema_time: 1, peer_time: 37, leader_time: 18, log_id: 3621797179959530841
I1215 19:48:47.241158 125519 log.h:176] [ddl_manager.cpp:704][work][4294992907]leader process ddl work.
I1215 19:48:47.492619 125583 log.h:176] [ddl_manager.cpp:350][operator()][4294992908]db manager working thread.
I1215 19:49:02.917784 125600 log.h:176] [schema_manager.cpp:349][process_peer_heartbeat_for_store][1009317342673]process peer hearbeat, table_exist_time: 1, partition_exist_time: 0, ilegal_peer_time: 1, log_id: 15431785733867108731
I1215 19:49:02.917822 125600 log.h:176] [schema_manager.cpp:380][process_leader_heartbeat_for_store][1009317342673]store: 127.0.1.1:8110 process leader heartbeat, update_status_time: 1, leader_region_time: 8 leader_balance_time: 5, log_id: 15431785733867108731
I1215 19:49:02.917826 125600 log.h:176] [meta_state_machine.cpp:97][store_heartbeat][1009317342673]store:127.0.1.1:8110 heart beat, time_cost: 55, instance_time: 2, peer_balance_time: 2, schema_time: 2, peer_time: 29, leader_time: 18, log_id: 15431785733867108731
I1215 19:49:07.357188 125600 log.h:176] [ddl_manager.cpp:704][work][4294992907]leader process ddl work.
I1215 19:49:07.608731 125584 log.h:176] [ddl_manager.cpp:350][operator()][4294992908]db manager working thread.
I1215 19:49:20.612813 125539 node.cpp:975] node tso_raft:127.0.1.1:8010:0:0 starts to do snapshot
I1215 19:49:20.617129 125539 snapshot.cpp:642] Deleting /home/ubuntu/BaikalDB/meta_data/raft_data/snapshot/tso/snapshot_00000000000000243051
I1215 19:49:20.617144 125539 snapshot.cpp:648] Renaming /home/ubuntu/BaikalDB/meta_data/raft_data/snapshot/tso/temp to /home/ubuntu/BaikalDB/meta_data/raft_data/snapshot/tso/snapshot_00000000000000243051
I1215 19:49:20.617161 125539 snapshot.cpp:519] Deleting /home/ubuntu/BaikalDB/meta_data/raft_data/snapshot/tso/snapshot_00000000000000241854
I1215 19:49:20.617281 125539 snapshot_executor.cpp:234] node tso_raft:127.0.1.1:8010:0:0 snapshot_save_done, last_included_index=243051 last_included_term=3
I1215 19:49:27.475133 125519 log.h:176] [ddl_manager.cpp:704][work][4294992907]leader process ddl work.
I1215 19:49:27.726781 125509 log.h:176] [ddl_manager.cpp:350][operator()][4294992908]db manager working thread.
I1215 19:49:29.095361 125534 node.cpp:975] node meta_raft:127.0.1.1:8010:0:0 starts to do snapshot
I1215 19:49:29.095402 125534 snapshot_executor.cpp:154] node meta_raft:127.0.1.1:8010:0:0 the gap between fsm applied index 5 and last_snapshot_index 5 is less than 1, will clear bufferred logs and return success
I1215 19:49:33.133817 125525 log.h:176] [schema_manager.cpp:349][process_peer_heartbeat_for_store][1108101588701]process peer hearbeat, table_exist_time: 1, partition_exist_time: 0, ilegal_peer_time: 1, log_id: 13695690390703888990
I1215 19:49:33.133875 125525 log.h:176] [schema_manager.cpp:380][process_leader_heartbeat_for_store][1108101588701]store: 127.0.1.1:8110 process leader heartbeat, update_status_time: 1, leader_region_time: 9 leader_balance_time: 6, log_id: 13695690390703888990
