I1217 00:15:58.154412 305411 log.h:176] [schema_manager.cpp:349][process_peer_heartbeat_for_store][433791726923]process peer hearbeat, table_exist_time: 0, partition_exist_time: 0, ilegal_peer_time: 1, log_id: 340453999296701404
I1217 00:15:58.154474 305411 log.h:176] [schema_manager.cpp:380][process_leader_heartbeat_for_store][433791726923]store: 127.0.1.1:8110 process leader heartbeat, update_status_time: 1, leader_region_time: 9 leader_balance_time: 7, log_id: 340453999296701404
I1217 00:15:58.154484 305411 log.h:176] [meta_state_machine.cpp:97][store_heartbeat][433791726923]store:127.0.1.1:8110 heart beat, time_cost: 90, instance_time: 4, peer_balance_time: 2, schema_time: 2, peer_time: 53, leader_time: 26, log_id: 340453999296701404
I1217 00:16:03.004374 305338 log.h:176] [ddl_manager.cpp:704][work][4294992907]leader process ddl work.
I1217 00:16:03.416499 305344 log.h:176] [ddl_manager.cpp:350][operator()][4294992908]db manager working thread.
I1217 00:16:22.364583 305378 node.cpp:975] node tso_raft:127.0.1.1:8010:0:0 starts to do snapshot
I1217 00:16:22.368911 305378 snapshot.cpp:642] Deleting /home/ubuntu/BaikalDB/meta_data/raft_data/snapshot/tso/snapshot_00000000000000921417
I1217 00:16:22.368932 305378 snapshot.cpp:648] Renaming /home/ubuntu/BaikalDB/meta_data/raft_data/snapshot/tso/temp to /home/ubuntu/BaikalDB/meta_data/raft_data/snapshot/tso/snapshot_00000000000000921417
I1217 00:16:22.368942 305378 snapshot.cpp:519] Deleting /home/ubuntu/BaikalDB/meta_data/raft_data/snapshot/tso/snapshot_00000000000000920220
I1217 00:16:22.369015 305378 snapshot_executor.cpp:234] node tso_raft:127.0.1.1:8010:0:0 snapshot_save_done, last_included_index=921417 last_included_term=5
I1217 00:16:23.112013 305409 log.h:176] [ddl_manager.cpp:704][work][4294992907]leader process ddl work.
I1217 00:16:23.524241 305371 log.h:176] [ddl_manager.cpp:350][operator()][4294992908]db manager working thread.
I1217 00:16:28.324689 305407 log.h:176] [schema_manager.cpp:349][process_peer_heartbeat_for_store][549755840893]process peer hearbeat, table_exist_time: 0, partition_exist_time: 0, ilegal_peer_time: 1, log_id: 2701120820564806635
I1217 00:16:28.324731 305407 log.h:176] [schema_manager.cpp:380][process_leader_heartbeat_for_store][549755840893]store: 127.0.1.1:8110 process leader heartbeat, update_status_time: 1, leader_region_time: 8 leader_balance_time: 6, log_id: 2701120820564806635
I1217 00:16:28.324738 305407 log.h:176] [meta_state_machine.cpp:97][store_heartbeat][549755840893]store:127.0.1.1:8110 heart beat, time_cost: 64, instance_time: 4, peer_balance_time: 3, schema_time: 1, peer_time: 35, leader_time: 20, log_id: 2701120820564806635
I1217 00:16:43.218400 305334 log.h:176] [ddl_manager.cpp:704][work][4294992907]leader process ddl work.
I1217 00:16:43.630667 305334 log.h:176] [ddl_manager.cpp:350][operator()][4294992908]db manager working thread.
I1217 00:16:58.499044 305335 log.h:176] [schema_manager.cpp:349][process_peer_heartbeat_for_store][588410547471]process peer hearbeat, table_exist_time: 0, partition_exist_time: 0, ilegal_peer_time: 0, log_id: 12723833001429220599
I1217 00:16:58.499079 305335 log.h:176] [schema_manager.cpp:380][process_leader_heartbeat_for_store][588410547471]store: 127.0.1.1:8110 process leader heartbeat, update_status_time: 1, leader_region_time: 6 leader_balance_time: 5, log_id: 12723833001429220599
I1217 00:16:58.499083 305335 log.h:176] [meta_state_machine.cpp:97][store_heartbeat][588410547471]store:127.0.1.1:8110 heart beat, time_cost: 52, instance_time: 3, peer_balance_time: 2, schema_time: 1, peer_time: 29, leader_time: 16, log_id: 12723833001429220599
I1217 00:17:03.325143 305336 log.h:176] [ddl_manager.cpp:704][work][4294992907]leader process ddl work.
I1217 00:17:03.737329 305348 log.h:176] [ddl_manager.cpp:350][operator()][4294992908]db manager working thread.
I1217 00:17:22.364786 305350 node.cpp:975] node tso_raft:127.0.1.1:8010:0:0 starts to do snapshot
I1217 00:17:22.369186 305350 snapshot.cpp:642] Deleting /home/ubuntu/BaikalDB/meta_data/raft_data/snapshot/tso/snapshot_00000000000000922614
I1217 00:17:22.369218 305350 snapshot.cpp:648] Renaming /home/ubuntu/BaikalDB/meta_data/raft_data/snapshot/tso/temp to /home/ubuntu/BaikalDB/meta_data/raft_data/snapshot/tso/snapshot_00000000000000922614
I1217 00:17:22.369235 305350 snapshot.cpp:519] Deleting /home/ubuntu/BaikalDB/meta_data/raft_data/snapshot/tso/snapshot_00000000000000921417
I1217 00:17:22.369346 305350 snapshot_executor.cpp:234] node tso_raft:127.0.1.1:8010:0:0 snapshot_save_done, last_included_index=922614 last_included_term=5
I1217 00:17:23.432669 305378 log.h:176] [ddl_manager.cpp:704][work][4294992907]leader process ddl work.
I1217 00:17:23.847507 305411 log.h:176] [ddl_manager.cpp:350][operator()][4294992908]db manager working thread.
I1217 00:17:28.680214 305344 log.h:176] [schema_manager.cpp:349][process_peer_heartbeat_for_store][665719962928]process peer hearbeat, table_exist_time: 0, partition_exist_time: 1, ilegal_peer_time: 0, log_id: 2607847574613388096
I1217 00:17:28.680254 305344 log.h:176] [schema_manager.cpp:380][process_leader_heartbeat_for_store][665719962928]store: 127.0.1.1:8110 process leader heartbeat, update_status_time: 1, leader_region_time: 7 leader_balance_time: 5, log_id: 2607847574613388096
I1217 00:17:28.680269 305344 log.h:176] [meta_state_machine.cpp:97][store_heartbeat][665719962928]store:127.0.1.1:8110 heart beat, time_cost: 70, instance_time: 3, peer_balance_time: 2, schema_time: 2, peer_time: 35, leader_time: 25, log_id: 2607847574613388096
I1217 00:17:43.540442 305389 log.h:176] [ddl_manager.cpp:704][work][4294992907]leader process ddl work.
I1217 00:17:43.958299 305329 log.h:176] [ddl_manager.cpp:350][operator()][4294992908]db manager working thread.
I1217 00:17:58.287542 305322 node.cpp:975] node meta_raft:127.0.1.1:8010:0:0 starts to do snapshot
I1217 00:17:58.287575 305322 snapshot_executor.cpp:154] node meta_raft:127.0.1.1:8010:0:0 the gap between fsm applied index 15 and last_snapshot_index 15 is less than 1, will clear bufferred logs and return success
I1217 00:17:58.868274 305346 log.h:176] [schema_manager.cpp:349][process_peer_heartbeat_for_store][498216237838]process peer hearbeat, table_exist_time: 0, partition_exist_time: 0, ilegal_peer_time: 1, log_id: 11601984636012332519
I1217 00:17:58.868311 305346 log.h:176] [schema_manager.cpp:380][process_leader_heartbeat_for_store][498216237838]store: 127.0.1.1:8110 process leader heartbeat, update_status_time: 1, leader_region_time: 8 leader_balance_time: 5, log_id: 11601984636012332519
I1217 00:17:58.868316 305346 log.h:176] [meta_state_machine.cpp:97][store_heartbeat][498216237838]store:127.0.1.1:8110 heart beat, time_cost: 54, instance_time: 3, peer_balance_time: 2, schema_time: 1, peer_time: 29, leader_time: 18, log_id: 11601984636012332519
I1217 00:18:03.647840 305378 log.h:176] [ddl_manager.cpp:704][work][4294992907]leader process ddl work.
I1217 00:18:04.067441 305389 log.h:176] [ddl_manager.cpp:350][operator()][4294992908]db manager working thread.
I1217 00:18:22.364972 305331 node.cpp:975] node tso_raft:127.0.1.1:8010:0:0 starts to do snapshot
I1217 00:18:22.369428 305331 snapshot.cpp:642] Deleting /home/ubuntu/BaikalDB/meta_data/raft_data/snapshot/tso/snapshot_00000000000000923811
I1217 00:18:22.369462 305331 snapshot.cpp:648] Renaming /home/ubuntu/BaikalDB/meta_data/raft_data/snapshot/tso/temp to /home/ubuntu/BaikalDB/meta_data/raft_data/snapshot/tso/snapshot_00000000000000923811
I1217 00:18:22.369477 305331 snapshot.cpp:519] Deleting /home/ubuntu/BaikalDB/meta_data/raft_data/snapshot/tso/snapshot_00000000000000922614
I1217 00:18:22.369580 305331 snapshot_executor.cpp:234] node tso_raft:127.0.1.1:8010:0:0 snapshot_save_done, last_included_index=923811 last_included_term=5
I1217 00:18:23.755241 305334 log.h:176] [ddl_manager.cpp:704][work][4294992907]leader process ddl work.
I1217 00:18:24.177413 305386 log.h:176] [ddl_manager.cpp:350][operator()][4294992908]db manager working thread.
I1217 00:18:29.038323 305348 log.h:176] [schema_manager.cpp:349][process_peer_heartbeat_for_store][652835055160]process peer hearbeat, table_exist_time: 1, partition_exist_time: 0, ilegal_peer_time: 0, log_id: 13985764554571688692
I1217 00:18:29.038367 305348 log.h:176] [schema_manager.cpp:380][process_leader_heartbeat_for_store][652835055160]store: 127.0.1.1:8110 process leader heartbeat, update_status_time: 1, leader_region_time: 8 leader_balance_time: 5, log_id: 13985764554571688692
I1217 00:18:29.038371 305348 log.h:176] [meta_state_machine.cpp:97][store_heartbeat][652835055160]store:127.0.1.1:8110 heart beat, time_cost: 61, instance_time: 3, peer_balance_time: 1, schema_time: 1, peer_time: 35, leader_time: 18, log_id: 13985764554571688692
I1217 00:18:43.863612 305338 log.h:176] [ddl_manager.cpp:704][work][4294992907]leader process ddl work.
I1217 00:18:44.289554 305331 log.h:176] [ddl_manager.cpp:350][operator()][4294992908]db manager working thread.
I1217 00:18:59.212477 305325 log.h:176] [schema_manager.cpp:349][process_peer_heartbeat_for_store][476741395870]process peer hearbeat, table_exist_time: 1, partition_exist_time: 0, ilegal_peer_time: 1, log_id: 8309814529558278525
I1217 00:18:59.212519 305325 log.h:176] [schema_manager.cpp:380][process_leader_heartbeat_for_store][476741395870]store: 127.0.1.1:8110 process leader heartbeat, update_status_time: 1, leader_region_time: 6 leader_balance_time: 6, log_id: 8309814529558278525
I1217 00:18:59.212532 305325 log.h:176] [meta_state_machine.cpp:97][store_heartbeat][476741395870]store:127.0.1.1:8110 heart beat, time_cost: 68, instance_time: 3, peer_balance_time: 2, schema_time: 1, peer_time: 36, leader_time: 23, log_id: 8309814529558278525
I1217 00:19:03.971743 305409 log.h:176] [ddl_manager.cpp:704][work][4294992907]leader process ddl work.
I1217 00:19:04.399355 305350 log.h:176] [ddl_manager.cpp:350][operator()][4294992908]db manager working thread.
I1217 00:19:22.365185 305377 node.cpp:975] node tso_raft:127.0.1.1:8010:0:0 starts to do snapshot
I1217 00:19:22.369683 305377 snapshot.cpp:642] Deleting /home/ubuntu/BaikalDB/meta_data/raft_data/snapshot/tso/snapshot_00000000000000925007
I1217 00:19:22.369691 305377 snapshot.cpp:648] Renaming /home/ubuntu/BaikalDB/meta_data/raft_data/snapshot/tso/temp to /home/ubuntu/BaikalDB/meta_data/raft_data/snapshot/tso/snapshot_00000000000000925007
I1217 00:19:22.369702 305377 snapshot.cpp:519] Deleting /home/ubuntu/BaikalDB/meta_data/raft_data/snapshot/tso/snapshot_00000000000000923811
I1217 00:19:22.369783 305377 snapshot_executor.cpp:234] node tso_raft:127.0.1.1:8010:0:0 snapshot_save_done, last_included_index=925007 last_included_term=5
I1217 00:19:24.079609 305334 log.h:176] [ddl_manager.cpp:704][work][4294992907]leader process ddl work.
I1217 00:19:24.511358 305350 log.h:176] [ddl_manager.cpp:350][operator()][4294992908]db manager working thread.
I1217 00:19:29.386593 305390 log.h:176] [schema_manager.cpp:349][process_peer_heartbeat_for_store][794568976004]process peer hearbeat, table_exist_time: 0, partition_exist_time: 1, ilegal_peer_time: 0, log_id: 249647740679982979
I1217 00:19:29.386633 305390 log.h:176] [schema_manager.cpp:380][process_leader_heartbeat_for_store][794568976004]store: 127.0.1.1:8110 process leader heartbeat, update_status_time: 1, leader_region_time: 8 leader_balance_time: 5, log_id: 249647740679982979
I1217 00:19:29.386639 305390 log.h:176] [meta_state_machine.cpp:97][store_heartbeat][794568976004]store:127.0.1.1:8110 heart beat, time_cost: 58, instance_time: 3, peer_balance_time: 1, schema_time: 2, peer_time: 31, leader_time: 19, log_id: 249647740679982979
I1217 00:19:44.186777 305358 log.h:176] [ddl_manager.cpp:704][work][4294992907]leader process ddl work.
I1217 00:19:44.619124 305346 log.h:176] [ddl_manager.cpp:350][operator()][4294992908]db manager working thread.
I1217 00:19:59.566306 305386 log.h:176] [schema_manager.cpp:349][process_peer_heartbeat_for_store][644245123399]process peer hearbeat, table_exist_time: 0, partition_exist_time: 0, ilegal_peer_time: 1, log_id: 4529757814391119013
I1217 00:19:59.566349 305386 log.h:176] [schema_manager.cpp:380][process_leader_heartbeat_for_store][644245123399]store: 127.0.1.1:8110 process leader heartbeat, update_status_time: 2, leader_region_time: 8 leader_balance_time: 5, log_id: 4529757814391119013
I1217 00:19:59.566354 305386 log.h:176] [meta_state_machine.cpp:97][store_heartbeat][644245123399]store:127.0.1.1:8110 heart beat, time_cost: 65, instance_time: 4, peer_balance_time: 2, schema_time: 3, peer_time: 33, leader_time: 19, log_id: 4529757814391119013
I1217 00:20:04.294176 305411 log.h:176] [ddl_manager.cpp:704][work][4294992907]leader process ddl work.
I1217 00:20:04.726501 305348 log.h:176] [ddl_manager.cpp:350][operator()][4294992908]db manager working thread.
I1217 00:20:22.365327 305334 node.cpp:975] node tso_raft:127.0.1.1:8010:0:0 starts to do snapshot
I1217 00:20:22.369798 305334 snapshot.cpp:642] Deleting /home/ubuntu/BaikalDB/meta_data/raft_data/snapshot/tso/snapshot_00000000000000926204
I1217 00:20:22.369810 305334 snapshot.cpp:648] Renaming /home/ubuntu/BaikalDB/meta_data/raft_data/snapshot/tso/temp to /home/ubuntu/BaikalDB/meta_data/raft_data/snapshot/tso/snapshot_00000000000000926204
I1217 00:20:22.369822 305334 snapshot.cpp:519] Deleting /home/ubuntu/BaikalDB/meta_data/raft_data/snapshot/tso/snapshot_00000000000000925007
I1217 00:20:22.369905 305334 snapshot_executor.cpp:234] node tso_raft:127.0.1.1:8010:0:0 snapshot_save_done, last_included_index=926204 last_included_term=5
I1217 00:20:24.402890 305335 log.h:176] [ddl_manager.cpp:704][work][4294992907]leader process ddl work.
I1217 00:20:24.835224 305386 log.h:176] [ddl_manager.cpp:350][operator()][4294992908]db manager working thread.
I1217 00:20:29.735899 305336 log.h:176] [schema_manager.cpp:349][process_peer_heartbeat_for_store][609885387312]process peer hearbeat, table_exist_time: 0, partition_exist_time: 1, ilegal_peer_time: 0, log_id: 5195520994170286495
I1217 00:20:29.735944 305336 log.h:176] [schema_manager.cpp:380][process_leader_heartbeat_for_store][609885387312]store: 127.0.1.1:8110 process leader heartbeat, update_status_time: 1, leader_region_time: 8 leader_balance_time: 5, log_id: 5195520994170286495
I1217 00:20:29.735949 305336 log.h:176] [meta_state_machine.cpp:97][store_heartbeat][609885387312]store:127.0.1.1:8110 heart beat, time_cost: 65, instance_time: 4, peer_balance_time: 2, schema_time: 2, peer_time: 37, leader_time: 18, log_id: 5195520994170286495
I1217 00:20:41.203572 305390 node.cpp:975] node auto_incr_raft:127.0.1.1:8010:0:0 starts to do snapshot
I1217 00:20:41.203616 305390 snapshot_executor.cpp:154] node auto_incr_raft:127.0.1.1:8010:0:0 the gap between fsm applied index 4 and last_snapshot_index 4 is less than 1, will clear bufferred logs and return success
I1217 00:20:44.510372 305334 log.h:176] [ddl_manager.cpp:704][work][4294992907]leader process ddl work.
I1217 00:20:44.942730 305334 log.h:176] [ddl_manager.cpp:350][operator()][4294992908]db manager working thread.
I1217 00:20:59.911644 305314 log.h:176] [schema_manager.cpp:349][process_peer_heartbeat_for_store][755914271467]process peer hearbeat, table_exist_time: 1, partition_exist_time: 0, ilegal_peer_time: 1, log_id: 13410039976788883820
I1217 00:20:59.911686 305314 log.h:176] [schema_manager.cpp:380][process_leader_heartbeat_for_store][755914271467]store: 127.0.1.1:8110 process leader heartbeat, update_status_time: 1, leader_region_time: 9 leader_balance_time: 5, log_id: 13410039976788883820
I1217 00:20:59.911692 305314 log.h:176] [meta_state_machine.cpp:97][store_heartbeat][755914271467]store:127.0.1.1:8110 heart beat, time_cost: 63, instance_time: 4, peer_balance_time: 2, schema_time: 2, peer_time: 33, leader_time: 20, log_id: 13410039976788883820
I1217 00:21:04.617859 305344 log.h:176] [ddl_manager.cpp:704][work][4294992907]leader process ddl work.
I1217 00:21:05.050064 305331 log.h:176] [ddl_manager.cpp:350][operator()][4294992908]db manager working thread.
I1217 00:21:22.365504 305314 node.cpp:975] node tso_raft:127.0.1.1:8010:0:0 starts to do snapshot
I1217 00:21:22.369990 305314 snapshot.cpp:642] Deleting /home/ubuntu/BaikalDB/meta_data/raft_data/snapshot/tso/snapshot_00000000000000927401
I1217 00:21:22.369998 305314 snapshot.cpp:648] Renaming /home/ubuntu/BaikalDB/meta_data/raft_data/snapshot/tso/temp to /home/ubuntu/BaikalDB/meta_data/raft_data/snapshot/tso/snapshot_00000000000000927401
I1217 00:21:22.370009 305314 snapshot.cpp:519] Deleting /home/ubuntu/BaikalDB/meta_data/raft_data/snapshot/tso/snapshot_00000000000000926204
I1217 00:21:22.370087 305314 snapshot_executor.cpp:234] node tso_raft:127.0.1.1:8010:0:0 snapshot_save_done, last_included_index=927401 last_included_term=5
I1217 00:21:24.729550 305331 log.h:176] [ddl_manager.cpp:704][work][4294992907]leader process ddl work.
I1217 00:21:25.158500 305322 log.h:176] [ddl_manager.cpp:350][operator()][4294992908]db manager working thread.
I1217 00:21:30.096589 305327 log.h:176] [schema_manager.cpp:349][process_peer_heartbeat_for_store][670014928880]process peer hearbeat, table_exist_time: 0, partition_exist_time: 1, ilegal_peer_time: 0, log_id: 3930898219942173493
I1217 00:21:30.096627 305327 log.h:176] [schema_manager.cpp:380][process_leader_heartbeat_for_store][670014928880]store: 127.0.1.1:8110 process leader heartbeat, update_status_time: 0, leader_region_time: 7 leader_balance_time: 5, log_id: 3930898219942173493
I1217 00:21:30.096634 305327 log.h:176] [meta_state_machine.cpp:97][store_heartbeat][670014928880]store:127.0.1.1:8110 heart beat, time_cost: 57, instance_time: 2, peer_balance_time: 2, schema_time: 2, peer_time: 30, leader_time: 19, log_id: 3930898219942173493
I1217 00:21:44.840093 305369 log.h:176] [ddl_manager.cpp:704][work][4294992907]leader process ddl work.
I1217 00:21:45.266618 305363 log.h:176] [ddl_manager.cpp:350][operator()][4294992908]db manager working thread.
I1217 00:22:00.273370 305411 log.h:176] [schema_manager.cpp:349][process_peer_heartbeat_for_store][502511201233]process peer hearbeat, table_exist_time: 0, partition_exist_time: 1, ilegal_peer_time: 0, log_id: 4358548498963369445
I1217 00:22:00.273409 305411 log.h:176] [schema_manager.cpp:380][process_leader_heartbeat_for_store][502511201233]store: 127.0.1.1:8110 process leader heartbeat, update_status_time: 1, leader_region_time: 7 leader_balance_time: 6, log_id: 4358548498963369445
I1217 00:22:00.273414 305411 log.h:176] [meta_state_machine.cpp:97][store_heartbeat][502511201233]store:127.0.1.1:8110 heart beat, time_cost: 58, instance_time: 3, peer_balance_time: 2, schema_time: 1, peer_time: 32, leader_time: 18, log_id: 4358548498963369445
I1217 00:22:04.950181 305350 log.h:176] [ddl_manager.cpp:704][work][4294992907]leader process ddl work.
I1217 00:22:05.374554 305386 log.h:176] [ddl_manager.cpp:350][operator()][4294992908]db manager working thread.
I1217 00:22:22.365710 305327 node.cpp:975] node tso_raft:127.0.1.1:8010:0:0 starts to do snapshot
I1217 00:22:22.370090 305327 snapshot.cpp:642] Deleting /home/ubuntu/BaikalDB/meta_data/raft_data/snapshot/tso/snapshot_00000000000000928598
I1217 00:22:22.370102 305327 snapshot.cpp:648] Renaming /home/ubuntu/BaikalDB/meta_data/raft_data/snapshot/tso/temp to /home/ubuntu/BaikalDB/meta_data/raft_data/snapshot/tso/snapshot_00000000000000928598
I1217 00:22:22.370121 305327 snapshot.cpp:519] Deleting /home/ubuntu/BaikalDB/meta_data/raft_data/snapshot/tso/snapshot_00000000000000927401
I1217 00:22:22.370244 305327 snapshot_executor.cpp:234] node tso_raft:127.0.1.1:8010:0:0 snapshot_save_done, last_included_index=928598 last_included_term=5
I1217 00:22:25.058848 305407 log.h:176] [ddl_manager.cpp:704][work][4294992907]leader process ddl work.
I1217 00:22:25.483006 305334 log.h:176] [ddl_manager.cpp:350][operator()][4294992908]db manager working thread.
I1217 00:22:30.447288 305348 log.h:176] [schema_manager.cpp:349][process_peer_heartbeat_for_store][609885386373]process peer hearbeat, table_exist_time: 0, partition_exist_time: 1, ilegal_peer_time: 0, log_id: 3706179344246434321
I1217 00:22:30.447324 305348 log.h:176] [schema_manager.cpp:380][process_leader_heartbeat_for_store][609885386373]store: 127.0.1.1:8110 process leader heartbeat, update_status_time: 2, leader_region_time: 6 leader_balance_time: 5, log_id: 3706179344246434321
I1217 00:22:30.447329 305348 log.h:176] [meta_state_machine.cpp:97][store_heartbeat][609885386373]store:127.0.1.1:8110 heart beat, time_cost: 52, instance_time: 3, peer_balance_time: 1, schema_time: 2, peer_time: 27, leader_time: 17, log_id: 3706179344246434321
I1217 00:22:45.168399 305329 log.h:176] [ddl_manager.cpp:704][work][4294992907]leader process ddl work.
I1217 00:22:45.590945 305331 log.h:176] [ddl_manager.cpp:350][operator()][4294992908]db manager working thread.
I1217 00:23:00.625084 305379 log.h:176] [schema_manager.cpp:349][process_peer_heartbeat_for_store][584115584233]process peer hearbeat, table_exist_time: 1, partition_exist_time: 0, ilegal_peer_time: 1, log_id: 4139305264074653957
I1217 00:23:00.625126 305379 log.h:176] [schema_manager.cpp:380][process_leader_heartbeat_for_store][584115584233]store: 127.0.1.1:8110 process leader heartbeat, update_status_time: 2, leader_region_time: 8 leader_balance_time: 5, log_id: 4139305264074653957
I1217 00:23:00.625133 305379 log.h:176] [meta_state_machine.cpp:97][store_heartbeat][584115584233]store:127.0.1.1:8110 heart beat, time_cost: 66, instance_time: 4, peer_balance_time: 2, schema_time: 2, peer_time: 34, leader_time: 20, log_id: 4139305264074653957
I1217 00:23:05.277179 305371 log.h:176] [ddl_manager.cpp:704][work][4294992907]leader process ddl work.
I1217 00:23:05.699401 305358 log.h:176] [ddl_manager.cpp:350][operator()][4294992908]db manager working thread.
I1217 00:23:22.365892 305377 node.cpp:975] node tso_raft:127.0.1.1:8010:0:0 starts to do snapshot
I1217 00:23:22.370188 305377 snapshot.cpp:642] Deleting /home/ubuntu/BaikalDB/meta_data/raft_data/snapshot/tso/snapshot_00000000000000929795
I1217 00:23:22.370198 305377 snapshot.cpp:648] Renaming /home/ubuntu/BaikalDB/meta_data/raft_data/snapshot/tso/temp to /home/ubuntu/BaikalDB/meta_data/raft_data/snapshot/tso/snapshot_00000000000000929795
I1217 00:23:22.370208 305377 snapshot.cpp:519] Deleting /home/ubuntu/BaikalDB/meta_data/raft_data/snapshot/tso/snapshot_00000000000000928598
I1217 00:23:22.370291 305377 snapshot_executor.cpp:234] node tso_raft:127.0.1.1:8010:0:0 snapshot_save_done, last_included_index=929795 last_included_term=5
I1217 00:23:25.384605 305350 log.h:176] [ddl_manager.cpp:704][work][4294992907]leader process ddl work.
I1217 00:23:25.806890 305338 log.h:176] [ddl_manager.cpp:350][operator()][4294992908]db manager working thread.
I1217 00:23:30.799324 305387 log.h:176] [schema_manager.cpp:349][process_peer_heartbeat_for_store][734439435032]process peer hearbeat, table_exist_time: 0, partition_exist_time: 1, ilegal_peer_time: 0, log_id: 17596634634655080576
I1217 00:23:30.799363 305387 log.h:176] [schema_manager.cpp:380][process_leader_heartbeat_for_store][734439435032]store: 127.0.1.1:8110 process leader heartbeat, update_status_time: 1, leader_region_time: 8 leader_balance_time: 5, log_id: 17596634634655080576
I1217 00:23:30.799369 305387 log.h:176] [meta_state_machine.cpp:97][store_heartbeat][734439435032]store:127.0.1.1:8110 heart beat, time_cost: 59, instance_time: 3, peer_balance_time: 2, schema_time: 1, peer_time: 30, leader_time: 19, log_id: 17596634634655080576
I1217 00:23:45.493379 305369 log.h:176] [ddl_manager.cpp:704][work][4294992907]leader process ddl work.
I1217 00:23:45.915740 305336 log.h:176] [ddl_manager.cpp:350][operator()][4294992908]db manager working thread.
I1217 00:24:00.974121 305378 log.h:176] [schema_manager.cpp:349][process_peer_heartbeat_for_store][463856500027]process peer hearbeat, table_exist_time: 1, partition_exist_time: 0, ilegal_peer_time: 1, log_id: 10370224388499768557
I1217 00:24:00.974152 305378 log.h:176] [schema_manager.cpp:380][process_leader_heartbeat_for_store][463856500027]store: 127.0.1.1:8110 process leader heartbeat, update_status_time: 1, leader_region_time: 7 leader_balance_time: 6, log_id: 10370224388499768557
I1217 00:24:00.974157 305378 log.h:176] [meta_state_machine.cpp:97][store_heartbeat][463856500027]store:127.0.1.1:8110 heart beat, time_cost: 49, instance_time: 3, peer_balance_time: 1, schema_time: 2, peer_time: 23, leader_time: 17, log_id: 10370224388499768557
I1217 00:24:05.600716 305364 log.h:176] [ddl_manager.cpp:704][work][4294992907]leader process ddl work.
I1217 00:24:06.023072 305325 log.h:176] [ddl_manager.cpp:350][operator()][4294992908]db manager working thread.
I1217 00:24:22.366057 305329 node.cpp:975] node tso_raft:127.0.1.1:8010:0:0 starts to do snapshot
I1217 00:24:22.370573 305329 snapshot.cpp:642] Deleting /home/ubuntu/BaikalDB/meta_data/raft_data/snapshot/tso/snapshot_00000000000000930991
I1217 00:24:22.370584 305329 snapshot.cpp:648] Renaming /home/ubuntu/BaikalDB/meta_data/raft_data/snapshot/tso/temp to /home/ubuntu/BaikalDB/meta_data/raft_data/snapshot/tso/snapshot_00000000000000930991
I1217 00:24:22.370600 305329 snapshot.cpp:519] Deleting /home/ubuntu/BaikalDB/meta_data/raft_data/snapshot/tso/snapshot_00000000000000929795
I1217 00:24:22.370704 305329 snapshot_executor.cpp:234] node tso_raft:127.0.1.1:8010:0:0 snapshot_save_done, last_included_index=930991 last_included_term=5
I1217 00:24:25.709244 305314 log.h:176] [ddl_manager.cpp:704][work][4294992907]leader process ddl work.
I1217 00:24:26.131495 305350 log.h:176] [ddl_manager.cpp:350][operator()][4294992908]db manager working thread.
I1217 00:24:31.144212 305411 log.h:176] [schema_manager.cpp:349][process_peer_heartbeat_for_store][493921271043]process peer hearbeat, table_exist_time: 0, partition_exist_time: 0, ilegal_peer_time: 1, log_id: 13424084595312795975
I1217 00:24:31.144287 305411 log.h:176] [schema_manager.cpp:380][process_leader_heartbeat_for_store][493921271043]store: 127.0.1.1:8110 process leader heartbeat, update_status_time: 1, leader_region_time: 9 leader_balance_time: 7, log_id: 13424084595312795975
I1217 00:24:31.144296 305411 log.h:176] [meta_state_machine.cpp:97][store_heartbeat][493921271043]store:127.0.1.1:8110 heart beat, time_cost: 103, instance_time: 4, peer_balance_time: 3, schema_time: 1, peer_time: 66, leader_time: 26, log_id: 13424084595312795975
I1217 00:24:45.816620 305386 log.h:176] [ddl_manager.cpp:704][work][4294992907]leader process ddl work.
I1217 00:24:46.238904 305390 log.h:176] [ddl_manager.cpp:350][operator()][4294992908]db manager working thread.
I1217 00:25:01.327291 305363 log.h:176] [schema_manager.cpp:349][process_peer_heartbeat_for_store][678604859715]process peer hearbeat, table_exist_time: 1, partition_exist_time: 0, ilegal_peer_time: 1, log_id: 1446909809983940022
I1217 00:25:01.327332 305363 log.h:176] [schema_manager.cpp:380][process_leader_heartbeat_for_store][678604859715]store: 127.0.1.1:8110 process leader heartbeat, update_status_time: 2, leader_region_time: 7 leader_balance_time: 5, log_id: 1446909809983940022
I1217 00:25:01.327339 305363 log.h:176] [meta_state_machine.cpp:97][store_heartbeat][678604859715]store:127.0.1.1:8110 heart beat, time_cost: 65, instance_time: 4, peer_balance_time: 2, schema_time: 2, peer_time: 35, leader_time: 18, log_id: 1446909809983940022
I1217 00:25:05.924307 305336 log.h:176] [ddl_manager.cpp:704][work][4294992907]leader process ddl work.
I1217 00:25:06.346454 305387 log.h:176] [ddl_manager.cpp:350][operator()][4294992908]db manager working thread.
I1217 00:25:22.366245 305368 node.cpp:975] node tso_raft:127.0.1.1:8010:0:0 starts to do snapshot
I1217 00:25:22.370797 305368 snapshot.cpp:642] Deleting /home/ubuntu/BaikalDB/meta_data/raft_data/snapshot/tso/snapshot_00000000000000932188
I1217 00:25:22.370815 305368 snapshot.cpp:648] Renaming /home/ubuntu/BaikalDB/meta_data/raft_data/snapshot/tso/temp to /home/ubuntu/BaikalDB/meta_data/raft_data/snapshot/tso/snapshot_00000000000000932188
I1217 00:25:22.370831 305368 snapshot.cpp:519] Deleting /home/ubuntu/BaikalDB/meta_data/raft_data/snapshot/tso/snapshot_00000000000000930991
I1217 00:25:22.370936 305368 snapshot_executor.cpp:234] node tso_raft:127.0.1.1:8010:0:0 snapshot_save_done, last_included_index=932188 last_included_term=5
I1217 00:25:26.031502 305350 log.h:176] [ddl_manager.cpp:704][work][4294992907]leader process ddl work.
I1217 00:25:26.453719 305412 log.h:176] [ddl_manager.cpp:350][operator()][4294992908]db manager working thread.
I1217 00:25:31.506163 305335 log.h:176] [schema_manager.cpp:349][process_peer_heartbeat_for_store][618475317066]process peer hearbeat, table_exist_time: 1, partition_exist_time: 0, ilegal_peer_time: 1, log_id: 10316561664027783236
I1217 00:25:31.506206 305335 log.h:176] [schema_manager.cpp:380][process_leader_heartbeat_for_store][618475317066]store: 127.0.1.1:8110 process leader heartbeat, update_status_time: 2, leader_region_time: 7 leader_balance_time: 6, log_id: 10316561664027783236
I1217 00:25:31.506211 305335 log.h:176] [meta_state_machine.cpp:97][store_heartbeat][618475317066]store:127.0.1.1:8110 heart beat, time_cost: 63, instance_time: 3, peer_balance_time: 2, schema_time: 1, peer_time: 35, leader_time: 20, log_id: 10316561664027783236
I1217 00:25:46.139426 305331 log.h:176] [ddl_manager.cpp:704][work][4294992907]leader process ddl work.
I1217 00:25:46.561677 305358 log.h:176] [ddl_manager.cpp:350][operator()][4294992908]db manager working thread.
I1217 00:26:01.686695 305378 log.h:176] [schema_manager.cpp:349][process_peer_heartbeat_for_store][579820611683]process peer hearbeat, table_exist_time: 0, partition_exist_time: 0, ilegal_peer_time: 0, log_id: 15339874115925682648
I1217 00:26:01.686754 305378 log.h:176] [schema_manager.cpp:380][process_leader_heartbeat_for_store][579820611683]store: 127.0.1.1:8110 process leader heartbeat, update_status_time: 1, leader_region_time: 9 leader_balance_time: 6, log_id: 15339874115925682648
I1217 00:26:01.686769 305378 log.h:176] [meta_state_machine.cpp:97][store_heartbeat][579820611683]store:127.0.1.1:8110 heart beat, time_cost: 89, instance_time: 3, peer_balance_time: 2, schema_time: 1, peer_time: 50, leader_time: 31, log_id: 15339874115925682648
I1217 00:26:06.246869 305344 log.h:176] [ddl_manager.cpp:704][work][4294992907]leader process ddl work.
I1217 00:26:06.669091 305390 log.h:176] [ddl_manager.cpp:350][operator()][4294992908]db manager working thread.
I1217 00:26:22.366451 305327 node.cpp:975] node tso_raft:127.0.1.1:8010:0:0 starts to do snapshot
I1217 00:26:22.371039 305327 snapshot.cpp:642] Deleting /home/ubuntu/BaikalDB/meta_data/raft_data/snapshot/tso/snapshot_00000000000000933385
I1217 00:26:22.371058 305327 snapshot.cpp:648] Renaming /home/ubuntu/BaikalDB/meta_data/raft_data/snapshot/tso/temp to /home/ubuntu/BaikalDB/meta_data/raft_data/snapshot/tso/snapshot_00000000000000933385
I1217 00:26:22.371071 305327 snapshot.cpp:519] Deleting /home/ubuntu/BaikalDB/meta_data/raft_data/snapshot/tso/snapshot_00000000000000932188
I1217 00:26:22.371165 305327 snapshot_executor.cpp:234] node tso_raft:127.0.1.1:8010:0:0 snapshot_save_done, last_included_index=933385 last_included_term=5
I1217 00:26:26.353176 305411 log.h:176] [ddl_manager.cpp:704][work][4294992907]leader process ddl work.
I1217 00:26:26.775452 305329 log.h:176] [ddl_manager.cpp:350][operator()][4294992908]db manager working thread.
I1217 00:26:31.860476 305346 log.h:176] [schema_manager.cpp:349][process_peer_heartbeat_for_store][442381662687]process peer hearbeat, table_exist_time: 1, partition_exist_time: 0, ilegal_peer_time: 1, log_id: 6900331742867809885
I1217 00:26:31.860514 305346 log.h:176] [schema_manager.cpp:380][process_leader_heartbeat_for_store][442381662687]store: 127.0.1.1:8110 process leader heartbeat, update_status_time: 1, leader_region_time: 9 leader_balance_time: 5, log_id: 6900331742867809885
I1217 00:26:31.860519 305346 log.h:176] [meta_state_machine.cpp:97][store_heartbeat][442381662687]store:127.0.1.1:8110 heart beat, time_cost: 57, instance_time: 3, peer_balance_time: 2, schema_time: 1, peer_time: 30, leader_time: 19, log_id: 6900331742867809885
I1217 00:26:46.460335 305322 log.h:176] [ddl_manager.cpp:704][work][4294992907]leader process ddl work.
I1217 00:26:46.882499 305338 log.h:176] [ddl_manager.cpp:350][operator()][4294992908]db manager working thread.
I1217 00:27:02.037070 305377 log.h:176] [schema_manager.cpp:349][process_peer_heartbeat_for_store][790274008637]process peer hearbeat, table_exist_time: 1, partition_exist_time: 0, ilegal_peer_time: 1, log_id: 11587336672918830315
I1217 00:27:02.037120 305377 log.h:176] [schema_manager.cpp:380][process_leader_heartbeat_for_store][790274008637]store: 127.0.1.1:8110 process leader heartbeat, update_status_time: 1, leader_region_time: 8 leader_balance_time: 7, log_id: 11587336672918830315
I1217 00:27:02.037127 305377 log.h:176] [meta_state_machine.cpp:97][store_heartbeat][790274008637]store:127.0.1.1:8110 heart beat, time_cost: 71, instance_time: 3, peer_balance_time: 2, schema_time: 1, peer_time: 39, leader_time: 23, log_id: 11587336672918830315
I1217 00:27:06.567947 305327 log.h:176] [ddl_manager.cpp:704][work][4294992907]leader process ddl work.
I1217 00:27:06.990237 305331 log.h:176] [ddl_manager.cpp:350][operator()][4294992908]db manager working thread.
I1217 00:27:22.366675 305331 node.cpp:975] node tso_raft:127.0.1.1:8010:0:0 starts to do snapshot
I1217 00:27:22.371111 305331 snapshot.cpp:642] Deleting /home/ubuntu/BaikalDB/meta_data/raft_data/snapshot/tso/snapshot_00000000000000934582
I1217 00:27:22.371124 305331 snapshot.cpp:648] Renaming /home/ubuntu/BaikalDB/meta_data/raft_data/snapshot/tso/temp to /home/ubuntu/BaikalDB/meta_data/raft_data/snapshot/tso/snapshot_00000000000000934582
I1217 00:27:22.371140 305331 snapshot.cpp:519] Deleting /home/ubuntu/BaikalDB/meta_data/raft_data/snapshot/tso/snapshot_00000000000000933385
I1217 00:27:22.371248 305331 snapshot_executor.cpp:234] node tso_raft:127.0.1.1:8010:0:0 snapshot_save_done, last_included_index=934582 last_included_term=5
I1217 00:27:26.676246 305338 log.h:176] [ddl_manager.cpp:704][work][4294992907]leader process ddl work.
I1217 00:27:27.098496 305322 log.h:176] [ddl_manager.cpp:350][operator()][4294992908]db manager working thread.
I1217 00:27:32.204668 305379 log.h:176] [schema_manager.cpp:349][process_peer_heartbeat_for_store][472446431765]process peer hearbeat, table_exist_time: 0, partition_exist_time: 0, ilegal_peer_time: 1, log_id: 371684157365009037
I1217 00:27:32.204712 305379 log.h:176] [schema_manager.cpp:380][process_leader_heartbeat_for_store][472446431765]store: 127.0.1.1:8110 process leader heartbeat, update_status_time: 1, leader_region_time: 8 leader_balance_time: 5, log_id: 371684157365009037
I1217 00:27:32.204718 305379 log.h:176] [meta_state_machine.cpp:97][store_heartbeat][472446431765]store:127.0.1.1:8110 heart beat, time_cost: 64, instance_time: 3, peer_balance_time: 2, schema_time: 2, peer_time: 36, leader_time: 19, log_id: 371684157365009037
I1217 00:27:46.784174 305387 log.h:176] [ddl_manager.cpp:704][work][4294992907]leader process ddl work.
I1217 00:27:47.206441 305386 log.h:176] [ddl_manager.cpp:350][operator()][4294992908]db manager working thread.
I1217 00:27:58.287639 305327 node.cpp:975] node meta_raft:127.0.1.1:8010:0:0 starts to do snapshot
I1217 00:27:58.287673 305327 snapshot_executor.cpp:154] node meta_raft:127.0.1.1:8010:0:0 the gap between fsm applied index 15 and last_snapshot_index 15 is less than 1, will clear bufferred logs and return success
I1217 00:28:02.375608 305348 log.h:176] [schema_manager.cpp:349][process_peer_heartbeat_for_store][627065258339]process peer hearbeat, table_exist_time: 0, partition_exist_time: 1, ilegal_peer_time: 1, log_id: 14774047595056366710
I1217 00:28:02.375653 305348 log.h:176] [schema_manager.cpp:380][process_leader_heartbeat_for_store][627065258339]store: 127.0.1.1:8110 process leader heartbeat, update_status_time: 1, leader_region_time: 6 leader_balance_time: 7, log_id: 14774047595056366710
I1217 00:28:02.375659 305348 log.h:176] [meta_state_machine.cpp:97][store_heartbeat][627065258339]store:127.0.1.1:8110 heart beat, time_cost: 66, instance_time: 3, peer_balance_time: 3, schema_time: 1, peer_time: 38, leader_time: 20, log_id: 14774047595056366710
I1217 00:28:06.891844 305349 log.h:176] [ddl_manager.cpp:704][work][4294992907]leader process ddl work.
I1217 00:28:07.314253 305364 log.h:176] [ddl_manager.cpp:350][operator()][4294992908]db manager working thread.
                                                                                                  