I1216 20:00:40.039126 3552041 log.h:176] [ddl_manager.cpp:350][operator()][4294992652]db manager working thread.
I1216 20:00:42.942112 3551978 log.h:176] [schema_manager.cpp:349][process_peer_heartbeat_for_store][231928260385]process peer hearbeat, table_exist_time: 1, partition_exist_time: 0, ilegal_peer_time: 1, log_id: 3565603684006560681
I1216 20:00:42.942154 3551978 log.h:176] [schema_manager.cpp:380][process_leader_heartbeat_for_store][231928260385]store: 127.0.1.1:8110 process leader heartbeat, update_status_time: 1, leader_region_time: 9 leader_balance_time: 6, log_id: 3565603684006560681
I1216 20:00:42.942162 3551978 log.h:176] [meta_state_machine.cpp:97][store_heartbeat][231928260385]store:127.0.1.1:8110 heart beat, time_cost: 64, instance_time: 4, peer_balance_time: 2, schema_time: 1, peer_time: 31, leader_time: 22, log_id: 3565603684006560681
I1216 20:00:59.815425 3552008 log.h:176] [ddl_manager.cpp:704][work][4294992651]leader process ddl work.
I1216 20:01:00.147143 3552022 log.h:176] [ddl_manager.cpp:350][operator()][4294992652]db manager working thread.
I1216 20:01:01.154000 3551986 node.cpp:975] node tso_raft:127.0.1.1:8010:0:0 starts to do snapshot
I1216 20:01:01.158352 3551986 snapshot.cpp:642] Deleting /home/ubuntu/BaikalDB/meta_data/raft_data/snapshot/tso/snapshot_00000000000000615888
I1216 20:01:01.158360 3551986 snapshot.cpp:648] Renaming /home/ubuntu/BaikalDB/meta_data/raft_data/snapshot/tso/temp to /home/ubuntu/BaikalDB/meta_data/raft_data/snapshot/tso/snapshot_00000000000000615888
I1216 20:01:01.158370 3551986 snapshot.cpp:519] Deleting /home/ubuntu/BaikalDB/meta_data/raft_data/snapshot/tso/snapshot_00000000000000614691
I1216 20:01:01.158470 3551986 snapshot_executor.cpp:234] node tso_raft:127.0.1.1:8010:0:0 snapshot_save_done, last_included_index=615888 last_included_term=4
I1216 20:01:13.115970 3552010 log.h:176] [schema_manager.cpp:349][process_peer_heartbeat_for_store][292057802072]process peer hearbeat, table_exist_time: 1, partition_exist_time: 0, ilegal_peer_time: 1, log_id: 5877563517297275988
I1216 20:01:13.116037 3552010 log.h:176] [schema_manager.cpp:380][process_leader_heartbeat_for_store][292057802072]store: 127.0.1.1:8110 process leader heartbeat, update_status_time: 2, leader_region_time: 11 leader_balance_time: 8, log_id: 5877563517297275988
I1216 20:01:13.116051 3552010 log.h:176] [meta_state_machine.cpp:97][store_heartbeat][292057802072]store:127.0.1.1:8110 heart beat, time_cost: 99, instance_time: 5, peer_balance_time: 2, schema_time: 2, peer_time: 54, leader_time: 32, log_id: 5877563517297275988
I1216 20:01:19.926954 3551950 log.h:176] [ddl_manager.cpp:704][work][4294992651]leader process ddl work.
I1216 20:01:20.254891 3551970 log.h:176] [ddl_manager.cpp:350][operator()][4294992652]db manager working thread.
I1216 20:01:40.035831 3552010 log.h:176] [ddl_manager.cpp:704][work][4294992651]leader process ddl work.
I1216 20:01:40.361709 3551978 log.h:176] [ddl_manager.cpp:350][operator()][4294992652]db manager working thread.
I1216 20:01:43.285230 3551971 log.h:176] [schema_manager.cpp:349][process_peer_heartbeat_for_store][408021924827]process peer hearbeat, table_exist_time: 1, partition_exist_time: 0, ilegal_peer_time: 1, log_id: 11788115636398090717
I1216 20:01:43.285269 3551971 log.h:176] [schema_manager.cpp:380][process_leader_heartbeat_for_store][408021924827]store: 127.0.1.1:8110 process leader heartbeat, update_status_time: 1, leader_region_time: 8 leader_balance_time: 6, log_id: 11788115636398090717
I1216 20:01:43.285274 3551971 log.h:176] [meta_state_machine.cpp:97][store_heartbeat][408021924827]store:127.0.1.1:8110 heart beat, time_cost: 58, instance_time: 3, peer_balance_time: 2, schema_time: 1, peer_time: 29, leader_time: 20, log_id: 11788115636398090717
I1216 20:02:00.145915 3551971 log.h:176] [ddl_manager.cpp:704][work][4294992651]leader process ddl work.
I1216 20:02:00.469551 3552043 log.h:176] [ddl_manager.cpp:350][operator()][4294992652]db manager working thread.
I1216 20:02:01.154165 3551950 node.cpp:975] node tso_raft:127.0.1.1:8010:0:0 starts to do snapshot
I1216 20:02:01.158455 3551950 snapshot.cpp:642] Deleting /home/ubuntu/BaikalDB/meta_data/raft_data/snapshot/tso/snapshot_00000000000000617085
I1216 20:02:01.158463 3551950 snapshot.cpp:648] Renaming /home/ubuntu/BaikalDB/meta_data/raft_data/snapshot/tso/temp to /home/ubuntu/BaikalDB/meta_data/raft_data/snapshot/tso/snapshot_00000000000000617085
I1216 20:02:01.158473 3551950 snapshot.cpp:519] Deleting /home/ubuntu/BaikalDB/meta_data/raft_data/snapshot/tso/snapshot_00000000000000615888
I1216 20:02:01.158567 3551950 snapshot_executor.cpp:234] node tso_raft:127.0.1.1:8010:0:0 snapshot_save_done, last_included_index=617085 last_included_term=4
I1216 20:02:13.457355 3551981 log.h:176] [schema_manager.cpp:349][process_peer_heartbeat_for_store][399431985324]process peer hearbeat, table_exist_time: 1, partition_exist_time: 1, ilegal_peer_time: 1, log_id: 8324205800491588191
I1216 20:02:13.457414 3551981 log.h:176] [schema_manager.cpp:380][process_leader_heartbeat_for_store][399431985324]store: 127.0.1.1:8110 process leader heartbeat, update_status_time: 1, leader_region_time: 11 leader_balance_time: 8, log_id: 8324205800491588191
I1216 20:02:13.457434 3551981 log.h:176] [meta_state_machine.cpp:97][store_heartbeat][399431985324]store:127.0.1.1:8110 heart beat, time_cost: 98, instance_time: 5, peer_balance_time: 2, schema_time: 2, peer_time: 49, leader_time: 33, log_id: 8324205800491588191
I1216 20:02:20.254966 3552046 log.h:176] [ddl_manager.cpp:704][work][4294992651]leader process ddl work.
I1216 20:02:20.577440 3552010 log.h:176] [ddl_manager.cpp:350][operator()][4294992652]db manager working thread.
I1216 20:02:40.362255 3552026 log.h:176] [ddl_manager.cpp:704][work][4294992651]leader process ddl work.
I1216 20:02:40.684023 3552008 log.h:176] [ddl_manager.cpp:350][operator()][4294992652]db manager working thread.
I1216 20:02:43.629297 3551984 log.h:176] [schema_manager.cpp:349][process_peer_heartbeat_for_store][300647742942]process peer hearbeat, table_exist_time: 0, partition_exist_time: 0, ilegal_peer_time: 1, log_id: 13202292101381415487
I1216 20:02:43.629335 3551984 log.h:176] [schema_manager.cpp:380][process_leader_heartbeat_for_store][300647742942]store: 127.0.1.1:8110 process leader heartbeat, update_status_time: 2, leader_region_time: 9 leader_balance_time: 5, log_id: 13202292101381415487
I1216 20:02:43.629343 3551984 log.h:176] [meta_state_machine.cpp:97][store_heartbeat][300647742942]store:127.0.1.1:8110 heart beat, time_cost: 62, instance_time: 3, peer_balance_time: 3, schema_time: 1, peer_time: 31, leader_time: 21, log_id: 13202292101381415487
I1216 20:03:00.470207 3552043 log.h:176] [ddl_manager.cpp:704][work][4294992651]leader process ddl work.
I1216 20:03:00.793776 3551991 log.h:176] [ddl_manager.cpp:350][operator()][4294992652]db manager working thread.
I1216 20:03:01.154332 3551978 node.cpp:975] node tso_raft:127.0.1.1:8010:0:0 starts to do snapshot
I1216 20:03:01.158694 3551978 snapshot.cpp:642] Deleting /home/ubuntu/BaikalDB/meta_data/raft_data/snapshot/tso/snapshot_00000000000000618282
I1216 20:03:01.158701 3551978 snapshot.cpp:648] Renaming /home/ubuntu/BaikalDB/meta_data/raft_data/snapshot/tso/temp to /home/ubuntu/BaikalDB/meta_data/raft_data/snapshot/tso/snapshot_00000000000000618282
I1216 20:03:01.158712 3551978 snapshot.cpp:519] Deleting /home/ubuntu/BaikalDB/meta_data/raft_data/snapshot/tso/snapshot_00000000000000617085
I1216 20:03:01.158794 3551978 snapshot_executor.cpp:234] node tso_raft:127.0.1.1:8010:0:0 snapshot_save_done, last_included_index=618282 last_included_term=4
I1216 20:03:13.801370 3551986 log.h:176] [schema_manager.cpp:349][process_peer_heartbeat_for_store][369367215208]process peer hearbeat, table_exist_time: 1, partition_exist_time: 0, ilegal_peer_time: 1, log_id: 2912610512529585969
I1216 20:03:13.801421 3551986 log.h:176] [schema_manager.cpp:380][process_leader_heartbeat_for_store][369367215208]store: 127.0.1.1:8110 process leader heartbeat, update_status_time: 0, leader_region_time: 9 leader_balance_time: 4, log_id: 2912610512529585969
I1216 20:03:13.801427 3551986 log.h:176] [meta_state_machine.cpp:97][store_heartbeat][369367215208]store:127.0.1.1:8110 heart beat, time_cost: 72, instance_time: 3, peer_balance_time: 2, schema_time: 2, peer_time: 43, leader_time: 20, log_id: 2912610512529585969
I1216 20:03:20.577963 3551987 log.h:176] [ddl_manager.cpp:704][work][4294992651]leader process ddl work.
I1216 20:03:20.902554 3551984 log.h:176] [ddl_manager.cpp:350][operator()][4294992652]db manager working thread.
I1216 20:03:40.686344 3551960 log.h:176] [ddl_manager.cpp:704][work][4294992651]leader process ddl work.
I1216 20:03:41.011953 3551998 log.h:176] [ddl_manager.cpp:350][operator()][4294992652]db manager working thread.
I1216 20:03:43.972524 3551956 log.h:176] [schema_manager.cpp:349][process_peer_heartbeat_for_store][309237676449]process peer hearbeat, table_exist_time: 0, partition_exist_time: 1, ilegal_peer_time: 1, log_id: 10048081296749291226
I1216 20:03:43.972568 3551956 log.h:176] [schema_manager.cpp:380][process_leader_heartbeat_for_store][309237676449]store: 127.0.1.1:8110 process leader heartbeat, update_status_time: 1, leader_region_time: 8 leader_balance_time: 6, log_id: 10048081296749291226
I1216 20:03:43.972579 3551956 log.h:176] [meta_state_machine.cpp:97][store_heartbeat][309237676449]store:127.0.1.1:8110 heart beat, time_cost: 68, instance_time: 3, peer_balance_time: 2, schema_time: 2, peer_time: 36, leader_time: 24, log_id: 10048081296749291226
I1216 20:04:00.794230 3551950 log.h:176] [ddl_manager.cpp:704][work][4294992651]leader process ddl work.
I1216 20:04:01.121556 3552046 log.h:176] [ddl_manager.cpp:350][operator()][4294992652]db manager working thread.
I1216 20:04:01.154505 3551991 node.cpp:975] node tso_raft:127.0.1.1:8010:0:0 starts to do snapshot
I1216 20:04:01.158803 3551991 snapshot.cpp:642] Deleting /home/ubuntu/BaikalDB/meta_data/raft_data/snapshot/tso/snapshot_00000000000000619479
I1216 20:04:01.158814 3551991 snapshot.cpp:648] Renaming /home/ubuntu/BaikalDB/meta_data/raft_data/snapshot/tso/temp to /home/ubuntu/BaikalDB/meta_data/raft_data/snapshot/tso/snapshot_00000000000000619479
I1216 20:04:01.158828 3551991 snapshot.cpp:519] Deleting /home/ubuntu/BaikalDB/meta_data/raft_data/snapshot/tso/snapshot_00000000000000618282
I1216 20:04:01.158933 3551991 snapshot_executor.cpp:234] node tso_raft:127.0.1.1:8010:0:0 snapshot_save_done, last_included_index=619479 last_included_term=4
I1216 20:04:14.142040 3551987 log.h:176] [schema_manager.cpp:349][process_peer_heartbeat_for_store][309237676052]process peer hearbeat, table_exist_time: 0, partition_exist_time: 1, ilegal_peer_time: 1, log_id: 949486854989829057
I1216 20:04:14.142084 3551987 log.h:176] [schema_manager.cpp:380][process_leader_heartbeat_for_store][309237676052]store: 127.0.1.1:8110 process leader heartbeat, update_status_time: 1, leader_region_time: 7 leader_balance_time: 5, log_id: 949486854989829057
I1216 20:04:14.142091 3551987 log.h:176] [meta_state_machine.cpp:97][store_heartbeat][309237676052]store:127.0.1.1:8110 heart beat, time_cost: 65, instance_time: 3, peer_balance_time: 2, schema_time: 2, peer_time: 38, leader_time: 18, log_id: 949486854989829057
I1216 20:04:20.901782 3551976 log.h:176] [ddl_manager.cpp:704][work][4294992651]leader process ddl work.
I1216 20:04:21.229554 3551981 log.h:176] [ddl_manager.cpp:350][operator()][4294992652]db manager working thread.
I1216 20:04:41.009361 3551998 log.h:176] [ddl_manager.cpp:704][work][4294992651]leader process ddl work.
I1216 20:04:41.340746 3551976 log.h:176] [ddl_manager.cpp:350][operator()][4294992652]db manager working thread.
I1216 20:04:44.311241 3552010 log.h:176] [schema_manager.cpp:349][process_peer_heartbeat_for_store][420906823466]process peer hearbeat, table_exist_time: 0, partition_exist_time: 1, ilegal_peer_time: 1, log_id: 8121497801906859973
I1216 20:04:44.311282 3552010 log.h:176] [schema_manager.cpp:380][process_leader_heartbeat_for_store][420906823466]store: 127.0.1.1:8110 process leader heartbeat, update_status_time: 1, leader_region_time: 10 leader_balance_time: 5, log_id: 8121497801906859973
I1216 20:04:44.311288 3552010 log.h:176] [meta_state_machine.cpp:97][store_heartbeat][420906823466]store:127.0.1.1:8110 heart beat, time_cost: 61, instance_time: 3, peer_balance_time: 3, schema_time: 1, peer_time: 31, leader_time: 20, log_id: 8121497801906859973
I1216 20:05:01.116169 3551960 log.h:176] [ddl_manager.cpp:704][work][4294992651]leader process ddl work.
I1216 20:05:01.154672 3552008 node.cpp:975] node tso_raft:127.0.1.1:8010:0:0 starts to do snapshot
I1216 20:05:01.155752 3552008 snapshot.cpp:642] Deleting /home/ubuntu/BaikalDB/meta_data/raft_data/snapshot/tso/snapshot_00000000000000620676
I1216 20:05:01.155759 3552008 snapshot.cpp:648] Renaming /home/ubuntu/BaikalDB/meta_data/raft_data/snapshot/tso/temp to /home/ubuntu/BaikalDB/meta_data/raft_data/snapshot/tso/snapshot_00000000000000620676
I1216 20:05:01.155771 3552008 snapshot.cpp:519] Deleting /home/ubuntu/BaikalDB/meta_data/raft_data/snapshot/tso/snapshot_00000000000000619479
I1216 20:05:01.155854 3552008 snapshot_executor.cpp:234] node tso_raft:127.0.1.1:8010:0:0 snapshot_save_done, last_included_index=620676 last_included_term=4
I1216 20:05:01.447948 3551976 log.h:176] [ddl_manager.cpp:350][operator()][4294992652]db manager working thread.
I1216 20:05:12.890172 3551998 node.cpp:975] node meta_raft:127.0.1.1:8010:0:0 starts to do snapshot
I1216 20:05:12.890218 3551998 snapshot_executor.cpp:154] node meta_raft:127.0.1.1:8010:0:0 the gap between fsm applied index 11 and last_snapshot_index 11 is less than 1, will clear bufferred logs and return success
I1216 20:05:14.483268 3552031 log.h:176] [schema_manager.cpp:349][process_peer_heartbeat_for_store][287762841522]process peer hearbeat, table_exist_time: 0, partition_exist_time: 1, ilegal_peer_time: 0, log_id: 17443156737271517062
I1216 20:05:14.483315 3552031 log.h:176] [schema_manager.cpp:380][process_leader_heartbeat_for_store][287762841522]store: 127.0.1.1:8110 process leader heartbeat, update_status_time: 1, leader_region_time: 8 leader_balance_time: 7, log_id: 17443156737271517062
I1216 20:05:14.483323 3552031 log.h:176] [meta_state_machine.cpp:97][store_heartbeat][287762841522]store:127.0.1.1:8110 heart beat, time_cost: 68, instance_time: 3, peer_balance_time: 2, schema_time: 2, peer_time: 35, leader_time: 24, log_id: 17443156737271517062
I1216 20:05:21.223836 3552004 log.h:176] [ddl_manager.cpp:704][work][4294992651]leader process ddl work.
I1216 20:05:21.555615 3552010 log.h:176] [ddl_manager.cpp:350][operator()][4294992652]db manager working thread.
I1216 20:05:41.332171 3551975 log.h:176] [ddl_manager.cpp:704][work][4294992651]leader process ddl work.
I1216 20:05:41.663906 3552046 log.h:176] [ddl_manager.cpp:350][operator()][4294992652]db manager working thread.
I1216 20:05:44.650738 3551971 log.h:176] [schema_manager.cpp:349][process_peer_heartbeat_for_store][266288000148]process peer hearbeat, table_exist_time: 0, partition_exist_time: 1, ilegal_peer_time: 0, log_id: 3088224728125277971
I1216 20:05:44.650765 3551971 log.h:176] [schema_manager.cpp:380][process_leader_heartbeat_for_store][266288000148]store: 127.0.1.1:8110 process leader heartbeat, update_status_time: 1, leader_region_time: 7 leader_balance_time: 4, log_id: 3088224728125277971
I1216 20:05:44.650770 3551971 log.h:176] [meta_state_machine.cpp:97][store_heartbeat][266288000148]store:127.0.1.1:8110 heart beat, time_cost: 45, instance_time: 3, peer_balance_time: 1, schema_time: 1, peer_time: 21, leader_time: 16, log_id: 3088224728125277971
I1216 20:06:01.154837 3551967 node.cpp:975] node tso_raft:127.0.1.1:8010:0:0 starts to do snapshot
I1216 20:06:01.159257 3551967 snapshot.cpp:642] Deleting /home/ubuntu/BaikalDB/meta_data/raft_data/snapshot/tso/snapshot_00000000000000621872
I1216 20:06:01.159281 3551967 snapshot.cpp:648] Renaming /home/ubuntu/BaikalDB/meta_data/raft_data/snapshot/tso/temp to /home/ubuntu/BaikalDB/meta_data/raft_data/snapshot/tso/snapshot_00000000000000621872
I1216 20:06:01.159294 3551967 snapshot.cpp:519] Deleting /home/ubuntu/BaikalDB/meta_data/raft_data/snapshot/tso/snapshot_00000000000000620676
I1216 20:06:01.159387 3551967 snapshot_executor.cpp:234] node tso_raft:127.0.1.1:8010:0:0 snapshot_save_done, last_included_index=621872 last_included_term=4
I1216 20:06:01.439055 3551975 log.h:176] [ddl_manager.cpp:704][work][4294992651]leader process ddl work.
I1216 20:06:01.770679 3551991 log.h:176] [ddl_manager.cpp:350][operator()][4294992652]db manager working thread.
I1216 20:06:14.821374 3552046 log.h:176] [schema_manager.cpp:349][process_peer_heartbeat_for_store][382252121490]process peer hearbeat, table_exist_time: 0, partition_exist_time: 1, ilegal_peer_time: 0, log_id: 9496287035575707424
I1216 20:06:14.821411 3552046 log.h:176] [schema_manager.cpp:380][process_leader_heartbeat_for_store][382252121490]store: 127.0.1.1:8110 process leader heartbeat, update_status_time: 0, leader_region_time: 10 leader_balance_time: 5, log_id: 9496287035575707424
I1216 20:06:14.821419 3552046 log.h:176] [meta_state_machine.cpp:97][store_heartbeat][382252121490]store:127.0.1.1:8110 heart beat, time_cost: 58, instance_time: 3, peer_balance_time: 3, schema_time: 1, peer_time: 29, leader_time: 20, log_id: 9496287035575707424
I1216 20:06:21.546952 3551984 log.h:176] [ddl_manager.cpp:704][work][4294992651]leader process ddl work.
I1216 20:06:21.878808 3552043 log.h:176] [ddl_manager.cpp:350][operator()][4294992652]db manager working thread.
I1216 20:06:40.414189 3552043 node.cpp:975] node auto_incr_raft:127.0.1.1:8010:0:0 starts to do snapshot
I1216 20:06:40.414240 3552043 snapshot_executor.cpp:154] node auto_incr_raft:127.0.1.1:8010:0:0 the gap between fsm applied index 3 and last_snapshot_index 3 is less than 1, will clear bufferred logs and return success
I1216 20:06:41.655373 3551984 log.h:176] [ddl_manager.cpp:704][work][4294992651]leader process ddl work.
I1216 20:06:41.987192 3552041 log.h:176] [ddl_manager.cpp:350][operator()][4294992652]db manager working thread.
I1216 20:06:44.992926 3551976 log.h:176] [schema_manager.cpp:349][process_peer_heartbeat_for_store][322122578986]process peer hearbeat, table_exist_time: 1, partition_exist_time: 0, ilegal_peer_time: 1, log_id: 13689416683054486307
I1216 20:06:44.992972 3551976 log.h:176] [schema_manager.cpp:380][process_leader_heartbeat_for_store][322122578986]store: 127.0.1.1:8110 process leader heartbeat, update_status_time: 1, leader_region_time: 7 leader_balance_time: 5, log_id: 13689416683054486307
I1216 20:06:44.992978 3551976 log.h:176] [meta_state_machine.cpp:97][store_heartbeat][322122578986]store:127.0.1.1:8110 heart beat, time_cost: 67, instance_time: 3, peer_balance_time: 3, schema_time: 1, peer_time: 40, leader_time: 17, log_id: 13689416683054486307
I1216 20:07:01.155022 3551956 node.cpp:975] node tso_raft:127.0.1.1:8010:0:0 starts to do snapshot
I1216 20:07:01.159211 3551956 snapshot.cpp:642] Deleting /home/ubuntu/BaikalDB/meta_data/raft_data/snapshot/tso/snapshot_00000000000000623069
I1216 20:07:01.159219 3551956 snapshot.cpp:648] Renaming /home/ubuntu/BaikalDB/meta_data/raft_data/snapshot/tso/temp to /home/ubuntu/BaikalDB/meta_data/raft_data/snapshot/tso/snapshot_00000000000000623069
I1216 20:07:01.159230 3551956 snapshot.cpp:519] Deleting /home/ubuntu/BaikalDB/meta_data/raft_data/snapshot/tso/snapshot_00000000000000621872
I1216 20:07:01.159322 3551956 snapshot_executor.cpp:234] node tso_raft:127.0.1.1:8010:0:0 snapshot_save_done, last_included_index=623069 last_included_term=4
I1216 20:07:01.762719 3551976 log.h:176] [ddl_manager.cpp:704][work][4294992651]leader process ddl work.
I1216 20:07:02.094442 3551991 log.h:176] [ddl_manager.cpp:350][operator()][4294992652]db manager working thread.
I1216 20:07:15.161319 3552043 log.h:176] [schema_manager.cpp:349][process_peer_heartbeat_for_store][365072248790]process peer hearbeat, table_exist_time: 1, partition_exist_time: 0, ilegal_peer_time: 1, log_id: 3851656869850132071
I1216 20:07:15.161355 3552043 log.h:176] [schema_manager.cpp:380][process_leader_heartbeat_for_store][365072248790]store: 127.0.1.1:8110 process leader heartbeat, update_status_time: 1, leader_region_time: 8 leader_balance_time: 4, log_id: 3851656869850132071
I1216 20:07:15.161360 3552043 log.h:176] [meta_state_machine.cpp:97][store_heartbeat][365072248790]store:127.0.1.1:8110 heart beat, time_cost: 55, instance_time: 3, peer_balance_time: 2, schema_time: 1, peer_time: 29, leader_time: 17, log_id: 3851656869850132071
I1216 20:07:21.870571 3551991 log.h:176] [ddl_manager.cpp:704][work][4294992651]leader process ddl work.
I1216 20:07:22.202349 3551976 log.h:176] [ddl_manager.cpp:350][operator()][4294992652]db manager working thread.
I1216 20:07:41.978302 3551986 log.h:176] [ddl_manager.cpp:704][work][4294992651]leader process ddl work.
I1216 20:07:42.310125 3552004 log.h:176] [ddl_manager.cpp:350][operator()][4294992652]db manager working thread.
I1216 20:07:45.328544 3551984 log.h:176] [schema_manager.cpp:349][process_peer_heartbeat_for_store][287762840799]process peer hearbeat, table_exist_time: 0, partition_exist_time: 0, ilegal_peer_time: 1, log_id: 17441305259028384256
I1216 20:07:45.328577 3551984 log.h:176] [schema_manager.cpp:380][process_leader_heartbeat_for_store][287762840799]store: 127.0.1.1:8110 process leader heartbeat, update_status_time: 1, leader_region_time: 7 leader_balance_time: 5, log_id: 17441305259028384256
I1216 20:07:45.328590 3551984 log.h:176] [meta_state_machine.cpp:97][store_heartbeat][287762840799]store:127.0.1.1:8110 heart beat, time_cost: 59, instance_time: 3, peer_balance_time: 2, schema_time: 1, peer_time: 24, leader_time: 26, log_id: 17441305259028384256
I1216 20:08:01.155217 3552004 node.cpp:975] node tso_raft:127.0.1.1:8010:0:0 starts to do snapshot
I1216 20:08:01.159889 3552004 snapshot.cpp:642] Deleting /home/ubuntu/BaikalDB/meta_data/raft_data/snapshot/tso/snapshot_00000000000000624266
I1216 20:08:01.159897 3552004 snapshot.cpp:648] Renaming /home/ubuntu/BaikalDB/meta_data/raft_data/snapshot/tso/temp to /home/ubuntu/BaikalDB/meta_data/raft_data/snapshot/tso/snapshot_00000000000000624266
I1216 20:08:01.159910 3552004 snapshot.cpp:519] Deleting /home/ubuntu/BaikalDB/meta_data/raft_data/snapshot/tso/snapshot_00000000000000623069
I1216 20:08:01.160003 3552004 snapshot_executor.cpp:234] node tso_raft:127.0.1.1:8010:0:0 snapshot_save_done, last_included_index=624266 last_included_term=4
I1216 20:08:02.086670 3552022 log.h:176] [ddl_manager.cpp:704][work][4294992651]leader process ddl work.
I1216 20:08:02.418440 3552026 log.h:176] [ddl_manager.cpp:350][operator()][4294992652]db manager working thread.
I1216 20:08:15.498703 3552041 log.h:176] [schema_manager.cpp:349][process_peer_heartbeat_for_store][300647741823]process peer hearbeat, table_exist_time: 0, partition_exist_time: 0, ilegal_peer_time: 1, log_id: 13825719815050345406
I1216 20:08:15.498741 3552041 log.h:176] [schema_manager.cpp:380][process_leader_heartbeat_for_store][300647741823]store: 127.0.1.1:8110 process leader heartbeat, update_status_time: 1, leader_region_time: 7 leader_balance_time: 5, log_id: 13825719815050345406
I1216 20:08:15.498749 3552041 log.h:176] [meta_state_machine.cpp:97][store_heartbeat][300647741823]store:127.0.1.1:8110 heart beat, time_cost: 58, instance_time: 3, peer_balance_time: 2, schema_time: 2, peer_time: 29, leader_time: 19, log_id: 13825719815050345406
I1216 20:08:22.194092 3551978 log.h:176] [ddl_manager.cpp:704][work][4294992651]leader process ddl work.
I1216 20:08:22.525905 3551950 log.h:176] [ddl_manager.cpp:350][operator()][4294992652]db manager working thread.
I1216 20:08:42.301244 3551970 log.h:176] [ddl_manager.cpp:704][work][4294992651]leader process ddl work.
I1216 20:08:42.633846 3551950 log.h:176] [ddl_manager.cpp:350][operator()][4294992652]db manager working thread.
I1216 20:08:45.668234 3551975 log.h:176] [schema_manager.cpp:349][process_peer_heartbeat_for_store][365072247383]process peer hearbeat, table_exist_time: 0, partition_exist_time: 1, ilegal_peer_time: 1, log_id: 9770507176253179746
I1216 20:08:45.668272 3551975 log.h:176] [schema_manager.cpp:380][process_leader_heartbeat_for_store][365072247383]store: 127.0.1.1:8110 process leader heartbeat, update_status_time: 2, leader_region_time: 7 leader_balance_time: 7, log_id: 9770507176253179746
I1216 20:08:45.668278 3551975 log.h:176] [meta_state_machine.cpp:97][store_heartbeat][365072247383]store:127.0.1.1:8110 heart beat, time_cost: 56, instance_time: 3, peer_balance_time: 2, schema_time: 1, peer_time: 27, leader_time: 21, log_id: 9770507176253179746
I1216 20:09:01.155390 3551981 node.cpp:975] node tso_raft:127.0.1.1:8010:0:0 starts to do snapshot
I1216 20:09:01.159842 3551981 snapshot.cpp:642] Deleting /home/ubuntu/BaikalDB/meta_data/raft_data/snapshot/tso/snapshot_00000000000000625463
I1216 20:09:01.159854 3551981 snapshot.cpp:648] Renaming /home/ubuntu/BaikalDB/meta_data/raft_data/snapshot/tso/temp to /home/ubuntu/BaikalDB/meta_data/raft_data/snapshot/tso/snapshot_00000000000000625463
I1216 20:09:01.159873 3551981 snapshot.cpp:519] Deleting /home/ubuntu/BaikalDB/meta_data/raft_data/snapshot/tso/snapshot_00000000000000624266
I1216 20:09:01.159997 3551981 snapshot_executor.cpp:234] node tso_raft:127.0.1.1:8010:0:0 snapshot_save_done, last_included_index=625463 last_included_term=4
I1216 20:09:02.408718 3551967 log.h:176] [ddl_manager.cpp:704][work][4294992651]leader process ddl work.
I1216 20:09:02.742724 3551967 log.h:176] [ddl_manager.cpp:350][operator()][4294992652]db manager working thread.
I1216 20:09:15.840293 3551971 log.h:176] [schema_manager.cpp:349][process_peer_heartbeat_for_store][343597410347]process peer hearbeat, table_exist_time: 0, partition_exist_time: 0, ilegal_peer_time: 1, log_id: 4933830208920779263
I1216 20:09:15.840335 3551971 log.h:176] [schema_manager.cpp:380][process_leader_heartbeat_for_store][343597410347]store: 127.0.1.1:8110 process leader heartbeat, update_status_time: 1, leader_region_time: 9 leader_balance_time: 5, log_id: 4933830208920779263
I1216 20:09:15.840341 3551971 log.h:176] [meta_state_machine.cpp:97][store_heartbeat][343597410347]store:127.0.1.1:8110 heart beat, time_cost: 63, instance_time: 4, peer_balance_time: 2, schema_time: 1, peer_time: 33, leader_time: 19, log_id: 4933830208920779263
I1216 20:09:22.517668 3552046 log.h:176] [ddl_manager.cpp:704][work][4294992651]leader process ddl work.
I1216 20:09:22.852118 3551991 log.h:176] [ddl_manager.cpp:350][operator()][4294992652]db manager working thread.
I1216 20:09:42.626891 3552022 log.h:176] [ddl_manager.cpp:704][work][4294992651]leader process ddl work.
I1216 20:09:42.960250 3551975 log.h:176] [ddl_manager.cpp:350][operator()][4294992652]db manager working thread.
I1216 20:09:46.010198 3551950 log.h:176] [schema_manager.cpp:349][process_peer_heartbeat_for_store][352187345955]process peer hearbeat, table_exist_time: 1, partition_exist_time: 0, ilegal_peer_time: 1, log_id: 11510296510973797518
I1216 20:09:46.010221 3551950 log.h:176] [schema_manager.cpp:380][process_leader_heartbeat_for_store][352187345955]store: 127.0.1.1:8110 process leader heartbeat, update_status_time: 1, leader_region_time: 7 leader_balance_time: 5, log_id: 11510296510973797518
I1216 20:09:46.010228 3551950 log.h:176] [meta_state_machine.cpp:97][store_heartbeat][352187345955]store:127.0.1.1:8110 heart beat, time_cost: 122, instance_time: 4, peer_balance_time: 84, schema_time: 1, peer_time: 9, leader_time: 21, log_id: 11510296510973797518
I1216 20:10:01.155632 3552004 node.cpp:975] node tso_raft:127.0.1.1:8010:0:0 starts to do snapshot
I1216 20:10:01.159933 3552004 snapshot.cpp:642] Deleting /home/ubuntu/BaikalDB/meta_data/raft_data/snapshot/tso/snapshot_00000000000000626660
I1216 20:10:01.159941 3552004 snapshot.cpp:648] Renaming /home/ubuntu/BaikalDB/meta_data/raft_data/snapshot/tso/temp to /home/ubuntu/BaikalDB/meta_data/raft_data/snapshot/tso/snapshot_00000000000000626660
I1216 20:10:01.159952 3552004 snapshot.cpp:519] Deleting /home/ubuntu/BaikalDB/meta_data/raft_data/snapshot/tso/snapshot_00000000000000625463
I1216 20:10:01.160034 3552004 snapshot_executor.cpp:234] node tso_raft:127.0.1.1:8010:0:0 snapshot_save_done, last_included_index=626660 last_included_term=4
I1216 20:10:02.734781 3552031 log.h:176] [ddl_manager.cpp:704][work][4294992651]leader process ddl work.
I1216 20:10:03.067929 3551987 log.h:176] [ddl_manager.cpp:350][operator()][4294992652]db manager working thread.
I1216 20:10:16.181586 3552026 log.h:176] [schema_manager.cpp:349][process_peer_heartbeat_for_store][249108132271]process peer hearbeat, table_exist_time: 0, partition_exist_time: 0, ilegal_peer_time: 1, log_id: 16381741536936539052
I1216 20:10:16.181628 3552026 log.h:176] [schema_manager.cpp:380][process_leader_heartbeat_for_store][249108132271]store: 127.0.1.1:8110 process leader heartbeat, update_status_time: 1, leader_region_time: 10 leader_balance_time: 5, log_id: 16381741536936539052
I1216 20:10:16.181634 3552026 log.h:176] [meta_state_machine.cpp:97][store_heartbeat][249108132271]store:127.0.1.1:8110 heart beat, time_cost: 63, instance_time: 4, peer_balance_time: 2, schema_time: 2, peer_time: 33, leader_time: 21, log_id: 16381741536936539052
I1216 20:10:22.843112 3551987 log.h:176] [ddl_manager.cpp:704][work][4294992651]leader process ddl work.
I1216 20:10:23.175068 3551986 log.h:176] [ddl_manager.cpp:350][operator()][4294992652]db manager working thread.
I1216 20:10:42.950295 3552010 log.h:176] [ddl_manager.cpp:704][work][4294992651]leader process ddl work.
I1216 20:10:43.282107 3551984 log.h:176] [ddl_manager.cpp:350][operator()][4294992652]db manager working thread.
I1216 20:10:46.355701 3551998 log.h:176] [schema_manager.cpp:349][process_peer_heartbeat_for_store][347892381763]process peer hearbeat, table_exist_time: 0, partition_exist_time: 1, ilegal_peer_time: 0, log_id: 8833733843218564788
I1216 20:10:46.355738 3551998 log.h:176] [schema_manager.cpp:380][process_leader_heartbeat_for_store][347892381763]store: 127.0.1.1:8110 process leader heartbeat, update_status_time: 1, leader_region_time: 8 leader_balance_time: 6, log_id: 8833733843218564788
I1216 20:10:46.355746 3551998 log.h:176] [meta_state_machine.cpp:97][store_heartbeat][347892381763]store:127.0.1.1:8110 heart beat, time_cost: 59, instance_time: 4, peer_balance_time: 2, schema_time: 2, peer_time: 27, leader_time: 22, log_id: 8833733843218564788
I1216 20:11:01.155793 3551960 node.cpp:975] node tso_raft:127.0.1.1:8010:0:0 starts to do snapshot
I1216 20:11:01.159744 3551960 snapshot.cpp:642] Deleting /home/ubuntu/BaikalDB/meta_data/raft_data/snapshot/tso/snapshot_00000000000000627857
I1216 20:11:01.159754 3551960 snapshot.cpp:648] Renaming /home/ubuntu/BaikalDB/meta_data/raft_data/snapshot/tso/temp to /home/ubuntu/BaikalDB/meta_data/raft_data/snapshot/tso/snapshot_00000000000000627857
I1216 20:11:01.159765 3551960 snapshot.cpp:519] Deleting /home/ubuntu/BaikalDB/meta_data/raft_data/snapshot/tso/snapshot_00000000000000626660
I1216 20:11:01.159853 3551960 snapshot_executor.cpp:234] node tso_raft:127.0.1.1:8010:0:0 snapshot_save_done, last_included_index=627857 last_included_term=4
I1216 20:11:03.057058 3552008 log.h:176] [ddl_manager.cpp:704][work][4294992651]leader process ddl work.
I1216 20:11:03.388777 3551987 log.h:176] [ddl_manager.cpp:350][operator()][4294992652]db manager working thread.
I1216 20:11:16.525755 3551976 log.h:176] [schema_manager.cpp:349][process_peer_heartbeat_for_store][377957149511]process peer hearbeat, table_exist_time: 1, partition_exist_time: 0, ilegal_peer_time: 1, log_id: 6301767600557033165
I1216 20:11:16.525785 3551976 log.h:176] [schema_manager.cpp:380][process_leader_heartbeat_for_store][377957149511]store: 127.0.1.1:8110 process leader heartbeat, update_status_time: 1, leader_region_time: 8 leader_balance_time: 4, log_id: 6301767600557033165
I1216 20:11:16.525792 3551976 log.h:176] [meta_state_machine.cpp:97][store_heartbeat][377957149511]store:127.0.1.1:8110 heart beat, time_cost: 51, instance_time: 3, peer_balance_time: 3, schema_time: 1, peer_time: 23, leader_time: 18, log_id: 6301767600557033165
I1216 20:11:23.164141 3552046 log.h:176] [ddl_manager.cpp:704][work][4294992651]leader process ddl work.
I1216 20:11:23.495985 3551991 log.h:176] [ddl_manager.cpp:350][operator()][4294992652]db manager working thread.
I1216 20:11:43.272748 3551981 log.h:176] [ddl_manager.cpp:704][work][4294992651]leader process ddl work.
I1216 20:11:43.604511 3551991 log.h:176] [ddl_manager.cpp:350][operator()][4294992652]db manager working thread.
I1216 20:11:46.694715 3551956 log.h:176] [schema_manager.cpp:349][process_peer_heartbeat_for_store][386547088765]process peer hearbeat, table_exist_time: 0, partition_exist_time: 1, ilegal_peer_time: 0, log_id: 3921209922432277101
I1216 20:11:46.694748 3551956 log.h:176] [schema_manager.cpp:380][process_leader_heartbeat_for_store][386547088765]store: 127.0.1.1:8110 process leader heartbeat, update_status_time: 1, leader_region_time: 9 leader_balance_time: 5, log_id: 3921209922432277101
I1216 20:11:46.694753 3551956 log.h:176] [meta_state_machine.cpp:97][store_heartbeat][386547088765]store:127.0.1.1:8110 heart beat, time_cost: 53, instance_time: 4, peer_balance_time: 2, schema_time: 2, peer_time: 24, leader_time: 19, log_id: 3921209922432277101
I1216 20:12:01.155964 3551975 node.cpp:975] node tso_raft:127.0.1.1:8010:0:0 starts to do snapshot
I1216 20:12:01.160624 3551971 snapshot.cpp:642] Deleting /home/ubuntu/BaikalDB/meta_data/raft_data/snapshot/tso/snapshot_00000000000000629053
I1216 20:12:01.160642 3551971 snapshot.cpp:648] Renaming /home/ubuntu/BaikalDB/meta_data/raft_data/snapshot/tso/temp to /home/ubuntu/BaikalDB/meta_data/raft_data/snapshot/tso/snapshot_00000000000000629053
I1216 20:12:01.160652 3551971 snapshot.cpp:519] Deleting /home/ubuntu/BaikalDB/meta_data/raft_data/snapshot/tso/snapshot_00000000000000627857
I1216 20:12:01.160739 3551971 snapshot_executor.cpp:234] node tso_raft:127.0.1.1:8010:0:0 snapshot_save_done, last_included_index=629053 last_included_term=4
I1216 20:12:03.380112 3551991 log.h:176] [ddl_manager.cpp:704][work][4294992651]leader process ddl work.
I1216 20:12:03.711954 3551986 log.h:176] [ddl_manager.cpp:350][operator()][4294992652]db manager working thread.
I1216 20:12:16.866675 3551998 log.h:176] [schema_manager.cpp:349][process_peer_heartbeat_for_store][365072252487]process peer hearbeat, table_exist_time: 0, partition_exist_time: 1, ilegal_peer_time: 0, log_id: 8426252637221426572
I1216 20:12:16.866716 3551998 log.h:176] [schema_manager.cpp:380][process_leader_heartbeat_for_store][365072252487]store: 127.0.1.1:8110 process leader heartbeat, update_status_time: 2, leader_region_time: 7 leader_balance_time: 5, log_id: 8426252637221426572
I1216 20:12:16.866722 3551998 log.h:176] [meta_state_machine.cpp:97][store_heartbeat][365072252487]store:127.0.1.1:8110 heart beat, time_cost: 62, instance_time: 4, peer_balance_time: 3, schema_time: 1, peer_time: 33, leader_time: 19, log_id: 8426252637221426572
I1216 20:12:23.488301 3552041 log.h:176] [ddl_manager.cpp:704][work][4294992651]leader process ddl work.
I1216 20:12:23.820081 3552046 log.h:176] [ddl_manager.cpp:350][operator()][4294992652]db manager working thread.
I1216 20:12:43.596077 3551986 log.h:176] [ddl_manager.cpp:704][work][4294992651]leader process ddl work.
I1216 20:12:43.927793 3551971 log.h:176] [ddl_manager.cpp:350][operator()][4294992652]db manager working thread.
I1216 20:12:47.037372 3551987 log.h:176] [schema_manager.cpp:349][process_peer_heartbeat_for_store][420906822874]process peer hearbeat, table_exist_time: 1, partition_exist_time: 0, ilegal_peer_time: 1, log_id: 17585999193196236643
I1216 20:12:47.037400 3551987 log.h:176] [schema_manager.cpp:380][process_leader_heartbeat_for_store][420906822874]store: 127.0.1.1:8110 process leader heartbeat, update_status_time: 1, leader_region_time: 7 leader_balance_time: 4, log_id: 17585999193196236643
I1216 20:12:47.037405 3551987 log.h:176] [meta_state_machine.cpp:97][store_heartbeat][420906822874]store:127.0.1.1:8110 heart beat, time_cost: 45, instance_time: 3, peer_balance_time: 2, schema_time: 1, peer_time: 22, leader_time: 16, log_id: 17585999193196236643
I1216 20:13:01.156158 3551981 node.cpp:975] node tso_raft:127.0.1.1:8010:0:0 starts to do snapshot
I1216 20:13:01.160724 3551981 snapshot.cpp:642] Deleting /home/ubuntu/BaikalDB/meta_data/raft_data/snapshot/tso/snapshot_00000000000000630248
I1216 20:13:01.160737 3551981 snapshot.cpp:648] Renaming /home/ubuntu/BaikalDB/meta_data/raft_data/snapshot/tso/temp to /home/ubuntu/BaikalDB/meta_data/raft_data/snapshot/tso/snapshot_00000000000000630248
I1216 20:13:01.160750 3551981 snapshot.cpp:519] Deleting /home/ubuntu/BaikalDB/meta_data/raft_data/snapshot/tso/snapshot_00000000000000629053
I1216 20:13:01.160859 3551981 snapshot_executor.cpp:234] node tso_raft:127.0.1.1:8010:0:0 snapshot_save_done, last_included_index=630248 last_included_term=4
I1216 20:13:03.703497 3552043 log.h:176] [ddl_manager.cpp:704][work][4294992651]leader process ddl work.
I1216 20:13:04.035287 3552004 log.h:176] [ddl_manager.cpp:350][operator()][4294992652]db manager working thread.
I1216 20:13:17.205094 3551971 log.h:176] [schema_manager.cpp:349][process_peer_heartbeat_for_store][356482317455]process peer hearbeat, table_exist_time: 1, partition_exist_time: 0, ilegal_peer_time: 1, log_id: 7995327325948681081
I1216 20:13:17.205133 3551971 log.h:176] [schema_manager.cpp:380][process_leader_heartbeat_for_store][356482317455]store: 127.0.1.1:8110 process leader heartbeat, update_status_time: 1, leader_region_time: 7 leader_balance_time: 6, log_id: 7995327325948681081
I1216 20:13:17.205145 3551971 log.h:176] [meta_state_machine.cpp:97][store_heartbeat][356482317455]store:127.0.1.1:8110 heart beat, time_cost: 66, instance_time: 3, peer_balance_time: 2, schema_time: 2, peer_time: 32, leader_time: 24, log_id: 7995327325948681081
I1216 20:13:23.811995 3552010 log.h:176] [ddl_manager.cpp:704][work][4294992651]leader process ddl work.
I1216 20:13:24.143777 3552010 log.h:176] [ddl_manager.cpp:350][operator()][4294992652]db manager working thread.
I1216 20:13:43.920202 3551998 log.h:176] [ddl_manager.cpp:704][work][4294992651]leader process ddl work.
I1216 20:13:44.252027 3552041 log.h:176] [ddl_manager.cpp:350][operator()][4294992652]db manager working thread.
I1216 20:13:47.374588 3552031 log.h:176] [schema_manager.cpp:349][process_peer_heartbeat_for_store][360777282106]process peer hearbeat, table_exist_time: 1, partition_exist_time: 0, ilegal_peer_time: 1, log_id: 3703908566363805312
I1216 20:13:47.374634 3552031 log.h:176] [schema_manager.cpp:380][process_leader_heartbeat_for_store][360777282106]store: 127.0.1.1:8110 process leader heartbeat, update_status_time: 1, leader_region_time: 7 leader_balance_time: 5, log_id: 3703908566363805312
I1216 20:13:47.374640 3552031 log.h:176] [meta_state_machine.cpp:97][store_heartbeat][360777282106]store:127.0.1.1:8110 heart beat, time_cost: 68, instance_time: 3, peer_balance_time: 3, schema_time: 1, peer_time: 40, leader_time: 17, log_id: 3703908566363805312
I1216 20:14:01.156368 3551991 node.cpp:975] node tso_raft:127.0.1.1:8010:0:0 starts to do snapshot
I1216 20:14:01.160879 3551991 snapshot.cpp:642] Deleting /home/ubuntu/BaikalDB/meta_data/raft_data/snapshot/tso/snapshot_00000000000000631444
I1216 20:14:01.160895 3551991 snapshot.cpp:648] Renaming /home/ubuntu/BaikalDB/meta_data/raft_data/snapshot/tso/temp to /home/ubuntu/BaikalDB/meta_data/raft_data/snapshot/tso/snapshot_00000000000000631444
I1216 20:14:01.160907 3551991 snapshot.cpp:519] Deleting /home/ubuntu/BaikalDB/meta_data/raft_data/snapshot/tso/snapshot_00000000000000630248
I1216 20:14:01.160995 3551991 snapshot_executor.cpp:234] node tso_raft:127.0.1.1:8010:0:0 snapshot_save_done, last_included_index=631444 last_included_term=4
I1216 20:14:04.028252 3551970 log.h:176] [ddl_manager.cpp:704][work][4294992651]leader process ddl work.
I1216 20:14:04.360056 3551967 log.h:176] [ddl_manager.cpp:350][operator()][4294992652]db manager working thread.
I1216 20:14:17.541688 3552010 log.h:176] [schema_manager.cpp:349][process_peer_heartbeat_for_store][270582971176]process peer hearbeat, table_exist_time: 0, partition_exist_time: 1, ilegal_peer_time: 0, log_id: 6378145579783864144
I1216 20:14:17.541728 3552010 log.h:176] [schema_manager.cpp:380][process_leader_heartbeat_for_store][270582971176]store: 127.0.1.1:8110 process leader heartbeat, update_status_time: 1, leader_region_time: 7 leader_balance_time: 6, log_id: 6378145579783864144
I1216 20:14:17.541733 3552010 log.h:176] [meta_state_machine.cpp:97][store_heartbeat][270582971176]store:127.0.1.1:8110 heart beat, time_cost: 64, instance_time: 4, peer_balance_time: 3, schema_time: 3, peer_time: 31, leader_time: 19, log_id: 6378145579783864144
I1216 20:14:24.136121 3551967 log.h:176] [ddl_manager.cpp:704][work][4294992651]leader process ddl work.
I1216 20:14:24.467782 3552004 log.h:176] [ddl_manager.cpp:350][operator()][4294992652]db manager working thread.
I1216 20:14:44.242906 3551986 log.h:176] [ddl_manager.cpp:704][work][4294992651]leader process ddl work.
I1216 20:14:44.574417 3552046 log.h:176] [ddl_manager.cpp:350][operator()][4294992652]db manager working thread.
I1216 20:14:47.714722 3551976 log.h:176] [schema_manager.cpp:349][process_peer_heartbeat_for_store][395137017133]process peer hearbeat, table_exist_time: 1, partition_exist_time: 0, ilegal_peer_time: 0, log_id: 15545200523188439767
I1216 20:14:47.714772 3551976 log.h:176] [schema_manager.cpp:380][process_leader_heartbeat_for_store][395137017133]store: 127.0.1.1:8110 process leader heartbeat, update_status_time: 1, leader_region_time: 7 leader_balance_time: 6, log_id: 15545200523188439767
I1216 20:14:47.714787 3551976 log.h:176] [meta_state_machine.cpp:97][store_heartbeat][395137017133]store:127.0.1.1:8110 heart beat, time_cost: 81, instance_time: 4, peer_balance_time: 1, schema_time: 2, peer_time: 43, leader_time: 28, log_id: 15545200523188439767
I1216 20:15:01.156569 3551981 node.cpp:975] node tso_raft:127.0.1.1:8010:0:0 starts to do snapshot
I1216 20:15:01.160858 3551981 snapshot.cpp:642] Deleting /home/ubuntu/BaikalDB/meta_data/raft_data/snapshot/tso/snapshot_00000000000000632639
I1216 20:15:01.160868 3551981 snapshot.cpp:648] Renaming /home/ubuntu/BaikalDB/meta_data/raft_data/snapshot/tso/temp to /home/ubuntu/BaikalDB/meta_data/raft_data/snapshot/tso/snapshot_00000000000000632639
I1216 20:15:01.160879 3551981 snapshot.cpp:519] Deleting /home/ubuntu/BaikalDB/meta_data/raft_data/snapshot/tso/snapshot_00000000000000631444
I1216 20:15:01.160966 3551981 snapshot_executor.cpp:234] node tso_raft:127.0.1.1:8010:0:0 snapshot_save_done, last_included_index=632639 last_included_term=4
I1216 20:15:04.350998 3552026 log.h:176] [ddl_manager.cpp:704][work][4294992651]leader process ddl work.
I1216 20:15:04.682845 3552043 log.h:176] [ddl_manager.cpp:350][operator()][4294992652]db manager working thread.
I1216 20:15:12.890291 3551950 node.cpp:975] node meta_raft:127.0.1.1:8010:0:0 starts to do snapshot
I1216 20:15:12.890338 3551950 snapshot_executor.cpp:154] node meta_raft:127.0.1.1:8010:0:0 the gap between fsm applied index 11 and last_snapshot_index 11 is less than 1, will clear bufferred logs and return success
I1216 20:15:17.887070 3551975 log.h:176] [schema_manager.cpp:349][process_peer_heartbeat_for_store][442381662330]process peer hearbeat, table_exist_time: 0, partition_exist_time: 1, ilegal_peer_time: 0, log_id: 17751744298424426439
I1216 20:15:17.887107 3551975 log.h:176] [schema_manager.cpp:380][process_leader_heartbeat_for_store][442381662330]store: 127.0.1.1:8110 process leader heartbeat, update_status_time: 0, leader_region_time: 7 leader_balance_time: 7, log_id: 17751744298424426439
I1216 20:15:17.887113 3551975 log.h:176] [meta_state_machine.cpp:97][store_heartbeat][442381662330]store:127.0.1.1:8110 heart beat, time_cost: 58, instance_time: 3, peer_balance_time: 2, schema_time: 3, peer_time: 28, leader_time: 19, log_id: 17751744298424426439
I1216 20:15:24.459249 3552046 log.h:176] [ddl_manager.cpp:704][work][4294992651]leader process ddl work.
I1216 20:15:24.791018 3551967 log.h:176] [ddl_manager.cpp:350][operator()][4294992652]db manager working thread.
I1216 20:15:44.567194 3551987 log.h:176] [ddl_manager.cpp:704][work][4294992651]leader process ddl work.
I1216 20:15:44.898944 3551967 log.h:176] [ddl_manager.cpp:350][operator()][4294992652]db manager working thread.
I1216 20:15:48.054725 3551998 log.h:176] [schema_manager.cpp:349][process_peer_heartbeat_for_store][420906822987]process peer hearbeat, table_exist_time: 0, partition_exist_time: 1, ilegal_peer_time: 0, log_id: 16656462777924952720
I1216 20:15:48.054762 3551998 log.h:176] [schema_manager.cpp:380][process_leader_heartbeat_for_store][420906822987]store: 127.0.1.1:8110 process leader heartbeat, update_status_time: 1, leader_region_time: 6 leader_balance_time: 6, log_id: 16656462777924952720
I1216 20:15:48.054769 3551998 log.h:176] [meta_state_machine.cpp:97][store_heartbeat][420906822987]store:127.0.1.1:8110 heart beat, time_cost: 57, instance_time: 3, peer_balance_time: 1, schema_time: 2, peer_time: 29, leader_time: 19, log_id: 16656462777924952720
I1216 20:16:01.156761 3552041 node.cpp:975] node tso_raft:127.0.1.1:8010:0:0 starts to do snapshot
I1216 20:16:01.157796 3552041 snapshot.cpp:642] Deleting /home/ubuntu/BaikalDB/meta_data/raft_data/snapshot/tso/snapshot_00000000000000633835
I1216 20:16:01.157804 3552041 snapshot.cpp:648] Renaming /home/ubuntu/BaikalDB/meta_data/raft_data/snapshot/tso/temp to /home/ubuntu/BaikalDB/meta_data/raft_data/snapshot/tso/snapshot_00000000000000633835
I1216 20:16:01.157814 3552041 snapshot.cpp:519] Deleting /home/ubuntu/BaikalDB/meta_data/raft_data/snapshot/tso/snapshot_00000000000000632639
I1216 20:16:01.157902 3552041 snapshot_executor.cpp:234] node tso_raft:127.0.1.1:8010:0:0 snapshot_save_done, last_included_index=633835 last_included_term=4
I1216 20:16:04.678557 3552010 log.h:176] [ddl_manager.cpp:704][work][4294992651]leader process ddl work.
I1216 20:16:05.005610 3551967 log.h:176] [ddl_manager.cpp:350][operator()][4294992652]db manager working thread.
I1216 20:16:18.222359 3551984 log.h:176] [schema_manager.cpp:349][process_peer_heartbeat_for_store][390842056593]process peer hearbeat, table_exist_time: 0, partition_exist_time: 1, ilegal_peer_time: 1, log_id: 4201360758119385116
I1216 20:16:18.222390 3551984 log.h:176] [schema_manager.cpp:380][process_leader_heartbeat_for_store][390842056593]store: 127.0.1.1:8110 process leader heartbeat, update_status_time: 1, leader_region_time: 7 leader_balance_time: 5, log_id: 4201360758119385116
I1216 20:16:18.222395 3551984 log.h:176] [meta_state_machine.cpp:97][store_heartbeat][390842056593]store:127.0.1.1:8110 heart beat, time_cost: 50, instance_time: 3, peer_balance_time: 2, schema_time: 2, peer_time: 24, leader_time: 16, log_id: 4201360758119385116
I1216 20:16:24.788049 3551987 log.h:176] [ddl_manager.cpp:704][work][4294992651]leader process ddl work.
I1216 20:16:25.112959 3552008 log.h:176] [ddl_manager.cpp:350][operator()][4294992652]db manager working thread.
I1216 20:16:40.414307 3552008 node.cpp:975] node auto_incr_raft:127.0.1.1:8010:0:0 starts to do snapshot
I1216 20:16:40.414337 3552008 snapshot_executor.cpp:154] node auto_incr_raft:127.0.1.1:8010:0:0 the gap between fsm applied index 3 and last_snapshot_index 3 is less than 1, will clear bufferred logs and return success
I1216 20:16:44.898962 3552008 log.h:176] [ddl_manager.cpp:704][work][4294992651]leader process ddl work.
I1216 20:16:45.220734 3551987 log.h:176] [ddl_manager.cpp:350][operator()][4294992652]db manager working thread.
I1216 20:16:48.392886 3551956 log.h:176] [schema_manager.cpp:349][process_peer_heartbeat_for_store][287762837084]process peer hearbeat, table_exist_time: 1, partition_exist_time: 0, ilegal_peer_time: 1, log_id: 1772010320697601370
I1216 20:16:48.392944 3551956 log.h:176] [schema_manager.cpp:380][process_leader_heartbeat_for_store][287762837084]store: 127.0.1.1:8110 process leader heartbeat, update_status_time: 1, leader_region_time: 9 leader_balance_time: 7, log_id: 1772010320697601370
I1216 20:16:48.392956 3551956 log.h:176] [meta_state_machine.cpp:97][store_heartbeat][287762837084]store:127.0.1.1:8110 heart beat, time_cost: 86, instance_time: 4, peer_balance_time: 3, schema_time: 1, peer_time: 50, leader_time: 26, log_id: 1772010320697601370
I1216 20:17:01.156924 3551978 node.cpp:975] node tso_raft:127.0.1.1:8010:0:0 starts to do snapshot
I1216 20:17:01.157972 3552041 snapshot.cpp:642] Deleting /home/ubuntu/BaikalDB/meta_data/raft_data/snapshot/tso/snapshot_00000000000000635032
I1216 20:17:01.157982 3552041 snapshot.cpp:648] Renaming /home/ubuntu/BaikalDB/meta_data/raft_data/snapshot/tso/temp to /home/ubuntu/BaikalDB/meta_data/raft_data/snapshot/tso/snapshot_00000000000000635032
I1216 20:17:01.157994 3552041 snapshot.cpp:519] Deleting /home/ubuntu/BaikalDB/meta_data/raft_data/snapshot/tso/snapshot_00000000000000633835
I1216 20:17:01.158082 3552041 snapshot_executor.cpp:234] node tso_raft:127.0.1.1:8010:0:0 snapshot_save_done, last_included_index=635032 last_included_term=4
I1216 20:17:05.006440 3552010 log.h:176] [ddl_manager.cpp:704][work][4294992651]leader process ddl work.
I1216 20:17:05.328187 3551971 log.h:176] [ddl_manager.cpp:350][operator()][4294992652]db manager working thread.
I1216 20:17:18.559453 3552031 log.h:176] [schema_manager.cpp:349][process_peer_heartbeat_for_store][330712512505]process peer hearbeat, table_exist_time: 0, partition_exist_time: 0, ilegal_peer_time: 1, log_id: 6078311017994681233
