I1215 19:16:19.061488 125509 log.h:176] [schema_manager.cpp:349][process_peer_heartbeat_for_store][803158913411]process peer hearbeat, table_exist_time: 0, partition_exist_time: 1, ilegal_peer_time: 0, log_id: 5968826071715829678
I1215 19:16:19.061525 125509 log.h:176] [schema_manager.cpp:380][process_leader_heartbeat_for_store][803158913411]store:  process leader heartbeat, update_status_time: 1, leader_region_time: 7 leader_balance_time: 9, log_id: 5968826071715829678
I1215 19:16:19.061530 125509 log.h:176] [meta_state_machine.cpp:97][store_heartbeat][803158913411]store: heart beat, time_cost: 52, instance_time: 3, peer_balance_time: 1, schema_time: 2, peer_time: 24, leader_time: 21, log_id: 5968826071715829678
I1215 19:16:19.066740 125516 log.h:176] [schema_manager.cpp:349][process_peer_heartbeat_for_store][773094139513]process peer hearbeat, table_exist_time: 1, partition_exist_time: 0, ilegal_peer_time: 1, log_id: 10715648071179371637
I1215 19:16:19.066766 125516 log.h:176] [schema_manager.cpp:380][process_leader_heartbeat_for_store][773094139513]store: 127.0.1.1:8110 process leader heartbeat, update_status_time: 1, leader_region_time: 8 leader_balance_time: 5, log_id: 10715648071179371637
I1215 19:16:19.066772 125516 log.h:176] [meta_state_machine.cpp:97][store_heartbeat][773094139513]store:127.0.1.1:8110 heart beat, time_cost: 42, instance_time: 2, peer_balance_time: 2, schema_time: 1, peer_time: 15, leader_time: 19, log_id: 10715648071179371637
I1215 19:16:20.606441 125519 node.cpp:975] node tso_raft:127.0.1.1:8010:0:0 starts to do snapshot
I1215 19:16:20.610805 125519 snapshot.cpp:642] Deleting /home/ubuntu/BaikalDB/meta_data/raft_data/snapshot/tso/snapshot_00000000000000203549
I1215 19:16:20.610811 125519 snapshot.cpp:648] Renaming /home/ubuntu/BaikalDB/meta_data/raft_data/snapshot/tso/temp to /home/ubuntu/BaikalDB/meta_data/raft_data/snapshot/tso/snapshot_00000000000000203549
I1215 19:16:20.610821 125519 snapshot.cpp:519] Deleting /home/ubuntu/BaikalDB/meta_data/raft_data/snapshot/tso/snapshot_00000000000000202352
I1215 19:16:20.610894 125519 snapshot_executor.cpp:234] node tso_raft:127.0.1.1:8010:0:0 snapshot_save_done, last_included_index=203549 last_included_term=3
I1215 19:16:36.040961 125519 log.h:176] [ddl_manager.cpp:704][work][4294992907]leader process ddl work.
I1215 19:16:36.302445 125519 log.h:176] [ddl_manager.cpp:350][operator()][4294992908]db manager working thread.
I1215 19:16:49.285642 125594 log.h:176] [schema_manager.cpp:349][process_peer_heartbeat_for_store][691489760602]process peer hearbeat, table_exist_time: 0, partition_exist_time: 1, ilegal_peer_time: 1, log_id: 12133399713609628700
I1215 19:16:49.285674 125594 log.h:176] [schema_manager.cpp:380][process_leader_heartbeat_for_store][691489760602]store: 127.0.1.1:8110 process leader heartbeat, update_status_time: 2, leader_region_time: 7 leader_balance_time: 5, log_id: 12133399713609628700
I1215 19:16:49.285678 125594 log.h:176] [meta_state_machine.cpp:97][store_heartbeat][691489760602]store:127.0.1.1:8110 heart beat, time_cost: 51, instance_time: 4, peer_balance_time: 3, schema_time: 1, peer_time: 24, leader_time: 17, log_id: 12133399713609628700
I1215 19:16:56.158442 125583 log.h:176] [ddl_manager.cpp:704][work][4294992907]leader process ddl work.
I1215 19:16:56.420042 125572 log.h:176] [ddl_manager.cpp:350][operator()][4294992908]db manager working thread.
I1215 19:17:16.279230 125507 log.h:176] [ddl_manager.cpp:704][work][4294992907]leader process ddl work.
I1215 19:17:16.540757 125583 log.h:176] [ddl_manager.cpp:350][operator()][4294992908]db manager working thread.
I1215 19:17:19.500105 125540 log.h:176] [schema_manager.cpp:349][process_peer_heartbeat_for_store][987842504081]process peer hearbeat, table_exist_time: 1, partition_exist_time: 0, ilegal_peer_time: 1, log_id: 7801534630444703087
I1215 19:17:19.500155 125540 log.h:176] [schema_manager.cpp:380][process_leader_heartbeat_for_store][987842504081]store: 127.0.1.1:8110 process leader heartbeat, update_status_time: 2, leader_region_time: 8 leader_balance_time: 7, log_id: 7801534630444703087
I1215 19:17:19.500164 125540 log.h:176] [meta_state_machine.cpp:97][store_heartbeat][987842504081]store:127.0.1.1:8110 heart beat, time_cost: 75, instance_time: 4, peer_balance_time: 2, schema_time: 2, peer_time: 40, leader_time: 24, log_id: 7801534630444703087
I1215 19:17:20.606608 125525 node.cpp:975] node tso_raft:127.0.1.1:8010:0:0 starts to do snapshot
I1215 19:17:20.611057 125525 snapshot.cpp:642] Deleting /home/ubuntu/BaikalDB/meta_data/raft_data/snapshot/tso/snapshot_00000000000000204746
I1215 19:17:20.611068 125525 snapshot.cpp:648] Renaming /home/ubuntu/BaikalDB/meta_data/raft_data/snapshot/tso/temp to /home/ubuntu/BaikalDB/meta_data/raft_data/snapshot/tso/snapshot_00000000000000204746
I1215 19:17:20.611076 125525 snapshot.cpp:519] Deleting /home/ubuntu/BaikalDB/meta_data/raft_data/snapshot/tso/snapshot_00000000000000203549
I1215 19:17:20.611150 125525 snapshot_executor.cpp:234] node tso_raft:127.0.1.1:8010:0:0 snapshot_save_done, last_included_index=204746 last_included_term=3
I1215 19:17:36.398289 125569 log.h:176] [ddl_manager.cpp:704][work][4294992907]leader process ddl work.
I1215 19:17:36.659890 125509 log.h:176] [ddl_manager.cpp:350][operator()][4294992908]db manager working thread.
I1215 19:17:49.713291 125507 log.h:176] [schema_manager.cpp:349][process_peer_heartbeat_for_store][871878389342]process peer hearbeat, table_exist_time: 1, partition_exist_time: 0, ilegal_peer_time: 1, log_id: 12015257899135870703
I1215 19:17:49.713327 125507 log.h:176] [schema_manager.cpp:380][process_leader_heartbeat_for_store][871878389342]store: 127.0.1.1:8110 process leader heartbeat, update_status_time: 1, leader_region_time: 7 leader_balance_time: 5, log_id: 12015257899135870703
I1215 19:17:49.713332 125507 log.h:176] [meta_state_machine.cpp:97][store_heartbeat][871878389342]store:127.0.1.1:8110 heart beat, time_cost: 52, instance_time: 3, peer_balance_time: 2, schema_time: 1, peer_time: 29, leader_time: 16, log_id: 12015257899135870703
I1215 19:17:56.516595 125594 log.h:176] [ddl_manager.cpp:704][work][4294992907]leader process ddl work.
I1215 19:17:56.778192 125569 log.h:176] [ddl_manager.cpp:350][operator()][4294992908]db manager working thread.
I1215 19:18:16.637259 125569 log.h:176] [ddl_manager.cpp:704][work][4294992907]leader process ddl work.
I1215 19:18:16.899003 125505 log.h:176] [ddl_manager.cpp:350][operator()][4294992908]db manager working thread.
I1215 19:18:19.919111 125519 log.h:176] [schema_manager.cpp:349][process_peer_heartbeat_for_store][747324335974]process peer hearbeat, table_exist_time: 1, partition_exist_time: 0, ilegal_peer_time: 1, log_id: 14689173583580233624
I1215 19:18:19.919154 125519 log.h:176] [schema_manager.cpp:380][process_leader_heartbeat_for_store][747324335974]store: 127.0.1.1:8110 process leader heartbeat, update_status_time: 2, leader_region_time: 8 leader_balance_time: 5, log_id: 14689173583580233624
I1215 19:18:19.919160 125519 log.h:176] [meta_state_machine.cpp:97][store_heartbeat][747324335974]store:127.0.1.1:8110 heart beat, time_cost: 66, instance_time: 3, peer_balance_time: 2, schema_time: 2, peer_time: 37, leader_time: 19, log_id: 14689173583580233624
I1215 19:18:20.606828 125507 node.cpp:975] node tso_raft:127.0.1.1:8010:0:0 starts to do snapshot
I1215 19:18:20.611229 125507 snapshot.cpp:642] Deleting /home/ubuntu/BaikalDB/meta_data/raft_data/snapshot/tso/snapshot_00000000000000205943
I1215 19:18:20.611243 125507 snapshot.cpp:648] Renaming /home/ubuntu/BaikalDB/meta_data/raft_data/snapshot/tso/temp to /home/ubuntu/BaikalDB/meta_data/raft_data/snapshot/tso/snapshot_00000000000000205943
I1215 19:18:20.611258 125507 snapshot.cpp:519] Deleting /home/ubuntu/BaikalDB/meta_data/raft_data/snapshot/tso/snapshot_00000000000000204746
I1215 19:18:20.611385 125507 snapshot_executor.cpp:234] node tso_raft:127.0.1.1:8010:0:0 snapshot_save_done, last_included_index=205943 last_included_term=3
I1215 19:18:36.756150 125533 log.h:176] [ddl_manager.cpp:704][work][4294992907]leader process ddl work.
I1215 19:18:37.017560 125594 log.h:176] [ddl_manager.cpp:350][operator()][4294992908]db manager working thread.
I1215 19:18:50.130532 125584 log.h:176] [schema_manager.cpp:349][process_peer_heartbeat_for_store][584115581176]process peer hearbeat, table_exist_time: 1, partition_exist_time: 0, ilegal_peer_time: 1, log_id: 14817582414286090515
I1215 19:18:50.130589 125584 log.h:176] [schema_manager.cpp:380][process_leader_heartbeat_for_store][584115581176]store: 127.0.1.1:8110 process leader heartbeat, update_status_time: 2, leader_region_time: 10 leader_balance_time: 6, log_id: 14817582414286090515
I1215 19:18:50.130597 125584 log.h:176] [meta_state_machine.cpp:97][store_heartbeat][584115581176]store:127.0.1.1:8110 heart beat, time_cost: 83, instance_time: 4, peer_balance_time: 2, schema_time: 2, peer_time: 48, leader_time: 25, log_id: 14817582414286090515
I1215 19:18:56.872673 125507 log.h:176] [ddl_manager.cpp:704][work][4294992907]leader process ddl work.
I1215 19:18:57.134148 125580 log.h:176] [ddl_manager.cpp:350][operator()][4294992908]db manager working thread.
I1215 19:19:16.986236 125539 log.h:176] [ddl_manager.cpp:704][work][4294992907]leader process ddl work.
I1215 19:19:17.247776 125594 log.h:176] [ddl_manager.cpp:350][operator()][4294992908]db manager working thread.
I1215 19:19:20.349298 125505 log.h:176] [schema_manager.cpp:349][process_peer_heartbeat_for_store][665719961026]process peer hearbeat, table_exist_time: 1, partition_exist_time: 1, ilegal_peer_time: 0, log_id: 3492756347939990198
I1215 19:19:20.349339 125505 log.h:176] [schema_manager.cpp:380][process_leader_heartbeat_for_store][665719961026]store: 127.0.1.1:8110 process leader heartbeat, update_status_time: 1, leader_region_time: 8 leader_balance_time: 6, log_id: 3492756347939990198
I1215 19:19:20.349345 125505 log.h:176] [meta_state_machine.cpp:97][store_heartbeat][665719961026]store:127.0.1.1:8110 heart beat, time_cost: 64, instance_time: 4, peer_balance_time: 3, schema_time: 1, peer_time: 32, leader_time: 21, log_id: 3492756347939990198
I1215 19:19:20.606989 125534 node.cpp:975] node tso_raft:127.0.1.1:8010:0:0 starts to do snapshot
I1215 19:19:20.611240 125505 snapshot.cpp:642] Deleting /home/ubuntu/BaikalDB/meta_data/raft_data/snapshot/tso/snapshot_00000000000000207140
I1215 19:19:20.611253 125505 snapshot.cpp:648] Renaming /home/ubuntu/BaikalDB/meta_data/raft_data/snapshot/tso/temp to /home/ubuntu/BaikalDB/meta_data/raft_data/snapshot/tso/snapshot_00000000000000207140
I1215 19:19:20.611263 125505 snapshot.cpp:519] Deleting /home/ubuntu/BaikalDB/meta_data/raft_data/snapshot/tso/snapshot_00000000000000205943
I1215 19:19:20.611354 125505 snapshot_executor.cpp:234] node tso_raft:127.0.1.1:8010:0:0 snapshot_save_done, last_included_index=207140 last_included_term=3
I1215 19:19:29.095027 125519 node.cpp:975] node meta_raft:127.0.1.1:8010:0:0 starts to do snapshot
I1215 19:19:29.095062 125519 snapshot_executor.cpp:154] node meta_raft:127.0.1.1:8010:0:0 the gap between fsm applied index 5 and last_snapshot_index 5 is less than 1, will clear bufferred logs and return success
I1215 19:19:37.103699 125517 log.h:176] [ddl_manager.cpp:704][work][4294992907]leader process ddl work.
I1215 19:19:37.363963 125507 log.h:176] [ddl_manager.cpp:350][operator()][4294992908]db manager working thread.
I1215 19:19:50.565500 125584 log.h:176] [schema_manager.cpp:349][process_peer_heartbeat_for_store][816043816253]process peer hearbeat, table_exist_time: 0, partition_exist_time: 0, ilegal_peer_time: 0, log_id: 8781996575569839469
I1215 19:19:50.565557 125584 log.h:176] [schema_manager.cpp:380][process_leader_heartbeat_for_store][816043816253]store: 127.0.1.1:8110 process leader heartbeat, update_status_time: 1, leader_region_time: 9 leader_balance_time: 8, log_id: 8781996575569839469
I1215 19:19:50.565565 125584 log.h:176] [meta_state_machine.cpp:97][store_heartbeat][816043816253]store:127.0.1.1:8110 heart beat, time_cost: 83, instance_time: 4, peer_balance_time: 3, schema_time: 1, peer_time: 48, leader_time: 25, log_id: 8781996575569839469
I1215 19:19:57.221499 125594 log.h:176] [ddl_manager.cpp:704][work][4294992907]leader process ddl work.
I1215 19:19:57.481370 125525 log.h:176] [ddl_manager.cpp:350][operator()][4294992908]db manager working thread.
I1215 19:20:17.340395 125594 log.h:176] [ddl_manager.cpp:704][work][4294992907]leader process ddl work.
I1215 19:20:17.598228 125505 log.h:176] [ddl_manager.cpp:350][operator()][4294992908]db manager working thread.
I1215 19:20:20.607136 125583 node.cpp:975] node tso_raft:127.0.1.1:8010:0:0 starts to do snapshot
I1215 19:20:20.611479 125600 snapshot.cpp:642] Deleting /home/ubuntu/BaikalDB/meta_data/raft_data/snapshot/tso/snapshot_00000000000000208336
I1215 19:20:20.611487 125600 snapshot.cpp:648] Renaming /home/ubuntu/BaikalDB/meta_data/raft_data/snapshot/tso/temp to /home/ubuntu/BaikalDB/meta_data/raft_data/snapshot/tso/snapshot_00000000000000208336
I1215 19:20:20.611496 125600 snapshot.cpp:519] Deleting /home/ubuntu/BaikalDB/meta_data/raft_data/snapshot/tso/snapshot_00000000000000207140
I1215 19:20:20.611578 125600 snapshot_executor.cpp:234] node tso_raft:127.0.1.1:8010:0:0 snapshot_save_done, last_included_index=208336 last_included_term=3
I1215 19:20:20.783630 125534 log.h:176] [schema_manager.cpp:349][process_peer_heartbeat_for_store][721554533211]process peer hearbeat, table_exist_time: 1, partition_exist_time: 0, ilegal_peer_time: 1, log_id: 7014571890836690220
I1215 19:20:20.783674 125534 log.h:176] [schema_manager.cpp:380][process_leader_heartbeat_for_store][721554533211]store: 127.0.1.1:8110 process leader heartbeat, update_status_time: 2, leader_region_time: 10 leader_balance_time: 7, log_id: 7014571890836690220
I1215 19:20:20.783680 125534 log.h:176] [meta_state_machine.cpp:97][store_heartbeat][721554533211]store:127.0.1.1:8110 heart beat, time_cost: 66, instance_time: 4, peer_balance_time: 2, schema_time: 2, peer_time: 30, leader_time: 25, log_id: 7014571890836690220
I1215 19:20:37.461722 125519 log.h:176] [ddl_manager.cpp:704][work][4294992907]leader process ddl work.
I1215 19:20:37.713136 125525 log.h:176] [ddl_manager.cpp:350][operator()][4294992908]db manager working thread.
I1215 19:20:42.371176 125509 node.cpp:975] node auto_incr_raft:127.0.1.1:8010:0:0 starts to do snapshot
I1215 19:20:42.371204 125509 snapshot_executor.cpp:154] node auto_incr_raft:127.0.1.1:8010:0:0 the gap between fsm applied index 2 and last_snapshot_index 2 is less than 1, will clear bufferred logs and return success
I1215 19:20:51.000586 125583 log.h:176] [schema_manager.cpp:349][process_peer_heartbeat_for_store][734439437001]process peer hearbeat, table_exist_time: 0, partition_exist_time: 0, ilegal_peer_time: 1, log_id: 2648774111442932413
I1215 19:20:51.000623 125583 log.h:176] [schema_manager.cpp:380][process_leader_heartbeat_for_store][734439437001]store: 127.0.1.1:8110 process leader heartbeat, update_status_time: 1, leader_region_time: 8 leader_balance_time: 9, log_id: 2648774111442932413
I1215 19:20:51.000629 125583 log.h:176] [meta_state_machine.cpp:97][store_heartbeat][734439437001]store:127.0.1.1:8110 heart beat, time_cost: 58, instance_time: 3, peer_balance_time: 3, schema_time: 1, peer_time: 26, leader_time: 22, log_id: 2648774111442932413
I1215 19:20:57.581043 125519 log.h:176] [ddl_manager.cpp:704][work][4294992907]leader process ddl work.
I1215 19:20:57.832572 125534 log.h:176] [ddl_manager.cpp:350][operator()][4294992908]db manager working thread.
I1215 19:21:17.700790 125600 log.h:176] [ddl_manager.cpp:704][work][4294992907]leader process ddl work.
I1215 19:21:17.952278 125550 log.h:176] [ddl_manager.cpp:350][operator()][4294992908]db manager working thread.
I1215 19:21:20.607381 125550 node.cpp:975] node tso_raft:127.0.1.1:8010:0:0 starts to do snapshot
I1215 19:21:20.611866 125550 snapshot.cpp:642] Deleting /home/ubuntu/BaikalDB/meta_data/raft_data/snapshot/tso/snapshot_00000000000000209534
I1215 19:21:20.611873 125550 snapshot.cpp:648] Renaming /home/ubuntu/BaikalDB/meta_data/raft_data/snapshot/tso/temp to /home/ubuntu/BaikalDB/meta_data/raft_data/snapshot/tso/snapshot_00000000000000209534
I1215 19:21:20.611882 125550 snapshot.cpp:519] Deleting /home/ubuntu/BaikalDB/meta_data/raft_data/snapshot/tso/snapshot_00000000000000208336
I1215 19:21:20.611959 125550 snapshot_executor.cpp:234] node tso_raft:127.0.1.1:8010:0:0 snapshot_save_done, last_included_index=209534 last_included_term=3
I1215 19:21:21.216857 125509 log.h:176] [schema_manager.cpp:349][process_peer_heartbeat_for_store][751619305110]process peer hearbeat, table_exist_time: 1, partition_exist_time: 0, ilegal_peer_time: 1, log_id: 315993976597742767
I1215 19:21:21.216905 125509 log.h:176] [schema_manager.cpp:380][process_leader_heartbeat_for_store][751619305110]store: 127.0.1.1:8110 process leader heartbeat, update_status_time: 1, leader_region_time: 10 leader_balance_time: 8, log_id: 315993976597742767
I1215 19:21:21.216917 125509 log.h:176] [meta_state_machine.cpp:97][store_heartbeat][751619305110]store:127.0.1.1:8110 heart beat, time_cost: 75, instance_time: 4, peer_balance_time: 2, schema_time: 2, peer_time: 35, leader_time: 28, log_id: 315993976597742767
I1215 19:21:37.818006 125539 log.h:176] [ddl_manager.cpp:704][work][4294992907]leader process ddl work.
I1215 19:21:38.069417 125572 log.h:176] [ddl_manager.cpp:350][operator()][4294992908]db manager working thread.
I1215 19:21:51.432912 125594 log.h:176] [schema_manager.cpp:349][process_peer_heartbeat_for_store][768799171973]process peer hearbeat, table_exist_time: 1, partition_exist_time: 0, ilegal_peer_time: 1, log_id: 1240145550655302767
I1215 19:21:51.432948 125594 log.h:176] [schema_manager.cpp:380][process_leader_heartbeat_for_store][768799171973]store: 127.0.1.1:8110 process leader heartbeat, update_status_time: 2, leader_region_time: 7 leader_balance_time: 5, log_id: 1240145550655302767
I1215 19:21:51.432953 125594 log.h:176] [meta_state_machine.cpp:97][store_heartbeat][768799171973]store:127.0.1.1:8110 heart beat, time_cost: 56, instance_time: 4, peer_balance_time: 1, schema_time: 1, peer_time: 29, leader_time: 18, log_id: 1240145550655302767
I1215 19:21:57.929232 125590 log.h:176] [ddl_manager.cpp:704][work][4294992907]leader process ddl work.
I1215 19:21:58.188501 125583 log.h:176] [ddl_manager.cpp:350][operator()][4294992908]db manager working thread.
I1215 19:22:18.043983 125507 log.h:176] [ddl_manager.cpp:704][work][4294992907]leader process ddl work.
I1215 19:22:18.305575 125519 log.h:176] [ddl_manager.cpp:350][operator()][4294992908]db manager working thread.
I1215 19:22:20.607594 125594 node.cpp:975] node tso_raft:127.0.1.1:8010:0:0 starts to do snapshot
I1215 19:22:20.610988 125594 snapshot.cpp:642] Deleting /home/ubuntu/BaikalDB/meta_data/raft_data/snapshot/tso/snapshot_00000000000000210731
I1215 19:22:20.611003 125594 snapshot.cpp:648] Renaming /home/ubuntu/BaikalDB/meta_data/raft_data/snapshot/tso/temp to /home/ubuntu/BaikalDB/meta_data/raft_data/snapshot/tso/snapshot_00000000000000210731
I1215 19:22:20.611019 125594 snapshot.cpp:519] Deleting /home/ubuntu/BaikalDB/meta_data/raft_data/snapshot/tso/snapshot_00000000000000209534
I1215 19:22:20.611135 125594 snapshot_executor.cpp:234] node tso_raft:127.0.1.1:8010:0:0 snapshot_save_done, last_included_index=210731 last_included_term=3
I1215 19:22:21.650594 125580 log.h:176] [schema_manager.cpp:349][process_peer_heartbeat_for_store][846108583990]process peer hearbeat, table_exist_time: 1, partition_exist_time: 0, ilegal_peer_time: 1, log_id: 10940515313797170057
I1215 19:22:21.650645 125580 log.h:176] [schema_manager.cpp:380][process_leader_heartbeat_for_store][846108583990]store: 127.0.1.1:8110 process leader heartbeat, update_status_time: 1, leader_region_time: 10 leader_balance_time: 7, log_id: 10940515313797170057
I1215 19:22:21.650653 125580 log.h:176] [meta_state_machine.cpp:97][store_heartbeat][846108583990]store:127.0.1.1:8110 heart beat, time_cost: 77, instance_time: 3, peer_balance_time: 3, schema_time: 2, peer_time: 41, leader_time: 25, log_id: 10940515313797170057
I1215 19:22:38.161327 125533 log.h:176] [ddl_manager.cpp:704][work][4294992907]leader process ddl work.
I1215 19:22:38.422796 125509 log.h:176] [ddl_manager.cpp:350][operator()][4294992908]db manager working thread.
I1215 19:22:51.862376 125505 log.h:176] [schema_manager.cpp:349][process_peer_heartbeat_for_store][635655186847]process peer hearbeat, table_exist_time: 0, partition_exist_time: 1, ilegal_peer_time: 1, log_id: 14200016793827909035
I1215 19:22:51.862439 125505 log.h:176] [schema_manager.cpp:380][process_leader_heartbeat_for_store][635655186847]store: 127.0.1.1:8110 process leader heartbeat, update_status_time: 1, leader_region_time: 10 leader_balance_time: 14, log_id: 14200016793827909035
I1215 19:22:51.862452 125505 log.h:176] [meta_state_machine.cpp:97][store_heartbeat][635655186847]store:127.0.1.1:8110 heart beat, time_cost: 94, instance_time: 5, peer_balance_time: 3, schema_time: 1, peer_time: 46, leader_time: 34, log_id: 14200016793827909035
I1215 19:22:58.278847 125509 log.h:176] [ddl_manager.cpp:704][work][4294992907]leader process ddl work.
I1215 19:22:58.540125 125569 log.h:176] [ddl_manager.cpp:350][operator()][4294992908]db manager working thread.
I1215 19:23:18.397157 125583 log.h:176] [ddl_manager.cpp:704][work][4294992907]leader process ddl work.
I1215 19:23:18.651233 125580 log.h:176] [ddl_manager.cpp:350][operator()][4294992908]db manager working thread.
I1215 19:23:20.607795 125534 node.cpp:975] node tso_raft:127.0.1.1:8010:0:0 starts to do snapshot
I1215 19:23:20.608975 125534 snapshot.cpp:642] Deleting /home/ubuntu/BaikalDB/meta_data/raft_data/snapshot/tso/snapshot_00000000000000211928
I1215 19:23:20.608981 125534 snapshot.cpp:648] Renaming /home/ubuntu/BaikalDB/meta_data/raft_data/snapshot/tso/temp to /home/ubuntu/BaikalDB/meta_data/raft_data/snapshot/tso/snapshot_00000000000000211928
I1215 19:23:20.608991 125534 snapshot.cpp:519] Deleting /home/ubuntu/BaikalDB/meta_data/raft_data/snapshot/tso/snapshot_00000000000000210731
I1215 19:23:20.609081 125534 snapshot_executor.cpp:234] node tso_raft:127.0.1.1:8010:0:0 snapshot_save_done, last_included_index=211928 last_included_term=3
I1215 19:23:22.064046 125516 log.h:176] [schema_manager.cpp:349][process_peer_heartbeat_for_store][743029372294]process peer hearbeat, table_exist_time: 1, partition_exist_time: 1, ilegal_peer_time: 1, log_id: 1298874942840087323
I1215 19:23:22.064098 125516 log.h:176] [schema_manager.cpp:380][process_leader_heartbeat_for_store][743029372294]store: 127.0.1.1:8110 process leader heartbeat, update_status_time: 2, leader_region_time: 9 leader_balance_time: 7, log_id: 1298874942840087323
I1215 19:23:22.064105 125516 log.h:176] [meta_state_machine.cpp:97][store_heartbeat][743029372294]store:127.0.1.1:8110 heart beat, time_cost: 74, instance_time: 4, peer_balance_time: 2, schema_time: 2, peer_time: 41, leader_time: 24, log_id: 1298874942840087323
I1215 19:23:38.516902 125534 log.h:176] [ddl_manager.cpp:704][work][4294992907]leader process ddl work.
I1215 19:23:38.768373 125600 log.h:176] [ddl_manager.cpp:350][operator()][4294992908]db manager working thread.
I1215 19:23:52.281838 125525 log.h:176] [schema_manager.cpp:349][process_peer_heartbeat_for_store][1116691525359]process peer hearbeat, table_exist_time: 0, partition_exist_time: 1, ilegal_peer_time: 1, log_id: 16157826859523216493
I1215 19:23:52.281890 125525 log.h:176] [schema_manager.cpp:380][process_leader_heartbeat_for_store][1116691525359]store: 127.0.1.1:8110 process leader heartbeat, update_status_time: 1, leader_region_time: 10 leader_balance_time: 7, log_id: 16157826859523216493
I1215 19:23:52.281899 125525 log.h:176] [meta_state_machine.cpp:97][store_heartbeat][1116691525359]store:127.0.1.1:8110 heart beat, time_cost: 80, instance_time: 5, peer_balance_time: 2, schema_time: 2, peer_time: 44, leader_time: 24, log_id: 16157826859523216493
I1215 19:23:58.634838 125590 log.h:176] [ddl_manager.cpp:704][work][4294992907]leader process ddl work.
I1215 19:23:58.886299 125533 log.h:176] [ddl_manager.cpp:350][operator()][4294992908]db manager working thread.
I1215 19:24:18.753898 125516 log.h:176] [ddl_manager.cpp:704][work][4294992907]leader process ddl work.
I1215 19:24:19.005378 125505 log.h:176] [ddl_manager.cpp:350][operator()][4294992908]db manager working thread.
I1215 19:24:20.607993 125584 node.cpp:975] node tso_raft:127.0.1.1:8010:0:0 starts to do snapshot
I1215 19:24:20.609486 125509 snapshot.cpp:642] Deleting /home/ubuntu/BaikalDB/meta_data/raft_data/snapshot/tso/snapshot_00000000000000213125
I1215 19:24:20.609504 125509 snapshot.cpp:648] Renaming /home/ubuntu/BaikalDB/meta_data/raft_data/snapshot/tso/temp to /home/ubuntu/BaikalDB/meta_data/raft_data/snapshot/tso/snapshot_00000000000000213125
I1215 19:24:20.609521 125509 snapshot.cpp:519] Deleting /home/ubuntu/BaikalDB/meta_data/raft_data/snapshot/tso/snapshot_00000000000000211928
I1215 19:24:20.609651 125509 snapshot_executor.cpp:234] node tso_raft:127.0.1.1:8010:0:0 snapshot_save_done, last_included_index=213125 last_included_term=3
I1215 19:24:22.494634 125583 log.h:176] [schema_manager.cpp:349][process_peer_heartbeat_for_store][923417997090]process peer hearbeat, table_exist_time: 1, partition_exist_time: 0, ilegal_peer_time: 1, log_id: 10786560259536302877
I1215 19:24:22.494668 125583 log.h:176] [schema_manager.cpp:380][process_leader_heartbeat_for_store][923417997090]store: 127.0.1.1:8110 process leader heartbeat, update_status_time: 2, leader_region_time: 7 leader_balance_time: 5, log_id: 10786560259536302877
I1215 19:24:22.494674 125583 log.h:176] [meta_state_machine.cpp:97][store_heartbeat][923417997090]store:127.0.1.1:8110 heart beat, time_cost: 52, instance_time: 3, peer_balance_time: 2, schema_time: 1, peer_time: 25, leader_time: 18, log_id: 10786560259536302877
I1215 19:24:38.870297 125584 log.h:176] [ddl_manager.cpp:704][work][4294992907]leader process ddl work.
I1215 19:24:39.121744 125533 log.h:176] [ddl_manager.cpp:350][operator()][4294992908]db manager working thread.
I1215 19:24:52.710096 125507 log.h:176] [schema_manager.cpp:349][process_peer_heartbeat_for_store][768799174119]process peer hearbeat, table_exist_time: 1, partition_exist_time: 1, ilegal_peer_time: 0, log_id: 11170190963086581736
I1215 19:24:52.710155 125507 log.h:176] [schema_manager.cpp:380][process_leader_heartbeat_for_store][768799174119]store: 127.0.1.1:8110 process leader heartbeat, update_status_time: 2, leader_region_time: 10 leader_balance_time: 7, log_id: 11170190963086581736
I1215 19:24:52.710175 125507 log.h:176] [meta_state_machine.cpp:97][store_heartbeat][768799174119]store:127.0.1.1:8110 heart beat, time_cost: 96, instance_time: 5, peer_balance_time: 3, schema_time: 1, peer_time: 49, leader_time: 36, log_id: 11170190963086581736
I1215 19:24:58.988612 125540 log.h:176] [ddl_manager.cpp:704][work][4294992907]leader process ddl work.
I1215 19:24:59.240037 125516 log.h:176] [ddl_manager.cpp:350][operator()][4294992908]db manager working thread.
I1215 19:25:19.108935 125533 log.h:176] [ddl_manager.cpp:704][work][4294992907]leader process ddl work.
I1215 19:25:19.367082 125594 log.h:176] [ddl_manager.cpp:350][operator()][4294992908]db manager working thread.
I1215 19:25:20.608180 125590 node.cpp:975] node tso_raft:127.0.1.1:8010:0:0 starts to do snapshot
I1215 19:25:20.609524 125590 snapshot.cpp:642] Deleting /home/ubuntu/BaikalDB/meta_data/raft_data/snapshot/tso/snapshot_00000000000000214322
I1215 19:25:20.609530 125590 snapshot.cpp:648] Renaming /home/ubuntu/BaikalDB/meta_data/raft_data/snapshot/tso/temp to /home/ubuntu/BaikalDB/meta_data/raft_data/snapshot/tso/snapshot_00000000000000214322
I1215 19:25:20.609541 125590 snapshot.cpp:519] Deleting /home/ubuntu/BaikalDB/meta_data/raft_data/snapshot/tso/snapshot_00000000000000213125
I1215 19:25:20.609613 125590 snapshot_executor.cpp:234] node tso_raft:127.0.1.1:8010:0:0 snapshot_save_done, last_included_index=214322 last_included_term=3
I1215 19:25:22.919281 125569 log.h:176] [schema_manager.cpp:349][process_peer_heartbeat_for_store][760209238140]process peer hearbeat, table_exist_time: 1, partition_exist_time: 0, ilegal_peer_time: 1, log_id: 310068808754665517
I1215 19:25:22.919335 125569 log.h:176] [schema_manager.cpp:380][process_leader_heartbeat_for_store][760209238140]store: 127.0.1.1:8110 process leader heartbeat, update_status_time: 2, leader_region_time: 10 leader_balance_time: 7, log_id: 310068808754665517
I1215 19:25:22.919343 125569 log.h:176] [meta_state_machine.cpp:97][store_heartbeat][760209238140]store:127.0.1.1:8110 heart beat, time_cost: 82, instance_time: 4, peer_balance_time: 3, schema_time: 2, peer_time: 44, leader_time: 26, log_id: 310068808754665517
I1215 19:25:39.227427 125539 log.h:176] [ddl_manager.cpp:704][work][4294992907]leader process ddl work.
I1215 19:25:39.488906 125584 log.h:176] [ddl_manager.cpp:350][operator()][4294992908]db manager working thread.
I1215 19:25:53.135031 125583 log.h:176] [schema_manager.cpp:349][process_peer_heartbeat_for_store][1035087145513]process peer hearbeat, table_exist_time: 1, partition_exist_time: 0, ilegal_peer_time: 1, log_id: 14689173583580233624
I1215 19:25:53.135063 125583 log.h:176] [schema_manager.cpp:380][process_leader_heartbeat_for_store][1035087145513]store: 127.0.1.1:8110 process leader heartbeat, update_status_time: 1, leader_region_time: 6 leader_balance_time: 5, log_id: 14689173583580233624
I1215 19:25:53.135068 125583 log.h:176] [meta_state_machine.cpp:97][store_heartbeat][1035087145513]store:127.0.1.1:8110 heart beat, time_cost: 50, instance_time: 3, peer_balance_time: 2, schema_time: 1, peer_time: 26, leader_time: 16, log_id: 14689173583580233624
I1215 19:25:59.348721 125539 log.h:176] [ddl_manager.cpp:704][work][4294992907]leader process ddl work.
I1215 19:25:59.600111 125516 log.h:176] [ddl_manager.cpp:350][operator()][4294992908]db manager working thread.
I1215 19:26:19.462797 125569 log.h:176] [ddl_manager.cpp:704][work][4294992907]leader process ddl work.
I1215 19:26:19.714332 125590 log.h:176] [ddl_manager.cpp:350][operator()][4294992908]db manager working thread.
I1215 19:26:20.608371 125569 node.cpp:975] node tso_raft:127.0.1.1:8010:0:0 starts to do snapshot
I1215 19:26:20.609673 125569 snapshot.cpp:642] Deleting /home/ubuntu/BaikalDB/meta_data/raft_data/snapshot/tso/snapshot_00000000000000215519
I1215 19:26:20.609688 125569 snapshot.cpp:648] Renaming /home/ubuntu/BaikalDB/meta_data/raft_data/snapshot/tso/temp to /home/ubuntu/BaikalDB/meta_data/raft_data/snapshot/tso/snapshot_00000000000000215519
I1215 19:26:20.609709 125569 snapshot.cpp:519] Deleting /home/ubuntu/BaikalDB/meta_data/raft_data/snapshot/tso/snapshot_00000000000000214322
I1215 19:26:20.609826 125569 snapshot_executor.cpp:234] node tso_raft:127.0.1.1:8010:0:0 snapshot_save_done, last_included_index=215519 last_included_term=3
I1215 19:26:23.351351 125580 log.h:176] [schema_manager.cpp:349][process_peer_heartbeat_for_store][1069446885225]process peer hearbeat, table_exist_time: 0, partition_exist_time: 0, ilegal_peer_time: 1, log_id: 4880337127492315790
I1215 19:26:23.351385 125580 log.h:176] [schema_manager.cpp:380][process_leader_heartbeat_for_store][1069446885225]store: 127.0.1.1:8110 process leader heartbeat, update_status_time: 2, leader_region_time: 6 leader_balance_time: 6, log_id: 4880337127492315790
I1215 19:26:23.351393 125580 log.h:176] [meta_state_machine.cpp:97][store_heartbeat][1069446885225]store:127.0.1.1:8110 heart beat, time_cost: 56, instance_time: 3, peer_balance_time: 2, schema_time: 2, peer_time: 26, leader_time: 21, log_id: 4880337127492315790
I1215 19:26:39.580515 125569 log.h:176] [ddl_manager.cpp:704][work][4294992907]leader process ddl work.
I1215 19:26:39.831974 125580 log.h:176] [ddl_manager.cpp:350][operator()][4294992908]db manager working thread.
I1215 19:26:53.565532 125520 log.h:176] [schema_manager.cpp:349][process_peer_heartbeat_for_store][807453881592]process peer hearbeat, table_exist_time: 0, partition_exist_time: 1, ilegal_peer_time: 0, log_id: 11406998992901390348
I1215 19:26:53.565585 125520 log.h:176] [schema_manager.cpp:380][process_leader_heartbeat_for_store][807453881592]store: 127.0.1.1:8110 process leader heartbeat, update_status_time: 1, leader_region_time: 9 leader_balance_time: 6, log_id: 11406998992901390348
I1215 19:26:53.565591 125520 log.h:176] [meta_state_machine.cpp:97][store_heartbeat][807453881592]store:127.0.1.1:8110 heart beat, time_cost: 76, instance_time: 4, peer_balance_time: 2, schema_time: 2, peer_time: 43, leader_time: 22, log_id: 11406998992901390348
I1215 19:26:59.697690 125539 log.h:176] [ddl_manager.cpp:704][work][4294992907]leader process ddl work.
I1215 19:26:59.949061 125525 log.h:176] [ddl_manager.cpp:350][operator()][4294992908]db manager working thread.
I1215 19:27:19.811650 125584 log.h:176] [ddl_manager.cpp:704][work][4294992907]leader process ddl work.
I1215 19:27:20.063228 125520 log.h:176] [ddl_manager.cpp:350][operator()][4294992908]db manager working thread.
I1215 19:27:20.608567 125533 node.cpp:975] node tso_raft:127.0.1.1:8010:0:0 starts to do snapshot
I1215 19:27:20.609611 125533 snapshot.cpp:642] Deleting /home/ubuntu/BaikalDB/meta_data/raft_data/snapshot/tso/snapshot_00000000000000216716
I1215 19:27:20.609616 125533 snapshot.cpp:648] Renaming /home/ubuntu/BaikalDB/meta_data/raft_data/snapshot/tso/temp to /home/ubuntu/BaikalDB/meta_data/raft_data/snapshot/tso/snapshot_00000000000000216716
I1215 19:27:20.609627 125533 snapshot.cpp:519] Deleting /home/ubuntu/BaikalDB/meta_data/raft_data/snapshot/tso/snapshot_00000000000000215519
I1215 19:27:20.609699 125533 snapshot_executor.cpp:234] node tso_raft:127.0.1.1:8010:0:0 snapshot_save_done, last_included_index=216716 last_included_term=3
I1215 19:27:23.773327 125507 log.h:176] [schema_manager.cpp:349][process_peer_heartbeat_for_store][790274010769]process peer hearbeat, table_exist_time: 0, partition_exist_time: 1, ilegal_peer_time: 1, log_id: 7029236517893345615
I1215 19:27:23.773376 125507 log.h:176] [schema_manager.cpp:380][process_leader_heartbeat_for_store][790274010769]store: 127.0.1.1:8110 process leader heartbeat, update_status_time: 1, leader_region_time: 9 leader_balance_time: 7, log_id: 7029236517893345615
I1215 19:27:23.773384 125507 log.h:176] [meta_state_machine.cpp:97][store_heartbeat][790274010769]store:127.0.1.1:8110 heart beat, time_cost: 72, instance_time: 4, peer_balance_time: 2, schema_time: 2, peer_time: 38, leader_time: 23, log_id: 7029236517893345615
I1215 19:27:39.929152 125572 log.h:176] [ddl_manager.cpp:704][work][4294992907]leader process ddl work.
I1215 19:27:40.180620 125584 log.h:176] [ddl_manager.cpp:350][operator()][4294992908]db manager working thread.
I1215 19:27:53.989919 125583 log.h:176] [schema_manager.cpp:349][process_peer_heartbeat_for_store][614180349557]process peer hearbeat, table_exist_time: 0, partition_exist_time: 1, ilegal_peer_time: 0, log_id: 7630993114894833429
I1215 19:27:53.989961 125583 log.h:176] [schema_manager.cpp:380][process_leader_heartbeat_for_store][614180349557]store: 127.0.1.1:8110 process leader heartbeat, update_status_time: 1, leader_region_time: 8 leader_balance_time: 6, log_id: 7630993114894833429
I1215 19:27:53.989969 125583 log.h:176] [meta_state_machine.cpp:97][store_heartbeat][614180349557]store:127.0.1.1:8110 heart beat, time_cost: 63, instance_time: 2, peer_balance_time: 2, schema_time: 2, peer_time: 34, leader_time: 21, log_id: 7630993114894833429
I1215 19:28:00.048856 125519 log.h:176] [ddl_manager.cpp:704][work][4294992907]leader process ddl work.
I1215 19:28:00.300308 125572 log.h:176] [ddl_manager.cpp:350][operator()][4294992908]db manager working thread.
I1215 19:28:20.160068 125583 log.h:176] [ddl_manager.cpp:704][work][4294992907]leader process ddl work.
I1215 19:28:20.412624 125509 log.h:176] [ddl_manager.cpp:350][operator()][4294992908]db manager working thread.
I1215 19:28:20.608732 125590 node.cpp:975] node tso_raft:127.0.1.1:8010:0:0 starts to do snapshot
I1215 19:28:20.610031 125590 snapshot.cpp:642] Deleting /home/ubuntu/BaikalDB/meta_data/raft_data/snapshot/tso/snapshot_00000000000000217913
I1215 19:28:20.610044 125590 snapshot.cpp:648] Renaming /home/ubuntu/BaikalDB/meta_data/raft_data/snapshot/tso/temp to /home/ubuntu/BaikalDB/meta_data/raft_data/snapshot/tso/snapshot_00000000000000217913
I1215 19:28:20.610060 125590 snapshot.cpp:519] Deleting /home/ubuntu/BaikalDB/meta_data/raft_data/snapshot/tso/snapshot_00000000000000216716
I1215 19:28:20.610185 125590 snapshot_executor.cpp:234] node tso_raft:127.0.1.1:8010:0:0 snapshot_save_done, last_included_index=217913 last_included_term=3
I1215 19:28:24.206640 125584 log.h:176] [schema_manager.cpp:349][process_peer_heartbeat_for_store][798863945815]process peer hearbeat, table_exist_time: 0, partition_exist_time: 1, ilegal_peer_time: 1, log_id: 9530130123789222893
I1215 19:28:24.206670 125584 log.h:176] [schema_manager.cpp:380][process_leader_heartbeat_for_store][798863945815]store: 127.0.1.1:8110 process leader heartbeat, update_status_time: 1, leader_region_time: 6 leader_balance_time: 5, log_id: 9530130123789222893
I1215 19:28:24.206674 125584 log.h:176] [meta_state_machine.cpp:97][store_heartbeat][798863945815]store:127.0.1.1:8110 heart beat, time_cost: 46, instance_time: 3, peer_balance_time: 3, schema_time: 1, peer_time: 23, leader_time: 15, log_id: 9530130123789222893
I1215 19:28:40.272692 125569 log.h:176] [ddl_manager.cpp:704][work][4294992907]leader process ddl work.
I1215 19:28:40.525607 125525 log.h:176] [ddl_manager.cpp:350][operator()][4294992908]db manager working thread.
I1215 19:28:54.411271 125540 log.h:176] [schema_manager.cpp:349][process_peer_heartbeat_for_store][764504209016]process peer hearbeat, table_exist_time: 0, partition_exist_time: 0, ilegal_peer_time: 1, log_id: 13870835853562006636
I1215 19:28:54.411312 125540 log.h:176] [schema_manager.cpp:380][process_leader_heartbeat_for_store][764504209016]store: 127.0.1.1:8110 process leader heartbeat, update_status_time: 1, leader_region_time: 6 leader_balance_time: 5, log_id: 13870835853562006636
I1215 19:28:54.411317 125540 log.h:176] [meta_state_machine.cpp:97][store_heartbeat][764504209016]store:127.0.1.1:8110 heart beat, time_cost: 60, instance_time: 3, peer_balance_time: 2, schema_time: 2, peer_time: 36, leader_time: 15, log_id: 13870835853562006636
I1215 19:29:00.389058 125540 log.h:176] [ddl_manager.cpp:704][work][4294992907]leader process ddl work.
I1215 19:29:00.640409 125580 log.h:176] [ddl_manager.cpp:350][operator()][4294992908]db manager working thread.
I1215 19:29:20.508049 125509 log.h:176] [ddl_manager.cpp:704][work][4294992907]leader process ddl work.
I1215 19:29:20.608940 125533 node.cpp:975] node tso_raft:127.0.1.1:8010:0:0 starts to do snapshot
I1215 19:29:20.610174 125533 snapshot.cpp:642] Deleting /home/ubuntu/BaikalDB/meta_data/raft_data/snapshot/tso/snapshot_00000000000000219110
I1215 19:29:20.610188 125533 snapshot.cpp:648] Renaming /home/ubuntu/BaikalDB/meta_data/raft_data/snapshot/tso/temp to /home/ubuntu/BaikalDB/meta_data/raft_data/snapshot/tso/snapshot_00000000000000219110
I1215 19:29:20.610203 125533 snapshot.cpp:519] Deleting /home/ubuntu/BaikalDB/meta_data/raft_data/snapshot/tso/snapshot_00000000000000217913
I1215 19:29:20.610320 125533 snapshot_executor.cpp:234] node tso_raft:127.0.1.1:8010:0:0 snapshot_save_done, last_included_index=219110 last_included_term=3
I1215 19:29:20.759652 125519 log.h:176] [ddl_manager.cpp:350][operator()][4294992908]db manager working thread.
I1215 19:29:24.628633 125550 log.h:176] [schema_manager.cpp:349][process_peer_heartbeat_for_store][493921265111]process peer hearbeat, table_exist_time: 1, partition_exist_time: 0, ilegal_peer_time: 1, log_id: 12639319210684113138
I1215 19:29:24.628691 125550 log.h:176] [schema_manager.cpp:380][process_leader_heartbeat_for_store][493921265111]store: 127.0.1.1:8110 process leader heartbeat, update_status_time: 1, leader_region_time: 11 leader_balance_time: 7, log_id: 12639319210684113138
I1215 19:29:24.628698 125550 log.h:176] [meta_state_machine.cpp:97][store_heartbeat][493921265111]store:127.0.1.1:8110 heart beat, time_cost: 83, instance_time: 4, peer_balance_time: 2, schema_time: 2, peer_time: 47, leader_time: 25, log_id: 12639319210684113138
I1215 19:29:29.095131 125590 node.cpp:975] node meta_raft:127.0.1.1:8010:0:0 starts to do snapshot
I1215 19:29:29.095165 125590 snapshot_executor.cpp:154] node meta_raft:127.0.1.1:8010:0:0 the gap between fsm applied index 5 and last_snapshot_index 5 is less than 1, will clear bufferred logs and return success
I1215 19:29:40.632975 125572 log.h:176] [ddl_manager.cpp:704][work][4294992907]leader process ddl work.
I1215 19:29:40.884591 125594 log.h:176] [ddl_manager.cpp:350][operator()][4294992908]db manager working thread.
I1215 19:29:54.842492 125533 log.h:176] [schema_manager.cpp:349][process_peer_heartbeat_for_store][1241245575761]process peer hearbeat, table_exist_time: 0, partition_exist_time: 0, ilegal_peer_time: 1, log_id: 11347214029770453333
I1215 19:29:54.842540 125533 log.h:176] [schema_manager.cpp:380][process_leader_heartbeat_for_store][1241245575761]store: 127.0.1.1:8110 process leader heartbeat, update_status_time: 2, leader_region_time: 9 leader_balance_time: 9, log_id: 11347214029770453333
I1215 19:29:54.842547 125533 log.h:176] [meta_state_machine.cpp:97][store_heartbeat][1241245575761]store:127.0.1.1:8110 heart beat, time_cost: 71, instance_time: 4, peer_balance_time: 2, schema_time: 2, peer_time: 32, leader_time: 27, log_id: 11347214029770453333
I1215 19:30:00.753087 125520 log.h:176] [ddl_manager.cpp:704][work][4294992907]leader process ddl work.
I1215 19:30:01.004446 125580 log.h:176] [ddl_manager.cpp:350][operator()][4294992908]db manager working thread.
I1215 19:30:20.609144 125580 node.cpp:975] node tso_raft:127.0.1.1:8010:0:0 starts to do snapshot
I1215 19:30:20.610365 125580 snapshot.cpp:642] Deleting /home/ubuntu/BaikalDB/meta_data/raft_data/snapshot/tso/snapshot_00000000000000220307
I1215 19:30:20.610374 125580 snapshot.cpp:648] Renaming /home/ubuntu/BaikalDB/meta_data/raft_data/snapshot/tso/temp to /home/ubuntu/BaikalDB/meta_data/raft_data/snapshot/tso/snapshot_00000000000000220307
I1215 19:30:20.610385 125580 snapshot.cpp:519] Deleting /home/ubuntu/BaikalDB/meta_data/raft_data/snapshot/tso/snapshot_00000000000000219110
I1215 19:30:20.610479 125580 snapshot_executor.cpp:234] node tso_raft:127.0.1.1:8010:0:0 snapshot_save_done, last_included_index=220307 last_included_term=3
I1215 19:30:20.870059 125525 log.h:176] [ddl_manager.cpp:704][work][4294992907]leader process ddl work.
I1215 19:30:21.121492 125525 log.h:176] [ddl_manager.cpp:350][operator()][4294992908]db manager working thread.
I1215 19:30:25.053355 125519 log.h:176] [schema_manager.cpp:349][process_peer_heartbeat_for_store][897648193279]process peer hearbeat, table_exist_time: 1, partition_exist_time: 1, ilegal_peer_time: 0, log_id: 7857399208144980577
I1215 19:30:25.053378 125519 log.h:176] [schema_manager.cpp:380][process_leader_heartbeat_for_store][897648193279]store: 127.0.1.1:8110 process leader heartbeat, update_status_time: 2, leader_region_time: 9 leader_balance_time: 5, log_id: 7857399208144980577
I1215 19:30:25.053385 125519 log.h:176] [meta_state_machine.cpp:97][store_heartbeat][897648193279]store:127.0.1.1:8110 heart beat, time_cost: 94, instance_time: 4, peer_balance_time: 56, schema_time: 2, peer_time: 9, leader_time: 21, log_id: 7857399208144980577
I1215 19:30:40.981581 125590 log.h:176] [ddl_manager.cpp:704][work][4294992907]leader process ddl work.
I1215 19:30:41.233072 125517 log.h:176] [ddl_manager.cpp:350][operator()][4294992908]db manager working thread.
I1215 19:30:42.371240 125505 node.cpp:975] node auto_incr_raft:127.0.1.1:8010:0:0 starts to do snapshot
I1215 19:30:42.371279 125505 snapshot_executor.cpp:154] node auto_incr_raft:127.0.1.1:8010:0:0 the gap between fsm applied index 2 and last_snapshot_index 2 is less than 1, will clear bufferred logs and return success
I1215 19:30:55.260618 125569 log.h:176] [schema_manager.cpp:349][process_peer_heartbeat_for_store][738734401703]process peer hearbeat, table_exist_time: 0, partition_exist_time: 1, ilegal_peer_time: 1, log_id: 10293585643974949150
I1215 19:30:55.260672 125569 log.h:176] [schema_manager.cpp:380][process_leader_heartbeat_for_store][738734401703]store: 127.0.1.1:8110 process leader heartbeat, update_status_time: 1, leader_region_time: 10 leader_balance_time: 7, log_id: 10293585643974949150
I1215 19:30:55.260679 125569 log.h:176] [meta_state_machine.cpp:97][store_heartbeat][738734401703]store:127.0.1.1:8110 heart beat, time_cost: 78, instance_time: 4, peer_balance_time: 2, schema_time: 2, peer_time: 43, leader_time: 25, log_id: 10293585643974949150
I1215 19:31:01.097241 125505 log.h:176] [ddl_manager.cpp:704][work][4294992907]leader process ddl work.
I1215 19:31:01.348574 125540 log.h:176] [ddl_manager.cpp:350][operator()][4294992908]db manager working thread.
I1215 19:31:20.609331 125505 node.cpp:975] node tso_raft:127.0.1.1:8010:0:0 starts to do snapshot
I1215 19:31:20.610869 125505 snapshot.cpp:642] Deleting /home/ubuntu/BaikalDB/meta_data/raft_data/snapshot/tso/snapshot_00000000000000221504
I1215 19:31:20.610883 125505 snapshot.cpp:648] Renaming /home/ubuntu/BaikalDB/meta_data/raft_data/snapshot/tso/temp to /home/ubuntu/BaikalDB/meta_data/raft_data/snapshot/tso/snapshot_00000000000000221504
I1215 19:31:20.610899 125505 snapshot.cpp:519] Deleting /home/ubuntu/BaikalDB/meta_data/raft_data/snapshot/tso/snapshot_00000000000000220307
I1215 19:31:20.611025 125505 snapshot_executor.cpp:234] node tso_raft:127.0.1.1:8010:0:0 snapshot_save_done, last_included_index=221504 last_included_term=3
I1215 19:31:21.215339 125507 log.h:176] [ddl_manager.cpp:704][work][4294992907]leader process ddl work.
I1215 19:31:21.466719 125569 log.h:176] [ddl_manager.cpp:350][operator()][4294992908]db manager working thread.
I1215 19:31:25.472363 125539 log.h:176] [schema_manager.cpp:349][process_peer_heartbeat_for_store][944892834300]process peer hearbeat, table_exist_time: 1, partition_exist_time: 0, ilegal_peer_time: 1, log_id: 8044171775430474411
I1215 19:31:25.472409 125539 log.h:176] [schema_manager.cpp:380][process_leader_heartbeat_for_store][944892834300]store: 127.0.1.1:8110 process leader heartbeat, update_status_time: 1, leader_region_time: 9 leader_balance_time: 7, log_id: 8044171775430474411
I1215 19:31:25.472415 125539 log.h:176] [meta_state_machine.cpp:97][store_heartbeat][944892834300]store:127.0.1.1:8110 heart beat, time_cost: 68, instance_time: 4, peer_balance_time: 2, schema_time: 2, peer_time: 34, leader_time: 24, log_id: 8044171775430474411
I1215 19:31:41.332275 125540 log.h:176] [ddl_manager.cpp:704][work][4294992907]leader process ddl work.
I1215 19:31:41.583815 125533 log.h:176] [ddl_manager.cpp:350][operator()][4294992908]db manager working thread.
I1215 19:31:55.689659 125580 log.h:176] [schema_manager.cpp:349][process_peer_heartbeat_for_store][1047972046312]process peer hearbeat, table_exist_time: 0, partition_exist_time: 1, ilegal_peer_time: 0, log_id: 4740976731329980728
I1215 19:31:55.689699 125580 log.h:176] [schema_manager.cpp:380][process_leader_heartbeat_for_store][1047972046312]store: 127.0.1.1:8110 process leader heartbeat, update_status_time: 1, leader_region_time: 7 leader_balance_time: 6, log_id: 4740976731329980728
I1215 19:31:55.689704 125580 log.h:176] [meta_state_machine.cpp:97][store_heartbeat][1047972046312]store:127.0.1.1:8110 heart beat, time_cost: 62, instance_time: 4, peer_balance_time: 1, schema_time: 2, peer_time: 34, leader_time: 18, log_id: 4740976731329980728
I1215 19:32:01.447747 125580 log.h:176] [ddl_manager.cpp:704][work][4294992907]leader process ddl work.
I1215 19:32:01.699199 125580 log.h:176] [ddl_manager.cpp:350][operator()][4294992908]db manager working thread.
I1215 19:32:20.609561 125519 node.cpp:975] node tso_raft:127.0.1.1:8010:0:0 starts to do snapshot
I1215 19:32:20.610777 125519 snapshot.cpp:642] Deleting /home/ubuntu/BaikalDB/meta_data/raft_data/snapshot/tso/snapshot_00000000000000222701
I1215 19:32:20.610785 125519 snapshot.cpp:648] Renaming /home/ubuntu/BaikalDB/meta_data/raft_data/snapshot/tso/temp to /home/ubuntu/BaikalDB/meta_data/raft_data/snapshot/tso/snapshot_00000000000000222701
I1215 19:32:20.610795 125519 snapshot.cpp:519] Deleting /home/ubuntu/BaikalDB/meta_data/raft_data/snapshot/tso/snapshot_00000000000000221504
I1215 19:32:20.610867 125519 snapshot_executor.cpp:234] node tso_raft:127.0.1.1:8010:0:0 snapshot_save_done, last_included_index=222701 last_included_term=3
I1215 19:32:21.562566 125569 log.h:176] [ddl_manager.cpp:704][work][4294992907]leader process ddl work.
I1215 19:32:21.814029 125534 log.h:176] [ddl_manager.cpp:350][operator()][4294992908]db manager working thread.
I1215 19:32:25.910889 125583 log.h:176] [schema_manager.cpp:349][process_peer_heartbeat_for_store][785979045295]process peer hearbeat, table_exist_time: 1, partition_exist_time: 0, ilegal_peer_time: 1, log_id: 11699118016626558585
I1215 19:32:25.910923 125583 log.h:176] [schema_manager.cpp:380][process_leader_heartbeat_for_store][785979045295]store: 127.0.1.1:8110 process leader heartbeat, update_status_time: 1, leader_region_time: 7 leader_balance_time: 5, log_id: 11699118016626558585
I1215 19:32:25.910928 125583 log.h:176] [meta_state_machine.cpp:97][store_heartbeat][785979045295]store:127.0.1.1:8110 heart beat, time_cost: 51, instance_time: 3, peer_balance_time: 2, schema_time: 1, peer_time: 25, leader_time: 18, log_id: 11699118016626558585
I1215 19:32:41.674077 125517 log.h:176] [ddl_manager.cpp:704][work][4294992907]leader process ddl work.
