I1215 15:51:07.729905 2168414 log.h:176] [ddl_manager.cpp:704][work][4294992647]leader process ddl work.
I1215 15:51:08.016260 2168432 log.h:176] [schema_manager.cpp:349][process_peer_heartbeat_for_store][47244667127]process peer hearbeat, table_exist_time: 1, partition_exist_time: 0, ilegal_peer_time: 1, log_id: 6663347842796010339
I1215 15:51:08.016302 2168432 log.h:176] [schema_manager.cpp:380][process_leader_heartbeat_for_store][47244667127]store: 127.0.1.1:8110 process leader heartbeat, update_status_time: 1, leader_region_time: 8 leader_balance_time: 5, log_id: 6663347842796010339
I1215 15:51:08.016309 2168432 log.h:176] [meta_state_machine.cpp:97][store_heartbeat][47244667127]store:127.0.1.1:8110 heart beat, time_cost: 64, instance_time: 3, peer_balance_time: 3, schema_time: 1, peer_time: 36, leader_time: 19, log_id: 6663347842796010339
I1215 15:51:08.051673 2168414 log.h:176] [ddl_manager.cpp:350][operator()][4294992648]db manager working thread.
I1215 15:51:08.219151 2168367 node.cpp:975] node meta_raft:127.0.1.1:8010:0:0 starts to do snapshot
I1215 15:51:08.219183 2168367 snapshot_executor.cpp:154] node meta_raft:127.0.1.1:8010:0:0 the gap between fsm applied index 2 and last_snapshot_index 2 is less than 1, will clear bufferred logs and return success
I1215 15:51:27.835844 2168358 log.h:176] [ddl_manager.cpp:704][work][4294992647]leader process ddl work.
I1215 15:51:28.157618 2168353 log.h:176] [ddl_manager.cpp:350][operator()][4294992648]db manager working thread.
I1215 15:51:38.187814 2168361 log.h:176] [schema_manager.cpp:349][process_peer_heartbeat_for_store][120259113266]process peer hearbeat, table_exist_time: 1, partition_exist_time: 0, ilegal_peer_time: 1, log_id: 8598433497550476238
I1215 15:51:38.187858 2168361 log.h:176] [schema_manager.cpp:380][process_leader_heartbeat_for_store][120259113266]store: 127.0.1.1:8110 process leader heartbeat, update_status_time: 1, leader_region_time: 12 leader_balance_time: 6, log_id: 8598433497550476238
I1215 15:51:38.187866 2168361 log.h:176] [meta_state_machine.cpp:97][store_heartbeat][120259113266]store:127.0.1.1:8110 heart beat, time_cost: 65, instance_time: 3, peer_balance_time: 3, schema_time: 1, peer_time: 31, leader_time: 25, log_id: 8598433497550476238
I1215 15:51:47.944983 2168418 log.h:176] [ddl_manager.cpp:704][work][4294992647]leader process ddl work.
I1215 15:51:48.266673 2168358 log.h:176] [ddl_manager.cpp:350][operator()][4294992648]db manager working thread.
I1215 15:52:02.013088 2168433 node.cpp:975] node tso_raft:127.0.1.1:8010:0:0 starts to do snapshot
I1215 15:52:02.017302 2168433 snapshot.cpp:642] Deleting ./meta_data/raft_data/snapshot/tso/snapshot_00000000000000021528
I1215 15:52:02.017310 2168433 snapshot.cpp:648] Renaming ./meta_data/raft_data/snapshot/tso/temp to ./meta_data/raft_data/snapshot/tso/snapshot_00000000000000021528
I1215 15:52:02.017318 2168433 snapshot.cpp:519] Deleting ./meta_data/raft_data/snapshot/tso/snapshot_00000000000000020330
I1215 15:52:02.017390 2168433 snapshot_executor.cpp:234] node tso_raft:127.0.1.1:8010:0:0 snapshot_save_done, last_included_index=21528 last_included_term=2
I1215 15:52:08.054351 2168416 log.h:176] [ddl_manager.cpp:704][work][4294992647]leader process ddl work.
I1215 15:52:08.371040 2168408 log.h:176] [schema_manager.cpp:349][process_peer_heartbeat_for_store][103079245330]process peer hearbeat, table_exist_time: 0, partition_exist_time: 0, ilegal_peer_time: 1, log_id: 11060383660831190086
I1215 15:52:08.371086 2168408 log.h:176] [schema_manager.cpp:380][process_leader_heartbeat_for_store][103079245330]store: 127.0.1.1:8110 process leader heartbeat, update_status_time: 1, leader_region_time: 8 leader_balance_time: 5, log_id: 11060383660831190086
I1215 15:52:08.371093 2168408 log.h:176] [meta_state_machine.cpp:97][store_heartbeat][103079245330]store:127.0.1.1:8110 heart beat, time_cost: 67, instance_time: 4, peer_balance_time: 2, schema_time: 1, peer_time: 38, leader_time: 18, log_id: 11060383660831190086
I1215 15:52:08.376133 2168414 log.h:176] [ddl_manager.cpp:350][operator()][4294992648]db manager working thread.
I1215 15:52:28.161089 2168376 log.h:176] [ddl_manager.cpp:704][work][4294992647]leader process ddl work.
I1215 15:52:28.482790 2168383 log.h:176] [ddl_manager.cpp:350][operator()][4294992648]db manager working thread.
I1215 15:52:38.558475 2168346 log.h:176] [schema_manager.cpp:349][process_peer_heartbeat_for_store][98784274785]process peer hearbeat, table_exist_time: 0, partition_exist_time: 1, ilegal_peer_time: 0, log_id: 13844442026973953697
I1215 15:52:38.558542 2168346 log.h:176] [schema_manager.cpp:380][process_leader_heartbeat_for_store][98784274785]store: 127.0.1.1:8110 process leader heartbeat, update_status_time: 1, leader_region_time: 10 leader_balance_time: 8, log_id: 13844442026973953697
I1215 15:52:38.558553 2168346 log.h:176] [meta_state_machine.cpp:97][store_heartbeat][98784274785]store:127.0.1.1:8110 heart beat, time_cost: 96, instance_time: 3, peer_balance_time: 2, schema_time: 2, peer_time: 54, leader_time: 30, log_id: 13844442026973953697
I1215 15:52:48.275619 2168418 log.h:176] [ddl_manager.cpp:704][work][4294992647]leader process ddl work.
I1215 15:52:48.592311 2168372 log.h:176] [ddl_manager.cpp:350][operator()][4294992648]db manager working thread.
I1215 15:53:02.013260 2168420 node.cpp:975] node tso_raft:127.0.1.1:8010:0:0 starts to do snapshot
I1215 15:53:02.017609 2168420 snapshot.cpp:642] Deleting ./meta_data/raft_data/snapshot/tso/snapshot_00000000000000022725
I1215 15:53:02.017627 2168420 snapshot.cpp:648] Renaming ./meta_data/raft_data/snapshot/tso/temp to ./meta_data/raft_data/snapshot/tso/snapshot_00000000000000022725
I1215 15:53:02.017635 2168420 snapshot.cpp:519] Deleting ./meta_data/raft_data/snapshot/tso/snapshot_00000000000000021528
I1215 15:53:02.017706 2168420 snapshot_executor.cpp:234] node tso_raft:127.0.1.1:8010:0:0 snapshot_save_done, last_included_index=22725 last_included_term=2
I1215 15:53:08.392189 2168367 log.h:176] [ddl_manager.cpp:704][work][4294992647]leader process ddl work.
I1215 15:53:08.706341 2168408 log.h:176] [ddl_manager.cpp:350][operator()][4294992648]db manager working thread.
I1215 15:53:08.764634 2168353 log.h:176] [schema_manager.cpp:349][process_peer_heartbeat_for_store][64424536018]process peer hearbeat, table_exist_time: 0, partition_exist_time: 1, ilegal_peer_time: 0, log_id: 12384291877125975208
I1215 15:53:08.764672 2168353 log.h:176] [schema_manager.cpp:380][process_leader_heartbeat_for_store][64424536018]store: 127.0.1.1:8110 process leader heartbeat, update_status_time: 1, leader_region_time: 8 leader_balance_time: 10, log_id: 12384291877125975208
I1215 15:53:08.764678 2168353 log.h:176] [meta_state_machine.cpp:97][store_heartbeat][64424536018]store:127.0.1.1:8110 heart beat, time_cost: 55, instance_time: 4, peer_balance_time: 1, schema_time: 2, peer_time: 23, leader_time: 23, log_id: 12384291877125975208
I1215 15:53:28.502938 2168416 log.h:176] [ddl_manager.cpp:704][work][4294992647]leader process ddl work.
I1215 15:53:28.815821 2168391 log.h:176] [ddl_manager.cpp:350][operator()][4294992648]db manager working thread.
I1215 15:53:38.970619 2168442 log.h:176] [schema_manager.cpp:349][process_peer_heartbeat_for_store][81604407716]process peer hearbeat, table_exist_time: 1, partition_exist_time: 0, ilegal_peer_time: 1, log_id: 9616576646383932472
I1215 15:53:38.970665 2168442 log.h:176] [schema_manager.cpp:380][process_leader_heartbeat_for_store][81604407716]store: 127.0.1.1:8110 process leader heartbeat, update_status_time: 1, leader_region_time: 9 leader_balance_time: 6, log_id: 9616576646383932472
I1215 15:53:38.970679 2168442 log.h:176] [meta_state_machine.cpp:97][store_heartbeat][81604407716]store:127.0.1.1:8110 heart beat, time_cost: 81, instance_time: 3, peer_balance_time: 7, schema_time: 2, peer_time: 39, leader_time: 27, log_id: 9616576646383932472
I1215 15:53:48.617568 2168408 log.h:176] [ddl_manager.cpp:704][work][4294992647]leader process ddl work.
I1215 15:53:48.929196 2168431 log.h:176] [ddl_manager.cpp:350][operator()][4294992648]db manager working thread.
I1215 15:54:02.013465 2168352 node.cpp:975] node tso_raft:127.0.1.1:8010:0:0 starts to do snapshot
I1215 15:54:02.017735 2168352 snapshot.cpp:642] Deleting ./meta_data/raft_data/snapshot/tso/snapshot_00000000000000023922
I1215 15:54:02.017745 2168352 snapshot.cpp:648] Renaming ./meta_data/raft_data/snapshot/tso/temp to ./meta_data/raft_data/snapshot/tso/snapshot_00000000000000023922
I1215 15:54:02.017752 2168352 snapshot.cpp:519] Deleting ./meta_data/raft_data/snapshot/tso/snapshot_00000000000000022725
I1215 15:54:02.017824 2168352 snapshot_executor.cpp:234] node tso_raft:127.0.1.1:8010:0:0 snapshot_save_done, last_included_index=23922 last_included_term=2
I1215 15:54:08.726964 2168361 log.h:176] [ddl_manager.cpp:704][work][4294992647]leader process ddl work.
I1215 15:54:09.038539 2168395 log.h:176] [ddl_manager.cpp:350][operator()][4294992648]db manager working thread.
I1215 15:54:09.165572 2168418 log.h:176] [schema_manager.cpp:349][process_peer_heartbeat_for_store][51539636172]process peer hearbeat, table_exist_time: 0, partition_exist_time: 0, ilegal_peer_time: 1, log_id: 3715696992508504192
I1215 15:54:09.165608 2168418 log.h:176] [schema_manager.cpp:380][process_leader_heartbeat_for_store][51539636172]store: 127.0.1.1:8110 process leader heartbeat, update_status_time: 1, leader_region_time: 8 leader_balance_time: 8, log_id: 3715696992508504192
I1215 15:54:09.165622 2168418 log.h:176] [meta_state_machine.cpp:97][store_heartbeat][51539636172]store:127.0.1.1:8110 heart beat, time_cost: 62, instance_time: 4, peer_balance_time: 2, schema_time: 1, peer_time: 24, leader_time: 21, log_id: 3715696992508504192
I1215 15:54:28.834373 2168372 log.h:176] [ddl_manager.cpp:704][work][4294992647]leader process ddl work.
I1215 15:54:29.146126 2168346 log.h:176] [ddl_manager.cpp:350][operator()][4294992648]db manager working thread.
I1215 15:54:39.355281 2168353 log.h:176] [schema_manager.cpp:349][process_peer_heartbeat_for_store][107374212811]process peer hearbeat, table_exist_time: 0, partition_exist_time: 1, ilegal_peer_time: 1, log_id: 16731428885182473594
I1215 15:54:39.355343 2168353 log.h:176] [schema_manager.cpp:380][process_leader_heartbeat_for_store][107374212811]store: 127.0.1.1:8110 process leader heartbeat, update_status_time: 1, leader_region_time: 12 leader_balance_time: 7, log_id: 16731428885182473594
I1215 15:54:39.355352 2168353 log.h:176] [meta_state_machine.cpp:97][store_heartbeat][107374212811]store:127.0.1.1:8110 heart beat, time_cost: 94, instance_time: 4, peer_balance_time: 3, schema_time: 2, peer_time: 54, leader_time: 27, log_id: 16731428885182473594
I1215 15:54:48.941846 2168368 log.h:176] [ddl_manager.cpp:704][work][4294992647]leader process ddl work.
I1215 15:54:49.253568 2168361 log.h:176] [ddl_manager.cpp:350][operator()][4294992648]db manager working thread.
I1215 15:55:02.013615 2168372 node.cpp:975] node tso_raft:127.0.1.1:8010:0:0 starts to do snapshot
I1215 15:55:02.017920 2168372 snapshot.cpp:642] Deleting ./meta_data/raft_data/snapshot/tso/snapshot_00000000000000025119
I1215 15:55:02.017927 2168372 snapshot.cpp:648] Renaming ./meta_data/raft_data/snapshot/tso/temp to ./meta_data/raft_data/snapshot/tso/snapshot_00000000000000025119
I1215 15:55:02.017935 2168372 snapshot.cpp:519] Deleting ./meta_data/raft_data/snapshot/tso/snapshot_00000000000000023922
I1215 15:55:02.018006 2168372 snapshot_executor.cpp:234] node tso_raft:127.0.1.1:8010:0:0 snapshot_save_done, last_included_index=25119 last_included_term=2
I1215 15:55:09.048616 2168433 log.h:176] [ddl_manager.cpp:704][work][4294992647]leader process ddl work.
I1215 15:55:09.360345 2168396 log.h:176] [ddl_manager.cpp:350][operator()][4294992648]db manager working thread.
I1215 15:55:09.562625 2168363 log.h:176] [schema_manager.cpp:349][process_peer_heartbeat_for_store][47244666375]process peer hearbeat, table_exist_time: 0, partition_exist_time: 1, ilegal_peer_time: 1, log_id: 3151109584572256060
I1215 15:55:09.562659 2168363 log.h:176] [schema_manager.cpp:380][process_leader_heartbeat_for_store][47244666375]store: 127.0.1.1:8110 process leader heartbeat, update_status_time: 1, leader_region_time: 7 leader_balance_time: 5, log_id: 3151109584572256060
I1215 15:55:09.562664 2168363 log.h:176] [meta_state_machine.cpp:97][store_heartbeat][47244666375]store:127.0.1.1:8110 heart beat, time_cost: 72, instance_time: 4, peer_balance_time: 2, schema_time: 2, peer_time: 44, leader_time: 19, log_id: 3151109584572256060
I1215 15:55:29.156966 2168391 log.h:176] [ddl_manager.cpp:704][work][4294992647]leader process ddl work.
I1215 15:55:29.468559 2168440 log.h:176] [ddl_manager.cpp:350][operator()][4294992648]db manager working thread.
I1215 15:55:39.748797 2168396 log.h:176] [schema_manager.cpp:349][process_peer_heartbeat_for_store][94489309473]process peer hearbeat, table_exist_time: 0, partition_exist_time: 0, ilegal_peer_time: 1, log_id: 891464585463723278
I1215 15:55:39.748836 2168396 log.h:176] [schema_manager.cpp:380][process_leader_heartbeat_for_store][94489309473]store: 127.0.1.1:8110 process leader heartbeat, update_status_time: 2, leader_region_time: 7 leader_balance_time: 5, log_id: 891464585463723278
I1215 15:55:39.748843 2168396 log.h:176] [meta_state_machine.cpp:97][store_heartbeat][94489309473]store:127.0.1.1:8110 heart beat, time_cost: 62, instance_time: 3, peer_balance_time: 2, schema_time: 1, peer_time: 33, leader_time: 19, log_id: 891464585463723278
I1215 15:55:49.266234 2168408 log.h:176] [ddl_manager.cpp:704][work][4294992647]leader process ddl work.
I1215 15:55:49.577900 2168395 log.h:176] [ddl_manager.cpp:350][operator()][4294992648]db manager working thread.
I1215 15:56:02.013784 2168442 node.cpp:975] node tso_raft:127.0.1.1:8010:0:0 starts to do snapshot
I1215 15:56:02.018080 2168442 snapshot.cpp:642] Deleting ./meta_data/raft_data/snapshot/tso/snapshot_00000000000000026317
I1215 15:56:02.018088 2168442 snapshot.cpp:648] Renaming ./meta_data/raft_data/snapshot/tso/temp to ./meta_data/raft_data/snapshot/tso/snapshot_00000000000000026317
I1215 15:56:02.018097 2168442 snapshot.cpp:519] Deleting ./meta_data/raft_data/snapshot/tso/snapshot_00000000000000025119
I1215 15:56:02.018172 2168442 snapshot_executor.cpp:234] node tso_raft:127.0.1.1:8010:0:0 snapshot_save_done, last_included_index=26317 last_included_term=2
I1215 15:56:09.374214 2168440 log.h:176] [ddl_manager.cpp:704][work][4294992647]leader process ddl work.
I1215 15:56:09.685930 2168415 log.h:176] [ddl_manager.cpp:350][operator()][4294992648]db manager working thread.
I1215 15:56:09.935361 2168353 log.h:176] [schema_manager.cpp:349][process_peer_heartbeat_for_store][55834601103]process peer hearbeat, table_exist_time: 0, partition_exist_time: 0, ilegal_peer_time: 1, log_id: 8662150624447144177
I1215 15:56:09.935400 2168353 log.h:176] [schema_manager.cpp:380][process_leader_heartbeat_for_store][55834601103]store: 127.0.1.1:8110 process leader heartbeat, update_status_time: 1, leader_region_time: 8 leader_balance_time: 5, log_id: 8662150624447144177
I1215 15:56:09.935406 2168353 log.h:176] [meta_state_machine.cpp:97][store_heartbeat][55834601103]store:127.0.1.1:8110 heart beat, time_cost: 59, instance_time: 4, peer_balance_time: 2, schema_time: 1, peer_time: 30, leader_time: 19, log_id: 8662150624447144177
I1215 15:56:29.481786 2168440 log.h:176] [ddl_manager.cpp:704][work][4294992647]leader process ddl work.
I1215 15:56:29.793526 2168376 log.h:176] [ddl_manager.cpp:350][operator()][4294992648]db manager working thread.
I1215 15:56:40.121023 2168431 log.h:176] [schema_manager.cpp:349][process_peer_heartbeat_for_store][107374211957]process peer hearbeat, table_exist_time: 0, partition_exist_time: 0, ilegal_peer_time: 0, log_id: 3861240418966539955
I1215 15:56:40.121064 2168431 log.h:176] [schema_manager.cpp:380][process_leader_heartbeat_for_store][107374211957]store: 127.0.1.1:8110 process leader heartbeat, update_status_time: 1, leader_region_time: 8 leader_balance_time: 6, log_id: 3861240418966539955
I1215 15:56:40.121071 2168431 log.h:176] [meta_state_machine.cpp:97][store_heartbeat][107374211957]store:127.0.1.1:8110 heart beat, time_cost: 62, instance_time: 3, peer_balance_time: 2, schema_time: 2, peer_time: 33, leader_time: 20, log_id: 3861240418966539955
I1215 15:56:49.590358 2168396 log.h:176] [ddl_manager.cpp:704][work][4294992647]leader process ddl work.
I1215 15:56:49.902022 2168395 log.h:176] [ddl_manager.cpp:350][operator()][4294992648]db manager working thread.
I1215 15:57:02.013938 2168432 node.cpp:975] node tso_raft:127.0.1.1:8010:0:0 starts to do snapshot
I1215 15:57:02.018286 2168432 snapshot.cpp:642] Deleting ./meta_data/raft_data/snapshot/tso/snapshot_00000000000000027514
I1215 15:57:02.018296 2168432 snapshot.cpp:648] Renaming ./meta_data/raft_data/snapshot/tso/temp to ./meta_data/raft_data/snapshot/tso/snapshot_00000000000000027514
I1215 15:57:02.018304 2168432 snapshot.cpp:519] Deleting ./meta_data/raft_data/snapshot/tso/snapshot_00000000000000026317
I1215 15:57:02.018383 2168432 snapshot_executor.cpp:234] node tso_raft:127.0.1.1:8010:0:0 snapshot_save_done, last_included_index=27514 last_included_term=2
I1215 15:57:09.698411 2168353 log.h:176] [ddl_manager.cpp:704][work][4294992647]leader process ddl work.
I1215 15:57:10.010125 2168414 log.h:176] [ddl_manager.cpp:350][operator()][4294992648]db manager working thread.
I1215 15:57:10.305583 2168442 log.h:176] [schema_manager.cpp:349][process_peer_heartbeat_for_store][137438981509]process peer hearbeat, table_exist_time: 0, partition_exist_time: 0, ilegal_peer_time: 1, log_id: 3151109584572256060
I1215 15:57:10.305624 2168442 log.h:176] [schema_manager.cpp:380][process_leader_heartbeat_for_store][137438981509]store: 127.0.1.1:8110 process leader heartbeat, update_status_time: 1, leader_region_time: 14 leader_balance_time: 5, log_id: 3151109584572256060
I1215 15:57:10.305630 2168442 log.h:176] [meta_state_machine.cpp:97][store_heartbeat][137438981509]store:127.0.1.1:8110 heart beat, time_cost: 61, instance_time: 4, peer_balance_time: 2, schema_time: 2, peer_time: 26, leader_time: 26, log_id: 3151109584572256060
I1215 15:57:29.806733 2168415 log.h:176] [ddl_manager.cpp:704][work][4294992647]leader process ddl work.
I1215 15:57:30.118340 2168442 log.h:176] [ddl_manager.cpp:350][operator()][4294992648]db manager working thread.
I1215 15:57:40.497545 2168352 log.h:176] [schema_manager.cpp:349][process_peer_heartbeat_for_store][64424540627]process peer hearbeat, table_exist_time: 1, partition_exist_time: 1, ilegal_peer_time: 0, log_id: 3473321985538182466
I1215 15:57:40.497601 2168352 log.h:176] [schema_manager.cpp:380][process_leader_heartbeat_for_store][64424540627]store: 127.0.1.1:8110 process leader heartbeat, update_status_time: 2, leader_region_time: 9 leader_balance_time: 7, log_id: 3473321985538182466
I1215 15:57:40.497619 2168352 log.h:176] [meta_state_machine.cpp:97][store_heartbeat][64424540627]store:127.0.1.1:8110 heart beat, time_cost: 91, instance_time: 4, peer_balance_time: 3, schema_time: 1, peer_time: 46, leader_time: 34, log_id: 3473321985538182466
I1215 15:57:49.914080 2168353 log.h:176] [ddl_manager.cpp:704][work][4294992647]leader process ddl work.
I1215 15:57:50.225685 2168432 log.h:176] [ddl_manager.cpp:350][operator()][4294992648]db manager working thread.
I1215 15:57:51.157567 2168383 log.h:176] [schema_manager.cpp:349][process_peer_heartbeat_for_store][176093686857]process peer hearbeat, table_exist_time: 0, partition_exist_time: 1, ilegal_peer_time: 0, log_id: 7356948391929489218
I1215 15:57:51.157600 2168383 log.h:176] [schema_manager.cpp:380][process_leader_heartbeat_for_store][176093686857]store:  process leader heartbeat, update_status_time: 1, leader_region_time: 7 leader_balance_time: 9, log_id: 7356948391929489218
I1215 15:57:51.157610 2168383 log.h:176] [meta_state_machine.cpp:97][store_heartbeat][176093686857]store: heart beat, time_cost: 55, instance_time: 2, peer_balance_time: 1, schema_time: 1, peer_time: 23, leader_time: 25, log_id: 7356948391929489218
I1215 15:57:51.162251 2168361 log.h:176] [schema_manager.cpp:349][process_peer_heartbeat_for_store][111669180588]process peer hearbeat, table_exist_time: 0, partition_exist_time: 1, ilegal_peer_time: 0, log_id: 11245797306051109142
I1215 15:57:51.162272 2168361 log.h:176] [schema_manager.cpp:380][process_leader_heartbeat_for_store][111669180588]store: 127.0.1.1:8110 process leader heartbeat, update_status_time: 1, leader_region_time: 6 leader_balance_time: 4, log_id: 11245797306051109142
I1215 15:57:51.162276 2168361 log.h:176] [meta_state_machine.cpp:97][store_heartbeat][111669180588]store:127.0.1.1:8110 heart beat, time_cost: 32, instance_time: 2, peer_balance_time: 1, schema_time: 1, peer_time: 12, leader_time: 14, log_id: 11245797306051109142
I1215 15:58:02.014120 2168372 node.cpp:975] node tso_raft:127.0.1.1:8010:0:0 starts to do snapshot
I1215 15:58:02.018287 2168372 snapshot.cpp:642] Deleting ./meta_data/raft_data/snapshot/tso/snapshot_00000000000000028711
I1215 15:58:02.018294 2168372 snapshot.cpp:648] Renaming ./meta_data/raft_data/snapshot/tso/temp to ./meta_data/raft_data/snapshot/tso/snapshot_00000000000000028711
I1215 15:58:02.018302 2168372 snapshot.cpp:519] Deleting ./meta_data/raft_data/snapshot/tso/snapshot_00000000000000027514
I1215 15:58:02.018375 2168372 snapshot_executor.cpp:234] node tso_raft:127.0.1.1:8010:0:0 snapshot_save_done, last_included_index=28711 last_included_term=2
I1215 15:58:10.022182 2168415 log.h:176] [ddl_manager.cpp:704][work][4294992647]leader process ddl work.
I1215 15:58:10.333847 2168442 log.h:176] [ddl_manager.cpp:350][operator()][4294992648]db manager working thread.
I1215 15:58:21.348915 2168414 log.h:176] [schema_manager.cpp:349][process_peer_heartbeat_for_store][257698065720]process peer hearbeat, table_exist_time: 0, partition_exist_time: 1, ilegal_peer_time: 1, log_id: 17158132713656713084
I1215 15:58:21.348964 2168414 log.h:176] [schema_manager.cpp:380][process_leader_heartbeat_for_store][257698065720]store: 127.0.1.1:8110 process leader heartbeat, update_status_time: 2, leader_region_time: 11 leader_balance_time: 7, log_id: 17158132713656713084
I1215 15:58:21.348973 2168414 log.h:176] [meta_state_machine.cpp:97][store_heartbeat][257698065720]store:127.0.1.1:8110 heart beat, time_cost: 73, instance_time: 4, peer_balance_time: 3, schema_time: 1, peer_time: 37, leader_time: 26, log_id: 17158132713656713084
I1215 15:58:30.130205 2168367 log.h:176] [ddl_manager.cpp:704][work][4294992647]leader process ddl work.
I1215 15:58:30.441843 2168352 log.h:176] [ddl_manager.cpp:350][operator()][4294992648]db manager working thread.
I1215 15:58:50.238922 2168432 log.h:176] [ddl_manager.cpp:704][work][4294992647]leader process ddl work.
I1215 15:58:50.550617 2168367 log.h:176] [ddl_manager.cpp:350][operator()][4294992648]db manager working thread.
I1215 15:58:51.536202 2168440 log.h:176] [schema_manager.cpp:349][process_peer_heartbeat_for_store][146028916620]process peer hearbeat, table_exist_time: 0, partition_exist_time: 0, ilegal_peer_time: 1, log_id: 319135784174102648
I1215 15:58:51.536259 2168440 log.h:176] [schema_manager.cpp:380][process_leader_heartbeat_for_store][146028916620]store: 127.0.1.1:8110 process leader heartbeat, update_status_time: 2, leader_region_time: 10 leader_balance_time: 8, log_id: 319135784174102648
I1215 15:58:51.536269 2168440 log.h:176] [meta_state_machine.cpp:97][store_heartbeat][146028916620]store:127.0.1.1:8110 heart beat, time_cost: 87, instance_time: 4, peer_balance_time: 3, schema_time: 2, peer_time: 45, leader_time: 29, log_id: 319135784174102648
I1215 15:59:02.014281 2168383 node.cpp:975] node tso_raft:127.0.1.1:8010:0:0 starts to do snapshot
I1215 15:59:02.015337 2168383 snapshot.cpp:642] Deleting ./meta_data/raft_data/snapshot/tso/snapshot_00000000000000029908
I1215 15:59:02.015347 2168383 snapshot.cpp:648] Renaming ./meta_data/raft_data/snapshot/tso/temp to ./meta_data/raft_data/snapshot/tso/snapshot_00000000000000029908
I1215 15:59:02.015355 2168383 snapshot.cpp:519] Deleting ./meta_data/raft_data/snapshot/tso/snapshot_00000000000000028711
I1215 15:59:02.015436 2168383 snapshot_executor.cpp:234] node tso_raft:127.0.1.1:8010:0:0 snapshot_save_done, last_included_index=29908 last_included_term=2
I1215 15:59:10.346460 2168395 log.h:176] [ddl_manager.cpp:704][work][4294992647]leader process ddl work.
I1215 15:59:10.658063 2168431 log.h:176] [ddl_manager.cpp:350][operator()][4294992648]db manager working thread.
I1215 15:59:21.733546 2168396 log.h:176] [schema_manager.cpp:349][process_peer_heartbeat_for_store][73014472091]process peer hearbeat, table_exist_time: 1, partition_exist_time: 0, ilegal_peer_time: 0, log_id: 13870979055944735540
I1215 15:59:21.733582 2168396 log.h:176] [schema_manager.cpp:380][process_leader_heartbeat_for_store][73014472091]store: 127.0.1.1:8110 process leader heartbeat, update_status_time: 1, leader_region_time: 6 leader_balance_time: 4, log_id: 13870979055944735540
I1215 15:59:21.733587 2168396 log.h:176] [meta_state_machine.cpp:97][store_heartbeat][73014472091]store:127.0.1.1:8110 heart beat, time_cost: 53, instance_time: 3, peer_balance_time: 1, schema_time: 2, peer_time: 30, leader_time: 16, log_id: 13870979055944735540
I1215 15:59:30.454532 2168432 log.h:176] [ddl_manager.cpp:704][work][4294992647]leader process ddl work.
I1215 15:59:30.766256 2168420 log.h:176] [ddl_manager.cpp:350][operator()][4294992648]db manager working thread.
I1215 15:59:50.563318 2168440 log.h:176] [ddl_manager.cpp:704][work][4294992647]leader process ddl work.
I1215 15:59:50.875038 2168367 log.h:176] [ddl_manager.cpp:350][operator()][4294992648]db manager working thread.
I1215 15:59:51.919623 2168346 log.h:176] [schema_manager.cpp:349][process_peer_heartbeat_for_store][98784275153]process peer hearbeat, table_exist_time: 0, partition_exist_time: 1, ilegal_peer_time: 1, log_id: 2544354023583002463
I1215 15:59:51.919708 2168346 log.h:176] [schema_manager.cpp:380][process_leader_heartbeat_for_store][98784275153]store: 127.0.1.1:8110 process leader heartbeat, update_status_time: 1, leader_region_time: 11 leader_balance_time: 7, log_id: 2544354023583002463
I1215 15:59:51.919720 2168346 log.h:176] [meta_state_machine.cpp:97][store_heartbeat][98784275153]store:127.0.1.1:8110 heart beat, time_cost: 109, instance_time: 3, peer_balance_time: 2, schema_time: 1, peer_time: 68, leader_time: 33, log_id: 2544354023583002463
I1215 16:00:02.014469 2168432 node.cpp:975] node tso_raft:127.0.1.1:8010:0:0 starts to do snapshot
I1215 16:00:02.018857 2168432 snapshot.cpp:642] Deleting ./meta_data/raft_data/snapshot/tso/snapshot_00000000000000031106
I1215 16:00:02.018865 2168432 snapshot.cpp:648] Renaming ./meta_data/raft_data/snapshot/tso/temp to ./meta_data/raft_data/snapshot/tso/snapshot_00000000000000031106
I1215 16:00:02.018872 2168432 snapshot.cpp:519] Deleting ./meta_data/raft_data/snapshot/tso/snapshot_00000000000000029908
I1215 16:00:02.018939 2168432 snapshot_executor.cpp:234] node tso_raft:127.0.1.1:8010:0:0 snapshot_save_done, last_included_index=31106 last_included_term=2
I1215 16:00:10.672200 2168346 log.h:176] [ddl_manager.cpp:704][work][4294992647]leader process ddl work.
I1215 16:00:10.815479 2168391 node.cpp:975] node auto_incr_raft:127.0.1.1:8010:0:0 starts to do snapshot
I1215 16:00:10.815512 2168391 snapshot_executor.cpp:154] node auto_incr_raft:127.0.1.1:8010:0:0 the gap between fsm applied index 1 and last_snapshot_index 1 is less than 1, will clear bufferred logs and return success
I1215 16:00:10.983788 2168396 log.h:176] [ddl_manager.cpp:350][operator()][4294992648]db manager working thread.
I1215 16:00:22.102001 2168433 log.h:176] [schema_manager.cpp:349][process_peer_heartbeat_for_store][85899374574]process peer hearbeat, table_exist_time: 0, partition_exist_time: 0, ilegal_peer_time: 1, log_id: 14769649056634722329
I1215 16:00:22.102057 2168433 log.h:176] [schema_manager.cpp:380][process_leader_heartbeat_for_store][85899374574]store: 127.0.1.1:8110 process leader heartbeat, update_status_time: 1, leader_region_time: 9 leader_balance_time: 6, log_id: 14769649056634722329
I1215 16:00:22.102062 2168433 log.h:176] [meta_state_machine.cpp:97][store_heartbeat][85899374574]store:127.0.1.1:8110 heart beat, time_cost: 77, instance_time: 4, peer_balance_time: 2, schema_time: 1, peer_time: 48, leader_time: 20, log_id: 14769649056634722329
I1215 16:00:30.778550 2168418 log.h:176] [ddl_manager.cpp:704][work][4294992647]leader process ddl work.
I1215 16:00:31.090183 2168346 log.h:176] [ddl_manager.cpp:350][operator()][4294992648]db manager working thread.
I1215 16:00:50.887255 2168358 log.h:176] [ddl_manager.cpp:704][work][4294992647]leader process ddl work.
I1215 16:00:51.198902 2168420 log.h:176] [ddl_manager.cpp:350][operator()][4294992648]db manager working thread.
I1215 16:00:52.282753 2168391 log.h:176] [schema_manager.cpp:349][process_peer_heartbeat_for_store][180388654341]process peer hearbeat, table_exist_time: 1, partition_exist_time: 0, ilegal_peer_time: 1, log_id: 9242084018750836705
I1215 16:00:52.282805 2168391 log.h:176] [schema_manager.cpp:380][process_leader_heartbeat_for_store][180388654341]store: 127.0.1.1:8110 process leader heartbeat, update_status_time: 1, leader_region_time: 9 leader_balance_time: 6, log_id: 9242084018750836705
I1215 16:00:52.282814 2168391 log.h:176] [meta_state_machine.cpp:97][store_heartbeat][180388654341]store:127.0.1.1:8110 heart beat, time_cost: 76, instance_time: 3, peer_balance_time: 3, schema_time: 1, peer_time: 43, leader_time: 23, log_id: 9242084018750836705
I1215 16:01:02.014617 2168365 node.cpp:975] node tso_raft:127.0.1.1:8010:0:0 starts to do snapshot
I1215 16:01:02.018968 2168365 snapshot.cpp:642] Deleting ./meta_data/raft_data/snapshot/tso/snapshot_00000000000000032303
I1215 16:01:02.018985 2168365 snapshot.cpp:648] Renaming ./meta_data/raft_data/snapshot/tso/temp to ./meta_data/raft_data/snapshot/tso/snapshot_00000000000000032303
I1215 16:01:02.018993 2168365 snapshot.cpp:519] Deleting ./meta_data/raft_data/snapshot/tso/snapshot_00000000000000031106
I1215 16:01:02.019075 2168365 snapshot_executor.cpp:234] node tso_raft:127.0.1.1:8010:0:0 snapshot_save_done, last_included_index=32303 last_included_term=2
I1215 16:01:08.219252 2168365 node.cpp:975] node meta_raft:127.0.1.1:8010:0:0 starts to do snapshot
I1215 16:01:08.219290 2168365 snapshot_executor.cpp:154] node meta_raft:127.0.1.1:8010:0:0 the gap between fsm applied index 2 and last_snapshot_index 2 is less than 1, will clear bufferred logs and return success
I1215 16:01:11.001083 2168396 log.h:176] [ddl_manager.cpp:704][work][4294992647]leader process ddl work.
I1215 16:01:11.307353 2168372 log.h:176] [ddl_manager.cpp:350][operator()][4294992648]db manager working thread.
I1215 16:01:22.468227 2168361 log.h:176] [schema_manager.cpp:349][process_peer_heartbeat_for_store][266287998303]process peer hearbeat, table_exist_time: 1, partition_exist_time: 0, ilegal_peer_time: 1, log_id: 12652718583579581677
I1215 16:01:22.468266 2168361 log.h:176] [schema_manager.cpp:380][process_leader_heartbeat_for_store][266287998303]store: 127.0.1.1:8110 process leader heartbeat, update_status_time: 1, leader_region_time: 8 leader_balance_time: 5, log_id: 12652718583579581677
I1215 16:01:22.468271 2168361 log.h:176] [meta_state_machine.cpp:97][store_heartbeat][266287998303]store:127.0.1.1:8110 heart beat, time_cost: 58, instance_time: 3, peer_balance_time: 3, schema_time: 1, peer_time: 30, leader_time: 18, log_id: 12652718583579581677
I1215 16:01:31.112722 2168418 log.h:176] [ddl_manager.cpp:704][work][4294992647]leader process ddl work.
I1215 16:01:31.416617 2168408 log.h:176] [ddl_manager.cpp:350][operator()][4294992648]db manager working thread.
I1215 16:01:51.222314 2168433 log.h:176] [ddl_manager.cpp:704][work][4294992647]leader process ddl work.
I1215 16:01:51.525079 2168418 log.h:176] [ddl_manager.cpp:350][operator()][4294992648]db manager working thread.
I1215 16:01:52.654587 2168431 log.h:176] [schema_manager.cpp:349][process_peer_heartbeat_for_store][133144013408]process peer hearbeat, table_exist_time: 0, partition_exist_time: 0, ilegal_peer_time: 1, log_id: 13384760231573547454
I1215 16:01:52.654631 2168431 log.h:176] [schema_manager.cpp:380][process_leader_heartbeat_for_store][133144013408]store: 127.0.1.1:8110 process leader heartbeat, update_status_time: 1, leader_region_time: 12 leader_balance_time: 6, log_id: 13384760231573547454
I1215 16:01:52.654639 2168431 log.h:176] [meta_state_machine.cpp:97][store_heartbeat][133144013408]store:127.0.1.1:8110 heart beat, time_cost: 67, instance_time: 4, peer_balance_time: 2, schema_time: 1, peer_time: 32, leader_time: 24, log_id: 13384760231573547454
I1215 16:02:02.014789 2168390 node.cpp:975] node tso_raft:127.0.1.1:8010:0:0 starts to do snapshot
I1215 16:02:02.015836 2168390 snapshot.cpp:642] Deleting ./meta_data/raft_data/snapshot/tso/snapshot_00000000000000033500
I1215 16:02:02.015842 2168390 snapshot.cpp:648] Renaming ./meta_data/raft_data/snapshot/tso/temp to ./meta_data/raft_data/snapshot/tso/snapshot_00000000000000033500
I1215 16:02:02.015849 2168390 snapshot.cpp:519] Deleting ./meta_data/raft_data/snapshot/tso/snapshot_00000000000000032303
I1215 16:02:02.015928 2168390 snapshot_executor.cpp:234] node tso_raft:127.0.1.1:8010:0:0 snapshot_save_done, last_included_index=33500 last_included_term=2
I1215 16:02:11.333247 2168365 log.h:176] [ddl_manager.cpp:704][work][4294992647]leader process ddl work.
I1215 16:02:11.634898 2168361 log.h:176] [ddl_manager.cpp:350][operator()][4294992648]db manager working thread.
I1215 16:02:22.825063 2168415 log.h:176] [schema_manager.cpp:349][process_peer_heartbeat_for_store][146028918864]process peer hearbeat, table_exist_time: 0, partition_exist_time: 1, ilegal_peer_time: 0, log_id: 13812293935298784391
I1215 16:02:22.825114 2168415 log.h:176] [schema_manager.cpp:380][process_leader_heartbeat_for_store][146028918864]store: 127.0.1.1:8110 process leader heartbeat, update_status_time: 1, leader_region_time: 8 leader_balance_time: 7, log_id: 13812293935298784391
I1215 16:02:22.825120 2168415 log.h:176] [meta_state_machine.cpp:97][store_heartbeat][146028918864]store:127.0.1.1:8110 heart beat, time_cost: 71, instance_time: 3, peer_balance_time: 2, schema_time: 2, peer_time: 41, leader_time: 21, log_id: 13812293935298784391
I1215 16:02:31.446298 2168363 log.h:176] [ddl_manager.cpp:704][work][4294992647]leader process ddl work.
I1215 16:02:31.744009 2168353 log.h:176] [ddl_manager.cpp:350][operator()][4294992648]db manager working thread.
I1215 16:02:51.556735 2168353 log.h:176] [ddl_manager.cpp:704][work][4294992647]leader process ddl work.
I1215 16:02:51.851895 2168390 log.h:176] [ddl_manager.cpp:350][operator()][4294992648]db manager working thread.
I1215 16:02:53.005331 2168361 log.h:176] [schema_manager.cpp:349][process_peer_heartbeat_for_store][137438982815]process peer hearbeat, table_exist_time: 1, partition_exist_time: 0, ilegal_peer_time: 1, log_id: 10900523802869832290
I1215 16:02:53.005396 2168361 log.h:176] [schema_manager.cpp:380][process_leader_heartbeat_for_store][137438982815]store: 127.0.1.1:8110 process leader heartbeat, update_status_time: 1, leader_region_time: 10 leader_balance_time: 7, log_id: 10900523802869832290
I1215 16:02:53.005406 2168361 log.h:176] [meta_state_machine.cpp:97][store_heartbeat][137438982815]store:127.0.1.1:8110 heart beat, time_cost: 95, instance_time: 4, peer_balance_time: 2, schema_time: 2, peer_time: 58, leader_time: 26, log_id: 10900523802869832290
I1215 16:03:02.014954 2168376 node.cpp:975] node tso_raft:127.0.1.1:8010:0:0 starts to do snapshot
I1215 16:03:02.021836 2168376 snapshot.cpp:642] Deleting ./meta_data/raft_data/snapshot/tso/snapshot_00000000000000034697
I1215 16:03:02.021849 2168376 snapshot.cpp:648] Renaming ./meta_data/raft_data/snapshot/tso/temp to ./meta_data/raft_data/snapshot/tso/snapshot_00000000000000034697
I1215 16:03:02.021863 2168376 snapshot.cpp:519] Deleting ./meta_data/raft_data/snapshot/tso/snapshot_00000000000000033500
I1215 16:03:02.021987 2168376 snapshot_executor.cpp:234] node tso_raft:127.0.1.1:8010:0:0 snapshot_save_done, last_included_index=34697 last_included_term=2
I1215 16:03:11.665438 2168414 log.h:176] [ddl_manager.cpp:704][work][4294992647]leader process ddl work.
I1215 16:03:11.959146 2168408 log.h:176] [ddl_manager.cpp:350][operator()][4294992648]db manager working thread.
I1215 16:03:23.181428 2168395 log.h:176] [schema_manager.cpp:349][process_peer_heartbeat_for_store][326417540964]process peer hearbeat, table_exist_time: 0, partition_exist_time: 1, ilegal_peer_time: 0, log_id: 8903431073674522011
I1215 16:03:23.181475 2168395 log.h:176] [schema_manager.cpp:380][process_leader_heartbeat_for_store][326417540964]store: 127.0.1.1:8110 process leader heartbeat, update_status_time: 1, leader_region_time: 8 leader_balance_time: 5, log_id: 8903431073674522011
I1215 16:03:23.181481 2168395 log.h:176] [meta_state_machine.cpp:97][store_heartbeat][326417540964]store:127.0.1.1:8110 heart beat, time_cost: 68, instance_time: 3, peer_balance_time: 1, schema_time: 2, peer_time: 39, leader_time: 20, log_id: 8903431073674522011
I1215 16:03:31.775434 2168358 log.h:176] [ddl_manager.cpp:704][work][4294992647]leader process ddl work.
I1215 16:03:32.067678 2168361 log.h:176] [ddl_manager.cpp:350][operator()][4294992648]db manager working thread.
I1215 16:03:51.889068 2168395 log.h:176] [ddl_manager.cpp:704][work][4294992647]leader process ddl work.
I1215 16:03:52.178619 2168368 log.h:176] [ddl_manager.cpp:350][operator()][4294992648]db manager working thread.
I1215 16:03:53.362030 2168391 log.h:176] [schema_manager.cpp:349][process_peer_heartbeat_for_store][85899377013]process peer hearbeat, table_exist_time: 1, partition_exist_time: 0, ilegal_peer_time: 1, log_id: 16376787614178455809
I1215 16:03:53.362082 2168391 log.h:176] [schema_manager.cpp:380][process_leader_heartbeat_for_store][85899377013]store: 127.0.1.1:8110 process leader heartbeat, update_status_time: 1, leader_region_time: 9 leader_balance_time: 6, log_id: 16376787614178455809
I1215 16:03:53.362090 2168391 log.h:176] [meta_state_machine.cpp:97][store_heartbeat][85899377013]store:127.0.1.1:8110 heart beat, time_cost: 78, instance_time: 4, peer_balance_time: 2, schema_time: 2, peer_time: 44, leader_time: 23, log_id: 16376787614178455809
I1215 16:04:02.015146 2168433 node.cpp:975] node tso_raft:127.0.1.1:8010:0:0 starts to do snapshot
I1215 16:04:02.019666 2168433 snapshot.cpp:642] Deleting ./meta_data/raft_data/snapshot/tso/snapshot_00000000000000035895
I1215 16:04:02.019675 2168433 snapshot.cpp:648] Renaming ./meta_data/raft_data/snapshot/tso/temp to ./meta_data/raft_data/snapshot/tso/snapshot_00000000000000035895
I1215 16:04:02.019685 2168433 snapshot.cpp:519] Deleting ./meta_data/raft_data/snapshot/tso/snapshot_00000000000000034697
I1215 16:04:02.019749 2168433 snapshot_executor.cpp:234] node tso_raft:127.0.1.1:8010:0:0 snapshot_save_done, last_included_index=35895 last_included_term=2
I1215 16:04:12.002907 2168390 log.h:176] [ddl_manager.cpp:704][work][4294992647]leader process ddl work.
I1215 16:04:12.287959 2168415 log.h:176] [ddl_manager.cpp:350][operator()][4294992648]db manager working thread.
I1215 16:04:23.541976 2168408 log.h:176] [schema_manager.cpp:349][process_peer_heartbeat_for_store][81604405210]process peer hearbeat, table_exist_time: 0, partition_exist_time: 0, ilegal_peer_time: 1, log_id: 940961298205705925
I1215 16:04:23.542016 2168408 log.h:176] [schema_manager.cpp:380][process_leader_heartbeat_for_store][81604405210]store: 127.0.1.1:8110 process leader heartbeat, update_status_time: 1, leader_region_time: 6 leader_balance_time: 5, log_id: 940961298205705925
I1215 16:04:23.542021 2168408 log.h:176] [meta_state_machine.cpp:97][store_heartbeat][81604405210]store:127.0.1.1:8110 heart beat, time_cost: 59, instance_time: 3, peer_balance_time: 2, schema_time: 2, peer_time: 33, leader_time: 17, log_id: 940961298205705925
I1215 16:04:32.115011 2168376 log.h:176] [ddl_manager.cpp:704][work][4294992647]leader process ddl work.
I1215 16:04:32.399633 2168376 log.h:176] [ddl_manager.cpp:350][operator()][4294992648]db manager working thread.
I1215 16:04:52.223520 2168418 log.h:176] [ddl_manager.cpp:704][work][4294992647]leader process ddl work.
I1215 16:04:52.512120 2168368 log.h:176] [ddl_manager.cpp:350][operator()][4294992648]db manager working thread.
I1215 16:04:53.730207 2168416 log.h:176] [schema_manager.cpp:349][process_peer_heartbeat_for_store][124554082286]process peer hearbeat, table_exist_time: 0, partition_exist_time: 1, ilegal_peer_time: 0, log_id: 847718115387375251
I1215 16:04:53.730244 2168416 log.h:176] [schema_manager.cpp:380][process_leader_heartbeat_for_store][124554082286]store: 127.0.1.1:8110 process leader heartbeat, update_status_time: 1, leader_region_time: 6 leader_balance_time: 5, log_id: 847718115387375251
I1215 16:04:53.730250 2168416 log.h:176] [meta_state_machine.cpp:97][store_heartbeat][124554082286]store:127.0.1.1:8110 heart beat, time_cost: 55, instance_time: 4, peer_balance_time: 1, schema_time: 2, peer_time: 29, leader_time: 18, log_id: 847718115387375251
I1215 16:05:02.015326 2168431 node.cpp:975] node tso_raft:127.0.1.1:8010:0:0 starts to do snapshot
I1215 16:05:02.019716 2168431 snapshot.cpp:642] Deleting ./meta_data/raft_data/snapshot/tso/snapshot_00000000000000037092
I1215 16:05:02.019724 2168431 snapshot.cpp:648] Renaming ./meta_data/raft_data/snapshot/tso/temp to ./meta_data/raft_data/snapshot/tso/snapshot_00000000000000037092
I1215 16:05:02.019732 2168431 snapshot.cpp:519] Deleting ./meta_data/raft_data/snapshot/tso/snapshot_00000000000000035895
I1215 16:05:02.019804 2168431 snapshot_executor.cpp:234] node tso_raft:127.0.1.1:8010:0:0 snapshot_save_done, last_included_index=37092 last_included_term=2
I1215 16:05:12.331451 2168367 log.h:176] [ddl_manager.cpp:704][work][4294992647]leader process ddl work.
I1215 16:05:12.621425 2168433 log.h:176] [ddl_manager.cpp:350][operator()][4294992648]db manager working thread.
I1215 16:05:23.920857 2168352 log.h:176] [schema_manager.cpp:349][process_peer_heartbeat_for_store][133144017275]process peer hearbeat, table_exist_time: 0, partition_exist_time: 1, ilegal_peer_time: 1, log_id: 10262912364177946837
I1215 16:05:23.920894 2168352 log.h:176] [schema_manager.cpp:380][process_leader_heartbeat_for_store][133144017275]store: 127.0.1.1:8110 process leader heartbeat, update_status_time: 1, leader_region_time: 7 leader_balance_time: 5, log_id: 10262912364177946837
I1215 16:05:23.920900 2168352 log.h:176] [meta_state_machine.cpp:97][store_heartbeat][133144017275]store:127.0.1.1:8110 heart beat, time_cost: 55, instance_time: 3, peer_balance_time: 2, schema_time: 1, peer_time: 30, leader_time: 18, log_id: 10262912364177946837
I1215 16:05:32.440902 2168416 log.h:176] [ddl_manager.cpp:704][work][4294992647]leader process ddl work.
I1215 16:05:32.732529 2168376 log.h:176] [ddl_manager.cpp:350][operator()][4294992648]db manager working thread.
I1215 16:05:52.553736 2168376 log.h:176] [ddl_manager.cpp:704][work][4294992647]leader process ddl work.
I1215 16:05:52.845402 2168352 log.h:176] [ddl_manager.cpp:350][operator()][4294992648]db manager working thread.
I1215 16:05:54.118571 2168420 log.h:176] [schema_manager.cpp:349][process_peer_heartbeat_for_store][141733950920]process peer hearbeat, table_exist_time: 0, partition_exist_time: 0, ilegal_peer_time: 1, log_id: 3113910111214591913
I1215 16:05:54.118638 2168420 log.h:176] [schema_manager.cpp:380][process_leader_heartbeat_for_store][141733950920]store: 127.0.1.1:8110 process leader heartbeat, update_status_time: 1, leader_region_time: 10 leader_balance_time: 8, log_id: 3113910111214591913
I1215 16:05:54.118649 2168420 log.h:176] [meta_state_machine.cpp:97][store_heartbeat][141733950920]store:127.0.1.1:8110 heart beat, time_cost: 94, instance_time: 4, peer_balance_time: 2, schema_time: 1, peer_time: 55, leader_time: 28, log_id: 3113910111214591913
I1215 16:06:02.015486 2168440 node.cpp:975] node tso_raft:127.0.1.1:8010:0:0 starts to do snapshot
I1215 16:06:02.019897 2168440 snapshot.cpp:642] Deleting ./meta_data/raft_data/snapshot/tso/snapshot_00000000000000038289
I1215 16:06:02.019907 2168440 snapshot.cpp:648] Renaming ./meta_data/raft_data/snapshot/tso/temp to ./meta_data/raft_data/snapshot/tso/snapshot_00000000000000038289
I1215 16:06:02.019915 2168440 snapshot.cpp:519] Deleting ./meta_data/raft_data/snapshot/tso/snapshot_00000000000000037092
I1215 16:06:02.019984 2168440 snapshot_executor.cpp:234] node tso_raft:127.0.1.1:8010:0:0 snapshot_save_done, last_included_index=38289 last_included_term=2
I1215 16:06:12.663673 2168361 log.h:176] [ddl_manager.cpp:704][work][4294992647]leader process ddl work.
I1215 16:06:12.955287 2168416 log.h:176] [ddl_manager.cpp:350][operator()][4294992648]db manager working thread.
I1215 16:06:24.326453 2168433 log.h:176] [schema_manager.cpp:349][process_peer_heartbeat_for_store][240518199378]process peer hearbeat, table_exist_time: 0, partition_exist_time: 1, ilegal_peer_time: 0, log_id: 2901428808497328971
I1215 16:06:24.326503 2168433 log.h:176] [schema_manager.cpp:380][process_leader_heartbeat_for_store][240518199378]store: 127.0.1.1:8110 process leader heartbeat, update_status_time: 1, leader_region_time: 8 leader_balance_time: 6, log_id: 2901428808497328971
I1215 16:06:24.326510 2168433 log.h:176] [meta_state_machine.cpp:97][store_heartbeat][240518199378]store:127.0.1.1:8110 heart beat, time_cost: 73, instance_time: 3, peer_balance_time: 3, schema_time: 1, peer_time: 43, leader_time: 19, log_id: 2901428808497328971
I1215 16:06:32.772001 2168358 log.h:176] [ddl_manager.cpp:704][work][4294992647]leader process ddl work.
I1215 16:06:33.063560 2168416 log.h:176] [ddl_manager.cpp:350][operator()][4294992648]db manager working thread.
I1215 16:06:52.881412 2168440 log.h:176] [ddl_manager.cpp:704][work][4294992647]leader process ddl work.
I1215 16:06:53.172979 2168433 log.h:176] [ddl_manager.cpp:350][operator()][4294992648]db manager working thread.
I1215 16:06:54.508639 2168368 log.h:176] [schema_manager.cpp:349][process_peer_heartbeat_for_store][133144016677]process peer hearbeat, table_exist_time: 0, partition_exist_time: 1, ilegal_peer_time: 0, log_id: 11610524284417934876
I1215 16:06:54.508682 2168368 log.h:176] [schema_manager.cpp:380][process_leader_heartbeat_for_store][133144016677]store: 127.0.1.1:8110 process leader heartbeat, update_status_time: 1, leader_region_time: 8 leader_balance_time: 5, log_id: 11610524284417934876
I1215 16:06:54.508687 2168368 log.h:176] [meta_state_machine.cpp:97][store_heartbeat][133144016677]store:127.0.1.1:8110 heart beat, time_cost: 63, instance_time: 4, peer_balance_time: 2, schema_time: 1, peer_time: 34, leader_time: 19, log_id: 11610524284417934876
I1215 16:07:02.015614 2168416 node.cpp:975] node tso_raft:127.0.1.1:8010:0:0 starts to do snapshot
I1215 16:07:02.020182 2168416 snapshot.cpp:642] Deleting ./meta_data/raft_data/snapshot/tso/snapshot_00000000000000039486
I1215 16:07:02.020202 2168416 snapshot.cpp:648] Renaming ./meta_data/raft_data/snapshot/tso/temp to ./meta_data/raft_data/snapshot/tso/snapshot_00000000000000039486
I1215 16:07:02.020217 2168416 snapshot.cpp:519] Deleting ./meta_data/raft_data/snapshot/tso/snapshot_00000000000000038289
I1215 16:07:02.020336 2168416 snapshot_executor.cpp:234] node tso_raft:127.0.1.1:8010:0:0 snapshot_save_done, last_included_index=39486 last_included_term=2
I1215 16:07:12.991053 2168395 log.h:176] [ddl_manager.cpp:704][work][4294992647]leader process ddl work.
I1215 16:07:13.282269 2168367 log.h:176] [ddl_manager.cpp:350][operator()][4294992648]db manager working thread.
I1215 16:07:24.687871 2168440 log.h:176] [schema_manager.cpp:349][process_peer_heartbeat_for_store][158913818980]process peer hearbeat, table_exist_time: 1, partition_exist_time: 0, ilegal_peer_time: 0, log_id: 2310993086775921407
I1215 16:07:24.687906 2168440 log.h:176] [schema_manager.cpp:380][process_leader_heartbeat_for_store][158913818980]store: 127.0.1.1:8110 process leader heartbeat, update_status_time: 1, leader_region_time: 6 leader_balance_time: 5, log_id: 2310993086775921407
I1215 16:07:24.687911 2168440 log.h:176] [meta_state_machine.cpp:97][store_heartbeat][158913818980]store:127.0.1.1:8110 heart beat, time_cost: 50, instance_time: 3, peer_balance_time: 2, schema_time: 1, peer_time: 27, leader_time: 16, log_id: 2310993086775921407
I1215 16:07:33.098439 2168395 log.h:176] [ddl_manager.cpp:704][work][4294992647]leader process ddl work.
I1215 16:07:33.389999 2168420 log.h:176] [ddl_manager.cpp:350][operator()][4294992648]db manager working thread.
I1215 16:07:53.206290 2168390 log.h:176] [ddl_manager.cpp:704][work][4294992647]leader process ddl work.
I1215 16:07:53.497841 2168442 log.h:176] [ddl_manager.cpp:350][operator()][4294992648]db manager working thread.
I1215 16:07:54.873172 2168383 log.h:176] [schema_manager.cpp:349][process_peer_heartbeat_for_store][120259113006]process peer hearbeat, table_exist_time: 1, partition_exist_time: 0, ilegal_peer_time: 1, log_id: 6626197179149677214
I1215 16:07:54.873246 2168383 log.h:176] [schema_manager.cpp:380][process_leader_heartbeat_for_store][120259113006]store: 127.0.1.1:8110 process leader heartbeat, update_status_time: 1, leader_region_time: 10 leader_balance_time: 8, log_id: 6626197179149677214
I1215 16:07:54.873256 2168383 log.h:176] [meta_state_machine.cpp:97][store_heartbeat][120259113006]store:127.0.1.1:8110 heart beat, time_cost: 103, instance_time: 5, peer_balance_time: 2, schema_time: 2, peer_time: 66, leader_time: 26, log_id: 6626197179149677214
I1215 16:08:02.015839 2168408 node.cpp:975] node tso_raft:127.0.1.1:8010:0:0 starts to do snapshot
