I1216 23:08:21.217557 305376 log.h:176] [ddl_manager.cpp:704][work][4294992907]leader process ddl work.
I1216 23:08:21.599614 305411 log.h:176] [ddl_manager.cpp:350][operator()][4294992908]db manager working thread.
I1216 23:08:22.352875 305358 node.cpp:975] node tso_raft:127.0.1.1:8010:0:0 starts to do snapshot
I1216 23:08:22.357520 305358 snapshot.cpp:642] Deleting /home/ubuntu/BaikalDB/meta_data/raft_data/snapshot/tso/snapshot_00000000000000840029
I1216 23:08:22.357529 305358 snapshot.cpp:648] Renaming /home/ubuntu/BaikalDB/meta_data/raft_data/snapshot/tso/temp to /home/ubuntu/BaikalDB/meta_data/raft_data/snapshot/tso/snapshot_00000000000000840029
I1216 23:08:22.357542 305358 snapshot.cpp:519] Deleting /home/ubuntu/BaikalDB/meta_data/raft_data/snapshot/tso/snapshot_00000000000000838832
I1216 23:08:22.357630 305358 snapshot_executor.cpp:234] node tso_raft:127.0.1.1:8010:0:0 snapshot_save_done, last_included_index=840029 last_included_term=5
I1216 23:08:34.541118 305327 log.h:176] [schema_manager.cpp:349][process_peer_heartbeat_for_store][223338328959]process peer hearbeat, table_exist_time: 0, partition_exist_time: 0, ilegal_peer_time: 1, log_id: 2087109542547764240
I1216 23:08:34.541159 305327 log.h:176] [schema_manager.cpp:380][process_leader_heartbeat_for_store][223338328959]store: 127.0.1.1:8110 process leader heartbeat, update_status_time: 1, leader_region_time: 8 leader_balance_time: 5, log_id: 2087109542547764240
I1216 23:08:34.541165 305327 log.h:176] [meta_state_machine.cpp:97][store_heartbeat][223338328959]store:127.0.1.1:8110 heart beat, time_cost: 59, instance_time: 3, peer_balance_time: 2, schema_time: 1, peer_time: 33, leader_time: 19, log_id: 2087109542547764240
I1216 23:08:41.325171 305350 log.h:176] [ddl_manager.cpp:704][work][4294992907]leader process ddl work.
I1216 23:08:41.707230 305390 log.h:176] [ddl_manager.cpp:350][operator()][4294992908]db manager working thread.
I1216 23:09:01.432003 305325 log.h:176] [ddl_manager.cpp:704][work][4294992907]leader process ddl work.
I1216 23:09:01.813956 305379 log.h:176] [ddl_manager.cpp:350][operator()][4294992908]db manager working thread.
I1216 23:09:04.719791 305329 log.h:176] [schema_manager.cpp:349][process_peer_heartbeat_for_store][425201790845]process peer hearbeat, table_exist_time: 0, partition_exist_time: 1, ilegal_peer_time: 0, log_id: 5835304538290642736
I1216 23:09:04.719842 305329 log.h:176] [schema_manager.cpp:380][process_leader_heartbeat_for_store][425201790845]store: 127.0.1.1:8110 process leader heartbeat, update_status_time: 1, leader_region_time: 9 leader_balance_time: 7, log_id: 5835304538290642736
I1216 23:09:04.719851 305329 log.h:176] [meta_state_machine.cpp:97][store_heartbeat][425201790845]store:127.0.1.1:8110 heart beat, time_cost: 74, instance_time: 3, peer_balance_time: 2, schema_time: 2, peer_time: 41, leader_time: 23, log_id: 5835304538290642736
I1216 23:09:21.539441 305389 log.h:176] [ddl_manager.cpp:704][work][4294992907]leader process ddl work.
I1216 23:09:21.921499 305364 log.h:176] [ddl_manager.cpp:350][operator()][4294992908]db manager working thread.
I1216 23:09:22.353051 305327 node.cpp:975] node tso_raft:127.0.1.1:8010:0:0 starts to do snapshot
I1216 23:09:22.357574 305327 snapshot.cpp:642] Deleting /home/ubuntu/BaikalDB/meta_data/raft_data/snapshot/tso/snapshot_00000000000000841226
I1216 23:09:22.357582 305327 snapshot.cpp:648] Renaming /home/ubuntu/BaikalDB/meta_data/raft_data/snapshot/tso/temp to /home/ubuntu/BaikalDB/meta_data/raft_data/snapshot/tso/snapshot_00000000000000841226
I1216 23:09:22.357594 305327 snapshot.cpp:519] Deleting /home/ubuntu/BaikalDB/meta_data/raft_data/snapshot/tso/snapshot_00000000000000840029
I1216 23:09:22.357676 305327 snapshot_executor.cpp:234] node tso_raft:127.0.1.1:8010:0:0 snapshot_save_done, last_included_index=841226 last_included_term=5
I1216 23:09:34.897799 305335 log.h:176] [schema_manager.cpp:349][process_peer_heartbeat_for_store][214748394220]process peer hearbeat, table_exist_time: 1, partition_exist_time: 0, ilegal_peer_time: 1, log_id: 4526894394011523623
I1216 23:09:34.897846 305335 log.h:176] [schema_manager.cpp:380][process_leader_heartbeat_for_store][214748394220]store: 127.0.1.1:8110 process leader heartbeat, update_status_time: 1, leader_region_time: 9 leader_balance_time: 5, log_id: 4526894394011523623
I1216 23:09:34.897861 305335 log.h:176] [meta_state_machine.cpp:97][store_heartbeat][214748394220]store:127.0.1.1:8110 heart beat, time_cost: 77, instance_time: 3, peer_balance_time: 2, schema_time: 1, peer_time: 40, leader_time: 28, log_id: 4526894394011523623
I1216 23:09:41.646967 305331 log.h:176] [ddl_manager.cpp:704][work][4294992907]leader process ddl work.
I1216 23:09:42.029000 305364 log.h:176] [ddl_manager.cpp:350][operator()][4294992908]db manager working thread.
I1216 23:10:01.754446 305358 log.h:176] [ddl_manager.cpp:704][work][4294992907]leader process ddl work.
I1216 23:10:02.136555 305387 log.h:176] [ddl_manager.cpp:350][operator()][4294992908]db manager working thread.
I1216 23:10:05.075706 305412 log.h:176] [schema_manager.cpp:349][process_peer_heartbeat_for_store][240518194915]process peer hearbeat, table_exist_time: 1, partition_exist_time: 0, ilegal_peer_time: 1, log_id: 16850894026087544070
I1216 23:10:05.075740 305412 log.h:176] [schema_manager.cpp:380][process_leader_heartbeat_for_store][240518194915]store: 127.0.1.1:8110 process leader heartbeat, update_status_time: 1, leader_region_time: 8 leader_balance_time: 5, log_id: 16850894026087544070
I1216 23:10:05.075745 305412 log.h:176] [meta_state_machine.cpp:97][store_heartbeat][240518194915]store:127.0.1.1:8110 heart beat, time_cost: 54, instance_time: 3, peer_balance_time: 2, schema_time: 1, peer_time: 28, leader_time: 18, log_id: 16850894026087544070
I1216 23:10:21.861501 305358 log.h:176] [ddl_manager.cpp:704][work][4294992907]leader process ddl work.
I1216 23:10:22.243563 305378 log.h:176] [ddl_manager.cpp:350][operator()][4294992908]db manager working thread.
I1216 23:10:22.353212 305338 node.cpp:975] node tso_raft:127.0.1.1:8010:0:0 starts to do snapshot
I1216 23:10:22.357678 305338 snapshot.cpp:642] Deleting /home/ubuntu/BaikalDB/meta_data/raft_data/snapshot/tso/snapshot_00000000000000842422
I1216 23:10:22.357688 305338 snapshot.cpp:648] Renaming /home/ubuntu/BaikalDB/meta_data/raft_data/snapshot/tso/temp to /home/ubuntu/BaikalDB/meta_data/raft_data/snapshot/tso/snapshot_00000000000000842422
I1216 23:10:22.357700 305338 snapshot.cpp:519] Deleting /home/ubuntu/BaikalDB/meta_data/raft_data/snapshot/tso/snapshot_00000000000000841226
I1216 23:10:22.357780 305338 snapshot_executor.cpp:234] node tso_raft:127.0.1.1:8010:0:0 snapshot_save_done, last_included_index=842422 last_included_term=5
I1216 23:10:35.253468 305364 log.h:176] [schema_manager.cpp:349][process_peer_heartbeat_for_store][150323886116]process peer hearbeat, table_exist_time: 1, partition_exist_time: 0, ilegal_peer_time: 1, log_id: 8077234872380161054
I1216 23:10:35.253515 305364 log.h:176] [schema_manager.cpp:380][process_leader_heartbeat_for_store][150323886116]store: 127.0.1.1:8110 process leader heartbeat, update_status_time: 2, leader_region_time: 7 leader_balance_time: 5, log_id: 8077234872380161054
I1216 23:10:35.253520 305364 log.h:176] [meta_state_machine.cpp:97][store_heartbeat][150323886116]store:127.0.1.1:8110 heart beat, time_cost: 66, instance_time: 3, peer_balance_time: 2, schema_time: 1, peer_time: 39, leader_time: 18, log_id: 8077234872380161054
I1216 23:10:41.202836 305338 node.cpp:975] node auto_incr_raft:127.0.1.1:8010:0:0 starts to do snapshot
I1216 23:10:41.202889 305338 snapshot_executor.cpp:154] node auto_incr_raft:127.0.1.1:8010:0:0 the gap between fsm applied index 4 and last_snapshot_index 4 is less than 1, will clear bufferred logs and return success
I1216 23:10:41.969393 305344 log.h:176] [ddl_manager.cpp:704][work][4294992907]leader process ddl work.
I1216 23:10:42.351496 305329 log.h:176] [ddl_manager.cpp:350][operator()][4294992908]db manager working thread.
I1216 23:11:02.076496 305336 log.h:176] [ddl_manager.cpp:704][work][4294992907]leader process ddl work.
I1216 23:11:02.458614 305325 log.h:176] [ddl_manager.cpp:350][operator()][4294992908]db manager working thread.
I1216 23:11:05.431732 305378 log.h:176] [schema_manager.cpp:349][process_peer_heartbeat_for_store][296352775840]process peer hearbeat, table_exist_time: 0, partition_exist_time: 1, ilegal_peer_time: 0, log_id: 8643595248755254478
I1216 23:11:05.431778 305378 log.h:176] [schema_manager.cpp:380][process_leader_heartbeat_for_store][296352775840]store: 127.0.1.1:8110 process leader heartbeat, update_status_time: 0, leader_region_time: 8 leader_balance_time: 5, log_id: 8643595248755254478
I1216 23:11:05.431784 305378 log.h:176] [meta_state_machine.cpp:97][store_heartbeat][296352775840]store:127.0.1.1:8110 heart beat, time_cost: 66, instance_time: 3, peer_balance_time: 2, schema_time: 1, peer_time: 39, leader_time: 19, log_id: 8643595248755254478
I1216 23:11:22.183830 305369 log.h:176] [ddl_manager.cpp:704][work][4294992907]leader process ddl work.
I1216 23:11:22.353386 305412 node.cpp:975] node tso_raft:127.0.1.1:8010:0:0 starts to do snapshot
I1216 23:11:22.357779 305412 snapshot.cpp:642] Deleting /home/ubuntu/BaikalDB/meta_data/raft_data/snapshot/tso/snapshot_00000000000000843619
I1216 23:11:22.357790 305412 snapshot.cpp:648] Renaming /home/ubuntu/BaikalDB/meta_data/raft_data/snapshot/tso/temp to /home/ubuntu/BaikalDB/meta_data/raft_data/snapshot/tso/snapshot_00000000000000843619
I1216 23:11:22.357805 305412 snapshot.cpp:519] Deleting /home/ubuntu/BaikalDB/meta_data/raft_data/snapshot/tso/snapshot_00000000000000842422
I1216 23:11:22.357913 305412 snapshot_executor.cpp:234] node tso_raft:127.0.1.1:8010:0:0 snapshot_save_done, last_included_index=843619 last_included_term=5
I1216 23:11:22.565833 305389 log.h:176] [ddl_manager.cpp:350][operator()][4294992908]db manager working thread.
I1216 23:11:35.608110 305386 log.h:176] [schema_manager.cpp:349][process_peer_heartbeat_for_store][279172901298]process peer hearbeat, table_exist_time: 1, partition_exist_time: 0, ilegal_peer_time: 1, log_id: 6675615228553465399
I1216 23:11:35.608150 305386 log.h:176] [schema_manager.cpp:380][process_leader_heartbeat_for_store][279172901298]store: 127.0.1.1:8110 process leader heartbeat, update_status_time: 1, leader_region_time: 8 leader_balance_time: 5, log_id: 6675615228553465399
I1216 23:11:35.608156 305386 log.h:176] [meta_state_machine.cpp:97][store_heartbeat][279172901298]store:127.0.1.1:8110 heart beat, time_cost: 59, instance_time: 2, peer_balance_time: 3, schema_time: 1, peer_time: 32, leader_time: 18, log_id: 6675615228553465399
I1216 23:11:42.292058 305336 log.h:176] [ddl_manager.cpp:704][work][4294992907]leader process ddl work.
I1216 23:11:42.673991 305378 log.h:176] [ddl_manager.cpp:350][operator()][4294992908]db manager working thread.
I1216 23:12:02.399559 305363 log.h:176] [ddl_manager.cpp:704][work][4294992907]leader process ddl work.
I1216 23:12:02.781616 305336 log.h:176] [ddl_manager.cpp:350][operator()][4294992908]db manager working thread.
I1216 23:12:05.783722 305346 log.h:176] [schema_manager.cpp:349][process_peer_heartbeat_for_store][292057804851]process peer hearbeat, table_exist_time: 0, partition_exist_time: 0, ilegal_peer_time: 1, log_id: 9747177921545158235
I1216 23:12:05.783761 305346 log.h:176] [schema_manager.cpp:380][process_leader_heartbeat_for_store][292057804851]store: 127.0.1.1:8110 process leader heartbeat, update_status_time: 2, leader_region_time: 6 leader_balance_time: 5, log_id: 9747177921545158235
I1216 23:12:05.783767 305346 log.h:176] [meta_state_machine.cpp:97][store_heartbeat][292057804851]store:127.0.1.1:8110 heart beat, time_cost: 58, instance_time: 3, peer_balance_time: 2, schema_time: 1, peer_time: 33, leader_time: 18, log_id: 9747177921545158235
I1216 23:12:22.353564 305371 node.cpp:975] node tso_raft:127.0.1.1:8010:0:0 starts to do snapshot
I1216 23:12:22.357877 305371 snapshot.cpp:642] Deleting /home/ubuntu/BaikalDB/meta_data/raft_data/snapshot/tso/snapshot_00000000000000844816
I1216 23:12:22.357884 305371 snapshot.cpp:648] Renaming /home/ubuntu/BaikalDB/meta_data/raft_data/snapshot/tso/temp to /home/ubuntu/BaikalDB/meta_data/raft_data/snapshot/tso/snapshot_00000000000000844816
I1216 23:12:22.357894 305371 snapshot.cpp:519] Deleting /home/ubuntu/BaikalDB/meta_data/raft_data/snapshot/tso/snapshot_00000000000000843619
I1216 23:12:22.357968 305371 snapshot_executor.cpp:234] node tso_raft:127.0.1.1:8010:0:0 snapshot_save_done, last_included_index=844816 last_included_term=5
I1216 23:12:22.507676 305407 log.h:176] [ddl_manager.cpp:704][work][4294992907]leader process ddl work.
I1216 23:12:22.889731 305378 log.h:176] [ddl_manager.cpp:350][operator()][4294992908]db manager working thread.
I1216 23:12:35.955585 305314 log.h:176] [schema_manager.cpp:349][process_peer_heartbeat_for_store][223338332110]process peer hearbeat, table_exist_time: 1, partition_exist_time: 0, ilegal_peer_time: 1, log_id: 3847329598190200398
I1216 23:12:35.955622 305314 log.h:176] [schema_manager.cpp:380][process_leader_heartbeat_for_store][223338332110]store: 127.0.1.1:8110 process leader heartbeat, update_status_time: 1, leader_region_time: 8 leader_balance_time: 6, log_id: 3847329598190200398
I1216 23:12:35.955628 305314 log.h:176] [meta_state_machine.cpp:97][store_heartbeat][223338332110]store:127.0.1.1:8110 heart beat, time_cost: 56, instance_time: 3, peer_balance_time: 2, schema_time: 1, peer_time: 28, leader_time: 20, log_id: 3847329598190200398
I1216 23:12:42.616068 305336 log.h:176] [ddl_manager.cpp:704][work][4294992907]leader process ddl work.
I1216 23:12:42.998171 305364 log.h:176] [ddl_manager.cpp:350][operator()][4294992908]db manager working thread.
I1216 23:13:02.723687 305379 log.h:176] [ddl_manager.cpp:704][work][4294992907]leader process ddl work.
I1216 23:13:03.105850 305378 log.h:176] [ddl_manager.cpp:350][operator()][4294992908]db manager working thread.
I1216 23:13:06.132568 305325 log.h:176] [schema_manager.cpp:349][process_peer_heartbeat_for_store][274877939438]process peer hearbeat, table_exist_time: 0, partition_exist_time: 1, ilegal_peer_time: 1, log_id: 13931425062695426222
I1216 23:13:06.132620 305325 log.h:176] [schema_manager.cpp:380][process_leader_heartbeat_for_store][274877939438]store: 127.0.1.1:8110 process leader heartbeat, update_status_time: 2, leader_region_time: 10 leader_balance_time: 7, log_id: 13931425062695426222
I1216 23:13:06.132630 305325 log.h:176] [meta_state_machine.cpp:97][store_heartbeat][274877939438]store:127.0.1.1:8110 heart beat, time_cost: 78, instance_time: 4, peer_balance_time: 2, schema_time: 2, peer_time: 40, leader_time: 27, log_id: 13931425062695426222
I1216 23:13:22.353727 305348 node.cpp:975] node tso_raft:127.0.1.1:8010:0:0 starts to do snapshot
I1216 23:13:22.358331 305348 snapshot.cpp:642] Deleting /home/ubuntu/BaikalDB/meta_data/raft_data/snapshot/tso/snapshot_00000000000000846013
I1216 23:13:22.358340 305348 snapshot.cpp:648] Renaming /home/ubuntu/BaikalDB/meta_data/raft_data/snapshot/tso/temp to /home/ubuntu/BaikalDB/meta_data/raft_data/snapshot/tso/snapshot_00000000000000846013
I1216 23:13:22.358351 305348 snapshot.cpp:519] Deleting /home/ubuntu/BaikalDB/meta_data/raft_data/snapshot/tso/snapshot_00000000000000844816
I1216 23:13:22.358425 305348 snapshot_executor.cpp:234] node tso_raft:127.0.1.1:8010:0:0 snapshot_save_done, last_included_index=846013 last_included_term=5
I1216 23:13:22.832218 305327 log.h:176] [ddl_manager.cpp:704][work][4294992907]leader process ddl work.
I1216 23:13:23.214191 305346 log.h:176] [ddl_manager.cpp:350][operator()][4294992908]db manager working thread.
I1216 23:13:36.304672 305378 log.h:176] [schema_manager.cpp:349][process_peer_heartbeat_for_store][408021925318]process peer hearbeat, table_exist_time: 1, partition_exist_time: 0, ilegal_peer_time: 0, log_id: 11935316411787018157
I1216 23:13:36.304714 305378 log.h:176] [schema_manager.cpp:380][process_leader_heartbeat_for_store][408021925318]store: 127.0.1.1:8110 process leader heartbeat, update_status_time: 1, leader_region_time: 10 leader_balance_time: 6, log_id: 11935316411787018157
I1216 23:13:36.304721 305378 log.h:176] [meta_state_machine.cpp:97][store_heartbeat][408021925318]store:127.0.1.1:8110 heart beat, time_cost: 64, instance_time: 3, peer_balance_time: 2, schema_time: 2, peer_time: 32, leader_time: 22, log_id: 11935316411787018157
I1216 23:13:42.939196 305368 log.h:176] [ddl_manager.cpp:704][work][4294992907]leader process ddl work.
I1216 23:13:43.321141 305390 log.h:176] [ddl_manager.cpp:350][operator()][4294992908]db manager working thread.
I1216 23:14:03.046893 305409 log.h:176] [ddl_manager.cpp:704][work][4294992907]leader process ddl work.
I1216 23:14:03.429003 305390 log.h:176] [ddl_manager.cpp:350][operator()][4294992908]db manager working thread.
I1216 23:14:06.482187 305387 log.h:176] [schema_manager.cpp:349][process_peer_heartbeat_for_store][214748397876]process peer hearbeat, table_exist_time: 0, partition_exist_time: 1, ilegal_peer_time: 1, log_id: 12593547906031911492
I1216 23:14:06.482234 305387 log.h:176] [schema_manager.cpp:380][process_leader_heartbeat_for_store][214748397876]store: 127.0.1.1:8110 process leader heartbeat, update_status_time: 1, leader_region_time: 8 leader_balance_time: 5, log_id: 12593547906031911492
I1216 23:14:06.482240 305387 log.h:176] [meta_state_machine.cpp:97][store_heartbeat][214748397876]store:127.0.1.1:8110 heart beat, time_cost: 69, instance_time: 3, peer_balance_time: 2, schema_time: 2, peer_time: 40, leader_time: 19, log_id: 12593547906031911492
I1216 23:14:22.353936 305379 node.cpp:975] node tso_raft:127.0.1.1:8010:0:0 starts to do snapshot
I1216 23:14:22.358300 305379 snapshot.cpp:642] Deleting /home/ubuntu/BaikalDB/meta_data/raft_data/snapshot/tso/snapshot_00000000000000847210
I1216 23:14:22.358309 305379 snapshot.cpp:648] Renaming /home/ubuntu/BaikalDB/meta_data/raft_data/snapshot/tso/temp to /home/ubuntu/BaikalDB/meta_data/raft_data/snapshot/tso/snapshot_00000000000000847210
I1216 23:14:22.358319 305379 snapshot.cpp:519] Deleting /home/ubuntu/BaikalDB/meta_data/raft_data/snapshot/tso/snapshot_00000000000000846013
I1216 23:14:22.358392 305379 snapshot_executor.cpp:234] node tso_raft:127.0.1.1:8010:0:0 snapshot_save_done, last_included_index=847210 last_included_term=5
I1216 23:14:23.155498 305346 log.h:176] [ddl_manager.cpp:704][work][4294992907]leader process ddl work.
I1216 23:14:23.537554 305379 log.h:176] [ddl_manager.cpp:350][operator()][4294992908]db manager working thread.
I1216 23:14:36.658095 305389 log.h:176] [schema_manager.cpp:349][process_peer_heartbeat_for_store][519691073603]process peer hearbeat, table_exist_time: 0, partition_exist_time: 1, ilegal_peer_time: 0, log_id: 6712481440464721355
I1216 23:14:36.658133 305389 log.h:176] [schema_manager.cpp:380][process_leader_heartbeat_for_store][519691073603]store: 127.0.1.1:8110 process leader heartbeat, update_status_time: 1, leader_region_time: 7 leader_balance_time: 6, log_id: 6712481440464721355
I1216 23:14:36.658139 305389 log.h:176] [meta_state_machine.cpp:97][store_heartbeat][519691073603]store:127.0.1.1:8110 heart beat, time_cost: 57, instance_time: 2, peer_balance_time: 2, schema_time: 2, peer_time: 29, leader_time: 20, log_id: 6712481440464721355
I1216 23:14:43.262614 305331 log.h:176] [ddl_manager.cpp:704][work][4294992907]leader process ddl work.
I1216 23:14:43.644670 305329 log.h:176] [ddl_manager.cpp:350][operator()][4294992908]db manager working thread.
I1216 23:15:03.370563 305363 log.h:176] [ddl_manager.cpp:704][work][4294992907]leader process ddl work.
I1216 23:15:03.752612 305364 log.h:176] [ddl_manager.cpp:350][operator()][4294992908]db manager working thread.
I1216 23:15:06.831104 305386 log.h:176] [schema_manager.cpp:349][process_peer_heartbeat_for_store][317827613053]process peer hearbeat, table_exist_time: 1, partition_exist_time: 0, ilegal_peer_time: 1, log_id: 5239940365282210323
I1216 23:15:06.831184 305386 log.h:176] [schema_manager.cpp:380][process_leader_heartbeat_for_store][317827613053]store: 127.0.1.1:8110 process leader heartbeat, update_status_time: 1, leader_region_time: 9 leader_balance_time: 35, log_id: 5239940365282210323
I1216 23:15:06.831192 305386 log.h:176] [meta_state_machine.cpp:97][store_heartbeat][317827613053]store:127.0.1.1:8110 heart beat, time_cost: 106, instance_time: 5, peer_balance_time: 2, schema_time: 2, peer_time: 44, leader_time: 50, log_id: 5239940365282210323
I1216 23:15:22.354100 305371 node.cpp:975] node tso_raft:127.0.1.1:8010:0:0 starts to do snapshot
I1216 23:15:22.355346 305371 snapshot.cpp:642] Deleting /home/ubuntu/BaikalDB/meta_data/raft_data/snapshot/tso/snapshot_00000000000000848406
I1216 23:15:22.355352 305371 snapshot.cpp:648] Renaming /home/ubuntu/BaikalDB/meta_data/raft_data/snapshot/tso/temp to /home/ubuntu/BaikalDB/meta_data/raft_data/snapshot/tso/snapshot_00000000000000848406
I1216 23:15:22.355362 305371 snapshot.cpp:519] Deleting /home/ubuntu/BaikalDB/meta_data/raft_data/snapshot/tso/snapshot_00000000000000847210
I1216 23:15:22.355441 305371 snapshot_executor.cpp:234] node tso_raft:127.0.1.1:8010:0:0 snapshot_save_done, last_included_index=848406 last_included_term=5
I1216 23:15:23.479560 305371 log.h:176] [ddl_manager.cpp:704][work][4294992907]leader process ddl work.
I1216 23:15:23.861663 305379 log.h:176] [ddl_manager.cpp:350][operator()][4294992908]db manager working thread.
I1216 23:15:37.008385 305346 log.h:176] [schema_manager.cpp:349][process_peer_heartbeat_for_store][274877933289]process peer hearbeat, table_exist_time: 1, partition_exist_time: 0, ilegal_peer_time: 1, log_id: 4164220471275788257
I1216 23:15:37.008435 305346 log.h:176] [schema_manager.cpp:380][process_leader_heartbeat_for_store][274877933289]store: 127.0.1.1:8110 process leader heartbeat, update_status_time: 1, leader_region_time: 8 leader_balance_time: 10, log_id: 4164220471275788257
I1216 23:15:37.008441 305346 log.h:176] [meta_state_machine.cpp:97][store_heartbeat][274877933289]store:127.0.1.1:8110 heart beat, time_cost: 71, instance_time: 3, peer_balance_time: 2, schema_time: 2, peer_time: 37, leader_time: 24, log_id: 4164220471275788257
I1216 23:15:43.587558 305348 log.h:176] [ddl_manager.cpp:704][work][4294992907]leader process ddl work.
I1216 23:15:43.969681 305322 log.h:176] [ddl_manager.cpp:350][operator()][4294992908]db manager working thread.
I1216 23:16:03.695180 305325 log.h:176] [ddl_manager.cpp:704][work][4294992907]leader process ddl work.
I1216 23:16:04.077184 305336 log.h:176] [ddl_manager.cpp:350][operator()][4294992908]db manager working thread.
I1216 23:16:07.186522 305378 log.h:176] [schema_manager.cpp:349][process_peer_heartbeat_for_store][227633293734]process peer hearbeat, table_exist_time: 0, partition_exist_time: 0, ilegal_peer_time: 1, log_id: 15705544927418836022
I1216 23:16:07.186560 305378 log.h:176] [schema_manager.cpp:380][process_leader_heartbeat_for_store][227633293734]store: 127.0.1.1:8110 process leader heartbeat, update_status_time: 1, leader_region_time: 7 leader_balance_time: 6, log_id: 15705544927418836022
I1216 23:16:07.186566 305378 log.h:176] [meta_state_machine.cpp:97][store_heartbeat][227633293734]store:127.0.1.1:8110 heart beat, time_cost: 59, instance_time: 3, peer_balance_time: 2, schema_time: 1, peer_time: 33, leader_time: 18, log_id: 15705544927418836022
I1216 23:16:22.354255 305368 node.cpp:975] node tso_raft:127.0.1.1:8010:0:0 starts to do snapshot
I1216 23:16:22.355291 305368 snapshot.cpp:642] Deleting /home/ubuntu/BaikalDB/meta_data/raft_data/snapshot/tso/snapshot_00000000000000849603
I1216 23:16:22.355304 305368 snapshot.cpp:648] Renaming /home/ubuntu/BaikalDB/meta_data/raft_data/snapshot/tso/temp to /home/ubuntu/BaikalDB/meta_data/raft_data/snapshot/tso/snapshot_00000000000000849603
I1216 23:16:22.355316 305368 snapshot.cpp:519] Deleting /home/ubuntu/BaikalDB/meta_data/raft_data/snapshot/tso/snapshot_00000000000000848406
I1216 23:16:22.355409 305368 snapshot_executor.cpp:234] node tso_raft:127.0.1.1:8010:0:0 snapshot_save_done, last_included_index=849603 last_included_term=5
I1216 23:16:23.803012 305348 log.h:176] [ddl_manager.cpp:704][work][4294992907]leader process ddl work.
I1216 23:16:24.184962 305329 log.h:176] [ddl_manager.cpp:350][operator()][4294992908]db manager working thread.
I1216 23:16:37.363109 305349 log.h:176] [schema_manager.cpp:349][process_peer_heartbeat_for_store][335007475994]process peer hearbeat, table_exist_time: 0, partition_exist_time: 1, ilegal_peer_time: 0, log_id: 5779786035972839321
I1216 23:16:37.363150 305349 log.h:176] [schema_manager.cpp:380][process_leader_heartbeat_for_store][335007475994]store: 127.0.1.1:8110 process leader heartbeat, update_status_time: 2, leader_region_time: 6 leader_balance_time: 6, log_id: 5779786035972839321
I1216 23:16:37.363163 305349 log.h:176] [meta_state_machine.cpp:97][store_heartbeat][335007475994]store:127.0.1.1:8110 heart beat, time_cost: 67, instance_time: 3, peer_balance_time: 2, schema_time: 2, peer_time: 33, leader_time: 25, log_id: 5779786035972839321
I1216 23:16:43.910553 305334 log.h:176] [ddl_manager.cpp:704][work][4294992907]leader process ddl work.
I1216 23:16:44.292609 305368 log.h:176] [ddl_manager.cpp:350][operator()][4294992908]db manager working thread.
I1216 23:17:04.017792 305363 log.h:176] [ddl_manager.cpp:704][work][4294992907]leader process ddl work.
I1216 23:17:04.399781 305329 log.h:176] [ddl_manager.cpp:350][operator()][4294992908]db manager working thread.
I1216 23:17:07.538209 305376 log.h:176] [schema_manager.cpp:349][process_peer_heartbeat_for_store][330712514967]process peer hearbeat, table_exist_time: 0, partition_exist_time: 1, ilegal_peer_time: 0, log_id: 14350605752498147466
I1216 23:17:07.538255 305376 log.h:176] [schema_manager.cpp:380][process_leader_heartbeat_for_store][330712514967]store: 127.0.1.1:8110 process leader heartbeat, update_status_time: 1, leader_region_time: 9 leader_balance_time: 6, log_id: 14350605752498147466
I1216 23:17:07.538262 305376 log.h:176] [meta_state_machine.cpp:97][store_heartbeat][330712514967]store:127.0.1.1:8110 heart beat, time_cost: 68, instance_time: 4, peer_balance_time: 2, schema_time: 2, peer_time: 37, leader_time: 20, log_id: 14350605752498147466
I1216 23:17:22.354391 305412 node.cpp:975] node tso_raft:127.0.1.1:8010:0:0 starts to do snapshot
I1216 23:17:22.358649 305412 snapshot.cpp:642] Deleting /home/ubuntu/BaikalDB/meta_data/raft_data/snapshot/tso/snapshot_00000000000000850800
I1216 23:17:22.358655 305412 snapshot.cpp:648] Renaming /home/ubuntu/BaikalDB/meta_data/raft_data/snapshot/tso/temp to /home/ubuntu/BaikalDB/meta_data/raft_data/snapshot/tso/snapshot_00000000000000850800
I1216 23:17:22.358664 305412 snapshot.cpp:519] Deleting /home/ubuntu/BaikalDB/meta_data/raft_data/snapshot/tso/snapshot_00000000000000849603
I1216 23:17:22.358733 305412 snapshot_executor.cpp:234] node tso_raft:127.0.1.1:8010:0:0 snapshot_save_done, last_included_index=850800 last_included_term=5
I1216 23:17:24.124724 305331 log.h:176] [ddl_manager.cpp:704][work][4294992907]leader process ddl work.
I1216 23:17:24.506894 305369 log.h:176] [ddl_manager.cpp:350][operator()][4294992908]db manager working thread.
I1216 23:17:37.722865 305379 log.h:176] [schema_manager.cpp:349][process_peer_heartbeat_for_store][317827612378]process peer hearbeat, table_exist_time: 0, partition_exist_time: 1, ilegal_peer_time: 0, log_id: 6257813358548693720
I1216 23:17:37.722906 305379 log.h:176] [schema_manager.cpp:380][process_leader_heartbeat_for_store][317827612378]store: 127.0.1.1:8110 process leader heartbeat, update_status_time: 2, leader_region_time: 7 leader_balance_time: 5, log_id: 6257813358548693720
I1216 23:17:37.722913 305379 log.h:176] [meta_state_machine.cpp:97][store_heartbeat][317827612378]store:127.0.1.1:8110 heart beat, time_cost: 62, instance_time: 3, peer_balance_time: 2, schema_time: 2, peer_time: 34, leader_time: 18, log_id: 6257813358548693720
I1216 23:17:44.232560 305348 log.h:176] [ddl_manager.cpp:704][work][4294992907]leader process ddl work.
I1216 23:17:44.614675 305379 log.h:176] [ddl_manager.cpp:350][operator()][4294992908]db manager working thread.
I1216 23:17:58.286844 305363 node.cpp:975] node meta_raft:127.0.1.1:8010:0:0 starts to do snapshot
I1216 23:17:58.286883 305363 snapshot_executor.cpp:154] node meta_raft:127.0.1.1:8010:0:0 the gap between fsm applied index 14 and last_snapshot_index 14 is less than 1, will clear bufferred logs and return success
I1216 23:18:04.341060 305350 log.h:176] [ddl_manager.cpp:704][work][4294992907]leader process ddl work.
I1216 23:18:04.723187 305371 log.h:176] [ddl_manager.cpp:350][operator()][4294992908]db manager working thread.
I1216 23:18:07.899763 305409 log.h:176] [schema_manager.cpp:349][process_peer_heartbeat_for_store][390842055606]process peer hearbeat, table_exist_time: 1, partition_exist_time: 0, ilegal_peer_time: 1, log_id: 8165318407401731228
I1216 23:18:07.899813 305409 log.h:176] [schema_manager.cpp:380][process_leader_heartbeat_for_store][390842055606]store: 127.0.1.1:8110 process leader heartbeat, update_status_time: 2, leader_region_time: 8 leader_balance_time: 5, log_id: 8165318407401731228
I1216 23:18:07.899818 305409 log.h:176] [meta_state_machine.cpp:97][store_heartbeat][390842055606]store:127.0.1.1:8110 heart beat, time_cost: 70, instance_time: 4, peer_balance_time: 2, schema_time: 1, peer_time: 42, leader_time: 18, log_id: 8165318407401731228
I1216 23:18:22.354563 305325 node.cpp:975] node tso_raft:127.0.1.1:8010:0:0 starts to do snapshot
I1216 23:18:22.359027 305325 snapshot.cpp:642] Deleting /home/ubuntu/BaikalDB/meta_data/raft_data/snapshot/tso/snapshot_00000000000000851997
I1216 23:18:22.359045 305325 snapshot.cpp:648] Renaming /home/ubuntu/BaikalDB/meta_data/raft_data/snapshot/tso/temp to /home/ubuntu/BaikalDB/meta_data/raft_data/snapshot/tso/snapshot_00000000000000851997
I1216 23:18:22.359058 305325 snapshot.cpp:519] Deleting /home/ubuntu/BaikalDB/meta_data/raft_data/snapshot/tso/snapshot_00000000000000850800
I1216 23:18:22.359165 305325 snapshot_executor.cpp:234] node tso_raft:127.0.1.1:8010:0:0 snapshot_save_done, last_included_index=851997 last_included_term=5
I1216 23:18:24.448629 305349 log.h:176] [ddl_manager.cpp:704][work][4294992907]leader process ddl work.
I1216 23:18:24.830717 305348 log.h:176] [ddl_manager.cpp:350][operator()][4294992908]db manager working thread.
I1216 23:18:38.072271 305411 log.h:176] [schema_manager.cpp:349][process_peer_heartbeat_for_store][270582971400]process peer hearbeat, table_exist_time: 0, partition_exist_time: 1, ilegal_peer_time: 0, log_id: 4514957369827540841
I1216 23:18:38.072309 305411 log.h:176] [schema_manager.cpp:380][process_leader_heartbeat_for_store][270582971400]store: 127.0.1.1:8110 process leader heartbeat, update_status_time: 1, leader_region_time: 7 leader_balance_time: 5, log_id: 4514957369827540841
I1216 23:18:38.072314 305411 log.h:176] [meta_state_machine.cpp:97][store_heartbeat][270582971400]store:127.0.1.1:8110 heart beat, time_cost: 55, instance_time: 3, peer_balance_time: 2, schema_time: 1, peer_time: 30, leader_time: 17, log_id: 4514957369827540841
I1216 23:18:44.556346 305334 log.h:176] [ddl_manager.cpp:704][work][4294992907]leader process ddl work.
I1216 23:18:44.938397 305335 log.h:176] [ddl_manager.cpp:350][operator()][4294992908]db manager working thread.
I1216 23:19:04.662724 305331 log.h:176] [ddl_manager.cpp:704][work][4294992907]leader process ddl work.
I1216 23:19:05.044785 305349 log.h:176] [ddl_manager.cpp:350][operator()][4294992908]db manager working thread.
I1216 23:19:08.247454 305376 log.h:176] [schema_manager.cpp:349][process_peer_heartbeat_for_store][347892378804]process peer hearbeat, table_exist_time: 18, partition_exist_time: 0, ilegal_peer_time: 1, log_id: 9686508243219850220
I1216 23:19:08.247506 305376 log.h:176] [schema_manager.cpp:380][process_leader_heartbeat_for_store][347892378804]store: 127.0.1.1:8110 process leader heartbeat, update_status_time: 2, leader_region_time: 9 leader_balance_time: 7, log_id: 9686508243219850220
I1216 23:19:08.247515 305376 log.h:176] [meta_state_machine.cpp:97][store_heartbeat][347892378804]store:127.0.1.1:8110 heart beat, time_cost: 94, instance_time: 3, peer_balance_time: 2, schema_time: 2, peer_time: 60, leader_time: 25, log_id: 9686508243219850220
I1216 23:19:22.354758 305346 node.cpp:975] node tso_raft:127.0.1.1:8010:0:0 starts to do snapshot
I1216 23:19:22.358997 305346 snapshot.cpp:642] Deleting /home/ubuntu/BaikalDB/meta_data/raft_data/snapshot/tso/snapshot_00000000000000853194
I1216 23:19:22.359012 305346 snapshot.cpp:648] Renaming /home/ubuntu/BaikalDB/meta_data/raft_data/snapshot/tso/temp to /home/ubuntu/BaikalDB/meta_data/raft_data/snapshot/tso/snapshot_00000000000000853194
I1216 23:19:22.359025 305346 snapshot.cpp:519] Deleting /home/ubuntu/BaikalDB/meta_data/raft_data/snapshot/tso/snapshot_00000000000000851997
I1216 23:19:22.359128 305346 snapshot_executor.cpp:234] node tso_raft:127.0.1.1:8010:0:0 snapshot_save_done, last_included_index=853194 last_included_term=5
I1216 23:19:24.771556 305409 log.h:176] [ddl_manager.cpp:704][work][4294992907]leader process ddl work.
I1216 23:19:25.153672 305325 log.h:176] [ddl_manager.cpp:350][operator()][4294992908]db manager working thread.
I1216 23:19:38.422161 305407 log.h:176] [schema_manager.cpp:349][process_peer_heartbeat_for_store][283467873869]process peer hearbeat, table_exist_time: 0, partition_exist_time: 1, ilegal_peer_time: 0, log_id: 12663918260322852258
I1216 23:19:38.422196 305407 log.h:176] [schema_manager.cpp:380][process_leader_heartbeat_for_store][283467873869]store: 127.0.1.1:8110 process leader heartbeat, update_status_time: 2, leader_region_time: 6 leader_balance_time: 5, log_id: 12663918260322852258
I1216 23:19:38.422201 305407 log.h:176] [meta_state_machine.cpp:97][store_heartbeat][283467873869]store:127.0.1.1:8110 heart beat, time_cost: 52, instance_time: 3, peer_balance_time: 1, schema_time: 2, peer_time: 27, leader_time: 18, log_id: 12663918260322852258
I1216 23:19:44.878837 305376 log.h:176] [ddl_manager.cpp:704][work][4294992907]leader process ddl work.
I1216 23:19:45.260963 305390 log.h:176] [ddl_manager.cpp:350][operator()][4294992908]db manager working thread.
I1216 23:20:04.987010 305358 log.h:176] [ddl_manager.cpp:704][work][4294992907]leader process ddl work.
I1216 23:20:05.368904 305336 log.h:176] [ddl_manager.cpp:350][operator()][4294992908]db manager working thread.
I1216 23:20:08.605307 305327 log.h:176] [schema_manager.cpp:349][process_peer_heartbeat_for_store][343597412564]process peer hearbeat, table_exist_time: 1, partition_exist_time: 0, ilegal_peer_time: 1, log_id: 14793764760076688648
I1216 23:20:08.605350 305327 log.h:176] [schema_manager.cpp:380][process_leader_heartbeat_for_store][343597412564]store: 127.0.1.1:8110 process leader heartbeat, update_status_time: 1, leader_region_time: 8 leader_balance_time: 5, log_id: 14793764760076688648
I1216 23:20:08.605357 305327 log.h:176] [meta_state_machine.cpp:97][store_heartbeat][343597412564]store:127.0.1.1:8110 heart beat, time_cost: 65, instance_time: 4, peer_balance_time: 2, schema_time: 1, peer_time: 36, leader_time: 20, log_id: 14793764760076688648
I1216 23:20:22.354928 305344 node.cpp:975] node tso_raft:127.0.1.1:8010:0:0 starts to do snapshot
I1216 23:20:22.359380 305344 snapshot.cpp:642] Deleting /home/ubuntu/BaikalDB/meta_data/raft_data/snapshot/tso/snapshot_00000000000000854391
I1216 23:20:22.359387 305344 snapshot.cpp:648] Renaming /home/ubuntu/BaikalDB/meta_data/raft_data/snapshot/tso/temp to /home/ubuntu/BaikalDB/meta_data/raft_data/snapshot/tso/snapshot_00000000000000854391
I1216 23:20:22.359400 305344 snapshot.cpp:519] Deleting /home/ubuntu/BaikalDB/meta_data/raft_data/snapshot/tso/snapshot_00000000000000853194
I1216 23:20:22.359486 305344 snapshot_executor.cpp:234] node tso_raft:127.0.1.1:8010:0:0 snapshot_save_done, last_included_index=854391 last_included_term=5
I1216 23:20:25.095274 305329 log.h:176] [ddl_manager.cpp:704][work][4294992907]leader process ddl work.
I1216 23:20:25.478847 305358 log.h:176] [ddl_manager.cpp:350][operator()][4294992908]db manager working thread.
I1216 23:20:38.785166 305331 log.h:176] [schema_manager.cpp:349][process_peer_heartbeat_for_store][287762837743]process peer hearbeat, table_exist_time: 0, partition_exist_time: 1, ilegal_peer_time: 0, log_id: 1530890050368948229
I1216 23:20:38.785202 305331 log.h:176] [schema_manager.cpp:380][process_leader_heartbeat_for_store][287762837743]store: 127.0.1.1:8110 process leader heartbeat, update_status_time: 1, leader_region_time: 8 leader_balance_time: 5, log_id: 1530890050368948229
I1216 23:20:38.785209 305331 log.h:176] [meta_state_machine.cpp:97][store_heartbeat][287762837743]store:127.0.1.1:8110 heart beat, time_cost: 56, instance_time: 3, peer_balance_time: 2, schema_time: 1, peer_time: 28, leader_time: 19, log_id: 1530890050368948229
I1216 23:20:41.202961 305335 node.cpp:975] node auto_incr_raft:127.0.1.1:8010:0:0 starts to do snapshot
I1216 23:20:41.202994 305335 snapshot_executor.cpp:154] node auto_incr_raft:127.0.1.1:8010:0:0 the gap between fsm applied index 4 and last_snapshot_index 4 is less than 1, will clear bufferred logs and return success
I1216 23:20:45.203441 305338 log.h:176] [ddl_manager.cpp:704][work][4294992907]leader process ddl work.
I1216 23:20:45.589056 305335 log.h:176] [ddl_manager.cpp:350][operator()][4294992908]db manager working thread.
I1216 23:21:05.310886 305411 log.h:176] [ddl_manager.cpp:704][work][4294992907]leader process ddl work.
I1216 23:21:05.698412 305387 log.h:176] [ddl_manager.cpp:350][operator()][4294992908]db manager working thread.
I1216 23:21:08.954098 305329 log.h:176] [schema_manager.cpp:349][process_peer_heartbeat_for_store][399431985092]process peer hearbeat, table_exist_time: 0, partition_exist_time: 1, ilegal_peer_time: 1, log_id: 2868929586328713068
I1216 23:21:08.954147 305329 log.h:176] [schema_manager.cpp:380][process_leader_heartbeat_for_store][399431985092]store: 127.0.1.1:8110 process leader heartbeat, update_status_time: 1, leader_region_time: 8 leader_balance_time: 6, log_id: 2868929586328713068
I1216 23:21:08.954154 305329 log.h:176] [meta_state_machine.cpp:97][store_heartbeat][399431985092]store:127.0.1.1:8110 heart beat, time_cost: 71, instance_time: 3, peer_balance_time: 2, schema_time: 2, peer_time: 40, leader_time: 21, log_id: 2868929586328713068
I1216 23:21:22.355099 305377 node.cpp:975] node tso_raft:127.0.1.1:8010:0:0 starts to do snapshot
I1216 23:21:22.359385 305377 snapshot.cpp:642] Deleting /home/ubuntu/BaikalDB/meta_data/raft_data/snapshot/tso/snapshot_00000000000000855588
I1216 23:21:22.359392 305377 snapshot.cpp:648] Renaming /home/ubuntu/BaikalDB/meta_data/raft_data/snapshot/tso/temp to /home/ubuntu/BaikalDB/meta_data/raft_data/snapshot/tso/snapshot_00000000000000855588
I1216 23:21:22.359403 305377 snapshot.cpp:519] Deleting /home/ubuntu/BaikalDB/meta_data/raft_data/snapshot/tso/snapshot_00000000000000854391
I1216 23:21:22.359494 305377 snapshot_executor.cpp:234] node tso_raft:127.0.1.1:8010:0:0 snapshot_save_done, last_included_index=855588 last_included_term=5
I1216 23:21:25.417860 305349 log.h:176] [ddl_manager.cpp:704][work][4294992907]leader process ddl work.
I1216 23:21:25.806890 305379 log.h:176] [ddl_manager.cpp:350][operator()][4294992908]db manager working thread.
I1216 23:21:39.125818 305350 log.h:176] [schema_manager.cpp:349][process_peer_heartbeat_for_store][382252117612]process peer hearbeat, table_exist_time: 1, partition_exist_time: 0, ilegal_peer_time: 1, log_id: 8728267646158640171
I1216 23:21:39.125865 305350 log.h:176] [schema_manager.cpp:380][process_leader_heartbeat_for_store][382252117612]store: 127.0.1.1:8110 process leader heartbeat, update_status_time: 1, leader_region_time: 8 leader_balance_time: 5, log_id: 8728267646158640171
I1216 23:21:39.125872 305350 log.h:176] [meta_state_machine.cpp:97][store_heartbeat][382252117612]store:127.0.1.1:8110 heart beat, time_cost: 71, instance_time: 4, peer_balance_time: 3, schema_time: 1, peer_time: 42, leader_time: 19, log_id: 8728267646158640171
I1216 23:21:45.525614 305387 log.h:176] [ddl_manager.cpp:704][work][4294992907]leader process ddl work.
I1216 23:21:45.915675 305327 log.h:176] [ddl_manager.cpp:350][operator()][4294992908]db manager working thread.
I1216 23:22:05.633186 305350 log.h:176] [ddl_manager.cpp:704][work][4294992907]leader process ddl work.
I1216 23:22:06.024077 305335 log.h:176] [ddl_manager.cpp:350][operator()][4294992908]db manager working thread.
I1216 23:22:09.301970 305369 log.h:176] [schema_manager.cpp:349][process_peer_heartbeat_for_store][403726953388]process peer hearbeat, table_exist_time: 1, partition_exist_time: 0, ilegal_peer_time: 1, log_id: 550787822867508966
I1216 23:22:09.302021 305369 log.h:176] [schema_manager.cpp:380][process_leader_heartbeat_for_store][403726953388]store: 127.0.1.1:8110 process leader heartbeat, update_status_time: 1, leader_region_time: 8 leader_balance_time: 5, log_id: 550787822867508966
I1216 23:22:09.302034 305369 log.h:176] [meta_state_machine.cpp:97][store_heartbeat][403726953388]store:127.0.1.1:8110 heart beat, time_cost: 82, instance_time: 3, peer_balance_time: 2, schema_time: 1, peer_time: 46, leader_time: 26, log_id: 550787822867508966
I1216 23:22:22.355259 305377 node.cpp:975] node tso_raft:127.0.1.1:8010:0:0 starts to do snapshot
I1216 23:22:22.359586 305377 snapshot.cpp:642] Deleting /home/ubuntu/BaikalDB/meta_data/raft_data/snapshot/tso/snapshot_00000000000000856785
I1216 23:22:22.359596 305377 snapshot.cpp:648] Renaming /home/ubuntu/BaikalDB/meta_data/raft_data/snapshot/tso/temp to /home/ubuntu/BaikalDB/meta_data/raft_data/snapshot/tso/snapshot_00000000000000856785
I1216 23:22:22.359606 305377 snapshot.cpp:519] Deleting /home/ubuntu/BaikalDB/meta_data/raft_data/snapshot/tso/snapshot_00000000000000855588
I1216 23:22:22.359687 305377 snapshot_executor.cpp:234] node tso_raft:127.0.1.1:8010:0:0 snapshot_save_done, last_included_index=856785 last_included_term=5
I1216 23:22:25.740145 305412 log.h:176] [ddl_manager.cpp:704][work][4294992907]leader process ddl work.
I1216 23:22:26.132505 305358 log.h:176] [ddl_manager.cpp:350][operator()][4294992908]db manager working thread.
I1216 23:22:39.477780 305349 log.h:176] [schema_manager.cpp:349][process_peer_heartbeat_for_store][343597416062]process peer hearbeat, table_exist_time: 0, partition_exist_time: 0, ilegal_peer_time: 0, log_id: 3470013709254793880
I1216 23:22:39.477823 305349 log.h:176] [schema_manager.cpp:380][process_leader_heartbeat_for_store][343597416062]store: 127.0.1.1:8110 process leader heartbeat, update_status_time: 1, leader_region_time: 8 leader_balance_time: 5, log_id: 3470013709254793880
I1216 23:22:39.477829 305349 log.h:176] [meta_state_machine.cpp:97][store_heartbeat][343597416062]store:127.0.1.1:8110 heart beat, time_cost: 62, instance_time: 2, peer_balance_time: 2, schema_time: 2, peer_time: 34, leader_time: 20, log_id: 3470013709254793880
I1216 23:22:45.847949 305314 log.h:176] [ddl_manager.cpp:704][work][4294992907]leader process ddl work.
I1216 23:22:46.240067 305325 log.h:176] [ddl_manager.cpp:350][operator()][4294992908]db manager working thread.
I1216 23:23:05.955895 305336 log.h:176] [ddl_manager.cpp:704][work][4294992907]leader process ddl work.
I1216 23:23:06.348085 305331 log.h:176] [ddl_manager.cpp:350][operator()][4294992908]db manager working thread.
I1216 23:23:09.651214 305386 log.h:176] [schema_manager.cpp:349][process_peer_heartbeat_for_store][356482317514]process peer hearbeat, table_exist_time: 1, partition_exist_time: 0, ilegal_peer_time: 1, log_id: 7255836344721832941
I1216 23:23:09.651273 305386 log.h:176] [schema_manager.cpp:380][process_leader_heartbeat_for_store][356482317514]store: 127.0.1.1:8110 process leader heartbeat, update_status_time: 2, leader_region_time: 9 leader_balance_time: 8, log_id: 7255836344721832941
I1216 23:23:09.651283 305386 log.h:176] [meta_state_machine.cpp:97][store_heartbeat][356482317514]store:127.0.1.1:8110 heart beat, time_cost: 87, instance_time: 4, peer_balance_time: 3, schema_time: 2, peer_time: 49, leader_time: 27, log_id: 7255836344721832941
I1216 23:23:22.355422 305344 node.cpp:975] node tso_raft:127.0.1.1:8010:0:0 starts to do snapshot
I1216 23:23:22.359651 305344 snapshot.cpp:642] Deleting /home/ubuntu/BaikalDB/meta_data/raft_data/snapshot/tso/snapshot_00000000000000857981
I1216 23:23:22.359663 305344 snapshot.cpp:648] Renaming /home/ubuntu/BaikalDB/meta_data/raft_data/snapshot/tso/temp to /home/ubuntu/BaikalDB/meta_data/raft_data/snapshot/tso/snapshot_00000000000000857981
I1216 23:23:22.359676 305344 snapshot.cpp:519] Deleting /home/ubuntu/BaikalDB/meta_data/raft_data/snapshot/tso/snapshot_00000000000000856785
I1216 23:23:22.359779 305344 snapshot_executor.cpp:234] node tso_raft:127.0.1.1:8010:0:0 snapshot_save_done, last_included_index=857981 last_included_term=5
I1216 23:23:26.063618 305409 log.h:176] [ddl_manager.cpp:704][work][4294992907]leader process ddl work.
I1216 23:23:26.455736 305412 log.h:176] [ddl_manager.cpp:350][operator()][4294992908]db manager working thread.
I1216 23:23:39.832456 305378 log.h:176] [schema_manager.cpp:349][process_peer_heartbeat_for_store][313532639425]process peer hearbeat, table_exist_time: 0, partition_exist_time: 1, ilegal_peer_time: 1, log_id: 18060797353425127563
I1216 23:23:39.832512 305378 log.h:176] [schema_manager.cpp:380][process_leader_heartbeat_for_store][313532639425]store: 127.0.1.1:8110 process leader heartbeat, update_status_time: 1, leader_region_time: 10 leader_balance_time: 6, log_id: 18060797353425127563
I1216 23:23:39.832520 305378 log.h:176] [meta_state_machine.cpp:97][store_heartbeat][313532639425]store:127.0.1.1:8110 heart beat, time_cost: 100, instance_time: 4, peer_balance_time: 1, schema_time: 16, peer_time: 52, leader_time: 24, log_id: 18060797353425127563
I1216 23:23:46.170678 305378 log.h:176] [ddl_manager.cpp:704][work][4294992907]leader process ddl work.
I1216 23:23:46.562745 305325 log.h:176] [ddl_manager.cpp:350][operator()][4294992908]db manager working thread.
I1216 23:24:06.278498 305327 log.h:176] [ddl_manager.cpp:704][work][4294992907]leader process ddl work.
I1216 23:24:06.670555 305331 log.h:176] [ddl_manager.cpp:350][operator()][4294992908]db manager working thread.
I1216 23:24:10.010823 305412 log.h:176] [schema_manager.cpp:349][process_peer_heartbeat_for_store][128849049635]process peer hearbeat, table_exist_time: 0, partition_exist_time: 1, ilegal_peer_time: 0, log_id: 8973303531815188103
I1216 23:24:10.010869 305412 log.h:176] [schema_manager.cpp:380][process_leader_heartbeat_for_store][128849049635]store: 127.0.1.1:8110 process leader heartbeat, update_status_time: 1, leader_region_time: 7 leader_balance_time: 5, log_id: 8973303531815188103
I1216 23:24:10.010875 305412 log.h:176] [meta_state_machine.cpp:97][store_heartbeat][128849049635]store:127.0.1.1:8110 heart beat, time_cost: 68, instance_time: 4, peer_balance_time: 1, schema_time: 2, peer_time: 38, leader_time: 20, log_id: 8973303531815188103
I1216 23:24:22.355618 305325 node.cpp:975] node tso_raft:127.0.1.1:8010:0:0 starts to do snapshot
I1216 23:24:22.360103 305325 snapshot.cpp:642] Deleting /home/ubuntu/BaikalDB/meta_data/raft_data/snapshot/tso/snapshot_00000000000000859178
I1216 23:24:22.360112 305325 snapshot.cpp:648] Renaming /home/ubuntu/BaikalDB/meta_data/raft_data/snapshot/tso/temp to /home/ubuntu/BaikalDB/meta_data/raft_data/snapshot/tso/snapshot_00000000000000859178
I1216 23:24:22.360123 305325 snapshot.cpp:519] Deleting /home/ubuntu/BaikalDB/meta_data/raft_data/snapshot/tso/snapshot_00000000000000857981
I1216 23:24:22.360208 305325 snapshot_executor.cpp:234] node tso_raft:127.0.1.1:8010:0:0 snapshot_save_done, last_included_index=859178 last_included_term=5
I1216 23:24:26.385983 305335 log.h:176] [ddl_manager.cpp:704][work][4294992907]leader process ddl work.
I1216 23:24:26.778070 305412 log.h:176] [ddl_manager.cpp:350][operator()][4294992908]db manager working thread.
I1216 23:24:40.181962 305387 log.h:176] [schema_manager.cpp:349][process_peer_heartbeat_for_store][373662181987]process peer hearbeat, table_exist_time: 1, partition_exist_time: 0, ilegal_peer_time: 1, log_id: 8607527504919110906
I1216 23:24:40.182008 305387 log.h:176] [schema_manager.cpp:380][process_leader_heartbeat_for_store][373662181987]store: 127.0.1.1:8110 process leader heartbeat, update_status_time: 1, leader_region_time: 7 leader_balance_time: 5, log_id: 8607527504919110906
I1216 23:24:40.182015 305387 log.h:176] [meta_state_machine.cpp:97][store_heartbeat][373662181987]store:127.0.1.1:8110 heart beat, time_cost: 66, instance_time: 3, peer_balance_time: 2, schema_time: 1, peer_time: 39, leader_time: 19, log_id: 8607527504919110906
I1216 23:24:46.493911 305369 log.h:176] [ddl_manager.cpp:704][work][4294992907]leader process ddl work.
I1216 23:24:46.885989 305389 log.h:176] [ddl_manager.cpp:350][operator()][4294992908]db manager working thread.
I1216 23:25:06.600724 305376 log.h:176] [ddl_manager.cpp:704][work][4294992907]leader process ddl work.
I1216 23:25:06.992847 305412 log.h:176] [ddl_manager.cpp:350][operator()][4294992908]db manager working thread.
I1216 23:25:10.363303 305336 log.h:176] [schema_manager.cpp:349][process_peer_heartbeat_for_store][266288003161]process peer hearbeat, table_exist_time: 0, partition_exist_time: 1, ilegal_peer_time: 1, log_id: 3965100773493627434
I1216 23:25:10.363343 305336 log.h:176] [schema_manager.cpp:380][process_leader_heartbeat_for_store][266288003161]store: 127.0.1.1:8110 process leader heartbeat, update_status_time: 1, leader_region_time: 7 leader_balance_time: 6, log_id: 3965100773493627434
