I1216 22:34:22.565656 305335 log.h:176] [meta_state_machine.cpp:97][store_heartbeat][171798719735]store:127.0.1.1:8110 heart beat, time_cost: 60, instance_time: 3, peer_balance_time: 2, schema_time: 1, peer_time: 29, leader_time: 21, log_id: 996728292340193186
I1216 22:34:30.292497 305344 log.h:176] [ddl_manager.cpp:704][work][4294992907]leader process ddl work.
I1216 22:34:30.644440 305334 log.h:176] [ddl_manager.cpp:350][operator()][4294992908]db manager working thread.
I1216 22:34:50.399019 305344 log.h:176] [ddl_manager.cpp:704][work][4294992907]leader process ddl work.
I1216 22:34:50.750942 305368 log.h:176] [ddl_manager.cpp:350][operator()][4294992908]db manager working thread.
I1216 22:34:52.742725 305377 log.h:176] [schema_manager.cpp:349][process_peer_heartbeat_for_store][124554082266]process peer hearbeat, table_exist_time: 0, partition_exist_time: 0, ilegal_peer_time: 1, log_id: 18317958825818224501
I1216 22:34:52.742764 305377 log.h:176] [schema_manager.cpp:380][process_leader_heartbeat_for_store][124554082266]store: 127.0.1.1:8110 process leader heartbeat, update_status_time: 1, leader_region_time: 9 leader_balance_time: 5, log_id: 18317958825818224501
I1216 22:34:52.742771 305377 log.h:176] [meta_state_machine.cpp:97][store_heartbeat][124554082266]store:127.0.1.1:8110 heart beat, time_cost: 60, instance_time: 3, peer_balance_time: 2, schema_time: 1, peer_time: 31, leader_time: 20, log_id: 18317958825818224501
I1216 22:35:10.506676 305412 log.h:176] [ddl_manager.cpp:704][work][4294992907]leader process ddl work.
I1216 22:35:10.858672 305368 log.h:176] [ddl_manager.cpp:350][operator()][4294992908]db manager working thread.
I1216 22:35:22.347016 305389 node.cpp:975] node tso_raft:127.0.1.1:8010:0:0 starts to do snapshot
I1216 22:35:22.351491 305389 snapshot.cpp:642] Deleting /home/ubuntu/BaikalDB/meta_data/raft_data/snapshot/tso/snapshot_00000000000000800532
I1216 22:35:22.351498 305389 snapshot.cpp:648] Renaming /home/ubuntu/BaikalDB/meta_data/raft_data/snapshot/tso/temp to /home/ubuntu/BaikalDB/meta_data/raft_data/snapshot/tso/snapshot_00000000000000800532
I1216 22:35:22.351509 305389 snapshot.cpp:519] Deleting /home/ubuntu/BaikalDB/meta_data/raft_data/snapshot/tso/snapshot_00000000000000799335
I1216 22:35:22.351591 305389 snapshot_executor.cpp:234] node tso_raft:127.0.1.1:8010:0:0 snapshot_save_done, last_included_index=800532 last_included_term=5
I1216 22:35:22.918699 305336 log.h:176] [schema_manager.cpp:349][process_peer_heartbeat_for_store][219043363050]process peer hearbeat, table_exist_time: 1, partition_exist_time: 0, ilegal_peer_time: 1, log_id: 14285476945237484268
I1216 22:35:22.918726 305336 log.h:176] [schema_manager.cpp:380][process_leader_heartbeat_for_store][219043363050]store: 127.0.1.1:8110 process leader heartbeat, update_status_time: 1, leader_region_time: 6 leader_balance_time: 6, log_id: 14285476945237484268
I1216 22:35:22.918730 305336 log.h:176] [meta_state_machine.cpp:97][store_heartbeat][219043363050]store:127.0.1.1:8110 heart beat, time_cost: 44, instance_time: 2, peer_balance_time: 2, schema_time: 1, peer_time: 21, leader_time: 16, log_id: 14285476945237484268
I1216 22:35:30.615442 305346 log.h:176] [ddl_manager.cpp:704][work][4294992907]leader process ddl work.
I1216 22:35:30.967417 305369 log.h:176] [ddl_manager.cpp:350][operator()][4294992908]db manager working thread.
I1216 22:35:50.723181 305346 log.h:176] [ddl_manager.cpp:704][work][4294992907]leader process ddl work.
I1216 22:35:51.075150 305364 log.h:176] [ddl_manager.cpp:350][operator()][4294992908]db manager working thread.
I1216 22:35:53.095330 305331 log.h:176] [schema_manager.cpp:349][process_peer_heartbeat_for_store][167503756324]process peer hearbeat, table_exist_time: 1, partition_exist_time: 0, ilegal_peer_time: 1, log_id: 471873775465547035
I1216 22:35:53.095382 305331 log.h:176] [schema_manager.cpp:380][process_leader_heartbeat_for_store][167503756324]store: 127.0.1.1:8110 process leader heartbeat, update_status_time: 1, leader_region_time: 9 leader_balance_time: 7, log_id: 471873775465547035
I1216 22:35:53.095388 305331 log.h:176] [meta_state_machine.cpp:97][store_heartbeat][167503756324]store:127.0.1.1:8110 heart beat, time_cost: 75, instance_time: 4, peer_balance_time: 2, schema_time: 2, peer_time: 43, leader_time: 21, log_id: 471873775465547035
I1216 22:36:10.830495 305371 log.h:176] [ddl_manager.cpp:704][work][4294992907]leader process ddl work.
I1216 22:36:11.182432 305322 log.h:176] [ddl_manager.cpp:350][operator()][4294992908]db manager working thread.
I1216 22:36:22.347185 305350 node.cpp:975] node tso_raft:127.0.1.1:8010:0:0 starts to do snapshot
I1216 22:36:22.351572 305350 snapshot.cpp:642] Deleting /home/ubuntu/BaikalDB/meta_data/raft_data/snapshot/tso/snapshot_00000000000000801729
I1216 22:36:22.351580 305350 snapshot.cpp:648] Renaming /home/ubuntu/BaikalDB/meta_data/raft_data/snapshot/tso/temp to /home/ubuntu/BaikalDB/meta_data/raft_data/snapshot/tso/snapshot_00000000000000801729
I1216 22:36:22.351593 305350 snapshot.cpp:519] Deleting /home/ubuntu/BaikalDB/meta_data/raft_data/snapshot/tso/snapshot_00000000000000800532
I1216 22:36:22.351670 305350 snapshot_executor.cpp:234] node tso_raft:127.0.1.1:8010:0:0 snapshot_save_done, last_included_index=801729 last_included_term=5
I1216 22:36:23.277278 305376 log.h:176] [schema_manager.cpp:349][process_peer_heartbeat_for_store][412316892686]process peer hearbeat, table_exist_time: 0, partition_exist_time: 1, ilegal_peer_time: 0, log_id: 15081748869171792427
I1216 22:36:23.277321 305376 log.h:176] [schema_manager.cpp:380][process_leader_heartbeat_for_store][412316892686]store: 127.0.1.1:8110 process leader heartbeat, update_status_time: 1, leader_region_time: 6 leader_balance_time: 5, log_id: 15081748869171792427
I1216 22:36:23.277328 305376 log.h:176] [meta_state_machine.cpp:97][store_heartbeat][412316892686]store:127.0.1.1:8110 heart beat, time_cost: 64, instance_time: 3, peer_balance_time: 2, schema_time: 2, peer_time: 38, leader_time: 16, log_id: 15081748869171792427
I1216 22:36:30.937500 305344 log.h:176] [ddl_manager.cpp:704][work][4294992907]leader process ddl work.
I1216 22:36:31.292110 305376 log.h:176] [ddl_manager.cpp:350][operator()][4294992908]db manager working thread.
I1216 22:36:51.045614 305368 log.h:176] [ddl_manager.cpp:704][work][4294992907]leader process ddl work.
I1216 22:36:51.400979 305389 log.h:176] [ddl_manager.cpp:350][operator()][4294992908]db manager working thread.
I1216 22:36:53.450366 305349 log.h:176] [schema_manager.cpp:349][process_peer_heartbeat_for_store][171798721201]process peer hearbeat, table_exist_time: 0, partition_exist_time: 0, ilegal_peer_time: 0, log_id: 7206619035591365499
I1216 22:36:53.450410 305349 log.h:176] [schema_manager.cpp:380][process_leader_heartbeat_for_store][171798721201]store: 127.0.1.1:8110 process leader heartbeat, update_status_time: 1, leader_region_time: 7 leader_balance_time: 4, log_id: 7206619035591365499
I1216 22:36:53.450416 305349 log.h:176] [meta_state_machine.cpp:97][store_heartbeat][171798721201]store:127.0.1.1:8110 heart beat, time_cost: 65, instance_time: 4, peer_balance_time: 1, schema_time: 2, peer_time: 40, leader_time: 16, log_id: 7206619035591365499
I1216 22:37:11.153960 305389 log.h:176] [ddl_manager.cpp:704][work][4294992907]leader process ddl work.
I1216 22:37:11.511277 305369 log.h:176] [ddl_manager.cpp:350][operator()][4294992908]db manager working thread.
I1216 22:37:22.347345 305386 node.cpp:975] node tso_raft:127.0.1.1:8010:0:0 starts to do snapshot
I1216 22:37:22.351640 305386 snapshot.cpp:642] Deleting /home/ubuntu/BaikalDB/meta_data/raft_data/snapshot/tso/snapshot_00000000000000802926
I1216 22:37:22.351648 305386 snapshot.cpp:648] Renaming /home/ubuntu/BaikalDB/meta_data/raft_data/snapshot/tso/temp to /home/ubuntu/BaikalDB/meta_data/raft_data/snapshot/tso/snapshot_00000000000000802926
I1216 22:37:22.351660 305386 snapshot.cpp:519] Deleting /home/ubuntu/BaikalDB/meta_data/raft_data/snapshot/tso/snapshot_00000000000000801729
I1216 22:37:22.351739 305386 snapshot_executor.cpp:234] node tso_raft:127.0.1.1:8010:0:0 snapshot_save_done, last_included_index=802926 last_included_term=5
I1216 22:37:23.626546 305387 log.h:176] [schema_manager.cpp:349][process_peer_heartbeat_for_store][176093689593]process peer hearbeat, table_exist_time: 0, partition_exist_time: 0, ilegal_peer_time: 1, log_id: 15628958610101190425
I1216 22:37:23.626585 305387 log.h:176] [schema_manager.cpp:380][process_leader_heartbeat_for_store][176093689593]store: 127.0.1.1:8110 process leader heartbeat, update_status_time: 1, leader_region_time: 7 leader_balance_time: 5, log_id: 15628958610101190425
I1216 22:37:23.626593 305387 log.h:176] [meta_state_machine.cpp:97][store_heartbeat][176093689593]store:127.0.1.1:8110 heart beat, time_cost: 59, instance_time: 3, peer_balance_time: 1, schema_time: 1, peer_time: 31, leader_time: 19, log_id: 15628958610101190425
I1216 22:37:31.262642 305334 log.h:176] [ddl_manager.cpp:704][work][4294992907]leader process ddl work.
I1216 22:37:31.623503 305344 log.h:176] [ddl_manager.cpp:350][operator()][4294992908]db manager working thread.
I1216 22:37:51.371075 305335 log.h:176] [ddl_manager.cpp:704][work][4294992907]leader process ddl work.
I1216 22:37:51.733074 305389 log.h:176] [ddl_manager.cpp:350][operator()][4294992908]db manager working thread.
I1216 22:37:53.795254 305412 log.h:176] [schema_manager.cpp:349][process_peer_heartbeat_for_store][163208788803]process peer hearbeat, table_exist_time: 0, partition_exist_time: 0, ilegal_peer_time: 1, log_id: 2434746772105870847
I1216 22:37:53.795289 305412 log.h:176] [schema_manager.cpp:380][process_leader_heartbeat_for_store][163208788803]store: 127.0.1.1:8110 process leader heartbeat, update_status_time: 1, leader_region_time: 7 leader_balance_time: 5, log_id: 2434746772105870847
I1216 22:37:53.795295 305412 log.h:176] [meta_state_machine.cpp:97][store_heartbeat][163208788803]store:127.0.1.1:8110 heart beat, time_cost: 55, instance_time: 3, peer_balance_time: 2, schema_time: 2, peer_time: 28, leader_time: 16, log_id: 2434746772105870847
I1216 22:37:58.286293 305335 node.cpp:975] node meta_raft:127.0.1.1:8010:0:0 starts to do snapshot
I1216 22:37:58.286348 305335 snapshot_executor.cpp:154] node meta_raft:127.0.1.1:8010:0:0 the gap between fsm applied index 13 and last_snapshot_index 13 is less than 1, will clear bufferred logs and return success
I1216 22:38:11.480314 305390 log.h:176] [ddl_manager.cpp:704][work][4294992907]leader process ddl work.
I1216 22:38:11.842243 305407 log.h:176] [ddl_manager.cpp:350][operator()][4294992908]db manager working thread.
I1216 22:38:22.347529 305334 node.cpp:975] node tso_raft:127.0.1.1:8010:0:0 starts to do snapshot
I1216 22:38:22.351859 305334 snapshot.cpp:642] Deleting /home/ubuntu/BaikalDB/meta_data/raft_data/snapshot/tso/snapshot_00000000000000804122
I1216 22:38:22.351866 305334 snapshot.cpp:648] Renaming /home/ubuntu/BaikalDB/meta_data/raft_data/snapshot/tso/temp to /home/ubuntu/BaikalDB/meta_data/raft_data/snapshot/tso/snapshot_00000000000000804122
I1216 22:38:22.351877 305334 snapshot.cpp:519] Deleting /home/ubuntu/BaikalDB/meta_data/raft_data/snapshot/tso/snapshot_00000000000000802926
I1216 22:38:22.351969 305334 snapshot_executor.cpp:234] node tso_raft:127.0.1.1:8010:0:0 snapshot_save_done, last_included_index=804122 last_included_term=5
I1216 22:38:23.979655 305389 log.h:176] [schema_manager.cpp:349][process_peer_heartbeat_for_store][128849050313]process peer hearbeat, table_exist_time: 1, partition_exist_time: 1, ilegal_peer_time: 0, log_id: 3673339254553039614
I1216 22:38:23.979714 305389 log.h:176] [schema_manager.cpp:380][process_leader_heartbeat_for_store][128849050313]store: 127.0.1.1:8110 process leader heartbeat, update_status_time: 1, leader_region_time: 10 leader_balance_time: 7, log_id: 3673339254553039614
I1216 22:38:23.979724 305389 log.h:176] [meta_state_machine.cpp:97][store_heartbeat][128849050313]store:127.0.1.1:8110 heart beat, time_cost: 88, instance_time: 4, peer_balance_time: 2, schema_time: 2, peer_time: 50, leader_time: 28, log_id: 3673339254553039614
I1216 22:38:31.587836 305358 log.h:176] [ddl_manager.cpp:704][work][4294992907]leader process ddl work.
I1216 22:38:31.949788 305378 log.h:176] [ddl_manager.cpp:350][operator()][4294992908]db manager working thread.
I1216 22:38:51.695338 305314 log.h:176] [ddl_manager.cpp:704][work][4294992907]leader process ddl work.
I1216 22:38:52.062320 305409 log.h:176] [ddl_manager.cpp:350][operator()][4294992908]db manager working thread.
I1216 22:38:54.163585 305331 log.h:176] [schema_manager.cpp:349][process_peer_heartbeat_for_store][163208785590]process peer hearbeat, table_exist_time: 0, partition_exist_time: 1, ilegal_peer_time: 0, log_id: 3726532628761871534
I1216 22:38:54.163619 305331 log.h:176] [schema_manager.cpp:380][process_leader_heartbeat_for_store][163208785590]store: 127.0.1.1:8110 process leader heartbeat, update_status_time: 1, leader_region_time: 7 leader_balance_time: 6, log_id: 3726532628761871534
I1216 22:38:54.163625 305331 log.h:176] [meta_state_machine.cpp:97][store_heartbeat][163208785590]store:127.0.1.1:8110 heart beat, time_cost: 52, instance_time: 3, peer_balance_time: 2, schema_time: 1, peer_time: 26, leader_time: 18, log_id: 3726532628761871534
I1216 22:39:11.803610 305346 log.h:176] [ddl_manager.cpp:704][work][4294992907]leader process ddl work.
I1216 22:39:12.173439 305327 log.h:176] [ddl_manager.cpp:350][operator()][4294992908]db manager working thread.
I1216 22:39:22.347739 305368 node.cpp:975] node tso_raft:127.0.1.1:8010:0:0 starts to do snapshot
I1216 22:39:22.351884 305368 snapshot.cpp:642] Deleting /home/ubuntu/BaikalDB/meta_data/raft_data/snapshot/tso/snapshot_00000000000000805319
I1216 22:39:22.351892 305368 snapshot.cpp:648] Renaming /home/ubuntu/BaikalDB/meta_data/raft_data/snapshot/tso/temp to /home/ubuntu/BaikalDB/meta_data/raft_data/snapshot/tso/snapshot_00000000000000805319
I1216 22:39:22.351903 305368 snapshot.cpp:519] Deleting /home/ubuntu/BaikalDB/meta_data/raft_data/snapshot/tso/snapshot_00000000000000804122
I1216 22:39:22.351984 305368 snapshot_executor.cpp:234] node tso_raft:127.0.1.1:8010:0:0 snapshot_save_done, last_included_index=805319 last_included_term=5
I1216 22:39:24.342489 305371 log.h:176] [schema_manager.cpp:349][process_peer_heartbeat_for_store][227633295530]process peer hearbeat, table_exist_time: 0, partition_exist_time: 1, ilegal_peer_time: 1, log_id: 544804884938829173
I1216 22:39:24.342531 305371 log.h:176] [schema_manager.cpp:380][process_leader_heartbeat_for_store][227633295530]store: 127.0.1.1:8110 process leader heartbeat, update_status_time: 1, leader_region_time: 11 leader_balance_time: 7, log_id: 544804884938829173
I1216 22:39:24.342537 305371 log.h:176] [meta_state_machine.cpp:97][store_heartbeat][227633295530]store:127.0.1.1:8110 heart beat, time_cost: 77, instance_time: 4, peer_balance_time: 2, schema_time: 2, peer_time: 43, leader_time: 23, log_id: 544804884938829173
I1216 22:39:31.910998 305387 log.h:176] [ddl_manager.cpp:704][work][4294992907]leader process ddl work.
I1216 22:39:32.282233 305407 log.h:176] [ddl_manager.cpp:350][operator()][4294992908]db manager working thread.
I1216 22:39:52.019098 305358 log.h:176] [ddl_manager.cpp:704][work][4294992907]leader process ddl work.
I1216 22:39:52.391124 305387 log.h:176] [ddl_manager.cpp:350][operator()][4294992908]db manager working thread.
I1216 22:39:54.519912 305368 log.h:176] [schema_manager.cpp:349][process_peer_heartbeat_for_store][244813167903]process peer hearbeat, table_exist_time: 0, partition_exist_time: 0, ilegal_peer_time: 1, log_id: 17106323464719423495
I1216 22:39:54.519971 305368 log.h:176] [schema_manager.cpp:380][process_leader_heartbeat_for_store][244813167903]store: 127.0.1.1:8110 process leader heartbeat, update_status_time: 2, leader_region_time: 15 leader_balance_time: 6, log_id: 17106323464719423495
I1216 22:39:54.519994 305368 log.h:176] [meta_state_machine.cpp:97][store_heartbeat][244813167903]store:127.0.1.1:8110 heart beat, time_cost: 96, instance_time: 3, peer_balance_time: 2, schema_time: 2, peer_time: 31, leader_time: 55, log_id: 17106323464719423495
I1216 22:40:12.126850 305338 log.h:176] [ddl_manager.cpp:704][work][4294992907]leader process ddl work.
I1216 22:40:12.498953 305346 log.h:176] [ddl_manager.cpp:350][operator()][4294992908]db manager working thread.
I1216 22:40:22.347896 305344 node.cpp:975] node tso_raft:127.0.1.1:8010:0:0 starts to do snapshot
I1216 22:40:22.352397 305344 snapshot.cpp:642] Deleting /home/ubuntu/BaikalDB/meta_data/raft_data/snapshot/tso/snapshot_00000000000000806516
I1216 22:40:22.352406 305344 snapshot.cpp:648] Renaming /home/ubuntu/BaikalDB/meta_data/raft_data/snapshot/tso/temp to /home/ubuntu/BaikalDB/meta_data/raft_data/snapshot/tso/snapshot_00000000000000806516
I1216 22:40:22.352417 305344 snapshot.cpp:519] Deleting /home/ubuntu/BaikalDB/meta_data/raft_data/snapshot/tso/snapshot_00000000000000805319
I1216 22:40:22.352500 305344 snapshot_executor.cpp:234] node tso_raft:127.0.1.1:8010:0:0 snapshot_save_done, last_included_index=806516 last_included_term=5
I1216 22:40:24.697713 305322 log.h:176] [schema_manager.cpp:349][process_peer_heartbeat_for_store][154618853507]process peer hearbeat, table_exist_time: 1, partition_exist_time: 0, ilegal_peer_time: 1, log_id: 16478706057172620736
I1216 22:40:24.697772 305322 log.h:176] [schema_manager.cpp:380][process_leader_heartbeat_for_store][154618853507]store: 127.0.1.1:8110 process leader heartbeat, update_status_time: 2, leader_region_time: 9 leader_balance_time: 7, log_id: 16478706057172620736
I1216 22:40:24.697780 305322 log.h:176] [meta_state_machine.cpp:97][store_heartbeat][154618853507]store:127.0.1.1:8110 heart beat, time_cost: 85, instance_time: 3, peer_balance_time: 2, schema_time: 2, peer_time: 49, leader_time: 26, log_id: 16478706057172620736
I1216 22:40:32.235198 305407 log.h:176] [ddl_manager.cpp:704][work][4294992907]leader process ddl work.
I1216 22:40:32.607175 305327 log.h:176] [ddl_manager.cpp:350][operator()][4294992908]db manager working thread.
I1216 22:40:41.202559 305349 node.cpp:975] node auto_incr_raft:127.0.1.1:8010:0:0 starts to do snapshot
I1216 22:40:41.202592 305349 snapshot_executor.cpp:154] node auto_incr_raft:127.0.1.1:8010:0:0 the gap between fsm applied index 4 and last_snapshot_index 4 is less than 1, will clear bufferred logs and return success
I1216 22:40:52.343623 305364 log.h:176] [ddl_manager.cpp:704][work][4294992907]leader process ddl work.
I1216 22:40:52.715611 305336 log.h:176] [ddl_manager.cpp:350][operator()][4294992908]db manager working thread.
I1216 22:40:54.870029 305338 log.h:176] [schema_manager.cpp:349][process_peer_heartbeat_for_store][347892379193]process peer hearbeat, table_exist_time: 0, partition_exist_time: 1, ilegal_peer_time: 0, log_id: 11459012011524239901
I1216 22:40:54.870079 305338 log.h:176] [schema_manager.cpp:380][process_leader_heartbeat_for_store][347892379193]store: 127.0.1.1:8110 process leader heartbeat, update_status_time: 1, leader_region_time: 8 leader_balance_time: 6, log_id: 11459012011524239901
I1216 22:40:54.870086 305338 log.h:176] [meta_state_machine.cpp:97][store_heartbeat][347892379193]store:127.0.1.1:8110 heart beat, time_cost: 74, instance_time: 3, peer_balance_time: 3, schema_time: 2, peer_time: 42, leader_time: 21, log_id: 11459012011524239901
I1216 22:41:12.451242 305331 log.h:176] [ddl_manager.cpp:704][work][4294992907]leader process ddl work.
I1216 22:41:12.825501 305371 log.h:176] [ddl_manager.cpp:350][operator()][4294992908]db manager working thread.
I1216 22:41:22.348064 305327 node.cpp:975] node tso_raft:127.0.1.1:8010:0:0 starts to do snapshot
I1216 22:41:22.352406 305327 snapshot.cpp:642] Deleting /home/ubuntu/BaikalDB/meta_data/raft_data/snapshot/tso/snapshot_00000000000000807713
I1216 22:41:22.352418 305327 snapshot.cpp:648] Renaming /home/ubuntu/BaikalDB/meta_data/raft_data/snapshot/tso/temp to /home/ubuntu/BaikalDB/meta_data/raft_data/snapshot/tso/snapshot_00000000000000807713
I1216 22:41:22.352434 305327 snapshot.cpp:519] Deleting /home/ubuntu/BaikalDB/meta_data/raft_data/snapshot/tso/snapshot_00000000000000806516
I1216 22:41:22.352555 305327 snapshot_executor.cpp:234] node tso_raft:127.0.1.1:8010:0:0 snapshot_save_done, last_included_index=807713 last_included_term=5
I1216 22:41:25.046574 305336 log.h:176] [schema_manager.cpp:349][process_peer_heartbeat_for_store][253403096528]process peer hearbeat, table_exist_time: 1, partition_exist_time: 0, ilegal_peer_time: 0, log_id: 7349053267715884360
I1216 22:41:25.046613 305336 log.h:176] [schema_manager.cpp:380][process_leader_heartbeat_for_store][253403096528]store: 127.0.1.1:8110 process leader heartbeat, update_status_time: 1, leader_region_time: 7 leader_balance_time: 6, log_id: 7349053267715884360
I1216 22:41:25.046619 305336 log.h:176] [meta_state_machine.cpp:97][store_heartbeat][253403096528]store:127.0.1.1:8110 heart beat, time_cost: 59, instance_time: 3, peer_balance_time: 3, schema_time: 1, peer_time: 30, leader_time: 20, log_id: 7349053267715884360
I1216 22:41:32.559787 305376 log.h:176] [ddl_manager.cpp:704][work][4294992907]leader process ddl work.
I1216 22:41:32.936558 305358 log.h:176] [ddl_manager.cpp:350][operator()][4294992908]db manager working thread.
I1216 22:41:52.668015 305348 log.h:176] [ddl_manager.cpp:704][work][4294992907]leader process ddl work.
I1216 22:41:53.046900 305387 log.h:176] [ddl_manager.cpp:350][operator()][4294992908]db manager working thread.
I1216 22:41:55.222522 305325 log.h:176] [schema_manager.cpp:349][process_peer_heartbeat_for_store][244813165295]process peer hearbeat, table_exist_time: 1, partition_exist_time: 0, ilegal_peer_time: 1, log_id: 3285210005422404360
I1216 22:41:55.222577 305325 log.h:176] [schema_manager.cpp:380][process_leader_heartbeat_for_store][244813165295]store: 127.0.1.1:8110 process leader heartbeat, update_status_time: 1, leader_region_time: 11 leader_balance_time: 7, log_id: 3285210005422404360
I1216 22:41:55.222585 305325 log.h:176] [meta_state_machine.cpp:97][store_heartbeat][244813165295]store:127.0.1.1:8110 heart beat, time_cost: 87, instance_time: 4, peer_balance_time: 2, schema_time: 2, peer_time: 49, leader_time: 27, log_id: 3285210005422404360
I1216 22:42:12.776408 305409 log.h:176] [ddl_manager.cpp:704][work][4294992907]leader process ddl work.
I1216 22:42:13.156800 305411 log.h:176] [ddl_manager.cpp:350][operator()][4294992908]db manager working thread.
I1216 22:42:22.348250 305377 node.cpp:975] node tso_raft:127.0.1.1:8010:0:0 starts to do snapshot
I1216 22:42:22.352641 305377 snapshot.cpp:642] Deleting /home/ubuntu/BaikalDB/meta_data/raft_data/snapshot/tso/snapshot_00000000000000808910
I1216 22:42:22.352649 305377 snapshot.cpp:648] Renaming /home/ubuntu/BaikalDB/meta_data/raft_data/snapshot/tso/temp to /home/ubuntu/BaikalDB/meta_data/raft_data/snapshot/tso/snapshot_00000000000000808910
I1216 22:42:22.352660 305377 snapshot.cpp:519] Deleting /home/ubuntu/BaikalDB/meta_data/raft_data/snapshot/tso/snapshot_00000000000000807713
I1216 22:42:22.355443 305377 snapshot_executor.cpp:234] node tso_raft:127.0.1.1:8010:0:0 snapshot_save_done, last_included_index=808910 last_included_term=5
I1216 22:42:25.401196 305364 log.h:176] [schema_manager.cpp:349][process_peer_heartbeat_for_store][292057807339]process peer hearbeat, table_exist_time: 0, partition_exist_time: 0, ilegal_peer_time: 1, log_id: 9213693281092067616
I1216 22:42:25.401230 305364 log.h:176] [schema_manager.cpp:380][process_leader_heartbeat_for_store][292057807339]store: 127.0.1.1:8110 process leader heartbeat, update_status_time: 0, leader_region_time: 7 leader_balance_time: 5, log_id: 9213693281092067616
I1216 22:42:25.401235 305364 log.h:176] [meta_state_machine.cpp:97][store_heartbeat][292057807339]store:127.0.1.1:8110 heart beat, time_cost: 49, instance_time: 3, peer_balance_time: 2, schema_time: 1, peer_time: 25, leader_time: 17, log_id: 9213693281092067616
I1216 22:42:32.884949 305344 log.h:176] [ddl_manager.cpp:704][work][4294992907]leader process ddl work.
I1216 22:42:33.266126 305390 log.h:176] [ddl_manager.cpp:350][operator()][4294992908]db manager working thread.
I1216 22:42:52.993408 305409 log.h:176] [ddl_manager.cpp:704][work][4294992907]leader process ddl work.
I1216 22:42:53.375430 305322 log.h:176] [ddl_manager.cpp:350][operator()][4294992908]db manager working thread.
I1216 22:42:55.569607 305348 log.h:176] [schema_manager.cpp:349][process_peer_heartbeat_for_store][188978593232]process peer hearbeat, table_exist_time: 0, partition_exist_time: 0, ilegal_peer_time: 1, log_id: 10641495899174537367
I1216 22:42:55.569656 305348 log.h:176] [schema_manager.cpp:380][process_leader_heartbeat_for_store][188978593232]store: 127.0.1.1:8110 process leader heartbeat, update_status_time: 1, leader_region_time: 8 leader_balance_time: 5, log_id: 10641495899174537367
I1216 22:42:55.569661 305348 log.h:176] [meta_state_machine.cpp:97][store_heartbeat][188978593232]store:127.0.1.1:8110 heart beat, time_cost: 71, instance_time: 4, peer_balance_time: 2, schema_time: 2, peer_time: 42, leader_time: 19, log_id: 10641495899174537367
I1216 22:43:13.102607 305327 log.h:176] [ddl_manager.cpp:704][work][4294992907]leader process ddl work.
I1216 22:43:13.484731 305390 log.h:176] [ddl_manager.cpp:350][operator()][4294992908]db manager working thread.
I1216 22:43:22.348421 305336 node.cpp:975] node tso_raft:127.0.1.1:8010:0:0 starts to do snapshot
I1216 22:43:22.352599 305336 snapshot.cpp:642] Deleting /home/ubuntu/BaikalDB/meta_data/raft_data/snapshot/tso/snapshot_00000000000000810107
I1216 22:43:22.352607 305336 snapshot.cpp:648] Renaming /home/ubuntu/BaikalDB/meta_data/raft_data/snapshot/tso/temp to /home/ubuntu/BaikalDB/meta_data/raft_data/snapshot/tso/snapshot_00000000000000810107
I1216 22:43:22.352617 305336 snapshot.cpp:519] Deleting /home/ubuntu/BaikalDB/meta_data/raft_data/snapshot/tso/snapshot_00000000000000808910
I1216 22:43:22.352694 305336 snapshot_executor.cpp:234] node tso_raft:127.0.1.1:8010:0:0 snapshot_save_done, last_included_index=810107 last_included_term=5
I1216 22:43:25.751313 305377 log.h:176] [schema_manager.cpp:349][process_peer_heartbeat_for_store][219043360062]process peer hearbeat, table_exist_time: 0, partition_exist_time: 1, ilegal_peer_time: 0, log_id: 10122486103331859008
I1216 22:43:25.751372 305377 log.h:176] [schema_manager.cpp:380][process_leader_heartbeat_for_store][219043360062]store: 127.0.1.1:8110 process leader heartbeat, update_status_time: 2, leader_region_time: 8 leader_balance_time: 5, log_id: 10122486103331859008
I1216 22:43:25.751377 305377 log.h:176] [meta_state_machine.cpp:97][store_heartbeat][219043360062]store:127.0.1.1:8110 heart beat, time_cost: 80, instance_time: 3, peer_balance_time: 2, schema_time: 1, peer_time: 53, leader_time: 18, log_id: 10122486103331859008
I1216 22:43:33.211563 305335 log.h:176] [ddl_manager.cpp:704][work][4294992907]leader process ddl work.
I1216 22:43:33.593500 305368 log.h:176] [ddl_manager.cpp:350][operator()][4294992908]db manager working thread.
I1216 22:43:53.318734 305331 log.h:176] [ddl_manager.cpp:704][work][4294992907]leader process ddl work.
I1216 22:43:53.700727 305364 log.h:176] [ddl_manager.cpp:350][operator()][4294992908]db manager working thread.
I1216 22:43:55.923982 305325 log.h:176] [schema_manager.cpp:349][process_peer_heartbeat_for_store][210453426385]process peer hearbeat, table_exist_time: 1, partition_exist_time: 0, ilegal_peer_time: 1, log_id: 5689249578571577573
I1216 22:43:55.924017 305325 log.h:176] [schema_manager.cpp:380][process_leader_heartbeat_for_store][210453426385]store: 127.0.1.1:8110 process leader heartbeat, update_status_time: 2, leader_region_time: 8 leader_balance_time: 5, log_id: 5689249578571577573
I1216 22:43:55.924024 305325 log.h:176] [meta_state_machine.cpp:97][store_heartbeat][210453426385]store:127.0.1.1:8110 heart beat, time_cost: 54, instance_time: 3, peer_balance_time: 2, schema_time: 1, peer_time: 25, leader_time: 20, log_id: 5689249578571577573
I1216 22:44:13.426333 305325 log.h:176] [ddl_manager.cpp:704][work][4294992907]leader process ddl work.
I1216 22:44:13.808390 305334 log.h:176] [ddl_manager.cpp:350][operator()][4294992908]db manager working thread.
I1216 22:44:22.348594 305335 node.cpp:975] node tso_raft:127.0.1.1:8010:0:0 starts to do snapshot
I1216 22:44:22.355309 305335 snapshot.cpp:642] Deleting /home/ubuntu/BaikalDB/meta_data/raft_data/snapshot/tso/snapshot_00000000000000811304
I1216 22:44:22.355317 305335 snapshot.cpp:648] Renaming /home/ubuntu/BaikalDB/meta_data/raft_data/snapshot/tso/temp to /home/ubuntu/BaikalDB/meta_data/raft_data/snapshot/tso/snapshot_00000000000000811304
I1216 22:44:22.355329 305335 snapshot.cpp:519] Deleting /home/ubuntu/BaikalDB/meta_data/raft_data/snapshot/tso/snapshot_00000000000000810107
I1216 22:44:22.355406 305335 snapshot_executor.cpp:234] node tso_raft:127.0.1.1:8010:0:0 snapshot_save_done, last_included_index=811304 last_included_term=5
I1216 22:44:26.095026 305390 log.h:176] [schema_manager.cpp:349][process_peer_heartbeat_for_store][253403096621]process peer hearbeat, table_exist_time: 0, partition_exist_time: 0, ilegal_peer_time: 1, log_id: 1985825526605008159
I1216 22:44:26.095057 305390 log.h:176] [schema_manager.cpp:380][process_leader_heartbeat_for_store][253403096621]store: 127.0.1.1:8110 process leader heartbeat, update_status_time: 1, leader_region_time: 7 leader_balance_time: 6, log_id: 1985825526605008159
I1216 22:44:26.095062 305390 log.h:176] [meta_state_machine.cpp:97][store_heartbeat][253403096621]store:127.0.1.1:8110 heart beat, time_cost: 46, instance_time: 2, peer_balance_time: 2, schema_time: 1, peer_time: 21, leader_time: 18, log_id: 1985825526605008159
I1216 22:44:33.533159 305412 log.h:176] [ddl_manager.cpp:704][work][4294992907]leader process ddl work.
I1216 22:44:33.915285 305407 log.h:176] [ddl_manager.cpp:350][operator()][4294992908]db manager working thread.
I1216 22:44:53.640633 305409 log.h:176] [ddl_manager.cpp:704][work][4294992907]leader process ddl work.
I1216 22:44:54.022890 305327 log.h:176] [ddl_manager.cpp:350][operator()][4294992908]db manager working thread.
I1216 22:44:56.266151 305376 log.h:176] [schema_manager.cpp:349][process_peer_heartbeat_for_store][231928266635]process peer hearbeat, table_exist_time: 1, partition_exist_time: 0, ilegal_peer_time: 1, log_id: 4761718538257657868
I1216 22:44:56.266235 305376 log.h:176] [schema_manager.cpp:380][process_leader_heartbeat_for_store][231928266635]store: 127.0.1.1:8110 process leader heartbeat, update_status_time: 1, leader_region_time: 9 leader_balance_time: 28, log_id: 4761718538257657868
I1216 22:44:56.266243 305376 log.h:176] [meta_state_machine.cpp:97][store_heartbeat][231928266635]store:127.0.1.1:8110 heart beat, time_cost: 108, instance_time: 4, peer_balance_time: 3, schema_time: 1, peer_time: 54, leader_time: 43, log_id: 4761718538257657868
I1216 22:45:13.747781 305369 log.h:176] [ddl_manager.cpp:704][work][4294992907]leader process ddl work.
I1216 22:45:14.129673 305386 log.h:176] [ddl_manager.cpp:350][operator()][4294992908]db manager working thread.
I1216 22:45:15.365942 305364 log.h:176] [table_manager.cpp:43][run][158913822900]Table Timer run.
I1216 22:45:15.366055 305387 log.h:176] [meta_state_machine.cpp:264][on_apply][163208785718]on apply, term:5, index:14, request op_type:OP_DROP_PARTITION_TS
I1216 22:45:22.348766 305407 node.cpp:975] node tso_raft:127.0.1.1:8010:0:0 starts to do snapshot
I1216 22:45:22.353171 305407 snapshot.cpp:642] Deleting /home/ubuntu/BaikalDB/meta_data/raft_data/snapshot/tso/snapshot_00000000000000812501
I1216 22:45:22.353179 305407 snapshot.cpp:648] Renaming /home/ubuntu/BaikalDB/meta_data/raft_data/snapshot/tso/temp to /home/ubuntu/BaikalDB/meta_data/raft_data/snapshot/tso/snapshot_00000000000000812501
I1216 22:45:22.353190 305407 snapshot.cpp:519] Deleting /home/ubuntu/BaikalDB/meta_data/raft_data/snapshot/tso/snapshot_00000000000000811304
I1216 22:45:22.353268 305407 snapshot_executor.cpp:234] node tso_raft:127.0.1.1:8010:0:0 snapshot_save_done, last_included_index=812501 last_included_term=5
I1216 22:45:26.441241 305412 log.h:176] [schema_manager.cpp:349][process_peer_heartbeat_for_store][240518198239]process peer hearbeat, table_exist_time: 1, partition_exist_time: 0, ilegal_peer_time: 1, log_id: 1018453003290818745
I1216 22:45:26.441288 305412 log.h:176] [schema_manager.cpp:380][process_leader_heartbeat_for_store][240518198239]store: 127.0.1.1:8110 process leader heartbeat, update_status_time: 1, leader_region_time: 9 leader_balance_time: 6, log_id: 1018453003290818745
I1216 22:45:26.441295 305412 log.h:176] [meta_state_machine.cpp:97][store_heartbeat][240518198239]store:127.0.1.1:8110 heart beat, time_cost: 69, instance_time: 4, peer_balance_time: 2, schema_time: 1, peer_time: 38, leader_time: 21, log_id: 1018453003290818745
I1216 22:45:33.856434 305368 log.h:176] [ddl_manager.cpp:704][work][4294992907]leader process ddl work.
I1216 22:45:34.238499 305412 log.h:176] [ddl_manager.cpp:350][operator()][4294992908]db manager working thread.
I1216 22:45:53.963908 305369 log.h:176] [ddl_manager.cpp:704][work][4294992907]leader process ddl work.
I1216 22:45:54.346024 305378 log.h:176] [ddl_manager.cpp:350][operator()][4294992908]db manager working thread.
I1216 22:45:56.625519 305349 log.h:176] [schema_manager.cpp:349][process_peer_heartbeat_for_store][193273557544]process peer hearbeat, table_exist_time: 0, partition_exist_time: 0, ilegal_peer_time: 1, log_id: 9691435052878473548
I1216 22:45:56.625559 305349 log.h:176] [schema_manager.cpp:380][process_leader_heartbeat_for_store][193273557544]store: 127.0.1.1:8110 process leader heartbeat, update_status_time: 2, leader_region_time: 8 leader_balance_time: 4, log_id: 9691435052878473548
I1216 22:45:56.625566 305349 log.h:176] [meta_state_machine.cpp:97][store_heartbeat][193273557544]store:127.0.1.1:8110 heart beat, time_cost: 60, instance_time: 3, peer_balance_time: 2, schema_time: 2, peer_time: 32, leader_time: 19, log_id: 9691435052878473548
I1216 22:46:14.072554 305335 log.h:176] [ddl_manager.cpp:704][work][4294992907]leader process ddl work.
I1216 22:46:14.454564 305349 log.h:176] [ddl_manager.cpp:350][operator()][4294992908]db manager working thread.
I1216 22:46:22.348938 305336 node.cpp:975] node tso_raft:127.0.1.1:8010:0:0 starts to do snapshot
I1216 22:46:22.350075 305336 snapshot.cpp:642] Deleting /home/ubuntu/BaikalDB/meta_data/raft_data/snapshot/tso/snapshot_00000000000000813697
I1216 22:46:22.350090 305336 snapshot.cpp:648] Renaming /home/ubuntu/BaikalDB/meta_data/raft_data/snapshot/tso/temp to /home/ubuntu/BaikalDB/meta_data/raft_data/snapshot/tso/snapshot_00000000000000813697
I1216 22:46:22.350107 305336 snapshot.cpp:519] Deleting /home/ubuntu/BaikalDB/meta_data/raft_data/snapshot/tso/snapshot_00000000000000812501
I1216 22:46:22.350210 305336 snapshot_executor.cpp:234] node tso_raft:127.0.1.1:8010:0:0 snapshot_save_done, last_included_index=813697 last_included_term=5
I1216 22:46:26.794443 305369 log.h:176] [schema_manager.cpp:349][process_peer_heartbeat_for_store][111669181818]process peer hearbeat, table_exist_time: 0, partition_exist_time: 1, ilegal_peer_time: 0, log_id: 6837114039465824193
I1216 22:46:26.794515 305369 log.h:176] [schema_manager.cpp:380][process_leader_heartbeat_for_store][111669181818]store: 127.0.1.1:8110 process leader heartbeat, update_status_time: 2, leader_region_time: 11 leader_balance_time: 8, log_id: 6837114039465824193
I1216 22:46:26.794531 305369 log.h:176] [meta_state_machine.cpp:97][store_heartbeat][111669181818]store:127.0.1.1:8110 heart beat, time_cost: 107, instance_time: 2, peer_balance_time: 2, schema_time: 2, peer_time: 59, leader_time: 38, log_id: 6837114039465824193
I1216 22:46:34.180721 305407 log.h:176] [ddl_manager.cpp:704][work][4294992907]leader process ddl work.
I1216 22:46:34.562628 305363 log.h:176] [ddl_manager.cpp:350][operator()][4294992908]db manager working thread.
I1216 22:46:54.287844 305390 log.h:176] [ddl_manager.cpp:704][work][4294992907]leader process ddl work.
I1216 22:46:54.669994 305363 log.h:176] [ddl_manager.cpp:350][operator()][4294992908]db manager working thread.
I1216 22:46:56.971359 305325 log.h:176] [schema_manager.cpp:349][process_peer_heartbeat_for_store][240518201728]process peer hearbeat, table_exist_time: 1, partition_exist_time: 0, ilegal_peer_time: 1, log_id: 8572227116571600713
I1216 22:46:56.971411 305325 log.h:176] [schema_manager.cpp:380][process_leader_heartbeat_for_store][240518201728]store: 127.0.1.1:8110 process leader heartbeat, update_status_time: 2, leader_region_time: 9 leader_balance_time: 6, log_id: 8572227116571600713
I1216 22:46:56.971419 305325 log.h:176] [meta_state_machine.cpp:97][store_heartbeat][240518201728]store:127.0.1.1:8110 heart beat, time_cost: 78, instance_time: 4, peer_balance_time: 2, schema_time: 2, peer_time: 44, leader_time: 23, log_id: 8572227116571600713
I1216 22:47:14.398160 305322 log.h:176] [ddl_manager.cpp:704][work][4294992907]leader process ddl work.
I1216 22:47:14.788736 305412 log.h:176] [ddl_manager.cpp:350][operator()][4294992908]db manager working thread.
I1216 22:47:22.349117 305331 node.cpp:975] node tso_raft:127.0.1.1:8010:0:0 starts to do snapshot
I1216 22:47:22.353538 305331 snapshot.cpp:642] Deleting /home/ubuntu/BaikalDB/meta_data/raft_data/snapshot/tso/snapshot_00000000000000814894
I1216 22:47:22.353556 305331 snapshot.cpp:648] Renaming /home/ubuntu/BaikalDB/meta_data/raft_data/snapshot/tso/temp to /home/ubuntu/BaikalDB/meta_data/raft_data/snapshot/tso/snapshot_00000000000000814894
I1216 22:47:22.353575 305331 snapshot.cpp:519] Deleting /home/ubuntu/BaikalDB/meta_data/raft_data/snapshot/tso/snapshot_00000000000000813697
I1216 22:47:22.353713 305331 snapshot_executor.cpp:234] node tso_raft:127.0.1.1:8010:0:0 snapshot_save_done, last_included_index=814894 last_included_term=5
I1216 22:47:27.141199 305338 log.h:176] [schema_manager.cpp:349][process_peer_heartbeat_for_store][201863490794]process peer hearbeat, table_exist_time: 0, partition_exist_time: 1, ilegal_peer_time: 0, log_id: 9141559897527974458
I1216 22:47:27.141247 305338 log.h:176] [schema_manager.cpp:380][process_leader_heartbeat_for_store][201863490794]store: 127.0.1.1:8110 process leader heartbeat, update_status_time: 2, leader_region_time: 7 leader_balance_time: 6, log_id: 9141559897527974458
I1216 22:47:27.141252 305338 log.h:176] [meta_state_machine.cpp:97][store_heartbeat][201863490794]store:127.0.1.1:8110 heart beat, time_cost: 69, instance_time: 3, peer_balance_time: 2, schema_time: 2, peer_time: 39, leader_time: 21, log_id: 9141559897527974458
I1216 22:47:34.507789 305344 log.h:176] [ddl_manager.cpp:704][work][4294992907]leader process ddl work.
I1216 22:47:34.899958 305329 log.h:176] [ddl_manager.cpp:350][operator()][4294992908]db manager working thread.
I1216 22:47:54.615278 305376 log.h:176] [ddl_manager.cpp:704][work][4294992907]leader process ddl work.
I1216 22:47:55.007359 305322 log.h:176] [ddl_manager.cpp:350][operator()][4294992908]db manager working thread.
I1216 22:47:57.312896 305387 log.h:176] [schema_manager.cpp:349][process_peer_heartbeat_for_store][171798721666]process peer hearbeat, table_exist_time: 0, partition_exist_time: 1, ilegal_peer_time: 0, log_id: 13774741939564728857
I1216 22:47:57.312940 305387 log.h:176] [schema_manager.cpp:380][process_leader_heartbeat_for_store][171798721666]store: 127.0.1.1:8110 process leader heartbeat, update_status_time: 1, leader_region_time: 9 leader_balance_time: 5, log_id: 13774741939564728857
I1216 22:47:57.312947 305387 log.h:176] [meta_state_machine.cpp:97][store_heartbeat][171798721666]store:127.0.1.1:8110 heart beat, time_cost: 68, instance_time: 4, peer_balance_time: 2, schema_time: 2, peer_time: 38, leader_time: 20, log_id: 13774741939564728857
I1216 22:47:58.286427 305349 node.cpp:975] node meta_raft:127.0.1.1:8010:0:0 starts to do snapshot
I1216 22:47:58.288880 305349 snapshot.cpp:642] Deleting /home/ubuntu/BaikalDB/meta_data/raft_data/snapshot/meta_server/snapshot_00000000000000000014
I1216 22:47:58.288906 305349 snapshot.cpp:648] Renaming /home/ubuntu/BaikalDB/meta_data/raft_data/snapshot/meta_server/temp to /home/ubuntu/BaikalDB/meta_data/raft_data/snapshot/meta_server/snapshot_00000000000000000014
I1216 22:47:58.288924 305349 snapshot.cpp:519] Deleting /home/ubuntu/BaikalDB/meta_data/raft_data/snapshot/meta_server/snapshot_00000000000000000013
I1216 22:47:58.289068 305349 snapshot_executor.cpp:234] node meta_raft:127.0.1.1:8010:0:0 snapshot_save_done, last_included_index=14 last_included_term=5
I1216 22:48:14.723891 305389 log.h:176] [ddl_manager.cpp:704][work][4294992907]leader process ddl work.
I1216 22:48:15.116060 305377 log.h:176] [ddl_manager.cpp:350][operator()][4294992908]db manager working thread.
I1216 22:48:22.349339 305386 node.cpp:975] node tso_raft:127.0.1.1:8010:0:0 starts to do snapshot
I1216 22:48:22.353571 305386 snapshot.cpp:642] Deleting /home/ubuntu/BaikalDB/meta_data/raft_data/snapshot/tso/snapshot_00000000000000816091
I1216 22:48:22.353579 305386 snapshot.cpp:648] Renaming /home/ubuntu/BaikalDB/meta_data/raft_data/snapshot/tso/temp to /home/ubuntu/BaikalDB/meta_data/raft_data/snapshot/tso/snapshot_00000000000000816091
I1216 22:48:22.353590 305386 snapshot.cpp:519] Deleting /home/ubuntu/BaikalDB/meta_data/raft_data/snapshot/tso/snapshot_00000000000000814894
I1216 22:48:22.353672 305386 snapshot_executor.cpp:234] node tso_raft:127.0.1.1:8010:0:0 snapshot_save_done, last_included_index=816091 last_included_term=5
I1216 22:48:27.489761 305369 log.h:176] [schema_manager.cpp:349][process_peer_heartbeat_for_store][287762840542]process peer hearbeat, table_exist_time: 0, partition_exist_time: 1, ilegal_peer_time: 0, log_id: 6285293175162571557
I1216 22:48:27.489800 305369 log.h:176] [schema_manager.cpp:380][process_leader_heartbeat_for_store][287762840542]store: 127.0.1.1:8110 process leader heartbeat, update_status_time: 1, leader_region_time: 7 leader_balance_time: 6, log_id: 6285293175162571557
I1216 22:48:27.489806 305369 log.h:176] [meta_state_machine.cpp:97][store_heartbeat][287762840542]store:127.0.1.1:8110 heart beat, time_cost: 58, instance_time: 2, peer_balance_time: 2, schema_time: 2, peer_time: 31, leader_time: 19, log_id: 6285293175162571557
I1216 22:48:34.830610 305364 log.h:176] [ddl_manager.cpp:704][work][4294992907]leader process ddl work.
I1216 22:48:35.225571 305369 log.h:176] [ddl_manager.cpp:350][operator()][4294992908]db manager working thread.
I1216 22:48:54.938005 305377 log.h:176] [ddl_manager.cpp:704][work][4294992907]leader process ddl work.
I1216 22:48:55.335553 305344 log.h:176] [ddl_manager.cpp:350][operator()][4294992908]db manager working thread.
I1216 22:48:57.663718 305368 log.h:176] [schema_manager.cpp:349][process_peer_heartbeat_for_store][236223234049]process peer hearbeat, table_exist_time: 0, partition_exist_time: 0, ilegal_peer_time: 1, log_id: 12234534141994123890
I1216 22:48:57.663757 305368 log.h:176] [schema_manager.cpp:380][process_leader_heartbeat_for_store][236223234049]store: 127.0.1.1:8110 process leader heartbeat, update_status_time: 1, leader_region_time: 8 leader_balance_time: 6, log_id: 12234534141994123890
I1216 22:48:57.663762 305368 log.h:176] [meta_state_machine.cpp:97][store_heartbeat][236223234049]store:127.0.1.1:8110 heart beat, time_cost: 57, instance_time: 3, peer_balance_time: 2, schema_time: 2, peer_time: 30, leader_time: 18, log_id: 12234534141994123890
I1216 22:49:15.046150 305329 log.h:176] [ddl_manager.cpp:704][work][4294992907]leader process ddl work.
I1216 22:49:15.446430 305386 log.h:176] [ddl_manager.cpp:350][operator()][4294992908]db manager working thread.
I1216 22:49:22.349499 305322 node.cpp:975] node tso_raft:127.0.1.1:8010:0:0 starts to do snapshot
I1216 22:49:22.350672 305322 snapshot.cpp:642] Deleting /home/ubuntu/BaikalDB/meta_data/raft_data/snapshot/tso/snapshot_00000000000000817288
I1216 22:49:22.350679 305322 snapshot.cpp:648] Renaming /home/ubuntu/BaikalDB/meta_data/raft_data/snapshot/tso/temp to /home/ubuntu/BaikalDB/meta_data/raft_data/snapshot/tso/snapshot_00000000000000817288
I1216 22:49:22.350690 305322 snapshot.cpp:519] Deleting /home/ubuntu/BaikalDB/meta_data/raft_data/snapshot/tso/snapshot_00000000000000816091
I1216 22:49:22.350775 305322 snapshot_executor.cpp:234] node tso_raft:127.0.1.1:8010:0:0 snapshot_save_done, last_included_index=817288 last_included_term=5
I1216 22:49:27.835737 305364 log.h:176] [schema_manager.cpp:349][process_peer_heartbeat_for_store][146028916331]process peer hearbeat, table_exist_time: 1, partition_exist_time: 0, ilegal_peer_time: 1, log_id: 9586377558056789462
I1216 22:49:27.835781 305364 log.h:176] [schema_manager.cpp:380][process_leader_heartbeat_for_store][146028916331]store: 127.0.1.1:8110 process leader heartbeat, update_status_time: 2, leader_region_time: 7 leader_balance_time: 5, log_id: 9586377558056789462
I1216 22:49:27.835788 305364 log.h:176] [meta_state_machine.cpp:97][store_heartbeat][146028916331]store:127.0.1.1:8110 heart beat, time_cost: 68, instance_time: 4, peer_balance_time: 2, schema_time: 2, peer_time: 37, leader_time: 21, log_id: 9586377558056789462
I1216 22:49:35.155212 305334 log.h:176] [ddl_manager.cpp:704][work][4294992907]leader process ddl work.
I1216 22:49:35.556421 305322 log.h:176] [ddl_manager.cpp:350][operator()][4294992908]db manager working thread.
I1216 22:49:55.263618 305379 log.h:176] [ddl_manager.cpp:704][work][4294992907]leader process ddl work.
I1216 22:49:55.665683 305335 log.h:176] [ddl_manager.cpp:350][operator()][4294992908]db manager working thread.
I1216 22:49:58.010550 305350 log.h:176] [schema_manager.cpp:349][process_peer_heartbeat_for_store][103079245935]process peer hearbeat, table_exist_time: 1, partition_exist_time: 0, ilegal_peer_time: 1, log_id: 9484053947670631704
I1216 22:49:58.010603 305350 log.h:176] [schema_manager.cpp:380][process_leader_heartbeat_for_store][103079245935]store: 127.0.1.1:8110 process leader heartbeat, update_status_time: 2, leader_region_time: 9 leader_balance_time: 5, log_id: 9484053947670631704
I1216 22:49:58.010612 305350 log.h:176] [meta_state_machine.cpp:97][store_heartbeat][103079245935]store:127.0.1.1:8110 heart beat, time_cost: 77, instance_time: 4, peer_balance_time: 2, schema_time: 1, peer_time: 42, leader_time: 25, log_id: 9484053947670631704
I1216 22:50:15.370129 305314 log.h:176] [ddl_manager.cpp:704][work][4294992907]leader process ddl work.
I1216 22:50:15.772244 305344 log.h:176] [ddl_manager.cpp:350][operator()][4294992908]db manager working thread.
I1216 22:50:22.349675 305325 node.cpp:975] node tso_raft:127.0.1.1:8010:0:0 starts to do snapshot
I1216 22:50:22.353945 305325 snapshot.cpp:642] Deleting /home/ubuntu/BaikalDB/meta_data/raft_data/snapshot/tso/snapshot_00000000000000818485
I1216 22:50:22.353951 305325 snapshot.cpp:648] Renaming /home/ubuntu/BaikalDB/meta_data/raft_data/snapshot/tso/temp to /home/ubuntu/BaikalDB/meta_data/raft_data/snapshot/tso/snapshot_00000000000000818485
I1216 22:50:22.353962 305325 snapshot.cpp:519] Deleting /home/ubuntu/BaikalDB/meta_data/raft_data/snapshot/tso/snapshot_00000000000000817288
I1216 22:50:22.354069 305325 snapshot_executor.cpp:234] node tso_raft:127.0.1.1:8010:0:0 snapshot_save_done, last_included_index=818485 last_included_term=5
I1216 22:50:28.179173 305349 log.h:176] [schema_manager.cpp:349][process_peer_heartbeat_for_store][253403101634]process peer hearbeat, table_exist_time: 0, partition_exist_time: 1, ilegal_peer_time: 1, log_id: 7229315968412836287
I1216 22:50:28.179216 305349 log.h:176] [schema_manager.cpp:380][process_leader_heartbeat_for_store][253403101634]store: 127.0.1.1:8110 process leader heartbeat, update_status_time: 2, leader_region_time: 8 leader_balance_time: 5, log_id: 7229315968412836287
I1216 22:50:28.179222 305349 log.h:176] [meta_state_machine.cpp:97][store_heartbeat][253403101634]store:127.0.1.1:8110 heart beat, time_cost: 64, instance_time: 3, peer_balance_time: 2, schema_time: 2, peer_time: 34, leader_time: 20, log_id: 7229315968412836287
I1216 22:50:35.477730 305379 log.h:176] [ddl_manager.cpp:704][work][4294992907]leader process ddl work.
I1216 22:50:35.879904 305378 log.h:176] [ddl_manager.cpp:350][operator()][4294992908]db manager working thread.
I1216 22:50:41.202615 305377 node.cpp:975] node auto_incr_raft:127.0.1.1:8010:0:0 starts to do snapshot
I1216 22:50:41.202647 305377 snapshot_executor.cpp:154] node auto_incr_raft:127.0.1.1:8010:0:0 the gap between fsm applied index 4 and last_snapshot_index 4 is less than 1, will clear bufferred logs and return success
I1216 22:50:55.585342 305387 log.h:176] [ddl_manager.cpp:704][work][4294992907]leader process ddl work.
I1216 22:50:55.987548 305314 log.h:176] [ddl_manager.cpp:350][operator()][4294992908]db manager working thread.
I1216 22:50:58.358837 305335 log.h:176] [schema_manager.cpp:349][process_peer_heartbeat_for_store][236223231024]process peer hearbeat, table_exist_time: 1, partition_exist_time: 0, ilegal_peer_time: 1, log_id: 18061100177364214133
I1216 22:50:58.358894 305335 log.h:176] [schema_manager.cpp:380][process_leader_heartbeat_for_store][236223231024]store: 127.0.1.1:8110 process leader heartbeat, update_status_time: 1, leader_region_time: 10 leader_balance_time: 7, log_id: 18061100177364214133
I1216 22:50:58.358903 305335 log.h:176] [meta_state_machine.cpp:97][store_heartbeat][236223231024]store:127.0.1.1:8110 heart beat, time_cost: 86, instance_time: 3, peer_balance_time: 3, schema_time: 2, peer_time: 48, leader_time: 26, log_id: 18061100177364214133
I1216 22:51:15.693003 305390 log.h:176] [ddl_manager.cpp:704][work][4294992907]leader process ddl work.
I1216 22:51:16.095217 305346 log.h:176] [ddl_manager.cpp:350][operator()][4294992908]db manager working thread.
