Log file created at: 2025/12/16 18:54:59
Running on machine: ubuntu
Log line format: [IWEF]mmdd hh:mm:ss.uuuuuu threadid file:line] msg
I1216 18:54:59.456092 3551942 server.cpp:1212] Server[braft::RaftStatImpl+braft::FileServiceImpl+braft::RaftServiceImpl+braft::CliServiceImpl+baikaldb::MetaServer] is serving on port=8010.
I1216 18:54:59.456151 3551942 server.cpp:1215] Check out http://ubuntu:8010 in web browser.
I1216 18:54:59.458004 3551942 log.h:176] [rocks_wrapper.cpp:157][init][0]FLAGS_rocks_transaction_lock_timeout_ms:20000 FLAGS_rocks_default_lock_timeout_ms:30000
I1216 18:54:59.489293 3551942 snapshot.cpp:463] Deleting /home/ubuntu/BaikalDB/meta_data/raft_data/snapshot/meta_server/temp
I1216 18:54:59.498163 3551961 snapshot_executor.cpp:264] node meta_raft:127.0.1.1:8010:0:0 snapshot_load_done, last_included_index: 9 last_included_term: 3 peers: "127.0.1.1:8010:0:0"
I1216 18:54:59.498191 3551942 raft_meta.cpp:521] Loaded single stable meta, path ./raft_data/stable/meta_server term 3 votedfor 127.0.1.1:8010:0:0 time: 8
I1216 18:54:59.498198 3551942 node.cpp:628] node meta_raft:127.0.1.1:8010:0:0 init, term: 3 last_log_id: (index=9,term=3) conf: 127.0.1.1:8010:0:0 old_conf: 
I1216 18:54:59.498214 3551942 node.cpp:1683] node meta_raft:127.0.1.1:8010:0:0 term 3 start vote and grant vote self
I1216 18:54:59.499089 3551942 raft_meta.cpp:546] Saved single stable meta, path ./raft_data/stable/meta_server term 4 votedfor 127.0.1.1:8010:0:0 time: 867
I1216 18:54:59.499092 3551942 node.cpp:1937] node meta_raft:127.0.1.1:8010:0:0 term 4 become leader of group 127.0.1.1:8010:0:0 
I1216 18:54:59.499148 3551942 snapshot.cpp:463] Deleting /home/ubuntu/BaikalDB/meta_data/raft_data/snapshot/auto_incr/temp
I1216 18:54:59.499234 3551965 snapshot_executor.cpp:264] node auto_incr_raft:127.0.1.1:8010:0:0 snapshot_load_done, last_included_index: 2 last_included_term: 3 peers: "127.0.1.1:8010:0:0"
I1216 18:54:59.499253 3551942 raft_meta.cpp:521] Loaded single stable meta, path ./raft_data/stable/auto_incr term 3 votedfor 127.0.1.1:8010:0:0 time: 5
I1216 18:54:59.499257 3551942 node.cpp:628] node auto_incr_raft:127.0.1.1:8010:0:0 init, term: 3 last_log_id: (index=2,term=3) conf: 127.0.1.1:8010:0:0 old_conf: 
I1216 18:54:59.499261 3551942 node.cpp:1683] node auto_incr_raft:127.0.1.1:8010:0:0 term 3 start vote and grant vote self
I1216 18:54:59.499606 3551964 node.cpp:3335] node meta_raft:127.0.1.1:8010:0:0 reset ConfigurationCtx, new_peers: 127.0.1.1:8010:0:0, old_peers: 127.0.1.1:8010:0:0
I1216 18:54:59.500187 3551942 raft_meta.cpp:546] Saved single stable meta, path ./raft_data/stable/auto_incr term 4 votedfor 127.0.1.1:8010:0:0 time: 923
I1216 18:54:59.500190 3551942 node.cpp:1937] node auto_incr_raft:127.0.1.1:8010:0:0 term 4 become leader of group 127.0.1.1:8010:0:0 
I1216 18:54:59.500241 3551990 node.cpp:3335] node auto_incr_raft:127.0.1.1:8010:0:0 reset ConfigurationCtx, new_peers: 127.0.1.1:8010:0:0, old_peers: 127.0.1.1:8010:0:0
I1216 18:54:59.500335 3551942 snapshot.cpp:463] Deleting /home/ubuntu/BaikalDB/meta_data/raft_data/snapshot/tso/temp
I1216 18:54:59.500401 3552000 snapshot_executor.cpp:264] node tso_raft:127.0.1.1:8010:0:0 snapshot_load_done, last_included_index: 536347 last_included_term: 3 peers: "127.0.1.1:8010:0:0"
I1216 18:54:59.500413 3551942 raft_meta.cpp:521] Loaded single stable meta, path ./raft_data/stable/tso term 3 votedfor 127.0.1.1:8010:0:0 time: 4
I1216 18:54:59.500416 3551942 node.cpp:628] node tso_raft:127.0.1.1:8010:0:0 init, term: 3 last_log_id: (index=536857,term=3) conf: 127.0.1.1:8010:0:0 old_conf: 
I1216 18:54:59.500420 3551942 node.cpp:1683] node tso_raft:127.0.1.1:8010:0:0 term 3 start vote and grant vote self
I1216 18:54:59.501246 3551942 raft_meta.cpp:546] Saved single stable meta, path ./raft_data/stable/tso term 4 votedfor 127.0.1.1:8010:0:0 time: 802
I1216 18:54:59.501250 3551942 node.cpp:1937] node tso_raft:127.0.1.1:8010:0:0 term 4 become leader of group 127.0.1.1:8010:0:0 
I1216 18:54:59.501474 3551942 naming_service_thread.cpp:203] brpc::policy::ListNamingService("127.0.1.1:8010"): added 1
I1216 18:54:59.501526 3552016 log.h:176] [ddl_manager.cpp:696][work][4294992651]sleep, wait ddl manager init.
I1216 18:54:59.501526 3552028 log.h:176] [ddl_manager.cpp:342][operator()][4294992652]sleep, wait collect db info.
I1216 18:54:59.502136 3552005 node.cpp:3335] node tso_raft:127.0.1.1:8010:0:0 reset ConfigurationCtx, new_peers: 127.0.1.1:8010:0:0, old_peers: 127.0.1.1:8010:0:0
I1216 18:55:01.142443 3552046 node.cpp:975] node tso_raft:127.0.1.1:8010:0:0 starts to do snapshot
I1216 18:55:01.146797 3551976 snapshot.cpp:642] Deleting /home/ubuntu/BaikalDB/meta_data/raft_data/snapshot/tso/snapshot_00000000000000536891
I1216 18:55:01.146806 3551976 snapshot.cpp:648] Renaming /home/ubuntu/BaikalDB/meta_data/raft_data/snapshot/tso/temp to /home/ubuntu/BaikalDB/meta_data/raft_data/snapshot/tso/snapshot_00000000000000536891
I1216 18:55:01.146816 3551976 snapshot.cpp:519] Deleting /home/ubuntu/BaikalDB/meta_data/raft_data/snapshot/tso/snapshot_00000000000000536347
I1216 18:55:01.146896 3551976 snapshot_executor.cpp:234] node tso_raft:127.0.1.1:8010:0:0 snapshot_save_done, last_included_index=536891 last_included_term=4
I1216 18:55:12.889266 3551981 node.cpp:975] node meta_raft:127.0.1.1:8010:0:0 starts to do snapshot
I1216 18:55:12.894668 3551981 snapshot.cpp:642] Deleting /home/ubuntu/BaikalDB/meta_data/raft_data/snapshot/meta_server/snapshot_00000000000000000010
I1216 18:55:12.894680 3551981 snapshot.cpp:648] Renaming /home/ubuntu/BaikalDB/meta_data/raft_data/snapshot/meta_server/temp to /home/ubuntu/BaikalDB/meta_data/raft_data/snapshot/meta_server/snapshot_00000000000000000010
I1216 18:55:12.894693 3551981 snapshot.cpp:519] Deleting /home/ubuntu/BaikalDB/meta_data/raft_data/snapshot/meta_server/snapshot_00000000000000000009
I1216 18:55:12.894804 3551981 snapshot_executor.cpp:234] node meta_raft:127.0.1.1:8010:0:0 snapshot_save_done, last_included_index=10 last_included_term=4
I1216 18:55:20.670708 3551990 log.h:176] [schema_manager.cpp:349][process_peer_heartbeat_for_store][17179879425]process peer hearbeat, table_exist_time: 1, partition_exist_time: 0, ilegal_peer_time: 137, log_id: 13250769671949449814
I1216 18:55:20.670765 3551990 log.h:176] [schema_manager.cpp:380][process_leader_heartbeat_for_store][17179879425]store:  process leader heartbeat, update_status_time: 1, leader_region_time: 23 leader_balance_time: 13, log_id: 13250769671949449814
I1216 18:55:20.670782 3551990 log.h:176] [meta_state_machine.cpp:97][store_heartbeat][17179879425]store: heart beat, time_cost: 223, instance_time: 2, peer_balance_time: 2, schema_time: 4, peer_time: 161, leader_time: 51, log_id: 13250769671949449814
I1216 18:55:20.675940 3552013 log.h:176] [schema_manager.cpp:349][process_peer_heartbeat_for_store][8589950721]process peer hearbeat, table_exist_time: 0, partition_exist_time: 1, ilegal_peer_time: 1, log_id: 13849512947026908567
I1216 18:55:20.675992 3552013 log.h:176] [schema_manager.cpp:380][process_leader_heartbeat_for_store][8589950721]store: 127.0.1.1:8110 process leader heartbeat, update_status_time: 2, leader_region_time: 12 leader_balance_time: 6, log_id: 13849512947026908567
I1216 18:55:20.676000 3552013 log.h:176] [meta_state_machine.cpp:97][store_heartbeat][8589950721]store:127.0.1.1:8110 heart beat, time_cost: 76, instance_time: 3, peer_balance_time: 2, schema_time: 2, peer_time: 39, leader_time: 25, log_id: 13849512947026908567
I1216 18:55:50.846356 3552014 log.h:176] [schema_manager.cpp:349][process_peer_heartbeat_for_store][12884918273]process peer hearbeat, table_exist_time: 1, partition_exist_time: 0, ilegal_peer_time: 1, log_id: 17817794170561452782
I1216 18:55:50.846395 3552014 log.h:176] [schema_manager.cpp:380][process_leader_heartbeat_for_store][12884918273]store: 127.0.1.1:8110 process leader heartbeat, update_status_time: 2, leader_region_time: 8 leader_balance_time: 7, log_id: 17817794170561452782
I1216 18:55:50.846405 3552014 log.h:176] [meta_state_machine.cpp:97][store_heartbeat][12884918273]store:127.0.1.1:8110 heart beat, time_cost: 63, instance_time: 3, peer_balance_time: 2, schema_time: 2, peer_time: 28, leader_time: 22, log_id: 17817794170561452782
I1216 18:56:01.142611 3551978 node.cpp:975] node tso_raft:127.0.1.1:8010:0:0 starts to do snapshot
I1216 18:56:01.146873 3551978 snapshot.cpp:642] Deleting /home/ubuntu/BaikalDB/meta_data/raft_data/snapshot/tso/snapshot_00000000000000538088
I1216 18:56:01.146881 3551978 snapshot.cpp:648] Renaming /home/ubuntu/BaikalDB/meta_data/raft_data/snapshot/tso/temp to /home/ubuntu/BaikalDB/meta_data/raft_data/snapshot/tso/snapshot_00000000000000538088
I1216 18:56:01.146891 3551978 snapshot.cpp:519] Deleting /home/ubuntu/BaikalDB/meta_data/raft_data/snapshot/tso/snapshot_00000000000000536891
I1216 18:56:01.146971 3551978 snapshot_executor.cpp:234] node tso_raft:127.0.1.1:8010:0:0 snapshot_save_done, last_included_index=538088 last_included_term=4
I1216 18:56:21.020639 3552028 log.h:176] [schema_manager.cpp:349][process_peer_heartbeat_for_store][8589954561]process peer hearbeat, table_exist_time: 0, partition_exist_time: 0, ilegal_peer_time: 1, log_id: 16612431733569284674
I1216 18:56:21.020679 3552028 log.h:176] [schema_manager.cpp:380][process_leader_heartbeat_for_store][8589954561]store: 127.0.1.1:8110 process leader heartbeat, update_status_time: 2, leader_region_time: 9 leader_balance_time: 6, log_id: 16612431733569284674
I1216 18:56:21.020689 3552028 log.h:176] [meta_state_machine.cpp:97][store_heartbeat][8589954561]store:127.0.1.1:8110 heart beat, time_cost: 65, instance_time: 3, peer_balance_time: 2, schema_time: 2, peer_time: 29, leader_time: 22, log_id: 16612431733569284674
I1216 18:56:40.413334 3552046 node.cpp:975] node auto_incr_raft:127.0.1.1:8010:0:0 starts to do snapshot
I1216 18:56:40.418057 3552046 snapshot.cpp:642] Deleting /home/ubuntu/BaikalDB/meta_data/raft_data/snapshot/auto_incr/snapshot_00000000000000000003
I1216 18:56:40.418076 3552046 snapshot.cpp:648] Renaming /home/ubuntu/BaikalDB/meta_data/raft_data/snapshot/auto_incr/temp to /home/ubuntu/BaikalDB/meta_data/raft_data/snapshot/auto_incr/snapshot_00000000000000000003
I1216 18:56:40.418090 3552046 snapshot.cpp:519] Deleting /home/ubuntu/BaikalDB/meta_data/raft_data/snapshot/auto_incr/snapshot_00000000000000000002
I1216 18:56:40.418195 3552046 snapshot_executor.cpp:234] node auto_incr_raft:127.0.1.1:8010:0:0 snapshot_save_done, last_included_index=3 last_included_term=4
I1216 18:56:51.197641 3551951 log.h:176] [schema_manager.cpp:349][process_peer_heartbeat_for_store][8589934593]process peer hearbeat, table_exist_time: 1, partition_exist_time: 0, ilegal_peer_time: 1, log_id: 14354586931396190009
I1216 18:56:51.197690 3551951 log.h:176] [schema_manager.cpp:380][process_leader_heartbeat_for_store][8589934593]store: 127.0.1.1:8110 process leader heartbeat, update_status_time: 1, leader_region_time: 18 leader_balance_time: 7, log_id: 14354586931396190009
I1216 18:56:51.197703 3551951 log.h:176] [meta_state_machine.cpp:97][store_heartbeat][8589934593]store:127.0.1.1:8110 heart beat, time_cost: 76, instance_time: 3, peer_balance_time: 2, schema_time: 2, peer_time: 29, leader_time: 32, log_id: 14354586931396190009
I1216 18:56:59.501582 3552043 log.h:176] [ddl_manager.cpp:350][operator()][4294992652]db manager working thread.
I1216 18:57:01.142776 3552043 node.cpp:975] node tso_raft:127.0.1.1:8010:0:0 starts to do snapshot
I1216 18:57:01.147028 3552043 snapshot.cpp:642] Deleting /home/ubuntu/BaikalDB/meta_data/raft_data/snapshot/tso/snapshot_00000000000000539285
I1216 18:57:01.147051 3552043 snapshot.cpp:648] Renaming /home/ubuntu/BaikalDB/meta_data/raft_data/snapshot/tso/temp to /home/ubuntu/BaikalDB/meta_data/raft_data/snapshot/tso/snapshot_00000000000000539285
I1216 18:57:01.147066 3552043 snapshot.cpp:519] Deleting /home/ubuntu/BaikalDB/meta_data/raft_data/snapshot/tso/snapshot_00000000000000538088
I1216 18:57:01.147188 3552043 snapshot_executor.cpp:234] node tso_raft:127.0.1.1:8010:0:0 snapshot_save_done, last_included_index=539285 last_included_term=4
I1216 18:57:19.611076 3551960 log.h:176] [ddl_manager.cpp:350][operator()][4294992652]db manager working thread.
I1216 18:57:21.369661 3551952 log.h:176] [schema_manager.cpp:349][process_peer_heartbeat_for_store][8589935361]process peer hearbeat, table_exist_time: 0, partition_exist_time: 1, ilegal_peer_time: 0, log_id: 18379801477716618623
I1216 18:57:21.369709 3551952 log.h:176] [schema_manager.cpp:380][process_leader_heartbeat_for_store][8589935361]store: 127.0.1.1:8110 process leader heartbeat, update_status_time: 2, leader_region_time: 11 leader_balance_time: 6, log_id: 18379801477716618623
I1216 18:57:21.369722 3551952 log.h:176] [meta_state_machine.cpp:97][store_heartbeat][8589935361]store:127.0.1.1:8110 heart beat, time_cost: 76, instance_time: 4, peer_balance_time: 1, schema_time: 3, peer_time: 36, leader_time: 23, log_id: 18379801477716618623
I1216 18:57:39.720626 3552010 log.h:176] [ddl_manager.cpp:350][operator()][4294992652]db manager working thread.
I1216 18:57:51.545477 3552045 log.h:176] [schema_manager.cpp:349][process_peer_heartbeat_for_store][21474861833]process peer hearbeat, table_exist_time: 0, partition_exist_time: 0, ilegal_peer_time: 1, log_id: 11694713671526875918
I1216 18:57:51.545529 3552045 log.h:176] [schema_manager.cpp:380][process_leader_heartbeat_for_store][21474861833]store: 127.0.1.1:8110 process leader heartbeat, update_status_time: 1, leader_region_time: 13 leader_balance_time: 10, log_id: 11694713671526875918
I1216 18:57:51.545539 3552045 log.h:176] [meta_state_machine.cpp:97][store_heartbeat][21474861833]store:127.0.1.1:8110 heart beat, time_cost: 88, instance_time: 4, peer_balance_time: 2, schema_time: 9, peer_time: 36, leader_time: 31, log_id: 11694713671526875918
I1216 18:57:59.501596 3552041 log.h:176] [ddl_manager.cpp:704][work][4294992651]leader process ddl work.
I1216 18:57:59.829495 3552041 log.h:176] [ddl_manager.cpp:350][operator()][4294992652]db manager working thread.
I1216 18:58:01.142952 3552026 node.cpp:975] node tso_raft:127.0.1.1:8010:0:0 starts to do snapshot
I1216 18:58:01.147601 3552026 snapshot.cpp:642] Deleting /home/ubuntu/BaikalDB/meta_data/raft_data/snapshot/tso/snapshot_00000000000000540482
I1216 18:58:01.147609 3552026 snapshot.cpp:648] Renaming /home/ubuntu/BaikalDB/meta_data/raft_data/snapshot/tso/temp to /home/ubuntu/BaikalDB/meta_data/raft_data/snapshot/tso/snapshot_00000000000000540482
I1216 18:58:01.147619 3552026 snapshot.cpp:519] Deleting /home/ubuntu/BaikalDB/meta_data/raft_data/snapshot/tso/snapshot_00000000000000539285
I1216 18:58:01.147702 3552026 snapshot_executor.cpp:234] node tso_raft:127.0.1.1:8010:0:0 snapshot_save_done, last_included_index=540482 last_included_term=4
I1216 18:58:19.610549 3551981 log.h:176] [ddl_manager.cpp:704][work][4294992651]leader process ddl work.
I1216 18:58:19.937440 3551956 log.h:176] [ddl_manager.cpp:350][operator()][4294992652]db manager working thread.
I1216 18:58:21.726890 3551964 log.h:176] [schema_manager.cpp:349][process_peer_heartbeat_for_store][12884905473]process peer hearbeat, table_exist_time: 0, partition_exist_time: 1, ilegal_peer_time: 0, log_id: 8573171351077803199
I1216 18:58:21.726931 3551964 log.h:176] [schema_manager.cpp:380][process_leader_heartbeat_for_store][12884905473]store: 127.0.1.1:8110 process leader heartbeat, update_status_time: 1, leader_region_time: 8 leader_balance_time: 6, log_id: 8573171351077803199
I1216 18:58:21.726938 3551964 log.h:176] [meta_state_machine.cpp:97][store_heartbeat][12884905473]store:127.0.1.1:8110 heart beat, time_cost: 63, instance_time: 3, peer_balance_time: 2, schema_time: 3, peer_time: 31, leader_time: 21, log_id: 8573171351077803199
I1216 18:58:39.718178 3551975 log.h:176] [ddl_manager.cpp:704][work][4294992651]leader process ddl work.
I1216 18:58:40.044499 3551971 log.h:176] [ddl_manager.cpp:350][operator()][4294992652]db manager working thread.
I1216 18:58:51.897053 3551985 log.h:176] [schema_manager.cpp:349][process_peer_heartbeat_for_store][17179878145]process peer hearbeat, table_exist_time: 0, partition_exist_time: 1, ilegal_peer_time: 0, log_id: 16727067796155433105
I1216 18:58:51.897094 3551985 log.h:176] [schema_manager.cpp:380][process_leader_heartbeat_for_store][17179878145]store: 127.0.1.1:8110 process leader heartbeat, update_status_time: 1, leader_region_time: 10 leader_balance_time: 6, log_id: 16727067796155433105
I1216 18:58:51.897109 3551985 log.h:176] [meta_state_machine.cpp:97][store_heartbeat][17179878145]store:127.0.1.1:8110 heart beat, time_cost: 72, instance_time: 3, peer_balance_time: 3, schema_time: 2, peer_time: 31, leader_time: 28, log_id: 16727067796155433105
I1216 18:58:59.829228 3552004 log.h:176] [ddl_manager.cpp:704][work][4294992651]leader process ddl work.
I1216 18:59:00.153021 3551971 log.h:176] [ddl_manager.cpp:350][operator()][4294992652]db manager working thread.
I1216 18:59:01.143119 3552031 node.cpp:975] node tso_raft:127.0.1.1:8010:0:0 starts to do snapshot
I1216 18:59:01.147761 3552031 snapshot.cpp:642] Deleting /home/ubuntu/BaikalDB/meta_data/raft_data/snapshot/tso/snapshot_00000000000000541679
I1216 18:59:01.147769 3552031 snapshot.cpp:648] Renaming /home/ubuntu/BaikalDB/meta_data/raft_data/snapshot/tso/temp to /home/ubuntu/BaikalDB/meta_data/raft_data/snapshot/tso/snapshot_00000000000000541679
I1216 18:59:01.147780 3552031 snapshot.cpp:519] Deleting /home/ubuntu/BaikalDB/meta_data/raft_data/snapshot/tso/snapshot_00000000000000540482
I1216 18:59:01.147866 3552031 snapshot_executor.cpp:234] node tso_raft:127.0.1.1:8010:0:0 snapshot_save_done, last_included_index=541679 last_included_term=4
I1216 18:59:19.937889 3552046 log.h:176] [ddl_manager.cpp:704][work][4294992651]leader process ddl work.
I1216 18:59:20.259557 3552041 log.h:176] [ddl_manager.cpp:350][operator()][4294992652]db manager working thread.
I1216 18:59:22.064553 3551993 log.h:176] [schema_manager.cpp:349][process_peer_heartbeat_for_store][17179880193]process peer hearbeat, table_exist_time: 0, partition_exist_time: 1, ilegal_peer_time: 1, log_id: 10311369236197206617
I1216 18:59:22.064585 3551993 log.h:176] [schema_manager.cpp:380][process_leader_heartbeat_for_store][17179880193]store: 127.0.1.1:8110 process leader heartbeat, update_status_time: 1, leader_region_time: 8 leader_balance_time: 6, log_id: 10311369236197206617
I1216 18:59:22.064591 3551993 log.h:176] [meta_state_machine.cpp:97][store_heartbeat][17179880193]store:127.0.1.1:8110 heart beat, time_cost: 54, instance_time: 3, peer_balance_time: 1, schema_time: 3, peer_time: 23, leader_time: 20, log_id: 10311369236197206617
I1216 18:59:40.045008 3552043 log.h:176] [ddl_manager.cpp:704][work][4294992651]leader process ddl work.
I1216 18:59:40.366717 3552008 log.h:176] [ddl_manager.cpp:350][operator()][4294992652]db manager working thread.
I1216 18:59:52.231990 3551990 log.h:176] [schema_manager.cpp:349][process_peer_heartbeat_for_store][21474846721]process peer hearbeat, table_exist_time: 1, partition_exist_time: 0, ilegal_peer_time: 1, log_id: 17643938391477348263
I1216 18:59:52.232043 3551990 log.h:176] [schema_manager.cpp:380][process_leader_heartbeat_for_store][21474846721]store: 127.0.1.1:8110 process leader heartbeat, update_status_time: 1, leader_region_time: 9 leader_balance_time: 6, log_id: 17643938391477348263
I1216 18:59:52.232049 3551990 log.h:176] [meta_state_machine.cpp:97][store_heartbeat][21474846721]store:127.0.1.1:8110 heart beat, time_cost: 73, instance_time: 3, peer_balance_time: 2, schema_time: 2, peer_time: 44, leader_time: 20, log_id: 17643938391477348263
I1216 19:00:00.152146 3552022 log.h:176] [ddl_manager.cpp:704][work][4294992651]leader process ddl work.
I1216 19:00:00.473904 3551998 log.h:176] [ddl_manager.cpp:350][operator()][4294992652]db manager working thread.
I1216 19:00:01.143342 3552046 node.cpp:975] node tso_raft:127.0.1.1:8010:0:0 starts to do snapshot
I1216 19:00:01.147676 3552046 snapshot.cpp:642] Deleting /home/ubuntu/BaikalDB/meta_data/raft_data/snapshot/tso/snapshot_00000000000000542876
I1216 19:00:01.147684 3552046 snapshot.cpp:648] Renaming /home/ubuntu/BaikalDB/meta_data/raft_data/snapshot/tso/temp to /home/ubuntu/BaikalDB/meta_data/raft_data/snapshot/tso/snapshot_00000000000000542876
I1216 19:00:01.147696 3552046 snapshot.cpp:519] Deleting /home/ubuntu/BaikalDB/meta_data/raft_data/snapshot/tso/snapshot_00000000000000541679
I1216 19:00:01.147783 3552046 snapshot_executor.cpp:234] node tso_raft:127.0.1.1:8010:0:0 snapshot_save_done, last_included_index=542876 last_included_term=4
I1216 19:00:20.259833 3552008 log.h:176] [ddl_manager.cpp:704][work][4294992651]leader process ddl work.
I1216 19:00:20.581555 3551967 log.h:176] [ddl_manager.cpp:350][operator()][4294992652]db manager working thread.
I1216 19:00:22.402107 3552013 log.h:176] [schema_manager.cpp:349][process_peer_heartbeat_for_store][12884918017]process peer hearbeat, table_exist_time: 1, partition_exist_time: 0, ilegal_peer_time: 0, log_id: 14779403107623214541
I1216 19:00:22.402153 3552013 log.h:176] [schema_manager.cpp:380][process_leader_heartbeat_for_store][12884918017]store: 127.0.1.1:8110 process leader heartbeat, update_status_time: 1, leader_region_time: 10 leader_balance_time: 7, log_id: 14779403107623214541
I1216 19:00:22.402159 3552013 log.h:176] [meta_state_machine.cpp:97][store_heartbeat][12884918017]store:127.0.1.1:8110 heart beat, time_cost: 66, instance_time: 3, peer_balance_time: 2, schema_time: 2, peer_time: 34, leader_time: 23, log_id: 14779403107623214541
I1216 19:00:40.366667 3552041 log.h:176] [ddl_manager.cpp:704][work][4294992651]leader process ddl work.
I1216 19:00:40.688393 3551971 log.h:176] [ddl_manager.cpp:350][operator()][4294992652]db manager working thread.
I1216 19:00:52.574689 3552014 log.h:176] [schema_manager.cpp:349][process_peer_heartbeat_for_store][17179885569]process peer hearbeat, table_exist_time: 0, partition_exist_time: 1, ilegal_peer_time: 0, log_id: 16918713204066208858
I1216 19:00:52.574739 3552014 log.h:176] [schema_manager.cpp:380][process_leader_heartbeat_for_store][17179885569]store: 127.0.1.1:8110 process leader heartbeat, update_status_time: 1, leader_region_time: 9 leader_balance_time: 7, log_id: 16918713204066208858
I1216 19:00:52.574748 3552014 log.h:176] [meta_state_machine.cpp:97][store_heartbeat][17179885569]store:127.0.1.1:8110 heart beat, time_cost: 72, instance_time: 4, peer_balance_time: 1, schema_time: 2, peer_time: 38, leader_time: 24, log_id: 16918713204066208858
I1216 19:01:00.474313 3552004 log.h:176] [ddl_manager.cpp:704][work][4294992651]leader process ddl work.
I1216 19:01:00.796089 3552004 log.h:176] [ddl_manager.cpp:350][operator()][4294992652]db manager working thread.
I1216 19:01:01.143517 3552046 node.cpp:975] node tso_raft:127.0.1.1:8010:0:0 starts to do snapshot
I1216 19:01:01.147948 3552046 snapshot.cpp:642] Deleting /home/ubuntu/BaikalDB/meta_data/raft_data/snapshot/tso/snapshot_00000000000000544073
I1216 19:01:01.147964 3552046 snapshot.cpp:648] Renaming /home/ubuntu/BaikalDB/meta_data/raft_data/snapshot/tso/temp to /home/ubuntu/BaikalDB/meta_data/raft_data/snapshot/tso/snapshot_00000000000000544073
I1216 19:01:01.147977 3552046 snapshot.cpp:519] Deleting /home/ubuntu/BaikalDB/meta_data/raft_data/snapshot/tso/snapshot_00000000000000542876
I1216 19:01:01.148070 3552046 snapshot_executor.cpp:234] node tso_raft:127.0.1.1:8010:0:0 snapshot_save_done, last_included_index=544073 last_included_term=4
I1216 19:01:20.581871 3551956 log.h:176] [ddl_manager.cpp:704][work][4294992651]leader process ddl work.
I1216 19:01:20.903618 3551956 log.h:176] [ddl_manager.cpp:350][operator()][4294992652]db manager working thread.
I1216 19:01:22.745234 3552028 log.h:176] [schema_manager.cpp:349][process_peer_heartbeat_for_store][12884921857]process peer hearbeat, table_exist_time: 0, partition_exist_time: 1, ilegal_peer_time: 1, log_id: 10635380834614382584
I1216 19:01:22.745293 3552028 log.h:176] [schema_manager.cpp:380][process_leader_heartbeat_for_store][12884921857]store: 127.0.1.1:8110 process leader heartbeat, update_status_time: 1, leader_region_time: 10 leader_balance_time: 7, log_id: 10635380834614382584
I1216 19:01:22.745302 3552028 log.h:176] [meta_state_machine.cpp:97][store_heartbeat][12884921857]store:127.0.1.1:8110 heart beat, time_cost: 85, instance_time: 4, peer_balance_time: 2, schema_time: 2, peer_time: 48, leader_time: 26, log_id: 10635380834614382584
I1216 19:01:40.689078 3551981 log.h:176] [ddl_manager.cpp:704][work][4294992651]leader process ddl work.
I1216 19:01:41.010850 3551960 log.h:176] [ddl_manager.cpp:350][operator()][4294992652]db manager working thread.
I1216 19:01:52.918164 3551951 log.h:176] [schema_manager.cpp:349][process_peer_heartbeat_for_store][12884901889]process peer hearbeat, table_exist_time: 0, partition_exist_time: 1, ilegal_peer_time: 1, log_id: 10716188302364518689
I1216 19:01:52.918205 3551951 log.h:176] [schema_manager.cpp:380][process_leader_heartbeat_for_store][12884901889]store: 127.0.1.1:8110 process leader heartbeat, update_status_time: 1, leader_region_time: 9 leader_balance_time: 5, log_id: 10716188302364518689
I1216 19:01:52.918211 3551951 log.h:176] [meta_state_machine.cpp:97][store_heartbeat][12884901889]store:127.0.1.1:8110 heart beat, time_cost: 62, instance_time: 2, peer_balance_time: 2, schema_time: 2, peer_time: 34, leader_time: 20, log_id: 10716188302364518689
I1216 19:02:00.797257 3551956 log.h:176] [ddl_manager.cpp:704][work][4294992651]leader process ddl work.
I1216 19:02:01.118997 3551984 log.h:176] [ddl_manager.cpp:350][operator()][4294992652]db manager working thread.
I1216 19:02:01.143677 3552041 node.cpp:975] node tso_raft:127.0.1.1:8010:0:0 starts to do snapshot
I1216 19:02:01.147912 3552041 snapshot.cpp:642] Deleting /home/ubuntu/BaikalDB/meta_data/raft_data/snapshot/tso/snapshot_00000000000000545270
I1216 19:02:01.147922 3552041 snapshot.cpp:648] Renaming /home/ubuntu/BaikalDB/meta_data/raft_data/snapshot/tso/temp to /home/ubuntu/BaikalDB/meta_data/raft_data/snapshot/tso/snapshot_00000000000000545270
I1216 19:02:01.147931 3552041 snapshot.cpp:519] Deleting /home/ubuntu/BaikalDB/meta_data/raft_data/snapshot/tso/snapshot_00000000000000544073
I1216 19:02:01.148001 3552041 snapshot_executor.cpp:234] node tso_raft:127.0.1.1:8010:0:0 snapshot_save_done, last_included_index=545270 last_included_term=4
I1216 19:02:20.905315 3552022 log.h:176] [ddl_manager.cpp:704][work][4294992651]leader process ddl work.
I1216 19:02:21.226963 3551981 log.h:176] [ddl_manager.cpp:350][operator()][4294992652]db manager working thread.
I1216 19:02:23.087298 3551952 log.h:176] [schema_manager.cpp:349][process_peer_heartbeat_for_store][12884902657]process peer hearbeat, table_exist_time: 0, partition_exist_time: 1, ilegal_peer_time: 0, log_id: 16971558281423875517
I1216 19:02:23.087343 3551952 log.h:176] [schema_manager.cpp:380][process_leader_heartbeat_for_store][12884902657]store: 127.0.1.1:8110 process leader heartbeat, update_status_time: 1, leader_region_time: 8 leader_balance_time: 4, log_id: 16971558281423875517
I1216 19:02:23.087349 3551952 log.h:176] [meta_state_machine.cpp:97][store_heartbeat][12884902657]store:127.0.1.1:8110 heart beat, time_cost: 65, instance_time: 3, peer_balance_time: 2, schema_time: 2, peer_time: 37, leader_time: 18, log_id: 16971558281423875517
I1216 19:02:41.012506 3552046 log.h:176] [ddl_manager.cpp:704][work][4294992651]leader process ddl work.
I1216 19:02:41.334307 3551971 log.h:176] [ddl_manager.cpp:350][operator()][4294992652]db manager working thread.
I1216 19:02:53.254987 3552045 log.h:176] [schema_manager.cpp:349][process_peer_heartbeat_for_store][25769829129]process peer hearbeat, table_exist_time: 0, partition_exist_time: 1, ilegal_peer_time: 0, log_id: 2207399229454380846
I1216 19:02:53.255033 3552045 log.h:176] [schema_manager.cpp:380][process_leader_heartbeat_for_store][25769829129]store: 127.0.1.1:8110 process leader heartbeat, update_status_time: 1, leader_region_time: 8 leader_balance_time: 7, log_id: 2207399229454380846
I1216 19:02:53.255040 3552045 log.h:176] [meta_state_machine.cpp:97][store_heartbeat][25769829129]store:127.0.1.1:8110 heart beat, time_cost: 66, instance_time: 3, peer_balance_time: 2, schema_time: 2, peer_time: 36, leader_time: 20, log_id: 2207399229454380846
I1216 19:03:01.120381 3552010 log.h:176] [ddl_manager.cpp:704][work][4294992651]leader process ddl work.
I1216 19:03:01.143826 3551998 node.cpp:975] node tso_raft:127.0.1.1:8010:0:0 starts to do snapshot
I1216 19:03:01.148387 3552026 snapshot.cpp:642] Deleting /home/ubuntu/BaikalDB/meta_data/raft_data/snapshot/tso/snapshot_00000000000000546467
I1216 19:03:01.148397 3552026 snapshot.cpp:648] Renaming /home/ubuntu/BaikalDB/meta_data/raft_data/snapshot/tso/temp to /home/ubuntu/BaikalDB/meta_data/raft_data/snapshot/tso/snapshot_00000000000000546467
I1216 19:03:01.148408 3552026 snapshot.cpp:519] Deleting /home/ubuntu/BaikalDB/meta_data/raft_data/snapshot/tso/snapshot_00000000000000545270
I1216 19:03:01.148487 3552026 snapshot_executor.cpp:234] node tso_raft:127.0.1.1:8010:0:0 snapshot_save_done, last_included_index=546467 last_included_term=4
I1216 19:03:01.442126 3551970 log.h:176] [ddl_manager.cpp:350][operator()][4294992652]db manager working thread.
I1216 19:03:21.228400 3552004 log.h:176] [ddl_manager.cpp:704][work][4294992651]leader process ddl work.
I1216 19:03:21.550209 3552008 log.h:176] [ddl_manager.cpp:350][operator()][4294992652]db manager working thread.
I1216 19:03:23.429826 3551964 log.h:176] [schema_manager.cpp:349][process_peer_heartbeat_for_store][17179872769]process peer hearbeat, table_exist_time: 1, partition_exist_time: 0, ilegal_peer_time: 1, log_id: 8306080366686313930
I1216 19:03:23.429863 3551964 log.h:176] [schema_manager.cpp:380][process_leader_heartbeat_for_store][17179872769]store: 127.0.1.1:8110 process leader heartbeat, update_status_time: 2, leader_region_time: 8 leader_balance_time: 5, log_id: 8306080366686313930
I1216 19:03:23.429870 3551964 log.h:176] [meta_state_machine.cpp:97][store_heartbeat][17179872769]store:127.0.1.1:8110 heart beat, time_cost: 59, instance_time: 3, peer_balance_time: 2, schema_time: 2, peer_time: 29, leader_time: 20, log_id: 8306080366686313930
I1216 19:03:41.336308 3552031 log.h:176] [ddl_manager.cpp:704][work][4294992651]leader process ddl work.
I1216 19:03:41.658082 3551971 log.h:176] [ddl_manager.cpp:350][operator()][4294992652]db manager working thread.
I1216 19:03:53.599447 3551985 log.h:176] [schema_manager.cpp:349][process_peer_heartbeat_for_store][21474845441]process peer hearbeat, table_exist_time: 1, partition_exist_time: 0, ilegal_peer_time: 1, log_id: 14286188437588922441
I1216 19:03:53.599486 3551985 log.h:176] [schema_manager.cpp:380][process_leader_heartbeat_for_store][21474845441]store: 127.0.1.1:8110 process leader heartbeat, update_status_time: 1, leader_region_time: 8 leader_balance_time: 5, log_id: 14286188437588922441
I1216 19:03:53.599493 3551985 log.h:176] [meta_state_machine.cpp:97][store_heartbeat][21474845441]store:127.0.1.1:8110 heart beat, time_cost: 63, instance_time: 3, peer_balance_time: 2, schema_time: 1, peer_time: 36, leader_time: 19, log_id: 14286188437588922441
I1216 19:04:01.144011 3551970 node.cpp:975] node tso_raft:127.0.1.1:8010:0:0 starts to do snapshot
I1216 19:04:01.148303 3551970 snapshot.cpp:642] Deleting /home/ubuntu/BaikalDB/meta_data/raft_data/snapshot/tso/snapshot_00000000000000547663
I1216 19:04:01.148313 3551970 snapshot.cpp:648] Renaming /home/ubuntu/BaikalDB/meta_data/raft_data/snapshot/tso/temp to /home/ubuntu/BaikalDB/meta_data/raft_data/snapshot/tso/snapshot_00000000000000547663
I1216 19:04:01.148324 3551970 snapshot.cpp:519] Deleting /home/ubuntu/BaikalDB/meta_data/raft_data/snapshot/tso/snapshot_00000000000000546467
I1216 19:04:01.148411 3551970 snapshot_executor.cpp:234] node tso_raft:127.0.1.1:8010:0:0 snapshot_save_done, last_included_index=547663 last_included_term=4
I1216 19:04:01.443957 3551975 log.h:176] [ddl_manager.cpp:704][work][4294992651]leader process ddl work.
I1216 19:04:01.765622 3551956 log.h:176] [ddl_manager.cpp:350][operator()][4294992652]db manager working thread.
I1216 19:04:21.551497 3551978 log.h:176] [ddl_manager.cpp:704][work][4294992651]leader process ddl work.
I1216 19:04:21.873216 3551960 log.h:176] [ddl_manager.cpp:350][operator()][4294992652]db manager working thread.
I1216 19:04:23.771243 3551993 log.h:176] [schema_manager.cpp:349][process_peer_heartbeat_for_store][21474847489]process peer hearbeat, table_exist_time: 1, partition_exist_time: 0, ilegal_peer_time: 1, log_id: 1636378008784541870
I1216 19:04:23.771284 3551993 log.h:176] [schema_manager.cpp:380][process_leader_heartbeat_for_store][21474847489]store: 127.0.1.1:8110 process leader heartbeat, update_status_time: 1, leader_region_time: 8 leader_balance_time: 5, log_id: 1636378008784541870
I1216 19:04:23.771296 3551993 log.h:176] [meta_state_machine.cpp:97][store_heartbeat][21474847489]store:127.0.1.1:8110 heart beat, time_cost: 69, instance_time: 3, peer_balance_time: 3, schema_time: 1, peer_time: 34, leader_time: 24, log_id: 1636378008784541870
I1216 19:04:41.659250 3551971 log.h:176] [ddl_manager.cpp:704][work][4294992651]leader process ddl work.
I1216 19:04:41.980975 3552031 log.h:176] [ddl_manager.cpp:350][operator()][4294992652]db manager working thread.
I1216 19:04:53.941608 3551990 log.h:176] [schema_manager.cpp:349][process_peer_heartbeat_for_store][25769814017]process peer hearbeat, table_exist_time: 1, partition_exist_time: 0, ilegal_peer_time: 1, log_id: 17412759119026964520
I1216 19:04:53.941672 3551990 log.h:176] [schema_manager.cpp:380][process_leader_heartbeat_for_store][25769814017]store: 127.0.1.1:8110 process leader heartbeat, update_status_time: 2, leader_region_time: 10 leader_balance_time: 8, log_id: 17412759119026964520
I1216 19:04:53.941684 3551990 log.h:176] [meta_state_machine.cpp:97][store_heartbeat][25769814017]store:127.0.1.1:8110 heart beat, time_cost: 92, instance_time: 4, peer_balance_time: 3, schema_time: 1, peer_time: 52, leader_time: 29, log_id: 17412759119026964520
I1216 19:05:01.144176 3552043 node.cpp:975] node tso_raft:127.0.1.1:8010:0:0 starts to do snapshot
I1216 19:05:01.148514 3552043 snapshot.cpp:642] Deleting /home/ubuntu/BaikalDB/meta_data/raft_data/snapshot/tso/snapshot_00000000000000548860
I1216 19:05:01.148541 3552043 snapshot.cpp:648] Renaming /home/ubuntu/BaikalDB/meta_data/raft_data/snapshot/tso/temp to /home/ubuntu/BaikalDB/meta_data/raft_data/snapshot/tso/snapshot_00000000000000548860
I1216 19:05:01.148554 3552043 snapshot.cpp:519] Deleting /home/ubuntu/BaikalDB/meta_data/raft_data/snapshot/tso/snapshot_00000000000000547663
I1216 19:05:01.148653 3552043 snapshot_executor.cpp:234] node tso_raft:127.0.1.1:8010:0:0 snapshot_save_done, last_included_index=548860 last_included_term=4
I1216 19:05:01.766726 3551978 log.h:176] [ddl_manager.cpp:704][work][4294992651]leader process ddl work.
I1216 19:05:02.088443 3552026 log.h:176] [ddl_manager.cpp:350][operator()][4294992652]db manager working thread.
I1216 19:05:12.889441 3552010 node.cpp:975] node meta_raft:127.0.1.1:8010:0:0 starts to do snapshot
I1216 19:05:12.889482 3552010 snapshot_executor.cpp:154] node meta_raft:127.0.1.1:8010:0:0 the gap between fsm applied index 10 and last_snapshot_index 10 is less than 1, will clear bufferred logs and return success
I1216 19:05:21.873612 3551956 log.h:176] [ddl_manager.cpp:704][work][4294992651]leader process ddl work.
I1216 19:05:22.195447 3551991 log.h:176] [ddl_manager.cpp:350][operator()][4294992652]db manager working thread.
I1216 19:05:24.111596 3552013 log.h:176] [schema_manager.cpp:349][process_peer_heartbeat_for_store][17179885313]process peer hearbeat, table_exist_time: 0, partition_exist_time: 1, ilegal_peer_time: 0, log_id: 16197250776620254409
I1216 19:05:24.111634 3552013 log.h:176] [schema_manager.cpp:380][process_leader_heartbeat_for_store][17179885313]store: 127.0.1.1:8110 process leader heartbeat, update_status_time: 1, leader_region_time: 9 leader_balance_time: 6, log_id: 16197250776620254409
I1216 19:05:24.111639 3552013 log.h:176] [meta_state_machine.cpp:97][store_heartbeat][17179885313]store:127.0.1.1:8110 heart beat, time_cost: 57, instance_time: 4, peer_balance_time: 2, schema_time: 2, peer_time: 28, leader_time: 19, log_id: 16197250776620254409
I1216 19:05:41.981123 3552010 log.h:176] [ddl_manager.cpp:704][work][4294992651]leader process ddl work.
I1216 19:05:42.302846 3551986 log.h:176] [ddl_manager.cpp:350][operator()][4294992652]db manager working thread.
I1216 19:05:54.283766 3552014 log.h:176] [schema_manager.cpp:349][process_peer_heartbeat_for_store][21474852865]process peer hearbeat, table_exist_time: 0, partition_exist_time: 1, ilegal_peer_time: 1, log_id: 11443836662182784321
I1216 19:05:54.283820 3552014 log.h:176] [schema_manager.cpp:380][process_leader_heartbeat_for_store][21474852865]store: 127.0.1.1:8110 process leader heartbeat, update_status_time: 1, leader_region_time: 10 leader_balance_time: 5, log_id: 11443836662182784321
I1216 19:05:54.283825 3552014 log.h:176] [meta_state_machine.cpp:97][store_heartbeat][21474852865]store:127.0.1.1:8110 heart beat, time_cost: 73, instance_time: 3, peer_balance_time: 2, schema_time: 2, peer_time: 45, leader_time: 20, log_id: 11443836662182784321
I1216 19:06:01.144363 3551987 node.cpp:975] node tso_raft:127.0.1.1:8010:0:0 starts to do snapshot
I1216 19:06:01.148679 3551987 snapshot.cpp:642] Deleting /home/ubuntu/BaikalDB/meta_data/raft_data/snapshot/tso/snapshot_00000000000000550057
I1216 19:06:01.148687 3551987 snapshot.cpp:648] Renaming /home/ubuntu/BaikalDB/meta_data/raft_data/snapshot/tso/temp to /home/ubuntu/BaikalDB/meta_data/raft_data/snapshot/tso/snapshot_00000000000000550057
I1216 19:06:01.148699 3551987 snapshot.cpp:519] Deleting /home/ubuntu/BaikalDB/meta_data/raft_data/snapshot/tso/snapshot_00000000000000548860
I1216 19:06:01.148810 3551987 snapshot_executor.cpp:234] node tso_raft:127.0.1.1:8010:0:0 snapshot_save_done, last_included_index=550057 last_included_term=4
I1216 19:06:02.089262 3552026 log.h:176] [ddl_manager.cpp:704][work][4294992651]leader process ddl work.
I1216 19:06:02.410885 3551967 log.h:176] [ddl_manager.cpp:350][operator()][4294992652]db manager working thread.
I1216 19:06:22.196449 3551971 log.h:176] [ddl_manager.cpp:704][work][4294992651]leader process ddl work.
I1216 19:06:22.518241 3552010 log.h:176] [ddl_manager.cpp:350][operator()][4294992652]db manager working thread.
I1216 19:06:24.455940 3552028 log.h:176] [schema_manager.cpp:349][process_peer_heartbeat_for_store][17179889153]process peer hearbeat, table_exist_time: 0, partition_exist_time: 0, ilegal_peer_time: 0, log_id: 13316777693009500031
I1216 19:06:24.455979 3552028 log.h:176] [schema_manager.cpp:380][process_leader_heartbeat_for_store][17179889153]store: 127.0.1.1:8110 process leader heartbeat, update_status_time: 1, leader_region_time: 9 leader_balance_time: 7, log_id: 13316777693009500031
I1216 19:06:24.455984 3552028 log.h:176] [meta_state_machine.cpp:97][store_heartbeat][17179889153]store:127.0.1.1:8110 heart beat, time_cost: 57, instance_time: 3, peer_balance_time: 2, schema_time: 1, peer_time: 28, leader_time: 21, log_id: 13316777693009500031
I1216 19:06:40.413571 3551981 node.cpp:975] node auto_incr_raft:127.0.1.1:8010:0:0 starts to do snapshot
I1216 19:06:40.413609 3551981 snapshot_executor.cpp:154] node auto_incr_raft:127.0.1.1:8010:0:0 the gap between fsm applied index 3 and last_snapshot_index 3 is less than 1, will clear bufferred logs and return success
I1216 19:06:42.303900 3551971 log.h:176] [ddl_manager.cpp:704][work][4294992651]leader process ddl work.
I1216 19:06:42.625676 3551991 log.h:176] [ddl_manager.cpp:350][operator()][4294992652]db manager working thread.
I1216 19:06:54.631629 3551951 log.h:176] [schema_manager.cpp:349][process_peer_heartbeat_for_store][17179869185]process peer hearbeat, table_exist_time: 1, partition_exist_time: 0, ilegal_peer_time: 1, log_id: 12512095541524460768
I1216 19:06:54.631697 3551951 log.h:176] [schema_manager.cpp:380][process_leader_heartbeat_for_store][17179869185]store: 127.0.1.1:8110 process leader heartbeat, update_status_time: 1, leader_region_time: 12 leader_balance_time: 9, log_id: 12512095541524460768
I1216 19:06:54.631709 3551951 log.h:176] [meta_state_machine.cpp:97][store_heartbeat][17179869185]store:127.0.1.1:8110 heart beat, time_cost: 99, instance_time: 4, peer_balance_time: 3, schema_time: 2, peer_time: 54, leader_time: 33, log_id: 12512095541524460768
I1216 19:07:01.144532 3551978 node.cpp:975] node tso_raft:127.0.1.1:8010:0:0 starts to do snapshot
I1216 19:07:01.145664 3551978 snapshot.cpp:642] Deleting /home/ubuntu/BaikalDB/meta_data/raft_data/snapshot/tso/snapshot_00000000000000551254
I1216 19:07:01.145670 3551978 snapshot.cpp:648] Renaming /home/ubuntu/BaikalDB/meta_data/raft_data/snapshot/tso/temp to /home/ubuntu/BaikalDB/meta_data/raft_data/snapshot/tso/snapshot_00000000000000551254
I1216 19:07:01.145681 3551978 snapshot.cpp:519] Deleting /home/ubuntu/BaikalDB/meta_data/raft_data/snapshot/tso/snapshot_00000000000000550057
I1216 19:07:01.145747 3551978 snapshot_executor.cpp:234] node tso_raft:127.0.1.1:8010:0:0 snapshot_save_done, last_included_index=551254 last_included_term=4
I1216 19:07:02.411350 3551950 log.h:176] [ddl_manager.cpp:704][work][4294992651]leader process ddl work.
I1216 19:07:02.732949 3551970 log.h:176] [ddl_manager.cpp:350][operator()][4294992652]db manager working thread.
I1216 19:07:22.517411 3551971 log.h:176] [ddl_manager.cpp:704][work][4294992651]leader process ddl work.
I1216 19:07:22.839208 3551970 log.h:176] [ddl_manager.cpp:350][operator()][4294992652]db manager working thread.
I1216 19:07:24.803817 3551952 log.h:176] [schema_manager.cpp:349][process_peer_heartbeat_for_store][17179869953]process peer hearbeat, table_exist_time: 1, partition_exist_time: 0, ilegal_peer_time: 0, log_id: 3456103929304688199
I1216 19:07:24.803861 3551952 log.h:176] [schema_manager.cpp:380][process_leader_heartbeat_for_store][17179869953]store: 127.0.1.1:8110 process leader heartbeat, update_status_time: 1, leader_region_time: 8 leader_balance_time: 7, log_id: 3456103929304688199
I1216 19:07:24.803869 3551952 log.h:176] [meta_state_machine.cpp:97][store_heartbeat][17179869953]store:127.0.1.1:8110 heart beat, time_cost: 65, instance_time: 3, peer_balance_time: 3, schema_time: 1, peer_time: 35, leader_time: 21, log_id: 3456103929304688199
I1216 19:07:42.624181 3551978 log.h:176] [ddl_manager.cpp:704][work][4294992651]leader process ddl work.
I1216 19:07:42.945890 3551984 log.h:176] [ddl_manager.cpp:350][operator()][4294992652]db manager working thread.
I1216 19:07:54.973155 3552045 log.h:176] [schema_manager.cpp:349][process_peer_heartbeat_for_store][30064796425]process peer hearbeat, table_exist_time: 1, partition_exist_time: 0, ilegal_peer_time: 0, log_id: 3239631383515309439
I1216 19:07:54.973191 3552045 log.h:176] [schema_manager.cpp:380][process_leader_heartbeat_for_store][30064796425]store: 127.0.1.1:8110 process leader heartbeat, update_status_time: 2, leader_region_time: 8 leader_balance_time: 5, log_id: 3239631383515309439
I1216 19:07:54.973196 3552045 log.h:176] [meta_state_machine.cpp:97][store_heartbeat][30064796425]store:127.0.1.1:8110 heart beat, time_cost: 53, instance_time: 3, peer_balance_time: 2, schema_time: 2, peer_time: 25, leader_time: 20, log_id: 3239631383515309439
I1216 19:08:01.144686 3551978 node.cpp:975] node tso_raft:127.0.1.1:8010:0:0 starts to do snapshot
I1216 19:08:01.145644 3551978 snapshot.cpp:642] Deleting /home/ubuntu/BaikalDB/meta_data/raft_data/snapshot/tso/snapshot_00000000000000552451
I1216 19:08:01.145651 3551978 snapshot.cpp:648] Renaming /home/ubuntu/BaikalDB/meta_data/raft_data/snapshot/tso/temp to /home/ubuntu/BaikalDB/meta_data/raft_data/snapshot/tso/snapshot_00000000000000552451
I1216 19:08:01.145660 3551978 snapshot.cpp:519] Deleting /home/ubuntu/BaikalDB/meta_data/raft_data/snapshot/tso/snapshot_00000000000000551254
I1216 19:08:01.145725 3551978 snapshot_executor.cpp:234] node tso_raft:127.0.1.1:8010:0:0 snapshot_save_done, last_included_index=552451 last_included_term=4
I1216 19:08:02.732002 3551950 log.h:176] [ddl_manager.cpp:704][work][4294992651]leader process ddl work.
I1216 19:08:03.053606 3551984 log.h:176] [ddl_manager.cpp:350][operator()][4294992652]db manager working thread.
I1216 19:08:22.839607 3551991 log.h:176] [ddl_manager.cpp:704][work][4294992651]leader process ddl work.
I1216 19:08:23.161257 3552031 log.h:176] [ddl_manager.cpp:350][operator()][4294992652]db manager working thread.
I1216 19:08:25.145399 3551964 log.h:176] [schema_manager.cpp:349][process_peer_heartbeat_for_store][21474840065]process peer hearbeat, table_exist_time: 1, partition_exist_time: 0, ilegal_peer_time: 1, log_id: 15698656008766527696
I1216 19:08:25.145462 3551964 log.h:176] [schema_manager.cpp:380][process_leader_heartbeat_for_store][21474840065]store: 127.0.1.1:8110 process leader heartbeat, update_status_time: 2, leader_region_time: 25 leader_balance_time: 5, log_id: 15698656008766527696
I1216 19:08:25.145488 3551964 log.h:176] [meta_state_machine.cpp:97][store_heartbeat][21474840065]store:127.0.1.1:8110 heart beat, time_cost: 105, instance_time: 3, peer_balance_time: 2, schema_time: 2, peer_time: 36, leader_time: 59, log_id: 15698656008766527696
I1216 19:08:42.948074 3551967 log.h:176] [ddl_manager.cpp:704][work][4294992651]leader process ddl work.
I1216 19:08:43.269840 3551976 log.h:176] [ddl_manager.cpp:350][operator()][4294992652]db manager working thread.
I1216 19:08:55.315472 3551985 log.h:176] [schema_manager.cpp:349][process_peer_heartbeat_for_store][25769812737]process peer hearbeat, table_exist_time: 1, partition_exist_time: 0, ilegal_peer_time: 0, log_id: 2840938673013350752
I1216 19:08:55.315518 3551985 log.h:176] [schema_manager.cpp:380][process_leader_heartbeat_for_store][25769812737]store: 127.0.1.1:8110 process leader heartbeat, update_status_time: 1, leader_region_time: 8 leader_balance_time: 7, log_id: 2840938673013350752
I1216 19:08:55.315526 3551985 log.h:176] [meta_state_machine.cpp:97][store_heartbeat][25769812737]store:127.0.1.1:8110 heart beat, time_cost: 67, instance_time: 3, peer_balance_time: 1, schema_time: 2, peer_time: 35, leader_time: 24, log_id: 2840938673013350752
I1216 19:09:01.144827 3551960 node.cpp:975] node tso_raft:127.0.1.1:8010:0:0 starts to do snapshot
I1216 19:09:01.146173 3551960 snapshot.cpp:642] Deleting /home/ubuntu/BaikalDB/meta_data/raft_data/snapshot/tso/snapshot_00000000000000553648
I1216 19:09:01.146185 3551960 snapshot.cpp:648] Renaming /home/ubuntu/BaikalDB/meta_data/raft_data/snapshot/tso/temp to /home/ubuntu/BaikalDB/meta_data/raft_data/snapshot/tso/snapshot_00000000000000553648
I1216 19:09:01.146196 3551960 snapshot.cpp:519] Deleting /home/ubuntu/BaikalDB/meta_data/raft_data/snapshot/tso/snapshot_00000000000000552451
I1216 19:09:01.146275 3551960 snapshot_executor.cpp:234] node tso_raft:127.0.1.1:8010:0:0 snapshot_save_done, last_included_index=553648 last_included_term=4
I1216 19:09:03.056285 3552008 log.h:176] [ddl_manager.cpp:704][work][4294992651]leader process ddl work.
I1216 19:09:03.378058 3551950 log.h:176] [ddl_manager.cpp:350][operator()][4294992652]db manager working thread.
I1216 19:09:23.164376 3551956 log.h:176] [ddl_manager.cpp:704][work][4294992651]leader process ddl work.
I1216 19:09:23.486063 3551956 log.h:176] [ddl_manager.cpp:350][operator()][4294992652]db manager working thread.
I1216 19:09:25.486573 3551993 log.h:176] [schema_manager.cpp:349][process_peer_heartbeat_for_store][25769814785]process peer hearbeat, table_exist_time: 0, partition_exist_time: 0, ilegal_peer_time: 1, log_id: 4706691449424849648
I1216 19:09:25.486594 3551993 log.h:176] [schema_manager.cpp:380][process_leader_heartbeat_for_store][25769814785]store: 127.0.1.1:8110 process leader heartbeat, update_status_time: 2, leader_region_time: 8 leader_balance_time: 4, log_id: 4706691449424849648
I1216 19:09:25.486600 3551993 log.h:176] [meta_state_machine.cpp:97][store_heartbeat][25769814785]store:127.0.1.1:8110 heart beat, time_cost: 87, instance_time: 3, peer_balance_time: 53, schema_time: 2, peer_time: 8, leader_time: 18, log_id: 4706691449424849648
I1216 19:09:43.271443 3551987 log.h:176] [ddl_manager.cpp:704][work][4294992651]leader process ddl work.
I1216 19:09:43.595165 3551987 log.h:176] [ddl_manager.cpp:350][operator()][4294992652]db manager working thread.
I1216 19:09:55.657550 3551990 log.h:176] [schema_manager.cpp:349][process_peer_heartbeat_for_store][30064781313]process peer hearbeat, table_exist_time: 1, partition_exist_time: 0, ilegal_peer_time: 1, log_id: 17631634114711647646
I1216 19:09:55.657593 3551990 log.h:176] [schema_manager.cpp:380][process_leader_heartbeat_for_store][30064781313]store: 127.0.1.1:8110 process leader heartbeat, update_status_time: 2, leader_region_time: 10 leader_balance_time: 5, log_id: 17631634114711647646
I1216 19:09:55.657596 3551990 log.h:176] [meta_state_machine.cpp:97][store_heartbeat][30064781313]store:127.0.1.1:8110 heart beat, time_cost: 60, instance_time: 3, peer_balance_time: 2, schema_time: 1, peer_time: 32, leader_time: 21, log_id: 17631634114711647646
I1216 19:10:01.144999 3552022 node.cpp:975] node tso_raft:127.0.1.1:8010:0:0 starts to do snapshot
I1216 19:10:01.149757 3552022 snapshot.cpp:642] Deleting /home/ubuntu/BaikalDB/meta_data/raft_data/snapshot/tso/snapshot_00000000000000554845
I1216 19:10:01.149767 3552022 snapshot.cpp:648] Renaming /home/ubuntu/BaikalDB/meta_data/raft_data/snapshot/tso/temp to /home/ubuntu/BaikalDB/meta_data/raft_data/snapshot/tso/snapshot_00000000000000554845
I1216 19:10:01.149780 3552022 snapshot.cpp:519] Deleting /home/ubuntu/BaikalDB/meta_data/raft_data/snapshot/tso/snapshot_00000000000000553648
