I1216 19:10:01.151448 3552022 snapshot_executor.cpp:234] node tso_raft:127.0.1.1:8010:0:0 snapshot_save_done, last_included_index=554845 last_included_term=4
I1216 19:10:03.379441 3551991 log.h:176] [ddl_manager.cpp:704][work][4294992651]leader process ddl work.
I1216 19:10:03.705669 3552046 log.h:176] [ddl_manager.cpp:350][operator()][4294992652]db manager working thread.
I1216 19:10:23.486507 3552043 log.h:176] [ddl_manager.cpp:704][work][4294992651]leader process ddl work.
I1216 19:10:23.814018 3551991 log.h:176] [ddl_manager.cpp:350][operator()][4294992652]db manager working thread.
I1216 19:10:25.828217 3552013 log.h:176] [schema_manager.cpp:349][process_peer_heartbeat_for_store][21474852609]process peer hearbeat, table_exist_time: 1, partition_exist_time: 0, ilegal_peer_time: 1, log_id: 15268042670221254553
I1216 19:10:25.828269 3552013 log.h:176] [schema_manager.cpp:380][process_leader_heartbeat_for_store][21474852609]store: 127.0.1.1:8110 process leader heartbeat, update_status_time: 2, leader_region_time: 10 leader_balance_time: 6, log_id: 15268042670221254553
I1216 19:10:25.828276 3552013 log.h:176] [meta_state_machine.cpp:97][store_heartbeat][21474852609]store:127.0.1.1:8110 heart beat, time_cost: 77, instance_time: 4, peer_balance_time: 3, schema_time: 2, peer_time: 40, leader_time: 26, log_id: 15268042670221254553
I1216 19:10:43.594240 3551976 log.h:176] [ddl_manager.cpp:704][work][4294992651]leader process ddl work.
I1216 19:10:43.925565 3551998 log.h:176] [ddl_manager.cpp:350][operator()][4294992652]db manager working thread.
I1216 19:10:55.999330 3552014 log.h:176] [schema_manager.cpp:349][process_peer_heartbeat_for_store][25769820161]process peer hearbeat, table_exist_time: 1, partition_exist_time: 0, ilegal_peer_time: 1, log_id: 3427156400909658612
I1216 19:10:55.999365 3552014 log.h:176] [schema_manager.cpp:380][process_leader_heartbeat_for_store][25769820161]store: 127.0.1.1:8110 process leader heartbeat, update_status_time: 1, leader_region_time: 8 leader_balance_time: 6, log_id: 3427156400909658612
I1216 19:10:55.999370 3552014 log.h:176] [meta_state_machine.cpp:97][store_heartbeat][25769820161]store:127.0.1.1:8110 heart beat, time_cost: 54, instance_time: 3, peer_balance_time: 2, schema_time: 2, peer_time: 26, leader_time: 19, log_id: 3427156400909658612
I1216 19:11:01.145171 3551978 node.cpp:975] node tso_raft:127.0.1.1:8010:0:0 starts to do snapshot
I1216 19:11:01.149358 3551978 snapshot.cpp:642] Deleting /home/ubuntu/BaikalDB/meta_data/raft_data/snapshot/tso/snapshot_00000000000000556042
I1216 19:11:01.149364 3551978 snapshot.cpp:648] Renaming /home/ubuntu/BaikalDB/meta_data/raft_data/snapshot/tso/temp to /home/ubuntu/BaikalDB/meta_data/raft_data/snapshot/tso/snapshot_00000000000000556042
I1216 19:11:01.149374 3551978 snapshot.cpp:519] Deleting /home/ubuntu/BaikalDB/meta_data/raft_data/snapshot/tso/snapshot_00000000000000554845
I1216 19:11:01.149449 3551978 snapshot_executor.cpp:234] node tso_raft:127.0.1.1:8010:0:0 snapshot_save_done, last_included_index=556042 last_included_term=4
I1216 19:11:03.701436 3552022 log.h:176] [ddl_manager.cpp:704][work][4294992651]leader process ddl work.
I1216 19:11:04.033167 3551987 log.h:176] [ddl_manager.cpp:350][operator()][4294992652]db manager working thread.
I1216 19:11:23.809450 3552010 log.h:176] [ddl_manager.cpp:704][work][4294992651]leader process ddl work.
I1216 19:11:24.141297 3552008 log.h:176] [ddl_manager.cpp:350][operator()][4294992652]db manager working thread.
I1216 19:11:26.168406 3552028 log.h:176] [schema_manager.cpp:349][process_peer_heartbeat_for_store][21474856449]process peer hearbeat, table_exist_time: 0, partition_exist_time: 0, ilegal_peer_time: 1, log_id: 12590354305144820638
I1216 19:11:26.168452 3552028 log.h:176] [schema_manager.cpp:380][process_leader_heartbeat_for_store][21474856449]store: 127.0.1.1:8110 process leader heartbeat, update_status_time: 1, leader_region_time: 8 leader_balance_time: 5, log_id: 12590354305144820638
I1216 19:11:26.168457 3552028 log.h:176] [meta_state_machine.cpp:97][store_heartbeat][21474856449]store:127.0.1.1:8110 heart beat, time_cost: 64, instance_time: 2, peer_balance_time: 2, schema_time: 1, peer_time: 37, leader_time: 19, log_id: 12590354305144820638
I1216 19:11:43.918267 3551978 log.h:176] [ddl_manager.cpp:704][work][4294992651]leader process ddl work.
I1216 19:11:44.250118 3551984 log.h:176] [ddl_manager.cpp:350][operator()][4294992652]db manager working thread.
I1216 19:11:56.335462 3551951 log.h:176] [schema_manager.cpp:349][process_peer_heartbeat_for_store][21474836481]process peer hearbeat, table_exist_time: 0, partition_exist_time: 1, ilegal_peer_time: 0, log_id: 11082285940786352837
I1216 19:11:56.335502 3551951 log.h:176] [schema_manager.cpp:380][process_leader_heartbeat_for_store][21474836481]store: 127.0.1.1:8110 process leader heartbeat, update_status_time: 2, leader_region_time: 8 leader_balance_time: 6, log_id: 11082285940786352837
I1216 19:11:56.335510 3551951 log.h:176] [meta_state_machine.cpp:97][store_heartbeat][21474836481]store:127.0.1.1:8110 heart beat, time_cost: 62, instance_time: 3, peer_balance_time: 2, schema_time: 2, peer_time: 29, leader_time: 22, log_id: 11082285940786352837
I1216 19:12:01.145336 3552046 node.cpp:975] node tso_raft:127.0.1.1:8010:0:0 starts to do snapshot
I1216 19:12:01.149672 3552046 snapshot.cpp:642] Deleting /home/ubuntu/BaikalDB/meta_data/raft_data/snapshot/tso/snapshot_00000000000000557239
I1216 19:12:01.149679 3552046 snapshot.cpp:648] Renaming /home/ubuntu/BaikalDB/meta_data/raft_data/snapshot/tso/temp to /home/ubuntu/BaikalDB/meta_data/raft_data/snapshot/tso/snapshot_00000000000000557239
I1216 19:12:01.149690 3552046 snapshot.cpp:519] Deleting /home/ubuntu/BaikalDB/meta_data/raft_data/snapshot/tso/snapshot_00000000000000556042
I1216 19:12:01.149770 3552046 snapshot_executor.cpp:234] node tso_raft:127.0.1.1:8010:0:0 snapshot_save_done, last_included_index=557239 last_included_term=4
I1216 19:12:04.025498 3552046 log.h:176] [ddl_manager.cpp:704][work][4294992651]leader process ddl work.
I1216 19:12:04.357334 3551986 log.h:176] [ddl_manager.cpp:350][operator()][4294992652]db manager working thread.
I1216 19:12:24.133154 3551981 log.h:176] [ddl_manager.cpp:704][work][4294992651]leader process ddl work.
I1216 19:12:24.464953 3551976 log.h:176] [ddl_manager.cpp:350][operator()][4294992652]db manager working thread.
I1216 19:12:26.503369 3551952 log.h:176] [schema_manager.cpp:349][process_peer_heartbeat_for_store][21474837249]process peer hearbeat, table_exist_time: 1, partition_exist_time: 0, ilegal_peer_time: 1, log_id: 18118232135735773670
I1216 19:12:26.503408 3551952 log.h:176] [schema_manager.cpp:380][process_leader_heartbeat_for_store][21474837249]store: 127.0.1.1:8110 process leader heartbeat, update_status_time: 1, leader_region_time: 9 leader_balance_time: 5, log_id: 18118232135735773670
I1216 19:12:26.503414 3551952 log.h:176] [meta_state_machine.cpp:97][store_heartbeat][21474837249]store:127.0.1.1:8110 heart beat, time_cost: 58, instance_time: 4, peer_balance_time: 2, schema_time: 1, peer_time: 30, leader_time: 20, log_id: 18118232135735773670
I1216 19:12:44.240406 3551975 log.h:176] [ddl_manager.cpp:704][work][4294992651]leader process ddl work.
I1216 19:12:44.572237 3552041 log.h:176] [ddl_manager.cpp:350][operator()][4294992652]db manager working thread.
I1216 19:12:56.672590 3552045 log.h:176] [schema_manager.cpp:349][process_peer_heartbeat_for_store][34359763721]process peer hearbeat, table_exist_time: 0, partition_exist_time: 0, ilegal_peer_time: 1, log_id: 5888431705864027143
I1216 19:12:56.672626 3552045 log.h:176] [schema_manager.cpp:380][process_leader_heartbeat_for_store][34359763721]store: 127.0.1.1:8110 process leader heartbeat, update_status_time: 1, leader_region_time: 7 leader_balance_time: 5, log_id: 5888431705864027143
I1216 19:12:56.672631 3552045 log.h:176] [meta_state_machine.cpp:97][store_heartbeat][34359763721]store:127.0.1.1:8110 heart beat, time_cost: 54, instance_time: 3, peer_balance_time: 2, schema_time: 1, peer_time: 29, leader_time: 17, log_id: 5888431705864027143
I1216 19:13:01.145510 3552022 node.cpp:975] node tso_raft:127.0.1.1:8010:0:0 starts to do snapshot
I1216 19:13:01.149852 3552022 snapshot.cpp:642] Deleting /home/ubuntu/BaikalDB/meta_data/raft_data/snapshot/tso/snapshot_00000000000000558436
I1216 19:13:01.149859 3552022 snapshot.cpp:648] Renaming /home/ubuntu/BaikalDB/meta_data/raft_data/snapshot/tso/temp to /home/ubuntu/BaikalDB/meta_data/raft_data/snapshot/tso/snapshot_00000000000000558436
I1216 19:13:01.149871 3552022 snapshot.cpp:519] Deleting /home/ubuntu/BaikalDB/meta_data/raft_data/snapshot/tso/snapshot_00000000000000557239
I1216 19:13:01.149952 3552022 snapshot_executor.cpp:234] node tso_raft:127.0.1.1:8010:0:0 snapshot_save_done, last_included_index=558436 last_included_term=4
I1216 19:13:04.349291 3552008 log.h:176] [ddl_manager.cpp:704][work][4294992651]leader process ddl work.
I1216 19:13:04.681002 3551991 log.h:176] [ddl_manager.cpp:350][operator()][4294992652]db manager working thread.
I1216 19:13:24.458082 3552043 log.h:176] [ddl_manager.cpp:704][work][4294992651]leader process ddl work.
I1216 19:13:24.789947 3552041 log.h:176] [ddl_manager.cpp:350][operator()][4294992652]db manager working thread.
I1216 19:13:26.845846 3551964 log.h:176] [schema_manager.cpp:349][process_peer_heartbeat_for_store][25769807361]process peer hearbeat, table_exist_time: 0, partition_exist_time: 0, ilegal_peer_time: 0, log_id: 7397088716427827374
I1216 19:13:26.845894 3551964 log.h:176] [schema_manager.cpp:380][process_leader_heartbeat_for_store][25769807361]store: 127.0.1.1:8110 process leader heartbeat, update_status_time: 1, leader_region_time: 7 leader_balance_time: 5, log_id: 7397088716427827374
I1216 19:13:26.845901 3551964 log.h:176] [meta_state_machine.cpp:97][store_heartbeat][25769807361]store:127.0.1.1:8110 heart beat, time_cost: 71, instance_time: 3, peer_balance_time: 2, schema_time: 2, peer_time: 43, leader_time: 18, log_id: 7397088716427827374
I1216 19:13:44.566669 3551975 log.h:176] [ddl_manager.cpp:704][work][4294992651]leader process ddl work.
I1216 19:13:44.898401 3551986 log.h:176] [ddl_manager.cpp:350][operator()][4294992652]db manager working thread.
I1216 19:13:57.016877 3551985 log.h:176] [schema_manager.cpp:349][process_peer_heartbeat_for_store][30064780033]process peer hearbeat, table_exist_time: 0, partition_exist_time: 1, ilegal_peer_time: 0, log_id: 8380233830352247970
I1216 19:13:57.016927 3551985 log.h:176] [schema_manager.cpp:380][process_leader_heartbeat_for_store][30064780033]store: 127.0.1.1:8110 process leader heartbeat, update_status_time: 1, leader_region_time: 10 leader_balance_time: 6, log_id: 8380233830352247970
I1216 19:13:57.016933 3551985 log.h:176] [meta_state_machine.cpp:97][store_heartbeat][30064780033]store:127.0.1.1:8110 heart beat, time_cost: 69, instance_time: 3, peer_balance_time: 1, schema_time: 2, peer_time: 37, leader_time: 24, log_id: 8380233830352247970
I1216 19:14:01.145681 3551984 node.cpp:975] node tso_raft:127.0.1.1:8010:0:0 starts to do snapshot
I1216 19:14:01.150137 3551984 snapshot.cpp:642] Deleting /home/ubuntu/BaikalDB/meta_data/raft_data/snapshot/tso/snapshot_00000000000000559633
I1216 19:14:01.150144 3551984 snapshot.cpp:648] Renaming /home/ubuntu/BaikalDB/meta_data/raft_data/snapshot/tso/temp to /home/ubuntu/BaikalDB/meta_data/raft_data/snapshot/tso/snapshot_00000000000000559633
I1216 19:14:01.150158 3551984 snapshot.cpp:519] Deleting /home/ubuntu/BaikalDB/meta_data/raft_data/snapshot/tso/snapshot_00000000000000558436
I1216 19:14:01.150250 3551984 snapshot_executor.cpp:234] node tso_raft:127.0.1.1:8010:0:0 snapshot_save_done, last_included_index=559633 last_included_term=4
I1216 19:14:04.675290 3551991 log.h:176] [ddl_manager.cpp:704][work][4294992651]leader process ddl work.
I1216 19:14:05.007066 3551950 log.h:176] [ddl_manager.cpp:350][operator()][4294992652]db manager working thread.
I1216 19:14:24.782677 3552046 log.h:176] [ddl_manager.cpp:704][work][4294992651]leader process ddl work.
I1216 19:14:25.114495 3551987 log.h:176] [ddl_manager.cpp:350][operator()][4294992652]db manager working thread.
I1216 19:14:27.185856 3551993 log.h:176] [schema_manager.cpp:349][process_peer_heartbeat_for_store][30064782081]process peer hearbeat, table_exist_time: 0, partition_exist_time: 0, ilegal_peer_time: 1, log_id: 1631137852311840125
I1216 19:14:27.185891 3551993 log.h:176] [schema_manager.cpp:380][process_leader_heartbeat_for_store][30064782081]store: 127.0.1.1:8110 process leader heartbeat, update_status_time: 1, leader_region_time: 7 leader_balance_time: 5, log_id: 1631137852311840125
I1216 19:14:27.185897 3551993 log.h:176] [meta_state_machine.cpp:97][store_heartbeat][30064782081]store:127.0.1.1:8110 heart beat, time_cost: 54, instance_time: 3, peer_balance_time: 2, schema_time: 2, peer_time: 27, leader_time: 17, log_id: 1631137852311840125
I1216 19:14:44.889556 3551984 log.h:176] [ddl_manager.cpp:704][work][4294992651]leader process ddl work.
I1216 19:14:45.221308 3551987 log.h:176] [ddl_manager.cpp:350][operator()][4294992652]db manager working thread.
I1216 19:14:57.354385 3551990 log.h:176] [schema_manager.cpp:349][process_peer_heartbeat_for_store][34359748609]process peer hearbeat, table_exist_time: 1, partition_exist_time: 0, ilegal_peer_time: 1, log_id: 1344860883775389435
I1216 19:14:57.354420 3551990 log.h:176] [schema_manager.cpp:380][process_leader_heartbeat_for_store][34359748609]store: 127.0.1.1:8110 process leader heartbeat, update_status_time: 1, leader_region_time: 8 leader_balance_time: 5, log_id: 1344860883775389435
I1216 19:14:57.354427 3551990 log.h:176] [meta_state_machine.cpp:97][store_heartbeat][34359748609]store:127.0.1.1:8110 heart beat, time_cost: 56, instance_time: 4, peer_balance_time: 1, schema_time: 2, peer_time: 28, leader_time: 19, log_id: 1344860883775389435
I1216 19:15:01.145848 3551978 node.cpp:975] node tso_raft:127.0.1.1:8010:0:0 starts to do snapshot
I1216 19:15:01.150249 3551978 snapshot.cpp:642] Deleting /home/ubuntu/BaikalDB/meta_data/raft_data/snapshot/tso/snapshot_00000000000000560829
I1216 19:15:01.150261 3551978 snapshot.cpp:648] Renaming /home/ubuntu/BaikalDB/meta_data/raft_data/snapshot/tso/temp to /home/ubuntu/BaikalDB/meta_data/raft_data/snapshot/tso/snapshot_00000000000000560829
I1216 19:15:01.150275 3551978 snapshot.cpp:519] Deleting /home/ubuntu/BaikalDB/meta_data/raft_data/snapshot/tso/snapshot_00000000000000559633
I1216 19:15:01.150377 3551978 snapshot_executor.cpp:234] node tso_raft:127.0.1.1:8010:0:0 snapshot_save_done, last_included_index=560829 last_included_term=4
I1216 19:15:04.997444 3552004 log.h:176] [ddl_manager.cpp:704][work][4294992651]leader process ddl work.
I1216 19:15:05.329293 3551970 log.h:176] [ddl_manager.cpp:350][operator()][4294992652]db manager working thread.
I1216 19:15:12.889550 3551984 node.cpp:975] node meta_raft:127.0.1.1:8010:0:0 starts to do snapshot
I1216 19:15:12.889580 3551984 snapshot_executor.cpp:154] node meta_raft:127.0.1.1:8010:0:0 the gap between fsm applied index 10 and last_snapshot_index 10 is less than 1, will clear bufferred logs and return success
I1216 19:15:25.105443 3551991 log.h:176] [ddl_manager.cpp:704][work][4294992651]leader process ddl work.
I1216 19:15:25.437299 3552026 log.h:176] [ddl_manager.cpp:350][operator()][4294992652]db manager working thread.
I1216 19:15:27.523857 3552013 log.h:176] [schema_manager.cpp:349][process_peer_heartbeat_for_store][25769819905]process peer hearbeat, table_exist_time: 0, partition_exist_time: 0, ilegal_peer_time: 1, log_id: 4524462163096378872
I1216 19:15:27.523901 3552013 log.h:176] [schema_manager.cpp:380][process_leader_heartbeat_for_store][25769819905]store: 127.0.1.1:8110 process leader heartbeat, update_status_time: 2, leader_region_time: 10 leader_balance_time: 4, log_id: 4524462163096378872
I1216 19:15:27.523906 3552013 log.h:176] [meta_state_machine.cpp:97][store_heartbeat][25769819905]store:127.0.1.1:8110 heart beat, time_cost: 61, instance_time: 3, peer_balance_time: 1, schema_time: 2, peer_time: 32, leader_time: 21, log_id: 4524462163096378872
I1216 19:15:45.212386 3552010 log.h:176] [ddl_manager.cpp:704][work][4294992651]leader process ddl work.
I1216 19:15:45.544121 3551998 log.h:176] [ddl_manager.cpp:350][operator()][4294992652]db manager working thread.
I1216 19:15:57.691805 3552014 log.h:176] [schema_manager.cpp:349][process_peer_heartbeat_for_store][30064787457]process peer hearbeat, table_exist_time: 1, partition_exist_time: 0, ilegal_peer_time: 1, log_id: 9782824412721779445
I1216 19:15:57.691850 3552014 log.h:176] [schema_manager.cpp:380][process_leader_heartbeat_for_store][30064787457]store: 127.0.1.1:8110 process leader heartbeat, update_status_time: 1, leader_region_time: 9 leader_balance_time: 7, log_id: 9782824412721779445
I1216 19:15:57.691857 3552014 log.h:176] [meta_state_machine.cpp:97][store_heartbeat][30064787457]store:127.0.1.1:8110 heart beat, time_cost: 67, instance_time: 3, peer_balance_time: 3, schema_time: 1, peer_time: 35, leader_time: 22, log_id: 9782824412721779445
I1216 19:16:01.146019 3551970 node.cpp:975] node tso_raft:127.0.1.1:8010:0:0 starts to do snapshot
I1216 19:16:01.150323 3551970 snapshot.cpp:642] Deleting /home/ubuntu/BaikalDB/meta_data/raft_data/snapshot/tso/snapshot_00000000000000562026
I1216 19:16:01.150333 3551970 snapshot.cpp:648] Renaming /home/ubuntu/BaikalDB/meta_data/raft_data/snapshot/tso/temp to /home/ubuntu/BaikalDB/meta_data/raft_data/snapshot/tso/snapshot_00000000000000562026
I1216 19:16:01.150345 3551970 snapshot.cpp:519] Deleting /home/ubuntu/BaikalDB/meta_data/raft_data/snapshot/tso/snapshot_00000000000000560829
I1216 19:16:01.150426 3551970 snapshot_executor.cpp:234] node tso_raft:127.0.1.1:8010:0:0 snapshot_save_done, last_included_index=562026 last_included_term=4
I1216 19:16:05.318455 3551967 log.h:176] [ddl_manager.cpp:704][work][4294992651]leader process ddl work.
I1216 19:16:05.650202 3551975 log.h:176] [ddl_manager.cpp:350][operator()][4294992652]db manager working thread.
I1216 19:16:25.425437 3551975 log.h:176] [ddl_manager.cpp:704][work][4294992651]leader process ddl work.
I1216 19:16:25.757179 3551950 log.h:176] [ddl_manager.cpp:350][operator()][4294992652]db manager working thread.
I1216 19:16:27.859267 3552028 log.h:176] [schema_manager.cpp:349][process_peer_heartbeat_for_store][25769823745]process peer hearbeat, table_exist_time: 1, partition_exist_time: 0, ilegal_peer_time: 1, log_id: 6890388864177449084
I1216 19:16:27.859318 3552028 log.h:176] [schema_manager.cpp:380][process_leader_heartbeat_for_store][25769823745]store: 127.0.1.1:8110 process leader heartbeat, update_status_time: 0, leader_region_time: 9 leader_balance_time: 5, log_id: 6890388864177449084
I1216 19:16:27.859324 3552028 log.h:176] [meta_state_machine.cpp:97][store_heartbeat][25769823745]store:127.0.1.1:8110 heart beat, time_cost: 73, instance_time: 4, peer_balance_time: 3, schema_time: 1, peer_time: 43, leader_time: 20, log_id: 6890388864177449084
I1216 19:16:40.413677 3551975 node.cpp:975] node auto_incr_raft:127.0.1.1:8010:0:0 starts to do snapshot
I1216 19:16:40.413713 3551975 snapshot_executor.cpp:154] node auto_incr_raft:127.0.1.1:8010:0:0 the gap between fsm applied index 3 and last_snapshot_index 3 is less than 1, will clear bufferred logs and return success
I1216 19:16:45.533005 3552026 log.h:176] [ddl_manager.cpp:704][work][4294992651]leader process ddl work.
I1216 19:16:45.864852 3551976 log.h:176] [ddl_manager.cpp:350][operator()][4294992652]db manager working thread.
I1216 19:16:58.028849 3551951 log.h:176] [schema_manager.cpp:349][process_peer_heartbeat_for_store][25769803777]process peer hearbeat, table_exist_time: 0, partition_exist_time: 1, ilegal_peer_time: 1, log_id: 965835191847011626
I1216 19:16:58.028911 3551951 log.h:176] [schema_manager.cpp:380][process_leader_heartbeat_for_store][25769803777]store: 127.0.1.1:8110 process leader heartbeat, update_status_time: 1, leader_region_time: 14 leader_balance_time: 7, log_id: 965835191847011626
I1216 19:16:58.028920 3551951 log.h:176] [meta_state_machine.cpp:97][store_heartbeat][25769803777]store:127.0.1.1:8110 heart beat, time_cost: 87, instance_time: 3, peer_balance_time: 3, schema_time: 2, peer_time: 48, leader_time: 28, log_id: 965835191847011626
I1216 19:17:01.146193 3552043 node.cpp:975] node tso_raft:127.0.1.1:8010:0:0 starts to do snapshot
I1216 19:17:01.150633 3552043 snapshot.cpp:642] Deleting /home/ubuntu/BaikalDB/meta_data/raft_data/snapshot/tso/snapshot_00000000000000563223
I1216 19:17:01.150643 3552043 snapshot.cpp:648] Renaming /home/ubuntu/BaikalDB/meta_data/raft_data/snapshot/tso/temp to /home/ubuntu/BaikalDB/meta_data/raft_data/snapshot/tso/snapshot_00000000000000563223
I1216 19:17:01.150655 3552043 snapshot.cpp:519] Deleting /home/ubuntu/BaikalDB/meta_data/raft_data/snapshot/tso/snapshot_00000000000000562026
I1216 19:17:01.150738 3552043 snapshot_executor.cpp:234] node tso_raft:127.0.1.1:8010:0:0 snapshot_save_done, last_included_index=563223 last_included_term=4
I1216 19:17:05.639863 3551971 log.h:176] [ddl_manager.cpp:704][work][4294992651]leader process ddl work.
I1216 19:17:05.971611 3551987 log.h:176] [ddl_manager.cpp:350][operator()][4294992652]db manager working thread.
I1216 19:17:25.746284 3551976 log.h:176] [ddl_manager.cpp:704][work][4294992651]leader process ddl work.
I1216 19:17:26.078049 3552031 log.h:176] [ddl_manager.cpp:350][operator()][4294992652]db manager working thread.
I1216 19:17:28.195806 3551952 log.h:176] [schema_manager.cpp:349][process_peer_heartbeat_for_store][25769804545]process peer hearbeat, table_exist_time: 0, partition_exist_time: 0, ilegal_peer_time: 1, log_id: 6458434736078433347
I1216 19:17:28.195845 3551952 log.h:176] [schema_manager.cpp:380][process_leader_heartbeat_for_store][25769804545]store: 127.0.1.1:8110 process leader heartbeat, update_status_time: 2, leader_region_time: 9 leader_balance_time: 6, log_id: 6458434736078433347
I1216 19:17:28.195855 3551952 log.h:176] [meta_state_machine.cpp:97][store_heartbeat][25769804545]store:127.0.1.1:8110 heart beat, time_cost: 61, instance_time: 3, peer_balance_time: 2, schema_time: 2, peer_time: 27, leader_time: 26, log_id: 6458434736078433347
I1216 19:17:45.852679 3551984 log.h:176] [ddl_manager.cpp:704][work][4294992651]leader process ddl work.
I1216 19:17:46.184499 3551986 log.h:176] [ddl_manager.cpp:350][operator()][4294992652]db manager working thread.
I1216 19:17:58.369796 3552045 log.h:176] [schema_manager.cpp:349][process_peer_heartbeat_for_store][38654731017]process peer hearbeat, table_exist_time: 0, partition_exist_time: 1, ilegal_peer_time: 0, log_id: 536815344756741357
I1216 19:17:58.369833 3552045 log.h:176] [schema_manager.cpp:380][process_leader_heartbeat_for_store][38654731017]store: 127.0.1.1:8110 process leader heartbeat, update_status_time: 1, leader_region_time: 8 leader_balance_time: 7, log_id: 536815344756741357
I1216 19:17:58.369840 3552045 log.h:176] [meta_state_machine.cpp:97][store_heartbeat][38654731017]store:127.0.1.1:8110 heart beat, time_cost: 61, instance_time: 4, peer_balance_time: 2, schema_time: 2, peer_time: 28, leader_time: 21, log_id: 536815344756741357
I1216 19:18:01.146418 3551986 node.cpp:975] node tso_raft:127.0.1.1:8010:0:0 starts to do snapshot
I1216 19:18:01.150611 3551986 snapshot.cpp:642] Deleting /home/ubuntu/BaikalDB/meta_data/raft_data/snapshot/tso/snapshot_00000000000000564420
I1216 19:18:01.150619 3551986 snapshot.cpp:648] Renaming /home/ubuntu/BaikalDB/meta_data/raft_data/snapshot/tso/temp to /home/ubuntu/BaikalDB/meta_data/raft_data/snapshot/tso/snapshot_00000000000000564420
I1216 19:18:01.150630 3551986 snapshot.cpp:519] Deleting /home/ubuntu/BaikalDB/meta_data/raft_data/snapshot/tso/snapshot_00000000000000563223
I1216 19:18:01.150727 3551986 snapshot_executor.cpp:234] node tso_raft:127.0.1.1:8010:0:0 snapshot_save_done, last_included_index=564420 last_included_term=4
I1216 19:18:05.961386 3551967 log.h:176] [ddl_manager.cpp:704][work][4294992651]leader process ddl work.
I1216 19:18:06.293195 3551975 log.h:176] [ddl_manager.cpp:350][operator()][4294992652]db manager working thread.
I1216 19:18:26.067894 3551950 log.h:176] [ddl_manager.cpp:704][work][4294992651]leader process ddl work.
I1216 19:18:26.399442 3552008 log.h:176] [ddl_manager.cpp:350][operator()][4294992652]db manager working thread.
I1216 19:18:28.540474 3551964 log.h:176] [schema_manager.cpp:349][process_peer_heartbeat_for_store][30064774657]process peer hearbeat, table_exist_time: 0, partition_exist_time: 0, ilegal_peer_time: 1, log_id: 318096094428870530
I1216 19:18:28.540531 3551964 log.h:176] [schema_manager.cpp:380][process_leader_heartbeat_for_store][30064774657]store: 127.0.1.1:8110 process leader heartbeat, update_status_time: 2, leader_region_time: 10 leader_balance_time: 7, log_id: 318096094428870530
I1216 19:18:28.540541 3551964 log.h:176] [meta_state_machine.cpp:97][store_heartbeat][30064774657]store:127.0.1.1:8110 heart beat, time_cost: 83, instance_time: 4, peer_balance_time: 2, schema_time: 2, peer_time: 46, leader_time: 27, log_id: 318096094428870530
I1216 19:18:46.175729 3552004 log.h:176] [ddl_manager.cpp:704][work][4294992651]leader process ddl work.
I1216 19:18:46.507553 3551960 log.h:176] [ddl_manager.cpp:350][operator()][4294992652]db manager working thread.
I1216 19:18:58.711548 3551985 log.h:176] [schema_manager.cpp:349][process_peer_heartbeat_for_store][34359747329]process peer hearbeat, table_exist_time: 1, partition_exist_time: 0, ilegal_peer_time: 1, log_id: 3232742205956446122
I1216 19:18:58.711587 3551985 log.h:176] [schema_manager.cpp:380][process_leader_heartbeat_for_store][34359747329]store: 127.0.1.1:8110 process leader heartbeat, update_status_time: 1, leader_region_time: 8 leader_balance_time: 6, log_id: 3232742205956446122
I1216 19:18:58.711593 3551985 log.h:176] [meta_state_machine.cpp:97][store_heartbeat][34359747329]store:127.0.1.1:8110 heart beat, time_cost: 59, instance_time: 3, peer_balance_time: 2, schema_time: 1, peer_time: 31, leader_time: 19, log_id: 3232742205956446122
I1216 19:19:01.146602 3551981 node.cpp:975] node tso_raft:127.0.1.1:8010:0:0 starts to do snapshot
I1216 19:19:01.150995 3551976 snapshot.cpp:642] Deleting /home/ubuntu/BaikalDB/meta_data/raft_data/snapshot/tso/snapshot_00000000000000565617
I1216 19:19:01.151013 3551976 snapshot.cpp:648] Renaming /home/ubuntu/BaikalDB/meta_data/raft_data/snapshot/tso/temp to /home/ubuntu/BaikalDB/meta_data/raft_data/snapshot/tso/snapshot_00000000000000565617
I1216 19:19:01.151036 3551976 snapshot.cpp:519] Deleting /home/ubuntu/BaikalDB/meta_data/raft_data/snapshot/tso/snapshot_00000000000000564420
I1216 19:19:01.151175 3551976 snapshot_executor.cpp:234] node tso_raft:127.0.1.1:8010:0:0 snapshot_save_done, last_included_index=565617 last_included_term=4
I1216 19:19:06.283960 3552008 log.h:176] [ddl_manager.cpp:704][work][4294992651]leader process ddl work.
I1216 19:19:06.615849 3551978 log.h:176] [ddl_manager.cpp:350][operator()][4294992652]db manager working thread.
I1216 19:19:26.391847 3551981 log.h:176] [ddl_manager.cpp:704][work][4294992651]leader process ddl work.
I1216 19:19:26.723502 3551950 log.h:176] [ddl_manager.cpp:350][operator()][4294992652]db manager working thread.
I1216 19:19:28.883489 3551993 log.h:176] [schema_manager.cpp:349][process_peer_heartbeat_for_store][34359749377]process peer hearbeat, table_exist_time: 0, partition_exist_time: 1, ilegal_peer_time: 1, log_id: 6067631580631709911
I1216 19:19:28.883533 3551993 log.h:176] [schema_manager.cpp:380][process_leader_heartbeat_for_store][34359749377]store: 127.0.1.1:8110 process leader heartbeat, update_status_time: 1, leader_region_time: 8 leader_balance_time: 6, log_id: 6067631580631709911
I1216 19:19:28.883538 3551993 log.h:176] [meta_state_machine.cpp:97][store_heartbeat][34359749377]store:127.0.1.1:8110 heart beat, time_cost: 62, instance_time: 2, peer_balance_time: 2, schema_time: 2, peer_time: 34, leader_time: 19, log_id: 6067631580631709911
I1216 19:19:46.500005 3551967 log.h:176] [ddl_manager.cpp:704][work][4294992651]leader process ddl work.
I1216 19:19:46.831720 3551981 log.h:176] [ddl_manager.cpp:350][operator()][4294992652]db manager working thread.
I1216 19:19:59.053426 3551990 log.h:176] [schema_manager.cpp:349][process_peer_heartbeat_for_store][38654715905]process peer hearbeat, table_exist_time: 2, partition_exist_time: 0, ilegal_peer_time: 2, log_id: 9118678855987339352
I1216 19:19:59.053488 3551990 log.h:176] [schema_manager.cpp:380][process_leader_heartbeat_for_store][38654715905]store: 127.0.1.1:8110 process leader heartbeat, update_status_time: 1, leader_region_time: 9 leader_balance_time: 6, log_id: 9118678855987339352
I1216 19:19:59.053493 3551990 log.h:176] [meta_state_machine.cpp:97][store_heartbeat][38654715905]store:127.0.1.1:8110 heart beat, time_cost: 87, instance_time: 4, peer_balance_time: 3, schema_time: 1, peer_time: 56, leader_time: 21, log_id: 9118678855987339352
I1216 19:20:01.146780 3552010 node.cpp:975] node tso_raft:127.0.1.1:8010:0:0 starts to do snapshot
I1216 19:20:01.148178 3552010 snapshot.cpp:642] Deleting /home/ubuntu/BaikalDB/meta_data/raft_data/snapshot/tso/snapshot_00000000000000566814
I1216 19:20:01.148204 3552010 snapshot.cpp:648] Renaming /home/ubuntu/BaikalDB/meta_data/raft_data/snapshot/tso/temp to /home/ubuntu/BaikalDB/meta_data/raft_data/snapshot/tso/snapshot_00000000000000566814
I1216 19:20:01.148218 3552010 snapshot.cpp:519] Deleting /home/ubuntu/BaikalDB/meta_data/raft_data/snapshot/tso/snapshot_00000000000000565617
I1216 19:20:01.148344 3552010 snapshot_executor.cpp:234] node tso_raft:127.0.1.1:8010:0:0 snapshot_save_done, last_included_index=566814 last_included_term=4
I1216 19:20:06.607354 3551987 log.h:176] [ddl_manager.cpp:704][work][4294992651]leader process ddl work.
I1216 19:20:06.939172 3551975 log.h:176] [ddl_manager.cpp:350][operator()][4294992652]db manager working thread.
I1216 19:20:26.715559 3551967 log.h:176] [ddl_manager.cpp:704][work][4294992651]leader process ddl work.
I1216 19:20:27.047387 3552004 log.h:176] [ddl_manager.cpp:350][operator()][4294992652]db manager working thread.
I1216 19:20:29.225528 3552013 log.h:176] [schema_manager.cpp:349][process_peer_heartbeat_for_store][30064787201]process peer hearbeat, table_exist_time: 1, partition_exist_time: 0, ilegal_peer_time: 1, log_id: 9786966347031147534
I1216 19:20:29.225572 3552013 log.h:176] [schema_manager.cpp:380][process_leader_heartbeat_for_store][30064787201]store: 127.0.1.1:8110 process leader heartbeat, update_status_time: 1, leader_region_time: 9 leader_balance_time: 5, log_id: 9786966347031147534
I1216 19:20:29.225579 3552013 log.h:176] [meta_state_machine.cpp:97][store_heartbeat][30064787201]store:127.0.1.1:8110 heart beat, time_cost: 65, instance_time: 3, peer_balance_time: 2, schema_time: 1, peer_time: 35, leader_time: 22, log_id: 9786966347031147534
I1216 19:20:46.823299 3551986 log.h:176] [ddl_manager.cpp:704][work][4294992651]leader process ddl work.
I1216 19:20:47.155110 3552041 log.h:176] [ddl_manager.cpp:350][operator()][4294992652]db manager working thread.
I1216 19:20:59.395834 3552014 log.h:176] [schema_manager.cpp:349][process_peer_heartbeat_for_store][34359754753]process peer hearbeat, table_exist_time: 0, partition_exist_time: 1, ilegal_peer_time: 0, log_id: 1018992794155454364
I1216 19:20:59.395874 3552014 log.h:176] [schema_manager.cpp:380][process_leader_heartbeat_for_store][34359754753]store: 127.0.1.1:8110 process leader heartbeat, update_status_time: 1, leader_region_time: 10 leader_balance_time: 5, log_id: 1018992794155454364
I1216 19:20:59.395880 3552014 log.h:176] [meta_state_machine.cpp:97][store_heartbeat][34359754753]store:127.0.1.1:8110 heart beat, time_cost: 60, instance_time: 3, peer_balance_time: 3, schema_time: 1, peer_time: 30, leader_time: 21, log_id: 1018992794155454364
I1216 19:21:01.146966 3551960 node.cpp:975] node tso_raft:127.0.1.1:8010:0:0 starts to do snapshot
I1216 19:21:01.151607 3551960 snapshot.cpp:642] Deleting /home/ubuntu/BaikalDB/meta_data/raft_data/snapshot/tso/snapshot_00000000000000568011
I1216 19:21:01.151615 3551960 snapshot.cpp:648] Renaming /home/ubuntu/BaikalDB/meta_data/raft_data/snapshot/tso/temp to /home/ubuntu/BaikalDB/meta_data/raft_data/snapshot/tso/snapshot_00000000000000568011
I1216 19:21:01.151628 3551960 snapshot.cpp:519] Deleting /home/ubuntu/BaikalDB/meta_data/raft_data/snapshot/tso/snapshot_00000000000000566814
I1216 19:21:01.151721 3551960 snapshot_executor.cpp:234] node tso_raft:127.0.1.1:8010:0:0 snapshot_save_done, last_included_index=568011 last_included_term=4
I1216 19:21:06.930725 3552031 log.h:176] [ddl_manager.cpp:704][work][4294992651]leader process ddl work.
I1216 19:21:07.262495 3552004 log.h:176] [ddl_manager.cpp:350][operator()][4294992652]db manager working thread.
I1216 19:21:27.040910 3551978 log.h:176] [ddl_manager.cpp:704][work][4294992651]leader process ddl work.
I1216 19:21:27.372632 3551998 log.h:176] [ddl_manager.cpp:350][operator()][4294992652]db manager working thread.
I1216 19:21:29.561746 3552028 log.h:176] [schema_manager.cpp:349][process_peer_heartbeat_for_store][30064791041]process peer hearbeat, table_exist_time: 0, partition_exist_time: 1, ilegal_peer_time: 0, log_id: 6706861269802412287
I1216 19:21:29.561784 3552028 log.h:176] [schema_manager.cpp:380][process_leader_heartbeat_for_store][30064791041]store: 127.0.1.1:8110 process leader heartbeat, update_status_time: 2, leader_region_time: 8 leader_balance_time: 6, log_id: 6706861269802412287
I1216 19:21:29.561789 3552028 log.h:176] [meta_state_machine.cpp:97][store_heartbeat][30064791041]store:127.0.1.1:8110 heart beat, time_cost: 54, instance_time: 4, peer_balance_time: 2, schema_time: 1, peer_time: 26, leader_time: 20, log_id: 6706861269802412287
I1216 19:21:47.149080 3551991 log.h:176] [ddl_manager.cpp:704][work][4294992651]leader process ddl work.
I1216 19:21:47.480775 3551976 log.h:176] [ddl_manager.cpp:350][operator()][4294992652]db manager working thread.
I1216 19:21:59.728753 3551951 log.h:176] [schema_manager.cpp:349][process_peer_heartbeat_for_store][30064771073]process peer hearbeat, table_exist_time: 0, partition_exist_time: 1, ilegal_peer_time: 0, log_id: 18415772583153839610
I1216 19:21:59.728783 3551951 log.h:176] [schema_manager.cpp:380][process_leader_heartbeat_for_store][30064771073]store: 127.0.1.1:8110 process leader heartbeat, update_status_time: 2, leader_region_time: 7 leader_balance_time: 4, log_id: 18415772583153839610
I1216 19:21:59.728788 3551951 log.h:176] [meta_state_machine.cpp:97][store_heartbeat][30064771073]store:127.0.1.1:8110 heart beat, time_cost: 49, instance_time: 3, peer_balance_time: 2, schema_time: 2, peer_time: 23, leader_time: 17, log_id: 18415772583153839610
I1216 19:22:01.147148 3551986 node.cpp:975] node tso_raft:127.0.1.1:8010:0:0 starts to do snapshot
I1216 19:22:01.151634 3551986 snapshot.cpp:642] Deleting /home/ubuntu/BaikalDB/meta_data/raft_data/snapshot/tso/snapshot_00000000000000569208
I1216 19:22:01.151641 3551986 snapshot.cpp:648] Renaming /home/ubuntu/BaikalDB/meta_data/raft_data/snapshot/tso/temp to /home/ubuntu/BaikalDB/meta_data/raft_data/snapshot/tso/snapshot_00000000000000569208
I1216 19:22:01.151652 3551986 snapshot.cpp:519] Deleting /home/ubuntu/BaikalDB/meta_data/raft_data/snapshot/tso/snapshot_00000000000000568011
I1216 19:22:01.151734 3551986 snapshot_executor.cpp:234] node tso_raft:127.0.1.1:8010:0:0 snapshot_save_done, last_included_index=569208 last_included_term=4
I1216 19:22:07.256666 3552043 log.h:176] [ddl_manager.cpp:704][work][4294992651]leader process ddl work.
I1216 19:22:07.588456 3551967 log.h:176] [ddl_manager.cpp:350][operator()][4294992652]db manager working thread.
I1216 19:22:27.363615 3551981 log.h:176] [ddl_manager.cpp:704][work][4294992651]leader process ddl work.
I1216 19:22:27.695289 3551987 log.h:176] [ddl_manager.cpp:350][operator()][4294992652]db manager working thread.
I1216 19:22:29.897542 3551952 log.h:176] [schema_manager.cpp:349][process_peer_heartbeat_for_store][30064771841]process peer hearbeat, table_exist_time: 1, partition_exist_time: 0, ilegal_peer_time: 1, log_id: 11482077773546294796
I1216 19:22:29.897575 3551952 log.h:176] [schema_manager.cpp:380][process_leader_heartbeat_for_store][30064771841]store: 127.0.1.1:8110 process leader heartbeat, update_status_time: 1, leader_region_time: 8 leader_balance_time: 6, log_id: 11482077773546294796
I1216 19:22:29.897581 3551952 log.h:176] [meta_state_machine.cpp:97][store_heartbeat][30064771841]store:127.0.1.1:8110 heart beat, time_cost: 53, instance_time: 4, peer_balance_time: 2, schema_time: 1, peer_time: 25, leader_time: 19, log_id: 11482077773546294796
I1216 19:22:47.471438 3552026 log.h:176] [ddl_manager.cpp:704][work][4294992651]leader process ddl work.
I1216 19:22:47.803179 3552031 log.h:176] [ddl_manager.cpp:350][operator()][4294992652]db manager working thread.
I1216 19:23:00.066989 3552045 log.h:176] [schema_manager.cpp:349][process_peer_heartbeat_for_store][42949698313]process peer hearbeat, table_exist_time: 1, partition_exist_time: 0, ilegal_peer_time: 1, log_id: 9114790361599373575
I1216 19:23:00.067051 3552045 log.h:176] [schema_manager.cpp:380][process_leader_heartbeat_for_store][42949698313]store: 127.0.1.1:8110 process leader heartbeat, update_status_time: 2, leader_region_time: 10 leader_balance_time: 6, log_id: 9114790361599373575
I1216 19:23:00.067059 3552045 log.h:176] [meta_state_machine.cpp:97][store_heartbeat][42949698313]store:127.0.1.1:8110 heart beat, time_cost: 88, instance_time: 4, peer_balance_time: 2, schema_time: 2, peer_time: 52, leader_time: 25, log_id: 9114790361599373575
I1216 19:23:01.147313 3552008 node.cpp:975] node tso_raft:127.0.1.1:8010:0:0 starts to do snapshot
I1216 19:23:01.148698 3552008 snapshot.cpp:642] Deleting /home/ubuntu/BaikalDB/meta_data/raft_data/snapshot/tso/snapshot_00000000000000570404
I1216 19:23:01.148710 3552008 snapshot.cpp:648] Renaming /home/ubuntu/BaikalDB/meta_data/raft_data/snapshot/tso/temp to /home/ubuntu/BaikalDB/meta_data/raft_data/snapshot/tso/snapshot_00000000000000570404
I1216 19:23:01.148721 3552008 snapshot.cpp:519] Deleting /home/ubuntu/BaikalDB/meta_data/raft_data/snapshot/tso/snapshot_00000000000000569208
I1216 19:23:01.148810 3552008 snapshot_executor.cpp:234] node tso_raft:127.0.1.1:8010:0:0 snapshot_save_done, last_included_index=570404 last_included_term=4
I1216 19:23:07.579397 3551986 log.h:176] [ddl_manager.cpp:704][work][4294992651]leader process ddl work.
I1216 19:23:07.911187 3551987 log.h:176] [ddl_manager.cpp:350][operator()][4294992652]db manager working thread.
I1216 19:23:27.687366 3551987 log.h:176] [ddl_manager.cpp:704][work][4294992651]leader process ddl work.
I1216 19:23:28.019068 3551950 log.h:176] [ddl_manager.cpp:350][operator()][4294992652]db manager working thread.
I1216 19:23:30.234143 3551964 log.h:176] [schema_manager.cpp:349][process_peer_heartbeat_for_store][34359741953]process peer hearbeat, table_exist_time: 0, partition_exist_time: 1, ilegal_peer_time: 1, log_id: 11424339329564425453
I1216 19:23:30.234179 3551964 log.h:176] [schema_manager.cpp:380][process_leader_heartbeat_for_store][34359741953]store: 127.0.1.1:8110 process leader heartbeat, update_status_time: 2, leader_region_time: 11 leader_balance_time: 5, log_id: 11424339329564425453
I1216 19:23:30.234187 3551964 log.h:176] [meta_state_machine.cpp:97][store_heartbeat][34359741953]store:127.0.1.1:8110 heart beat, time_cost: 58, instance_time: 3, peer_balance_time: 2, schema_time: 2, peer_time: 24, leader_time: 23, log_id: 11424339329564425453
I1216 19:23:47.794968 3552022 log.h:176] [ddl_manager.cpp:704][work][4294992651]leader process ddl work.
I1216 19:23:48.126801 3552010 log.h:176] [ddl_manager.cpp:350][operator()][4294992652]db manager working thread.
I1216 19:24:00.404773 3551985 log.h:176] [schema_manager.cpp:349][process_peer_heartbeat_for_store][38654714625]process peer hearbeat, table_exist_time: 0, partition_exist_time: 1, ilegal_peer_time: 1, log_id: 10434831841701423719
I1216 19:24:00.404815 3551985 log.h:176] [schema_manager.cpp:380][process_leader_heartbeat_for_store][38654714625]store: 127.0.1.1:8110 process leader heartbeat, update_status_time: 1, leader_region_time: 7 leader_balance_time: 6, log_id: 10434831841701423719
I1216 19:24:00.404820 3551985 log.h:176] [meta_state_machine.cpp:97][store_heartbeat][38654714625]store:127.0.1.1:8110 heart beat, time_cost: 60, instance_time: 2, peer_balance_time: 2, schema_time: 1, peer_time: 34, leader_time: 19, log_id: 10434831841701423719
I1216 19:24:01.147500 3551987 node.cpp:975] node tso_raft:127.0.1.1:8010:0:0 starts to do snapshot
I1216 19:24:01.151734 3551987 snapshot.cpp:642] Deleting /home/ubuntu/BaikalDB/meta_data/raft_data/snapshot/tso/snapshot_00000000000000571601
I1216 19:24:01.151743 3551987 snapshot.cpp:648] Renaming /home/ubuntu/BaikalDB/meta_data/raft_data/snapshot/tso/temp to /home/ubuntu/BaikalDB/meta_data/raft_data/snapshot/tso/snapshot_00000000000000571601
I1216 19:24:01.151753 3551987 snapshot.cpp:519] Deleting /home/ubuntu/BaikalDB/meta_data/raft_data/snapshot/tso/snapshot_00000000000000570404
I1216 19:24:01.151834 3551987 snapshot_executor.cpp:234] node tso_raft:127.0.1.1:8010:0:0 snapshot_save_done, last_included_index=571601 last_included_term=4
I1216 19:24:07.902731 3551976 log.h:176] [ddl_manager.cpp:704][work][4294992651]leader process ddl work.
I1216 19:24:08.234440 3552008 log.h:176] [ddl_manager.cpp:350][operator()][4294992652]db manager working thread.
I1216 19:24:28.009979 3552026 log.h:176] [ddl_manager.cpp:704][work][4294992651]leader process ddl work.
I1216 19:24:28.341778 3552041 log.h:176] [ddl_manager.cpp:350][operator()][4294992652]db manager working thread.
I1216 19:24:30.572639 3551993 log.h:176] [schema_manager.cpp:349][process_peer_heartbeat_for_store][38654716673]process peer hearbeat, table_exist_time: 0, partition_exist_time: 1, ilegal_peer_time: 0, log_id: 9551583541790429699
I1216 19:24:30.572687 3551993 log.h:176] [schema_manager.cpp:380][process_leader_heartbeat_for_store][38654716673]store: 127.0.1.1:8110 process leader heartbeat, update_status_time: 1, leader_region_time: 7 leader_balance_time: 13, log_id: 9551583541790429699
I1216 19:24:30.572692 3551993 log.h:176] [meta_state_machine.cpp:97][store_heartbeat][38654716673]store:127.0.1.1:8110 heart beat, time_cost: 66, instance_time: 3, peer_balance_time: 2, schema_time: 2, peer_time: 33, leader_time: 25, log_id: 9551583541790429699
I1216 19:24:48.117573 3551987 log.h:176] [ddl_manager.cpp:704][work][4294992651]leader process ddl work.
I1216 19:24:48.449332 3552008 log.h:176] [ddl_manager.cpp:350][operator()][4294992652]db manager working thread.
I1216 19:25:00.743583 3551990 log.h:176] [schema_manager.cpp:349][process_peer_heartbeat_for_store][42949683201]process peer hearbeat, table_exist_time: 1, partition_exist_time: 0, ilegal_peer_time: 1, log_id: 6008233107553456548
I1216 19:25:00.743614 3551990 log.h:176] [schema_manager.cpp:380][process_leader_heartbeat_for_store][42949683201]store: 127.0.1.1:8110 process leader heartbeat, update_status_time: 1, leader_region_time: 7 leader_balance_time: 5, log_id: 6008233107553456548
I1216 19:25:00.743619 3551990 log.h:176] [meta_state_machine.cpp:97][store_heartbeat][42949683201]store:127.0.1.1:8110 heart beat, time_cost: 48, instance_time: 3, peer_balance_time: 2, schema_time: 1, peer_time: 23, leader_time: 17, log_id: 6008233107553456548
I1216 19:25:01.147665 3551956 node.cpp:975] node tso_raft:127.0.1.1:8010:0:0 starts to do snapshot
I1216 19:25:01.152107 3551956 snapshot.cpp:642] Deleting /home/ubuntu/BaikalDB/meta_data/raft_data/snapshot/tso/snapshot_00000000000000572798
I1216 19:25:01.152124 3551956 snapshot.cpp:648] Renaming /home/ubuntu/BaikalDB/meta_data/raft_data/snapshot/tso/temp to /home/ubuntu/BaikalDB/meta_data/raft_data/snapshot/tso/snapshot_00000000000000572798
I1216 19:25:01.152136 3551956 snapshot.cpp:519] Deleting /home/ubuntu/BaikalDB/meta_data/raft_data/snapshot/tso/snapshot_00000000000000571601
I1216 19:25:01.152230 3551956 snapshot_executor.cpp:234] node tso_raft:127.0.1.1:8010:0:0 snapshot_save_done, last_included_index=572798 last_included_term=4
I1216 19:25:08.225282 3551975 log.h:176] [ddl_manager.cpp:704][work][4294992651]leader process ddl work.
I1216 19:25:08.557113 3551971 log.h:176] [ddl_manager.cpp:350][operator()][4294992652]db manager working thread.
I1216 19:25:12.889645 3551960 node.cpp:975] node meta_raft:127.0.1.1:8010:0:0 starts to do snapshot
I1216 19:25:12.889680 3551960 snapshot_executor.cpp:154] node meta_raft:127.0.1.1:8010:0:0 the gap between fsm applied index 10 and last_snapshot_index 10 is less than 1, will clear bufferred logs and return success
I1216 19:25:28.333673 3552031 log.h:176] [ddl_manager.cpp:704][work][4294992651]leader process ddl work.
I1216 19:25:28.665443 3551970 log.h:176] [ddl_manager.cpp:350][operator()][4294992652]db manager working thread.
I1216 19:25:30.916020 3552013 log.h:176] [schema_manager.cpp:349][process_peer_heartbeat_for_store][34359754497]process peer hearbeat, table_exist_time: 0, partition_exist_time: 0, ilegal_peer_time: 1, log_id: 5020875040149826014
I1216 19:25:30.916062 3552013 log.h:176] [schema_manager.cpp:380][process_leader_heartbeat_for_store][34359754497]store: 127.0.1.1:8110 process leader heartbeat, update_status_time: 1, leader_region_time: 8 leader_balance_time: 6, log_id: 5020875040149826014
I1216 19:25:30.916069 3552013 log.h:176] [meta_state_machine.cpp:97][store_heartbeat][34359754497]store:127.0.1.1:8110 heart beat, time_cost: 63, instance_time: 2, peer_balance_time: 3, schema_time: 1, peer_time: 35, leader_time: 20, log_id: 5020875040149826014
I1216 19:25:48.441948 3552008 log.h:176] [ddl_manager.cpp:704][work][4294992651]leader process ddl work.
I1216 19:25:48.773773 3551967 log.h:176] [ddl_manager.cpp:350][operator()][4294992652]db manager working thread.
I1216 19:26:01.090631 3552014 log.h:176] [schema_manager.cpp:349][process_peer_heartbeat_for_store][38654722049]process peer hearbeat, table_exist_time: 0, partition_exist_time: 1, ilegal_peer_time: 0, log_id: 4911201580569613142
I1216 19:26:01.090679 3552014 log.h:176] [schema_manager.cpp:380][process_leader_heartbeat_for_store][38654722049]store: 127.0.1.1:8110 process leader heartbeat, update_status_time: 1, leader_region_time: 9 leader_balance_time: 6, log_id: 4911201580569613142
I1216 19:26:01.090685 3552014 log.h:176] [meta_state_machine.cpp:97][store_heartbeat][38654722049]store:127.0.1.1:8110 heart beat, time_cost: 68, instance_time: 3, peer_balance_time: 2, schema_time: 2, peer_time: 39, leader_time: 20, log_id: 4911201580569613142
I1216 19:26:01.147871 3552031 node.cpp:975] node tso_raft:127.0.1.1:8010:0:0 starts to do snapshot
I1216 19:26:01.152170 3552031 snapshot.cpp:642] Deleting /home/ubuntu/BaikalDB/meta_data/raft_data/snapshot/tso/snapshot_00000000000000573995
I1216 19:26:01.152180 3552031 snapshot.cpp:648] Renaming /home/ubuntu/BaikalDB/meta_data/raft_data/snapshot/tso/temp to /home/ubuntu/BaikalDB/meta_data/raft_data/snapshot/tso/snapshot_00000000000000573995
I1216 19:26:01.152194 3552031 snapshot.cpp:519] Deleting /home/ubuntu/BaikalDB/meta_data/raft_data/snapshot/tso/snapshot_00000000000000572798
I1216 19:26:01.152283 3552031 snapshot_executor.cpp:234] node tso_raft:127.0.1.1:8010:0:0 snapshot_save_done, last_included_index=573995 last_included_term=4
I1216 19:26:08.549980 3552031 log.h:176] [ddl_manager.cpp:704][work][4294992651]leader process ddl work.
I1216 19:26:08.881501 3551984 log.h:176] [ddl_manager.cpp:350][operator()][4294992652]db manager working thread.
I1216 19:26:28.656672 3551967 log.h:176] [ddl_manager.cpp:704][work][4294992651]leader process ddl work.
I1216 19:26:28.988440 3551976 log.h:176] [ddl_manager.cpp:350][operator()][4294992652]db manager working thread.
I1216 19:26:31.265540 3552028 log.h:176] [schema_manager.cpp:349][process_peer_heartbeat_for_store][34359758337]process peer hearbeat, table_exist_time: 0, partition_exist_time: 0, ilegal_peer_time: 1, log_id: 13409458261852418436
I1216 19:26:31.265575 3552028 log.h:176] [schema_manager.cpp:380][process_leader_heartbeat_for_store][34359758337]store: 127.0.1.1:8110 process leader heartbeat, update_status_time: 1, leader_region_time: 8 leader_balance_time: 5, log_id: 13409458261852418436
I1216 19:26:31.265590 3552028 log.h:176] [meta_state_machine.cpp:97][store_heartbeat][34359758337]store:127.0.1.1:8110 heart beat, time_cost: 64, instance_time: 3, peer_balance_time: 2, schema_time: 2, peer_time: 26, leader_time: 29, log_id: 13409458261852418436
I1216 19:26:40.413779 3551956 node.cpp:975] node auto_incr_raft:127.0.1.1:8010:0:0 starts to do snapshot
I1216 19:26:40.413817 3551956 snapshot_executor.cpp:154] node auto_incr_raft:127.0.1.1:8010:0:0 the gap between fsm applied index 3 and last_snapshot_index 3 is less than 1, will clear bufferred logs and return success
I1216 19:26:48.764406 3552031 log.h:176] [ddl_manager.cpp:704][work][4294992651]leader process ddl work.
I1216 19:26:49.096189 3551998 log.h:176] [ddl_manager.cpp:350][operator()][4294992652]db manager working thread.
I1216 19:27:01.148041 3551956 node.cpp:975] node tso_raft:127.0.1.1:8010:0:0 starts to do snapshot
I1216 19:27:01.153080 3551956 snapshot.cpp:642] Deleting /home/ubuntu/BaikalDB/meta_data/raft_data/snapshot/tso/snapshot_00000000000000575192
I1216 19:27:01.153092 3551956 snapshot.cpp:648] Renaming /home/ubuntu/BaikalDB/meta_data/raft_data/snapshot/tso/temp to /home/ubuntu/BaikalDB/meta_data/raft_data/snapshot/tso/snapshot_00000000000000575192
I1216 19:27:01.153105 3551956 snapshot.cpp:519] Deleting /home/ubuntu/BaikalDB/meta_data/raft_data/snapshot/tso/snapshot_00000000000000573995
